Script_SpeedSprintProbe loaded. Diagnostics only; no speed composition.
Logging every Script_Game+0x47F6C call, capped at 1024 events.

Hook installed at Script_Game+0x47F6C.

===== SprintSharedPowerHit =====
Ordinal=1
Entity=PC_Hero
IsPlayer=true
PassedAction=2
CurrentActionBefore=2
SprintBefore=false
RequestedPhase=Hit (1)
CompatibleSpeed=1.000000
CurrentActionAfter=2
SprintAfter=false
CurrentMovementAni=Hero_Stand_None_1H_P0_PowerAttack_Raise_N_Fwd_00_%_00_P0_0_R.xmot
===============================

===== SprintSharedPowerHit =====
Ordinal=2
Entity=BlackGoblin
IsPlayer=false
PassedAction=2
CurrentActionBefore=9
SprintBefore=true
RequestedPhase=Hit (1)
CompatibleSpeed=1.000000
CurrentActionAfter=9
SprintAfter=true
CurrentMovementAni=Goblin_Stand_None_1H_P1_PowerAttack_Raise_N_Fwd_00_%_00_P1_0_L.xmot
===============================

===== SprintSharedPowerHit =====
Ordinal=3
Entity=BlackGoblin
IsPlayer=false
PassedAction=2
CurrentActionBefore=9
SprintBefore=true
RequestedPhase=Hit (1)
CompatibleSpeed=1.000000
CurrentActionAfter=9
SprintAfter=true
CurrentMovementAni=Goblin_Stand_None_1H_P0_PowerAttack_Raise_N_Fwd_00_%_00_P0_0_R.xmot
===============================

===== SprintSharedPowerHit =====
Ordinal=4
Entity=BlackGoblin
IsPlayer=false
PassedAction=2
CurrentActionBefore=9
SprintBefore=true
RequestedPhase=Hit (1)
CompatibleSpeed=1.000000
CurrentActionAfter=9
SprintAfter=true
CurrentMovementAni=Goblin_Stand_None_1H_P0_PowerAttack_Raise_N_Fwd_00_%_00_P0_0_R.xmot
===============================

===== SprintSharedPowerHit =====
Ordinal=5
Entity=BlackGoblin
IsPlayer=false
PassedAction=2
CurrentActionBefore=9
SprintBefore=true
RequestedPhase=Hit (1)
CompatibleSpeed=1.000000
CurrentActionAfter=9
SprintAfter=true
CurrentMovementAni=Goblin_Stand_None_1H_P0_PowerAttack_Raise_N_Fwd_00_%_00_P0_0_R.xmot
===============================

===== SprintSharedPowerHit =====
Ordinal=6
Entity=BlackGoblin
IsPlayer=false
PassedAction=2
CurrentActionBefore=9
SprintBefore=true
RequestedPhase=Hit (1)
CompatibleSpeed=1.000000
CurrentActionAfter=9
SprintAfter=true
CurrentMovementAni=Goblin_Stand_None_1H_P0_PowerAttack_Raise_N_Fwd_00_%_00_P0_0_R.xmot
===============================

===== SprintSharedPowerHit =====
Ordinal=7
Entity=BlackGoblin
IsPlayer=false
PassedAction=2
CurrentActionBefore=2
SprintBefore=false
RequestedPhase=Hit (1)
CompatibleSpeed=1.000000
CurrentActionAfter=2
SprintAfter=false
CurrentMovementAni=Goblin_Stand_None_1H_P0_PowerAttack_Raise_N_Fwd_00_%_00_P0_0_R.xmot
===============================

===== SprintSharedPowerHit =====
Ordinal=8
Entity=BlackGoblin
IsPlayer=false
PassedAction=2
CurrentActionBefore=9
SprintBefore=true
RequestedPhase=Hit (1)
CompatibleSpeed=1.000000
CurrentActionAfter=9
SprintAfter=true
CurrentMovementAni=Goblin_Stand_None_1H_P0_PowerAttack_Raise_N_Fwd_00_%_00_P0_0_R.xmot
===============================

Script_SpeedSprintProbe unloading after 8 logged events.
