Script_FrameCollisionTest diagnostic build loaded.
DiagnosticProfile: CORE
DeepDiagnostics: DISABLED
BehaviorCore: EngineBridge + FrameCollisionMarkers + CollisionSources + CollisionSourceOperations + CollisionLifecycleGuard + Raw8FistCollision + AttackMotionRouting + RuntimeClock
C1Repair: exact outstanding live equipped Item_Attack source -> Item_Equipped after native AISetState opportunity; no ClearTriggeredList.
MarkerFamilies: Normal Power Quick SimpleWhirl Whirl Pierce Hack Sprint
MarkerOpcodes: RIGHT LEFT BOTH OFF FIST
HACK_CALLBACK_IDENTITY TargetRVA=0x433D0 ExactlyOne=1 MatchCount=1 Name=OnAI_HackAttack Source=.\Script\AI\AI_Commands\AI_HackAttack.cpp
Installing behavior hooks...
Hooks installed.

CORE C1_START ElapsedMs=25160.975 Actor=Troll Generation=1 Status=CANDIDATE Outstanding=0 TrackedSources=2 ReplacedGeneration=0 ReplacedOutstanding=0 Source[0]=TrollFist Side=RIGHT Group=5 Source[1]=TrollFist Side=LEFT Group=5
CORE C1_BIND ElapsedMs=25161.014 Event=COMBAT_MOVE_CANDIDATE_BOUND Actor=Troll Generation=1 Status=CANDIDATE Outstanding=0 Source=<null> Script=_AI_QuickAttack
CORE C1_STATUS ElapsedMs=25166.803 Event=PERSISTED Actor=Troll Generation=1 Status=PERSISTED Outstanding=0
CORE ATTACK_OWNERSHIP ElapsedMs=25166.861 Actor=Troll Family=QUICK Action=4 Phase=1 Motion=Troll_Stand_Fist_Fist_P0_QuickAttackR_Hit_N_Fwd_00_%_00_P0_100.xmot MarkerPresent=1 RequiredMask=0 FistMarkers=1 Raw8Fist=<none> Raw8UseType=-1 SuppressNative=0 Classification=ROUTINE
CORE COLLISION_GROUP ElapsedMs=25192.755 Source=TrollFist UseType=55 Owner=Troll Slot=RIGHT Requested=7 Before=5 After=7 MarkerBitsRetired=0
CORE C1 OFFENSE REQUEST ElapsedMs=25192.785 Actor=Troll Generation=1 Status=PERSISTED Source=TrollFist Side=RIGHT Requests=1 Outstanding=1 CleanupObserved=0 Group=7
CORE RAW55_PHYSICAL_FIST_MARKER Actor=Troll C1=1 OriginFamily=QUICK CurrentFamily=QUICK Action=4 StatePosition=0 StateTime=0.048158 Right=TrollFist RightUseType=55 GroupBefore=5 GroupAfter=7 AuthoredFistCount=2 AcceptedFistCount=1 EarlyOpeningSuppressed=0 FirstMarkerStatePosition=0 NormalNativeClearSuppressed=0 GroupRequested=1 ClearTriggeredList=1 Result=11
CORE MARKER ElapsedMs=25192.808 Actor=Troll Action=4 Family=QUICK Phase=1 Motion=Troll_Stand_Fist_Fist_P0_QuickAttackR_Hit_N_Fwd_00_%_00_P0_100.xmot Marker=FIST Result=ACCEPTED C1Valid=1 C1=1 StatePosition=0 PreviousMask=0 DesiredMask=0 RetiredMask=0 OwnedMask=0 MarkerOwnedMask=0 Activated=1 Deactivated=0 Retired=0 RearmRequests=1 Clears=1 Raw8Fist=TrollFist Raw8UseType=55 Latch=-1->-1 LatchConfirmed=0
CORE COLLISION_GROUP ElapsedMs=25256.157 Source=TrollFist UseType=55 Owner=Troll Slot=RIGHT Requested=7 Before=7 After=7 MarkerBitsRetired=0
CORE C1 OFFENSE REQUEST ElapsedMs=25256.206 Actor=Troll Generation=1 Status=PERSISTED Source=TrollFist Side=RIGHT Requests=2 Outstanding=1 CleanupObserved=0 Group=7
CORE ONDAMAGE ElapsedMs=25284.001 Ordinal=1 Target=PC_Hero Arg1=PC_Hero Arg2=PC_Hero Caller=Game.dll+0x00069484 PlayerAction=0 PlayerPhase=5 PlayerMotion=Hero_Stand_None_None_P0_Ambient_Loop_N_Fwd_02_%_00_P0_0.xmot Raw8Fist=<none> Raw8UseType=-1 Raw8Group=-1
CORE C1_START ElapsedMs=25304.620 Actor=PC_Hero Generation=2 Status=CANDIDATE Outstanding=0 TrackedSources=0 ReplacedGeneration=0 ReplacedOutstanding=0
CORE C1_BIND ElapsedMs=25304.631 Event=COMBAT_MOVE_CANDIDATE_BOUND Actor=PC_Hero Generation=2 Status=CANDIDATE Outstanding=0 Source=<null> Script=_AI_Stumble
CORE C1_STATUS ElapsedMs=25305.076 Event=PERSISTED Actor=PC_Hero Generation=2 Status=PERSISTED Outstanding=0
CORE C1_FINAL ElapsedMs=25572.940 Actor=PC_Hero Generation=2 Status=PERSISTED SourceCount=0 PhysicalChanged=0
CORE RAW55_PHYSICAL_FIST_MARKER Actor=Troll C1=1 OriginFamily=QUICK CurrentFamily=QUICK Action=4 StatePosition=1 StateTime=0.602915 Right=TrollFist RightUseType=55 GroupBefore=7 GroupAfter=7 AuthoredFistCount=2 AcceptedFistCount=2 EarlyOpeningSuppressed=0 FirstMarkerStatePosition=0 NormalNativeClearSuppressed=0 GroupRequested=0 ClearTriggeredList=1 Result=11
CORE MARKER ElapsedMs=25699.089 Actor=Troll Action=4 Family=QUICK Phase=1 Motion=Troll_Stand_Fist_Fist_P0_QuickAttackR_Hit_N_Fwd_00_%_00_P0_100.xmot Marker=FIST Result=ACCEPTED C1Valid=1 C1=1 StatePosition=1 PreviousMask=0 DesiredMask=0 RetiredMask=0 OwnedMask=0 MarkerOwnedMask=0 Activated=0 Deactivated=0 Retired=0 RearmRequests=0 Clears=1 Raw8Fist=TrollFist Raw8UseType=55 Latch=-1->-1 LatchConfirmed=0
CORE ONDAMAGE ElapsedMs=25817.955 Ordinal=2 Target=PC_Hero Arg1=PC_Hero Arg2=PC_Hero Caller=Game.dll+0x00069484 PlayerAction=0 PlayerPhase=3 PlayerMotion=Hero_Stand_None_None_P0_StumbleR_Recover_N_Back_00_%_00_P0_0.xmot Raw8Fist=<none> Raw8UseType=-1 Raw8Group=-1
CORE C1_START ElapsedMs=25836.743 Actor=PC_Hero Generation=3 Status=CANDIDATE Outstanding=0 TrackedSources=0 ReplacedGeneration=0 ReplacedOutstanding=0
CORE C1_BIND ElapsedMs=25836.753 Event=COMBAT_MOVE_CANDIDATE_BOUND Actor=PC_Hero Generation=3 Status=CANDIDATE Outstanding=0 Source=<null> Script=_AI_Stumble
CORE C1_STATUS ElapsedMs=25836.814 Event=PERSISTED Actor=PC_Hero Generation=3 Status=PERSISTED Outstanding=0
CORE COLLISION_GROUP ElapsedMs=25891.844 Source=TrollFist UseType=55 Owner=Troll Slot=RIGHT Requested=5 Before=7 After=5 MarkerBitsRetired=0
CORE C1 CLEANUP FULFILLED ElapsedMs=25891.865 Actor=Troll Generation=1 Status=PERSISTED Source=TrollFist Side=RIGHT Requests=2 Outstanding=0 CleanupObserved=1 Group=5
CORE C1_FINAL ElapsedMs=25986.486 Actor=Troll Generation=1 Status=PERSISTED SourceCount=2 PhysicalChanged=0 Source[0]=TrollFist Side=RIGHT Outstanding=0 Cleanup=1 Outcome=NO_OP_NO_OUTSTANDING Source[1]=TrollFist Side=LEFT Outstanding=0 Cleanup=0 Outcome=NO_OP_NO_OUTSTANDING
CORE C1_FINAL ElapsedMs=26110.511 Actor=PC_Hero Generation=3 Status=PERSISTED SourceCount=0 PhysicalChanged=0
CORE C1_START ElapsedMs=27202.416 Actor=Troll Generation=4 Status=CANDIDATE Outstanding=0 TrackedSources=2 ReplacedGeneration=0 ReplacedOutstanding=0 Source[0]=TrollFist Side=RIGHT Group=5 Source[1]=TrollFist Side=LEFT Group=5
CORE C1_BIND ElapsedMs=27202.430 Event=COMBAT_MOVE_CANDIDATE_BOUND Actor=Troll Generation=4 Status=CANDIDATE Outstanding=0 Source=<null> Script=_AI_Attack
CORE C1_STATUS ElapsedMs=27211.001 Event=PERSISTED Actor=Troll Generation=4 Status=PERSISTED Outstanding=0
CORE ATTACK_OWNERSHIP ElapsedMs=27211.033 Actor=Troll Family=NORMAL Action=1 Phase=1 Motion=Troll_Stand_Fist_Fist_P0_Attack_Hit_N_Fwd_00_%_00_P0_100.xmot MarkerPresent=1 RequiredMask=0 FistMarkers=1 Raw8Fist=<none> Raw8UseType=-1 SuppressNative=0 Classification=ROUTINE
CORE COLLISION_GROUP ElapsedMs=27232.952 Source=TrollFist UseType=55 Owner=Troll Slot=RIGHT Requested=7 Before=5 After=7 MarkerBitsRetired=0
CORE C1 OFFENSE REQUEST ElapsedMs=27232.980 Actor=Troll Generation=4 Status=PERSISTED Source=TrollFist Side=RIGHT Requests=1 Outstanding=1 CleanupObserved=0 Group=7
CORE RAW55_PHYSICAL_FIST_MARKER Actor=Troll C1=4 OriginFamily=NORMAL CurrentFamily=NORMAL Action=1 StatePosition=0 StateTime=0.042823 Right=TrollFist RightUseType=55 GroupBefore=5 GroupAfter=7 AuthoredFistCount=2 AcceptedFistCount=1 EarlyOpeningSuppressed=0 FirstMarkerStatePosition=0 NormalNativeClearSuppressed=0 GroupRequested=1 ClearTriggeredList=1 Result=11
CORE MARKER ElapsedMs=27233.002 Actor=Troll Action=1 Family=NORMAL Phase=1 Motion=Troll_Stand_Fist_Fist_P0_Attack_Hit_N_Fwd_00_%_00_P0_100.xmot Marker=FIST Result=ACCEPTED C1Valid=1 C1=4 StatePosition=0 PreviousMask=0 DesiredMask=0 RetiredMask=0 OwnedMask=0 MarkerOwnedMask=0 Activated=1 Deactivated=0 Retired=0 RearmRequests=1 Clears=1 Raw8Fist=TrollFist Raw8UseType=55 Latch=-1->-1 LatchConfirmed=0
CORE COLLISION_GROUP ElapsedMs=27427.221 Source=TrollFist UseType=55 Owner=Troll Slot=RIGHT Requested=7 Before=7 After=7 MarkerBitsRetired=0
CORE C1 OFFENSE REQUEST ElapsedMs=27427.280 Actor=Troll Generation=4 Status=PERSISTED Source=TrollFist Side=RIGHT Requests=2 Outstanding=1 CleanupObserved=0 Group=7
CORE RAW55_PHYSICAL_FIST_NORMAL_NATIVE_CLEAR_SUPPRESSED Actor=E6EAAC10 C1=4 Right=E6EAC410 CallerModule=Script_Game.dll CallerRVA=0x000386C6 SUPPRESS_CLEAR=1
CORE ONDAMAGE ElapsedMs=27438.861 Ordinal=3 Target=PC_Hero Arg1=PC_Hero Arg2=PC_Hero Caller=Game.dll+0x00069484 PlayerAction=0 PlayerPhase=5 PlayerMotion=Hero_Stand_None_None_P0_Ambient_Loop_N_Fwd_02_%_00_P0_0.xmot Raw8Fist=<none> Raw8UseType=-1 Raw8Group=-1
CORE C1_START ElapsedMs=27447.350 Actor=PC_Hero Generation=5 Status=CANDIDATE Outstanding=0 TrackedSources=0 ReplacedGeneration=0 ReplacedOutstanding=0
CORE C1_BIND ElapsedMs=27447.360 Event=COMBAT_MOVE_CANDIDATE_BOUND Actor=PC_Hero Generation=5 Status=CANDIDATE Outstanding=0 Source=<null> Script=_AI_Stumble
CORE C1_STATUS ElapsedMs=27447.419 Event=PERSISTED Actor=PC_Hero Generation=5 Status=PERSISTED Outstanding=0
CORE C1_FINAL ElapsedMs=27739.997 Actor=PC_Hero Generation=5 Status=PERSISTED SourceCount=0 PhysicalChanged=0
CORE RAW55_PHYSICAL_FIST_MARKER Actor=Troll C1=4 OriginFamily=NORMAL CurrentFamily=NORMAL Action=1 StatePosition=1 StateTime=0.605044 Right=TrollFist RightUseType=55 GroupBefore=7 GroupAfter=7 AuthoredFistCount=2 AcceptedFistCount=2 EarlyOpeningSuppressed=0 FirstMarkerStatePosition=0 NormalNativeClearSuppressed=1 GroupRequested=0 ClearTriggeredList=1 Result=11
CORE MARKER ElapsedMs=27745.449 Actor=Troll Action=1 Family=NORMAL Phase=1 Motion=Troll_Stand_Fist_Fist_P0_Attack_Hit_N_Fwd_00_%_00_P0_100.xmot Marker=FIST Result=ACCEPTED C1Valid=1 C1=4 StatePosition=1 PreviousMask=0 DesiredMask=0 RetiredMask=0 OwnedMask=0 MarkerOwnedMask=0 Activated=0 Deactivated=0 Retired=0 RearmRequests=0 Clears=1 Raw8Fist=TrollFist Raw8UseType=55 Latch=-1->-1 LatchConfirmed=0
CORE ONDAMAGE ElapsedMs=27868.622 Ordinal=4 Target=PC_Hero Arg1=PC_Hero Arg2=PC_Hero Caller=Game.dll+0x00069484 PlayerAction=0 PlayerPhase=3 PlayerMotion=Hero_Stand_None_None_P0_StumbleR_Recover_N_Back_00_%_00_P0_0.xmot Raw8Fist=<none> Raw8UseType=-1 Raw8Group=-1
CORE C1_START ElapsedMs=27877.240 Actor=PC_Hero Generation=6 Status=CANDIDATE Outstanding=0 TrackedSources=0 ReplacedGeneration=0 ReplacedOutstanding=0
CORE C1_BIND ElapsedMs=27877.250 Event=COMBAT_MOVE_CANDIDATE_BOUND Actor=PC_Hero Generation=6 Status=CANDIDATE Outstanding=0 Source=<null> Script=_AI_Stumble
CORE C1_STATUS ElapsedMs=27877.307 Event=PERSISTED Actor=PC_Hero Generation=6 Status=PERSISTED Outstanding=0
CORE COLLISION_GROUP ElapsedMs=27938.289 Source=TrollFist UseType=55 Owner=Troll Slot=RIGHT Requested=5 Before=7 After=5 MarkerBitsRetired=0
CORE C1 CLEANUP FULFILLED ElapsedMs=27938.310 Actor=Troll Generation=4 Status=PERSISTED Source=TrollFist Side=RIGHT Requests=2 Outstanding=0 CleanupObserved=1 Group=5
CORE C1_FINAL ElapsedMs=27938.335 Actor=Troll Generation=4 Status=PERSISTED SourceCount=2 PhysicalChanged=0 Source[0]=TrollFist Side=RIGHT Outstanding=0 Cleanup=1 Outcome=NO_OP_NO_OUTSTANDING Source[1]=TrollFist Side=LEFT Outstanding=0 Cleanup=0 Outcome=NO_OP_NO_OUTSTANDING
CORE C1_FINAL ElapsedMs=28155.683 Actor=PC_Hero Generation=6 Status=PERSISTED SourceCount=0 PhysicalChanged=0
CORE C1_START ElapsedMs=29099.308 Actor=Troll Generation=7 Status=CANDIDATE Outstanding=0 TrackedSources=2 ReplacedGeneration=0 ReplacedOutstanding=0 Source[0]=TrollFist Side=RIGHT Group=5 Source[1]=TrollFist Side=LEFT Group=5
CORE C1_BIND ElapsedMs=29099.322 Event=COMBAT_MOVE_CANDIDATE_BOUND Actor=Troll Generation=7 Status=CANDIDATE Outstanding=0 Source=<null> Script=_AI_PowerAttack
CORE C1_STATUS ElapsedMs=29107.074 Event=PERSISTED Actor=Troll Generation=7 Status=PERSISTED Outstanding=0
CORE C1_BIND ElapsedMs=30372.078 Event=COMBAT_MOVE_REUSED Actor=Troll Generation=7 Status=PERSISTED Outstanding=0 Source=<null> Script=_AI_PowerAttack
CORE ATTACK_OWNERSHIP ElapsedMs=30378.848 Actor=Troll Family=POWER Action=2 Phase=1 Motion=Troll_Stand_Fist_Fist_P0_PowerAttack_Hit_N_Fwd_00_%_00_P0_150.xmot MarkerPresent=1 RequiredMask=0 FistMarkers=1 Raw8Fist=<none> Raw8UseType=-1 SuppressNative=0 Classification=ROUTINE
CORE RAW55_PHYSICAL_FIST_NATIVE_OPEN_SUPPRESSED Actor=E6EAAC10 C1=7 OriginFamily=POWER CallbackFamily=POWER Right=E6EAC410 BeforeGroup=5 RequestedGroup=7 SUPPRESS_GROUP=1
CORE COLLISION_GROUP ElapsedMs=30410.454 Source=TrollFist UseType=55 Owner=Troll Slot=RIGHT Requested=7 Before=5 After=7 MarkerBitsRetired=0
CORE C1 OFFENSE REQUEST ElapsedMs=30410.487 Actor=Troll Generation=7 Status=PERSISTED Source=TrollFist Side=RIGHT Requests=1 Outstanding=1 CleanupObserved=0 Group=7
CORE RAW55_PHYSICAL_FIST_MARKER Actor=Troll C1=7 OriginFamily=POWER CurrentFamily=POWER Action=2 StatePosition=1 StateTime=1.450405 Right=TrollFist RightUseType=55 GroupBefore=5 GroupAfter=7 AuthoredFistCount=2 AcceptedFistCount=1 EarlyOpeningSuppressed=1 FirstMarkerStatePosition=1 NormalNativeClearSuppressed=0 GroupRequested=1 ClearTriggeredList=0 Result=11
CORE MARKER ElapsedMs=30410.510 Actor=Troll Action=2 Family=POWER Phase=1 Motion=Troll_Stand_Fist_Fist_P0_PowerAttack_Hit_N_Fwd_00_%_00_P0_150.xmot Marker=FIST Result=ACCEPTED C1Valid=1 C1=7 StatePosition=1 PreviousMask=0 DesiredMask=0 RetiredMask=0 OwnedMask=0 MarkerOwnedMask=0 Activated=1 Deactivated=0 Retired=0 RearmRequests=1 Clears=0 Raw8Fist=TrollFist Raw8UseType=55 Latch=-1->-1 LatchConfirmed=0
CORE ONDAMAGE ElapsedMs=30611.168 Ordinal=5 Target=PC_Hero Arg1=PC_Hero Arg2=PC_Hero Caller=Game.dll+0x00069484 PlayerAction=0 PlayerPhase=8 PlayerMotion=Hero_Stand_None_None_P0_Move_Walk_N_Fwd_00_%_00_P0_160.xmot Raw8Fist=<none> Raw8UseType=-1 Raw8Group=-1
CORE C1_START ElapsedMs=30620.673 Actor=PC_Hero Generation=8 Status=CANDIDATE Outstanding=0 TrackedSources=0 ReplacedGeneration=0 ReplacedOutstanding=0
CORE C1_BIND ElapsedMs=30620.684 Event=COMBAT_MOVE_CANDIDATE_BOUND Actor=PC_Hero Generation=8 Status=CANDIDATE Outstanding=0 Source=<null> Script=_AI_Stumble
CORE C1_STATUS ElapsedMs=30620.741 Event=PERSISTED Actor=PC_Hero Generation=8 Status=PERSISTED Outstanding=0
CORE C1_FINAL ElapsedMs=30899.158 Actor=PC_Hero Generation=8 Status=PERSISTED SourceCount=0 PhysicalChanged=0
CORE RAW55_PHYSICAL_FIST_MARKER Actor=Troll C1=7 OriginFamily=POWER CurrentFamily=POWER Action=2 StatePosition=1 StateTime=2.006093 Right=TrollFist RightUseType=55 GroupBefore=7 GroupAfter=7 AuthoredFistCount=2 AcceptedFistCount=2 EarlyOpeningSuppressed=1 FirstMarkerStatePosition=1 NormalNativeClearSuppressed=0 GroupRequested=0 ClearTriggeredList=1 Result=11
CORE MARKER ElapsedMs=30919.454 Actor=Troll Action=2 Family=POWER Phase=1 Motion=Troll_Stand_Fist_Fist_P0_PowerAttack_Hit_N_Fwd_00_%_00_P0_150.xmot Marker=FIST Result=ACCEPTED C1Valid=1 C1=7 StatePosition=1 PreviousMask=0 DesiredMask=0 RetiredMask=0 OwnedMask=0 MarkerOwnedMask=0 Activated=0 Deactivated=0 Retired=0 RearmRequests=0 Clears=1 Raw8Fist=TrollFist Raw8UseType=55 Latch=-1->-1 LatchConfirmed=0
CORE ONDAMAGE ElapsedMs=31036.046 Ordinal=6 Target=PC_Hero Arg1=PC_Hero Arg2=PC_Hero Caller=Game.dll+0x00069484 PlayerAction=0 PlayerPhase=5 PlayerMotion=Hero_Stand_None_None_P0_Ambient_Loop_N_Fwd_01_%_00_P0_0.xmot Raw8Fist=<none> Raw8UseType=-1 Raw8Group=-1
CORE C1_START ElapsedMs=31052.363 Actor=PC_Hero Generation=9 Status=CANDIDATE Outstanding=0 TrackedSources=0 ReplacedGeneration=0 ReplacedOutstanding=0
CORE C1_BIND ElapsedMs=31052.373 Event=COMBAT_MOVE_CANDIDATE_BOUND Actor=PC_Hero Generation=9 Status=CANDIDATE Outstanding=0 Source=<null> Script=_AI_Stumble
CORE C1_STATUS ElapsedMs=31052.432 Event=PERSISTED Actor=PC_Hero Generation=9 Status=PERSISTED Outstanding=0
CORE COLLISION_GROUP ElapsedMs=31121.866 Source=TrollFist UseType=55 Owner=Troll Slot=RIGHT Requested=5 Before=7 After=5 MarkerBitsRetired=0
CORE C1 CLEANUP FULFILLED ElapsedMs=31121.885 Actor=Troll Generation=7 Status=PERSISTED Source=TrollFist Side=RIGHT Requests=1 Outstanding=0 CleanupObserved=1 Group=5
CORE C1_FINAL ElapsedMs=31121.909 Actor=Troll Generation=7 Status=PERSISTED SourceCount=2 PhysicalChanged=0 Source[0]=TrollFist Side=RIGHT Outstanding=0 Cleanup=1 Outcome=NO_OP_NO_OUTSTANDING Source[1]=TrollFist Side=LEFT Outstanding=0 Cleanup=0 Outcome=NO_OP_NO_OUTSTANDING
CORE C1_FINAL ElapsedMs=31328.202 Actor=PC_Hero Generation=9 Status=PERSISTED SourceCount=0 PhysicalChanged=0
CORE C1_START ElapsedMs=32304.980 Actor=Troll Generation=10 Status=CANDIDATE Outstanding=0 TrackedSources=2 ReplacedGeneration=0 ReplacedOutstanding=0 Source[0]=TrollFist Side=RIGHT Group=5 Source[1]=TrollFist Side=LEFT Group=5
CORE C1_BIND ElapsedMs=32304.993 Event=COMBAT_MOVE_CANDIDATE_BOUND Actor=Troll Generation=10 Status=CANDIDATE Outstanding=0 Source=<null> Script=_AI_QuickAttack
CORE C1_STATUS ElapsedMs=32312.316 Event=PERSISTED Actor=Troll Generation=10 Status=PERSISTED Outstanding=0
CORE ATTACK_OWNERSHIP ElapsedMs=32312.349 Actor=Troll Family=QUICK Action=5 Phase=1 Motion=Troll_Stand_Fist_Fist_P0_QuickAttackL_Hit_N_Fwd_00_%_00_P0_100.xmot MarkerPresent=1 RequiredMask=0 FistMarkers=1 Raw8Fist=<none> Raw8UseType=-1 SuppressNative=0 Classification=ROUTINE
CORE COLLISION_GROUP ElapsedMs=32334.611 Source=TrollFist UseType=55 Owner=Troll Slot=RIGHT Requested=7 Before=5 After=7 MarkerBitsRetired=0
CORE C1 OFFENSE REQUEST ElapsedMs=32334.638 Actor=Troll Generation=10 Status=PERSISTED Source=TrollFist Side=RIGHT Requests=1 Outstanding=1 CleanupObserved=0 Group=7
CORE RAW55_PHYSICAL_FIST_MARKER Actor=Troll C1=10 OriginFamily=QUICK CurrentFamily=QUICK Action=5 StatePosition=0 StateTime=0.041210 Right=TrollFist RightUseType=55 GroupBefore=5 GroupAfter=7 AuthoredFistCount=2 AcceptedFistCount=1 EarlyOpeningSuppressed=0 FirstMarkerStatePosition=0 NormalNativeClearSuppressed=0 GroupRequested=1 ClearTriggeredList=1 Result=11
CORE MARKER ElapsedMs=32334.661 Actor=Troll Action=5 Family=QUICK Phase=1 Motion=Troll_Stand_Fist_Fist_P0_QuickAttackL_Hit_N_Fwd_00_%_00_P0_100.xmot Marker=FIST Result=ACCEPTED C1Valid=1 C1=10 StatePosition=0 PreviousMask=0 DesiredMask=0 RetiredMask=0 OwnedMask=0 MarkerOwnedMask=0 Activated=1 Deactivated=0 Retired=0 RearmRequests=1 Clears=1 Raw8Fist=TrollFist Raw8UseType=55 Latch=-1->-1 LatchConfirmed=0
CORE COLLISION_GROUP ElapsedMs=32398.700 Source=TrollFist UseType=55 Owner=Troll Slot=RIGHT Requested=7 Before=7 After=7 MarkerBitsRetired=0
CORE C1 OFFENSE REQUEST ElapsedMs=32398.730 Actor=Troll Generation=10 Status=PERSISTED Source=TrollFist Side=RIGHT Requests=2 Outstanding=1 CleanupObserved=0 Group=7
CORE ONDAMAGE ElapsedMs=32486.185 Ordinal=7 Target=PC_Hero Arg1=PC_Hero Arg2=PC_Hero Caller=Game.dll+0x00069484 PlayerAction=0 PlayerPhase=5 PlayerMotion=Hero_Stand_None_None_P0_Ambient_Loop_N_Fwd_01_%_00_P0_0.xmot Raw8Fist=<none> Raw8UseType=-1 Raw8Group=-1
CORE C1_START ElapsedMs=32494.478 Actor=PC_Hero Generation=11 Status=CANDIDATE Outstanding=0 TrackedSources=0 ReplacedGeneration=0 ReplacedOutstanding=0
CORE C1_BIND ElapsedMs=32494.488 Event=COMBAT_MOVE_CANDIDATE_BOUND Actor=PC_Hero Generation=11 Status=CANDIDATE Outstanding=0 Source=<null> Script=_AI_Stumble
CORE C1_STATUS ElapsedMs=32494.543 Event=PERSISTED Actor=PC_Hero Generation=11 Status=PERSISTED Outstanding=0
CORE C1_FINAL ElapsedMs=32781.701 Actor=PC_Hero Generation=11 Status=PERSISTED SourceCount=0 PhysicalChanged=0
CORE RAW55_PHYSICAL_FIST_MARKER Actor=Troll C1=10 OriginFamily=QUICK CurrentFamily=QUICK Action=5 StatePosition=1 StateTime=0.603172 Right=TrollFist RightUseType=55 GroupBefore=7 GroupAfter=7 AuthoredFistCount=2 AcceptedFistCount=2 EarlyOpeningSuppressed=0 FirstMarkerStatePosition=0 NormalNativeClearSuppressed=0 GroupRequested=0 ClearTriggeredList=1 Result=11
CORE MARKER ElapsedMs=32849.104 Actor=Troll Action=5 Family=QUICK Phase=1 Motion=Troll_Stand_Fist_Fist_P0_QuickAttackL_Hit_N_Fwd_00_%_00_P0_100.xmot Marker=FIST Result=ACCEPTED C1Valid=1 C1=10 StatePosition=1 PreviousMask=0 DesiredMask=0 RetiredMask=0 OwnedMask=0 MarkerOwnedMask=0 Activated=0 Deactivated=0 Retired=0 RearmRequests=0 Clears=1 Raw8Fist=TrollFist Raw8UseType=55 Latch=-1->-1 LatchConfirmed=0
CORE ONDAMAGE ElapsedMs=32967.670 Ordinal=8 Target=PC_Hero Arg1=PC_Hero Arg2=PC_Hero Caller=Game.dll+0x00069484 PlayerAction=0 PlayerPhase=3 PlayerMotion=Hero_Stand_None_None_P0_StumbleR_Recover_N_Back_00_%_00_P0_0.xmot Raw8Fist=<none> Raw8UseType=-1 Raw8Group=-1
CORE C1_START ElapsedMs=32980.127 Actor=PC_Hero Generation=12 Status=CANDIDATE Outstanding=0 TrackedSources=0 ReplacedGeneration=0 ReplacedOutstanding=0
CORE C1_BIND ElapsedMs=32980.137 Event=COMBAT_MOVE_CANDIDATE_BOUND Actor=PC_Hero Generation=12 Status=CANDIDATE Outstanding=0 Source=<null> Script=_AI_Stumble
CORE C1_STATUS ElapsedMs=32980.200 Event=PERSISTED Actor=PC_Hero Generation=12 Status=PERSISTED Outstanding=0
CORE COLLISION_GROUP ElapsedMs=33042.041 Source=TrollFist UseType=55 Owner=Troll Slot=RIGHT Requested=5 Before=7 After=5 MarkerBitsRetired=0
CORE C1 CLEANUP FULFILLED ElapsedMs=33042.062 Actor=Troll Generation=10 Status=PERSISTED Source=TrollFist Side=RIGHT Requests=2 Outstanding=0 CleanupObserved=1 Group=5
CORE C1_FINAL ElapsedMs=33138.046 Actor=Troll Generation=10 Status=PERSISTED SourceCount=2 PhysicalChanged=0 Source[0]=TrollFist Side=RIGHT Outstanding=0 Cleanup=1 Outcome=NO_OP_NO_OUTSTANDING Source[1]=TrollFist Side=LEFT Outstanding=0 Cleanup=0 Outcome=NO_OP_NO_OUTSTANDING
CORE C1_FINAL ElapsedMs=33271.858 Actor=PC_Hero Generation=12 Status=PERSISTED SourceCount=0 PhysicalChanged=0
CORE C1_START ElapsedMs=34347.578 Actor=Troll Generation=13 Status=CANDIDATE Outstanding=0 TrackedSources=2 ReplacedGeneration=0 ReplacedOutstanding=0 Source[0]=TrollFist Side=RIGHT Group=5 Source[1]=TrollFist Side=LEFT Group=5
CORE C1_BIND ElapsedMs=34347.592 Event=COMBAT_MOVE_CANDIDATE_BOUND Actor=Troll Generation=13 Status=CANDIDATE Outstanding=0 Source=<null> Script=_AI_QuickAttack
CORE C1_STATUS ElapsedMs=34347.659 Event=PERSISTED Actor=Troll Generation=13 Status=PERSISTED Outstanding=0
CORE ATTACK_OWNERSHIP ElapsedMs=34347.676 Actor=Troll Family=QUICK Action=4 Phase=1 Motion=Troll_Stand_Fist_Fist_P0_QuickAttackR_Hit_N_Fwd_00_%_00_P0_100.xmot MarkerPresent=1 RequiredMask=0 FistMarkers=1 Raw8Fist=<none> Raw8UseType=-1 SuppressNative=0 Classification=ROUTINE
CORE COLLISION_GROUP ElapsedMs=34379.684 Source=TrollFist UseType=55 Owner=Troll Slot=RIGHT Requested=7 Before=5 After=7 MarkerBitsRetired=0
CORE C1 OFFENSE REQUEST ElapsedMs=34379.712 Actor=Troll Generation=13 Status=PERSISTED Source=TrollFist Side=RIGHT Requests=1 Outstanding=1 CleanupObserved=0 Group=7
CORE RAW55_PHYSICAL_FIST_MARKER Actor=Troll C1=13 OriginFamily=QUICK CurrentFamily=QUICK Action=4 StatePosition=0 StateTime=0.043289 Right=TrollFist RightUseType=55 GroupBefore=5 GroupAfter=7 AuthoredFistCount=2 AcceptedFistCount=1 EarlyOpeningSuppressed=0 FirstMarkerStatePosition=0 NormalNativeClearSuppressed=0 GroupRequested=1 ClearTriggeredList=1 Result=11
CORE MARKER ElapsedMs=34379.736 Actor=Troll Action=4 Family=QUICK Phase=1 Motion=Troll_Stand_Fist_Fist_P0_QuickAttackR_Hit_N_Fwd_00_%_00_P0_100.xmot Marker=FIST Result=ACCEPTED C1Valid=1 C1=13 StatePosition=0 PreviousMask=0 DesiredMask=0 RetiredMask=0 OwnedMask=0 MarkerOwnedMask=0 Activated=1 Deactivated=0 Retired=0 RearmRequests=1 Clears=1 Raw8Fist=TrollFist Raw8UseType=55 Latch=-1->-1 LatchConfirmed=0
CORE COLLISION_GROUP ElapsedMs=34442.217 Source=TrollFist UseType=55 Owner=Troll Slot=RIGHT Requested=7 Before=7 After=7 MarkerBitsRetired=0
CORE C1 OFFENSE REQUEST ElapsedMs=34442.245 Actor=Troll Generation=13 Status=PERSISTED Source=TrollFist Side=RIGHT Requests=2 Outstanding=1 CleanupObserved=0 Group=7
CORE RAW55_PHYSICAL_FIST_MARKER Actor=Troll C1=13 OriginFamily=QUICK CurrentFamily=QUICK Action=4 StatePosition=1 StateTime=0.600670 Right=TrollFist RightUseType=55 GroupBefore=7 GroupAfter=7 AuthoredFistCount=2 AcceptedFistCount=2 EarlyOpeningSuppressed=0 FirstMarkerStatePosition=0 NormalNativeClearSuppressed=0 GroupRequested=0 ClearTriggeredList=1 Result=11
CORE MARKER ElapsedMs=34890.686 Actor=Troll Action=4 Family=QUICK Phase=1 Motion=Troll_Stand_Fist_Fist_P0_QuickAttackR_Hit_N_Fwd_00_%_00_P0_100.xmot Marker=FIST Result=ACCEPTED C1Valid=1 C1=13 StatePosition=1 PreviousMask=0 DesiredMask=0 RetiredMask=0 OwnedMask=0 MarkerOwnedMask=0 Activated=0 Deactivated=0 Retired=0 RearmRequests=0 Clears=1 Raw8Fist=TrollFist Raw8UseType=55 Latch=-1->-1 LatchConfirmed=0
CORE ONDAMAGE ElapsedMs=35002.512 Ordinal=9 Target=PC_Hero Arg1=PC_Hero Arg2=PC_Hero Caller=Game.dll+0x00069484 PlayerAction=0 PlayerPhase=5 PlayerMotion=Hero_Stand_None_None_P0_Ambient_Loop_N_Fwd_02_%_00_P0_0.xmot Raw8Fist=<none> Raw8UseType=-1 Raw8Group=-1
CORE C1_START ElapsedMs=35008.191 Actor=PC_Hero Generation=14 Status=CANDIDATE Outstanding=0 TrackedSources=0 ReplacedGeneration=0 ReplacedOutstanding=0
CORE C1_BIND ElapsedMs=35008.201 Event=COMBAT_MOVE_CANDIDATE_BOUND Actor=PC_Hero Generation=14 Status=CANDIDATE Outstanding=0 Source=<null> Script=_AI_Stumble
CORE C1_STATUS ElapsedMs=35008.263 Event=PERSISTED Actor=PC_Hero Generation=14 Status=PERSISTED Outstanding=0
CORE COLLISION_GROUP ElapsedMs=35081.328 Source=TrollFist UseType=55 Owner=Troll Slot=RIGHT Requested=5 Before=7 After=5 MarkerBitsRetired=0
CORE C1 CLEANUP FULFILLED ElapsedMs=35081.358 Actor=Troll Generation=13 Status=PERSISTED Source=TrollFist Side=RIGHT Requests=2 Outstanding=0 CleanupObserved=1 Group=5
CORE C1_FINAL ElapsedMs=35179.301 Actor=Troll Generation=13 Status=PERSISTED SourceCount=2 PhysicalChanged=0 Source[0]=TrollFist Side=RIGHT Outstanding=0 Cleanup=1 Outcome=NO_OP_NO_OUTSTANDING Source[1]=TrollFist Side=LEFT Outstanding=0 Cleanup=0 Outcome=NO_OP_NO_OUTSTANDING
CORE C1_FINAL ElapsedMs=35300.482 Actor=PC_Hero Generation=14 Status=PERSISTED SourceCount=0 PhysicalChanged=0
CORE C1_START ElapsedMs=36401.850 Actor=Troll Generation=15 Status=CANDIDATE Outstanding=0 TrackedSources=2 ReplacedGeneration=0 ReplacedOutstanding=0 Source[0]=TrollFist Side=RIGHT Group=5 Source[1]=TrollFist Side=LEFT Group=5
CORE C1_BIND ElapsedMs=36401.864 Event=COMBAT_MOVE_CANDIDATE_BOUND Actor=Troll Generation=15 Status=CANDIDATE Outstanding=0 Source=<null> Script=_AI_QuickAttack
CORE C1_STATUS ElapsedMs=36401.930 Event=PERSISTED Actor=Troll Generation=15 Status=PERSISTED Outstanding=0
CORE ATTACK_OWNERSHIP ElapsedMs=36401.947 Actor=Troll Family=QUICK Action=5 Phase=1 Motion=Troll_Stand_Fist_Fist_P0_QuickAttackL_Hit_N_Fwd_00_%_00_P0_100.xmot MarkerPresent=1 RequiredMask=0 FistMarkers=1 Raw8Fist=<none> Raw8UseType=-1 SuppressNative=0 Classification=ROUTINE
CORE COLLISION_GROUP ElapsedMs=36431.839 Source=TrollFist UseType=55 Owner=Troll Slot=RIGHT Requested=7 Before=5 After=7 MarkerBitsRetired=0
CORE C1 OFFENSE REQUEST ElapsedMs=36431.868 Actor=Troll Generation=15 Status=PERSISTED Source=TrollFist Side=RIGHT Requests=1 Outstanding=1 CleanupObserved=0 Group=7
CORE RAW55_PHYSICAL_FIST_MARKER Actor=Troll C1=15 OriginFamily=QUICK CurrentFamily=QUICK Action=5 StatePosition=0 StateTime=0.041667 Right=TrollFist RightUseType=55 GroupBefore=5 GroupAfter=7 AuthoredFistCount=2 AcceptedFistCount=1 EarlyOpeningSuppressed=0 FirstMarkerStatePosition=0 NormalNativeClearSuppressed=0 GroupRequested=1 ClearTriggeredList=1 Result=11
CORE MARKER ElapsedMs=36431.891 Actor=Troll Action=5 Family=QUICK Phase=1 Motion=Troll_Stand_Fist_Fist_P0_QuickAttackL_Hit_N_Fwd_00_%_00_P0_100.xmot Marker=FIST Result=ACCEPTED C1Valid=1 C1=15 StatePosition=0 PreviousMask=0 DesiredMask=0 RetiredMask=0 OwnedMask=0 MarkerOwnedMask=0 Activated=1 Deactivated=0 Retired=0 RearmRequests=1 Clears=1 Raw8Fist=TrollFist Raw8UseType=55 Latch=-1->-1 LatchConfirmed=0
CORE COLLISION_GROUP ElapsedMs=36495.474 Source=TrollFist UseType=55 Owner=Troll Slot=RIGHT Requested=7 Before=7 After=7 MarkerBitsRetired=0
CORE C1 OFFENSE REQUEST ElapsedMs=36495.504 Actor=Troll Generation=15 Status=PERSISTED Source=TrollFist Side=RIGHT Requests=2 Outstanding=1 CleanupObserved=0 Group=7
CORE ONDAMAGE ElapsedMs=36635.274 Ordinal=10 Target=PC_Hero Arg1=PC_Hero Arg2=PC_Hero Caller=Game.dll+0x00069484 PlayerAction=0 PlayerPhase=5 PlayerMotion=Hero_Stand_None_None_P0_Ambient_Loop_N_Fwd_02_%_00_P0_0.xmot Raw8Fist=<none> Raw8UseType=-1 Raw8Group=-1
CORE C1_START ElapsedMs=36643.834 Actor=PC_Hero Generation=16 Status=CANDIDATE Outstanding=0 TrackedSources=0 ReplacedGeneration=0 ReplacedOutstanding=0
CORE C1_BIND ElapsedMs=36643.845 Event=COMBAT_MOVE_CANDIDATE_BOUND Actor=PC_Hero Generation=16 Status=CANDIDATE Outstanding=0 Source=<null> Script=_AI_Stumble
CORE C1_STATUS ElapsedMs=36643.904 Event=PERSISTED Actor=PC_Hero Generation=16 Status=PERSISTED Outstanding=0
CORE C1_FINAL ElapsedMs=36935.617 Actor=PC_Hero Generation=16 Status=PERSISTED SourceCount=0 PhysicalChanged=0
CORE RAW55_PHYSICAL_FIST_MARKER Actor=Troll C1=15 OriginFamily=QUICK CurrentFamily=QUICK Action=5 StatePosition=1 StateTime=0.605327 Right=TrollFist RightUseType=55 GroupBefore=7 GroupAfter=7 AuthoredFistCount=2 AcceptedFistCount=2 EarlyOpeningSuppressed=0 FirstMarkerStatePosition=0 NormalNativeClearSuppressed=0 GroupRequested=0 ClearTriggeredList=1 Result=11
CORE MARKER ElapsedMs=36957.321 Actor=Troll Action=5 Family=QUICK Phase=1 Motion=Troll_Stand_Fist_Fist_P0_QuickAttackL_Hit_N_Fwd_00_%_00_P0_100.xmot Marker=FIST Result=ACCEPTED C1Valid=1 C1=15 StatePosition=1 PreviousMask=0 DesiredMask=0 RetiredMask=0 OwnedMask=0 MarkerOwnedMask=0 Activated=0 Deactivated=0 Retired=0 RearmRequests=0 Clears=1 Raw8Fist=TrollFist Raw8UseType=55 Latch=-1->-1 LatchConfirmed=0
CORE ONDAMAGE ElapsedMs=37070.810 Ordinal=11 Target=PC_Hero Arg1=PC_Hero Arg2=PC_Hero Caller=Game.dll+0x00069484 PlayerAction=0 PlayerPhase=3 PlayerMotion=Hero_Stand_None_None_P0_StumbleR_Recover_N_Back_00_%_00_P0_0.xmot Raw8Fist=<none> Raw8UseType=-1 Raw8Group=-1
CORE C1_START ElapsedMs=37082.916 Actor=PC_Hero Generation=17 Status=CANDIDATE Outstanding=0 TrackedSources=0 ReplacedGeneration=0 ReplacedOutstanding=0
CORE C1_BIND ElapsedMs=37082.926 Event=COMBAT_MOVE_CANDIDATE_BOUND Actor=PC_Hero Generation=17 Status=CANDIDATE Outstanding=0 Source=<null> Script=_AI_Stumble
CORE C1_STATUS ElapsedMs=37082.984 Event=PERSISTED Actor=PC_Hero Generation=17 Status=PERSISTED Outstanding=0
CORE COLLISION_GROUP ElapsedMs=37147.333 Source=TrollFist UseType=55 Owner=Troll Slot=RIGHT Requested=5 Before=7 After=5 MarkerBitsRetired=0
CORE C1 CLEANUP FULFILLED ElapsedMs=37147.362 Actor=Troll Generation=15 Status=PERSISTED Source=TrollFist Side=RIGHT Requests=2 Outstanding=0 CleanupObserved=1 Group=5
CORE C1_FINAL ElapsedMs=37243.132 Actor=Troll Generation=15 Status=PERSISTED SourceCount=2 PhysicalChanged=0 Source[0]=TrollFist Side=RIGHT Outstanding=0 Cleanup=1 Outcome=NO_OP_NO_OUTSTANDING Source[1]=TrollFist Side=LEFT Outstanding=0 Cleanup=0 Outcome=NO_OP_NO_OUTSTANDING
CORE C1_FINAL ElapsedMs=37368.688 Actor=PC_Hero Generation=17 Status=PERSISTED SourceCount=0 PhysicalChanged=0
CORE C1_START ElapsedMs=38449.103 Actor=Troll Generation=18 Status=CANDIDATE Outstanding=0 TrackedSources=2 ReplacedGeneration=0 ReplacedOutstanding=0 Source[0]=TrollFist Side=RIGHT Group=5 Source[1]=TrollFist Side=LEFT Group=5
CORE C1_BIND ElapsedMs=38449.117 Event=COMBAT_MOVE_CANDIDATE_BOUND Actor=Troll Generation=18 Status=CANDIDATE Outstanding=0 Source=<null> Script=_AI_QuickAttack
CORE C1_STATUS ElapsedMs=38449.183 Event=PERSISTED Actor=Troll Generation=18 Status=PERSISTED Outstanding=0
CORE ATTACK_OWNERSHIP ElapsedMs=38449.200 Actor=Troll Family=QUICK Action=4 Phase=1 Motion=Troll_Stand_Fist_Fist_P0_QuickAttackR_Hit_N_Fwd_00_%_00_P0_100.xmot MarkerPresent=1 RequiredMask=0 FistMarkers=1 Raw8Fist=<none> Raw8UseType=-1 SuppressNative=0 Classification=ROUTINE
CORE COLLISION_GROUP ElapsedMs=38482.880 Source=TrollFist UseType=55 Owner=Troll Slot=RIGHT Requested=7 Before=5 After=7 MarkerBitsRetired=0
CORE C1 OFFENSE REQUEST ElapsedMs=38482.909 Actor=Troll Generation=18 Status=PERSISTED Source=TrollFist Side=RIGHT Requests=1 Outstanding=1 CleanupObserved=0 Group=7
CORE RAW55_PHYSICAL_FIST_MARKER Actor=Troll C1=18 OriginFamily=QUICK CurrentFamily=QUICK Action=4 StatePosition=0 StateTime=0.042956 Right=TrollFist RightUseType=55 GroupBefore=5 GroupAfter=7 AuthoredFistCount=2 AcceptedFistCount=1 EarlyOpeningSuppressed=0 FirstMarkerStatePosition=0 NormalNativeClearSuppressed=0 GroupRequested=1 ClearTriggeredList=1 Result=11
CORE MARKER ElapsedMs=38482.932 Actor=Troll Action=4 Family=QUICK Phase=1 Motion=Troll_Stand_Fist_Fist_P0_QuickAttackR_Hit_N_Fwd_00_%_00_P0_100.xmot Marker=FIST Result=ACCEPTED C1Valid=1 C1=18 StatePosition=0 PreviousMask=0 DesiredMask=0 RetiredMask=0 OwnedMask=0 MarkerOwnedMask=0 Activated=1 Deactivated=0 Retired=0 RearmRequests=1 Clears=1 Raw8Fist=TrollFist Raw8UseType=55 Latch=-1->-1 LatchConfirmed=0
CORE COLLISION_GROUP ElapsedMs=38547.598 Source=TrollFist UseType=55 Owner=Troll Slot=RIGHT Requested=7 Before=7 After=7 MarkerBitsRetired=0
CORE C1 OFFENSE REQUEST ElapsedMs=38547.628 Actor=Troll Generation=18 Status=PERSISTED Source=TrollFist Side=RIGHT Requests=2 Outstanding=1 CleanupObserved=0 Group=7
CORE ONDAMAGE ElapsedMs=38628.538 Ordinal=12 Target=PC_Hero Arg1=PC_Hero Arg2=PC_Hero Caller=Game.dll+0x00069484 PlayerAction=0 PlayerPhase=12 PlayerMotion=Hero_Stand_None_None_P0_Move_Stand_N_Fwd_00_%_00_P0_0.xmot Raw8Fist=<none> Raw8UseType=-1 Raw8Group=-1
CORE C1_START ElapsedMs=38634.901 Actor=PC_Hero Generation=19 Status=CANDIDATE Outstanding=0 TrackedSources=0 ReplacedGeneration=0 ReplacedOutstanding=0
CORE C1_BIND ElapsedMs=38634.912 Event=COMBAT_MOVE_CANDIDATE_BOUND Actor=PC_Hero Generation=19 Status=CANDIDATE Outstanding=0 Source=<null> Script=_AI_Stumble
CORE C1_STATUS ElapsedMs=38634.968 Event=PERSISTED Actor=PC_Hero Generation=19 Status=PERSISTED Outstanding=0
CORE C1_FINAL ElapsedMs=38923.387 Actor=PC_Hero Generation=19 Status=PERSISTED SourceCount=0 PhysicalChanged=0
CORE RAW55_PHYSICAL_FIST_MARKER Actor=Troll C1=18 OriginFamily=QUICK CurrentFamily=QUICK Action=4 StatePosition=1 StateTime=0.605195 Right=TrollFist RightUseType=55 GroupBefore=7 GroupAfter=7 AuthoredFistCount=2 AcceptedFistCount=2 EarlyOpeningSuppressed=0 FirstMarkerStatePosition=0 NormalNativeClearSuppressed=0 GroupRequested=0 ClearTriggeredList=1 Result=11
CORE MARKER ElapsedMs=39003.189 Actor=Troll Action=4 Family=QUICK Phase=1 Motion=Troll_Stand_Fist_Fist_P0_QuickAttackR_Hit_N_Fwd_00_%_00_P0_100.xmot Marker=FIST Result=ACCEPTED C1Valid=1 C1=18 StatePosition=1 PreviousMask=0 DesiredMask=0 RetiredMask=0 OwnedMask=0 MarkerOwnedMask=0 Activated=0 Deactivated=0 Retired=0 RearmRequests=0 Clears=1 Raw8Fist=TrollFist Raw8UseType=55 Latch=-1->-1 LatchConfirmed=0
CORE ONDAMAGE ElapsedMs=39125.552 Ordinal=13 Target=PC_Hero Arg1=PC_Hero Arg2=PC_Hero Caller=Game.dll+0x00069484 PlayerAction=0 PlayerPhase=5 PlayerMotion=Hero_Stand_None_None_P0_Ambient_Loop_N_Fwd_02_%_00_P0_0.xmot Raw8Fist=<none> Raw8UseType=-1 Raw8Group=-1
CORE C1_START ElapsedMs=39132.100 Actor=PC_Hero Generation=20 Status=CANDIDATE Outstanding=0 TrackedSources=0 ReplacedGeneration=0 ReplacedOutstanding=0
CORE C1_BIND ElapsedMs=39132.111 Event=COMBAT_MOVE_CANDIDATE_BOUND Actor=PC_Hero Generation=20 Status=CANDIDATE Outstanding=0 Source=<null> Script=_AI_Stumble
CORE C1_STATUS ElapsedMs=39132.168 Event=PERSISTED Actor=PC_Hero Generation=20 Status=PERSISTED Outstanding=0
CORE COLLISION_GROUP ElapsedMs=39196.360 Source=TrollFist UseType=55 Owner=Troll Slot=RIGHT Requested=5 Before=7 After=5 MarkerBitsRetired=0
CORE C1 CLEANUP FULFILLED ElapsedMs=39196.389 Actor=Troll Generation=18 Status=PERSISTED Source=TrollFist Side=RIGHT Requests=2 Outstanding=0 CleanupObserved=1 Group=5
CORE C1_FINAL ElapsedMs=39290.724 Actor=Troll Generation=18 Status=PERSISTED SourceCount=2 PhysicalChanged=0 Source[0]=TrollFist Side=RIGHT Outstanding=0 Cleanup=1 Outcome=NO_OP_NO_OUTSTANDING Source[1]=TrollFist Side=LEFT Outstanding=0 Cleanup=0 Outcome=NO_OP_NO_OUTSTANDING
CORE C1_FINAL ElapsedMs=39418.788 Actor=PC_Hero Generation=20 Status=PERSISTED SourceCount=0 PhysicalChanged=0
CORE C1_START ElapsedMs=40502.195 Actor=Troll Generation=21 Status=CANDIDATE Outstanding=0 TrackedSources=2 ReplacedGeneration=0 ReplacedOutstanding=0 Source[0]=TrollFist Side=RIGHT Group=5 Source[1]=TrollFist Side=LEFT Group=5
CORE C1_BIND ElapsedMs=40502.290 Event=COMBAT_MOVE_CANDIDATE_BOUND Actor=Troll Generation=21 Status=CANDIDATE Outstanding=0 Source=<null> Script=_AI_Attack
CORE C1_STATUS ElapsedMs=40502.396 Event=PERSISTED Actor=Troll Generation=21 Status=PERSISTED Outstanding=0
CORE ATTACK_OWNERSHIP ElapsedMs=40502.414 Actor=Troll Family=NORMAL Action=1 Phase=1 Motion=Troll_Stand_Fist_Fist_P0_Attack_Hit_N_Fwd_00_%_00_P0_100.xmot MarkerPresent=1 RequiredMask=0 FistMarkers=1 Raw8Fist=<none> Raw8UseType=-1 SuppressNative=0 Classification=ROUTINE
CORE COLLISION_GROUP ElapsedMs=40534.083 Source=TrollFist UseType=55 Owner=Troll Slot=RIGHT Requested=7 Before=5 After=7 MarkerBitsRetired=0
CORE C1 OFFENSE REQUEST ElapsedMs=40534.111 Actor=Troll Generation=21 Status=PERSISTED Source=TrollFist Side=RIGHT Requests=1 Outstanding=1 CleanupObserved=0 Group=7
CORE RAW55_PHYSICAL_FIST_MARKER Actor=Troll C1=21 OriginFamily=NORMAL CurrentFamily=NORMAL Action=1 StatePosition=0 StateTime=0.042304 Right=TrollFist RightUseType=55 GroupBefore=5 GroupAfter=7 AuthoredFistCount=2 AcceptedFistCount=1 EarlyOpeningSuppressed=0 FirstMarkerStatePosition=0 NormalNativeClearSuppressed=0 GroupRequested=1 ClearTriggeredList=1 Result=11
CORE MARKER ElapsedMs=40534.142 Actor=Troll Action=1 Family=NORMAL Phase=1 Motion=Troll_Stand_Fist_Fist_P0_Attack_Hit_N_Fwd_00_%_00_P0_100.xmot Marker=FIST Result=ACCEPTED C1Valid=1 C1=21 StatePosition=0 PreviousMask=0 DesiredMask=0 RetiredMask=0 OwnedMask=0 MarkerOwnedMask=0 Activated=1 Deactivated=0 Retired=0 RearmRequests=1 Clears=1 Raw8Fist=TrollFist Raw8UseType=55 Latch=-1->-1 LatchConfirmed=0
CORE ONDAMAGE ElapsedMs=40727.614 Ordinal=14 Target=PC_Hero Arg1=PC_Hero Arg2=PC_Hero Caller=Game.dll+0x00069484 PlayerAction=0 PlayerPhase=12 PlayerMotion=Hero_Stand_None_None_P0_Ambient_Ambient_N_Fwd_07_%_00_P0_0.xmot Raw8Fist=<none> Raw8UseType=-1 Raw8Group=-1
CORE C1_START ElapsedMs=40733.396 Actor=PC_Hero Generation=22 Status=CANDIDATE Outstanding=0 TrackedSources=0 ReplacedGeneration=0 ReplacedOutstanding=0
CORE C1_BIND ElapsedMs=40733.406 Event=COMBAT_MOVE_CANDIDATE_BOUND Actor=PC_Hero Generation=22 Status=CANDIDATE Outstanding=0 Source=<null> Script=_AI_Stumble
CORE C1_STATUS ElapsedMs=40733.474 Event=PERSISTED Actor=PC_Hero Generation=22 Status=PERSISTED Outstanding=0
CORE COLLISION_GROUP ElapsedMs=40740.550 Source=TrollFist UseType=55 Owner=Troll Slot=RIGHT Requested=7 Before=7 After=7 MarkerBitsRetired=0
CORE C1 OFFENSE REQUEST ElapsedMs=40740.578 Actor=Troll Generation=21 Status=PERSISTED Source=TrollFist Side=RIGHT Requests=2 Outstanding=1 CleanupObserved=0 Group=7
CORE RAW55_PHYSICAL_FIST_NORMAL_NATIVE_CLEAR_SUPPRESSED Actor=E6EAAC10 C1=21 Right=E6EAC410 CallerModule=Script_Game.dll CallerRVA=0x000386C6 SUPPRESS_CLEAR=1
CORE C1_FINAL ElapsedMs=41024.663 Actor=PC_Hero Generation=22 Status=PERSISTED SourceCount=0 PhysicalChanged=0
CORE RAW55_PHYSICAL_FIST_MARKER Actor=Troll C1=21 OriginFamily=NORMAL CurrentFamily=NORMAL Action=1 StatePosition=1 StateTime=0.606002 Right=TrollFist RightUseType=55 GroupBefore=7 GroupAfter=7 AuthoredFistCount=2 AcceptedFistCount=2 EarlyOpeningSuppressed=0 FirstMarkerStatePosition=0 NormalNativeClearSuppressed=1 GroupRequested=0 ClearTriggeredList=1 Result=11
CORE MARKER ElapsedMs=41057.356 Actor=Troll Action=1 Family=NORMAL Phase=1 Motion=Troll_Stand_Fist_Fist_P0_Attack_Hit_N_Fwd_00_%_00_P0_100.xmot Marker=FIST Result=ACCEPTED C1Valid=1 C1=21 StatePosition=1 PreviousMask=0 DesiredMask=0 RetiredMask=0 OwnedMask=0 MarkerOwnedMask=0 Activated=0 Deactivated=0 Retired=0 RearmRequests=0 Clears=1 Raw8Fist=TrollFist Raw8UseType=55 Latch=-1->-1 LatchConfirmed=0
CORE ONDAMAGE ElapsedMs=41163.252 Ordinal=15 Target=PC_Hero Arg1=PC_Hero Arg2=PC_Hero Caller=Game.dll+0x00069484 PlayerAction=0 PlayerPhase=3 PlayerMotion=Hero_Stand_None_None_P0_StumbleR_Recover_N_Back_00_%_00_P0_0.xmot Raw8Fist=<none> Raw8UseType=-1 Raw8Group=-1
CORE C1_START ElapsedMs=41180.167 Actor=PC_Hero Generation=23 Status=CANDIDATE Outstanding=0 TrackedSources=0 ReplacedGeneration=0 ReplacedOutstanding=0
CORE C1_BIND ElapsedMs=41180.177 Event=COMBAT_MOVE_CANDIDATE_BOUND Actor=PC_Hero Generation=23 Status=CANDIDATE Outstanding=0 Source=<null> Script=_AI_Stumble
CORE C1_STATUS ElapsedMs=41180.236 Event=PERSISTED Actor=PC_Hero Generation=23 Status=PERSISTED Outstanding=0
CORE COLLISION_GROUP ElapsedMs=41248.999 Source=TrollFist UseType=55 Owner=Troll Slot=RIGHT Requested=5 Before=7 After=5 MarkerBitsRetired=0
CORE C1 CLEANUP FULFILLED ElapsedMs=41249.029 Actor=Troll Generation=21 Status=PERSISTED Source=TrollFist Side=RIGHT Requests=2 Outstanding=0 CleanupObserved=1 Group=5
CORE C1_FINAL ElapsedMs=41249.051 Actor=Troll Generation=21 Status=PERSISTED SourceCount=2 PhysicalChanged=0 Source[0]=TrollFist Side=RIGHT Outstanding=0 Cleanup=1 Outcome=NO_OP_NO_OUTSTANDING Source[1]=TrollFist Side=LEFT Outstanding=0 Cleanup=0 Outcome=NO_OP_NO_OUTSTANDING
CORE C1_FINAL ElapsedMs=41462.734 Actor=PC_Hero Generation=23 Status=PERSISTED SourceCount=0 PhysicalChanged=0
CORE C1_START ElapsedMs=42649.377 Actor=Troll Generation=24 Status=CANDIDATE Outstanding=0 TrackedSources=2 ReplacedGeneration=0 ReplacedOutstanding=0 Source[0]=TrollFist Side=RIGHT Group=5 Source[1]=TrollFist Side=LEFT Group=5
CORE C1_BIND ElapsedMs=42649.390 Event=COMBAT_MOVE_CANDIDATE_BOUND Actor=Troll Generation=24 Status=CANDIDATE Outstanding=0 Source=<null> Script=_AI_Attack
CORE C1_STATUS ElapsedMs=42649.455 Event=PERSISTED Actor=Troll Generation=24 Status=PERSISTED Outstanding=0
CORE COLLISION_GROUP ElapsedMs=42681.184 Source=TrollFist UseType=55 Owner=Troll Slot=RIGHT Requested=7 Before=5 After=7 MarkerBitsRetired=0
CORE C1 OFFENSE REQUEST ElapsedMs=42681.211 Actor=Troll Generation=24 Status=PERSISTED Source=TrollFist Side=RIGHT Requests=1 Outstanding=1 CleanupObserved=0 Group=7
CORE RAW55_PHYSICAL_FIST_MARKER Actor=Troll C1=24 OriginFamily=NORMAL CurrentFamily=NORMAL Action=1 StatePosition=0 StateTime=0.041667 Right=TrollFist RightUseType=55 GroupBefore=5 GroupAfter=7 AuthoredFistCount=2 AcceptedFistCount=1 EarlyOpeningSuppressed=0 FirstMarkerStatePosition=0 NormalNativeClearSuppressed=0 GroupRequested=1 ClearTriggeredList=1 Result=11
CORE MARKER ElapsedMs=42681.234 Actor=Troll Action=1 Family=NORMAL Phase=1 Motion=Troll_Stand_Fist_Fist_P0_Attack_Hit_N_Fwd_00_%_00_P0_100.xmot Marker=FIST Result=ACCEPTED C1Valid=1 C1=24 StatePosition=0 PreviousMask=0 DesiredMask=0 RetiredMask=0 OwnedMask=0 MarkerOwnedMask=0 Activated=1 Deactivated=0 Retired=0 RearmRequests=1 Clears=1 Raw8Fist=TrollFist Raw8UseType=55 Latch=-1->-1 LatchConfirmed=0
CORE COLLISION_GROUP ElapsedMs=42893.182 Source=TrollFist UseType=55 Owner=Troll Slot=RIGHT Requested=7 Before=7 After=7 MarkerBitsRetired=0
CORE C1 OFFENSE REQUEST ElapsedMs=42893.211 Actor=Troll Generation=24 Status=PERSISTED Source=TrollFist Side=RIGHT Requests=2 Outstanding=1 CleanupObserved=0 Group=7
CORE RAW55_PHYSICAL_FIST_NORMAL_NATIVE_CLEAR_SUPPRESSED Actor=E6EAAC10 C1=24 Right=E6EAC410 CallerModule=Script_Game.dll CallerRVA=0x000386C6 SUPPRESS_CLEAR=1
CORE C1_START ElapsedMs=42911.503 Actor=PC_Hero Generation=25 Status=CANDIDATE Outstanding=0 TrackedSources=1 ReplacedGeneration=0 ReplacedOutstanding=0 Source[0]=It_2H_Sword_Flamberge Side=RIGHT Group=5
CORE C1_STATUS ElapsedMs=42917.393 Event=PERSISTED Actor=PC_Hero Generation=25 Status=PERSISTED Outstanding=0
CORE ONDAMAGE ElapsedMs=42924.621 Ordinal=16 Target=PC_Hero Arg1=PC_Hero Arg2=PC_Hero Caller=Game.dll+0x00069484 PlayerAction=0 PlayerPhase=0 PlayerMotion=Hero_Stand_None_2H_P0_Attack_Raise_N_Fwd_00_%_00_P0_0_R.xmot Raw8Fist=<none> Raw8UseType=-1 Raw8Group=-1
CORE C1_START ElapsedMs=42934.449 Actor=PC_Hero Generation=26 Status=CANDIDATE Outstanding=0 TrackedSources=1 ReplacedGeneration=25 ReplacedOutstanding=0 Source[0]=It_2H_Sword_Flamberge Side=RIGHT Group=5
CORE C1_BIND ElapsedMs=42934.461 Event=COMBAT_MOVE_CANDIDATE_BOUND Actor=PC_Hero Generation=26 Status=CANDIDATE Outstanding=0 Source=<null> Script=_AI_Stumble
CORE C1_STATUS ElapsedMs=42940.559 Event=PERSISTED Actor=PC_Hero Generation=26 Status=PERSISTED Outstanding=0
CORE RAW55_PHYSICAL_FIST_MARKER Actor=Troll C1=24 OriginFamily=NORMAL CurrentFamily=NORMAL Action=1 StatePosition=1 StateTime=0.603013 Right=TrollFist RightUseType=55 GroupBefore=7 GroupAfter=7 AuthoredFistCount=2 AcceptedFistCount=2 EarlyOpeningSuppressed=0 FirstMarkerStatePosition=0 NormalNativeClearSuppressed=1 GroupRequested=0 ClearTriggeredList=1 Result=11
CORE MARKER ElapsedMs=43208.464 Actor=Troll Action=1 Family=NORMAL Phase=1 Motion=Troll_Stand_Fist_Fist_P0_Attack_Hit_N_Fwd_00_%_00_P0_100.xmot Marker=FIST Result=ACCEPTED C1Valid=1 C1=24 StatePosition=1 PreviousMask=0 DesiredMask=0 RetiredMask=0 OwnedMask=0 MarkerOwnedMask=0 Activated=0 Deactivated=0 Retired=0 RearmRequests=0 Clears=1 Raw8Fist=TrollFist Raw8UseType=55 Latch=-1->-1 LatchConfirmed=0
CORE C1_FINAL ElapsedMs=43227.548 Actor=PC_Hero Generation=26 Status=PERSISTED SourceCount=1 PhysicalChanged=0 Source[0]=It_2H_Sword_Flamberge Side=RIGHT Outstanding=0 Cleanup=0 Outcome=NO_OP_NO_OUTSTANDING
CORE ONDAMAGE ElapsedMs=43328.190 Ordinal=17 Target=PC_Hero Arg1=PC_Hero Arg2=PC_Hero Caller=Game.dll+0x00069484 PlayerAction=0 PlayerPhase=5 PlayerMotion=Hero_Stand_None_2H_P0_Ambient_Loop_N_Fwd_00_%_00_P0_0.xmot Raw8Fist=<none> Raw8UseType=-1 Raw8Group=-1
CORE C1_START ElapsedMs=43350.803 Actor=PC_Hero Generation=27 Status=CANDIDATE Outstanding=0 TrackedSources=1 ReplacedGeneration=0 ReplacedOutstanding=0 Source[0]=It_2H_Sword_Flamberge Side=RIGHT Group=5
CORE C1_BIND ElapsedMs=43350.815 Event=COMBAT_MOVE_CANDIDATE_BOUND Actor=PC_Hero Generation=27 Status=CANDIDATE Outstanding=0 Source=<null> Script=_AI_Stumble
CORE C1_STATUS ElapsedMs=43350.881 Event=PERSISTED Actor=PC_Hero Generation=27 Status=PERSISTED Outstanding=0
CORE COLLISION_GROUP ElapsedMs=43410.126 Source=TrollFist UseType=55 Owner=Troll Slot=RIGHT Requested=5 Before=7 After=5 MarkerBitsRetired=0
CORE C1 CLEANUP FULFILLED ElapsedMs=43410.154 Actor=Troll Generation=24 Status=PERSISTED Source=TrollFist Side=RIGHT Requests=2 Outstanding=0 CleanupObserved=1 Group=5
CORE C1_FINAL ElapsedMs=43410.175 Actor=Troll Generation=24 Status=PERSISTED SourceCount=2 PhysicalChanged=0 Source[0]=TrollFist Side=RIGHT Outstanding=0 Cleanup=1 Outcome=NO_OP_NO_OUTSTANDING Source[1]=TrollFist Side=LEFT Outstanding=0 Cleanup=0 Outcome=NO_OP_NO_OUTSTANDING
CORE C1_FINAL ElapsedMs=43621.514 Actor=PC_Hero Generation=27 Status=PERSISTED SourceCount=1 PhysicalChanged=0 Source[0]=It_2H_Sword_Flamberge Side=RIGHT Outstanding=0 Cleanup=0 Outcome=NO_OP_NO_OUTSTANDING
CORE C1_START ElapsedMs=43660.481 Actor=PC_Hero Generation=28 Status=CANDIDATE Outstanding=0 TrackedSources=1 ReplacedGeneration=0 ReplacedOutstanding=0 Source[0]=It_2H_Sword_Flamberge Side=RIGHT Group=5
CORE C1_BIND ElapsedMs=43660.493 Event=COMBAT_MOVE_CANDIDATE_BOUND Actor=PC_Hero Generation=28 Status=CANDIDATE Outstanding=0 Source=<null> Script=_AI_QuickAttack
CORE C1_STATUS ElapsedMs=43668.665 Event=PERSISTED Actor=PC_Hero Generation=28 Status=PERSISTED Outstanding=0
CORE ATTACK_OWNERSHIP ElapsedMs=43668.699 Actor=PC_Hero Family=QUICK Action=4 Phase=1 Motion=Hero_Stand_None_2H_P0_QuickAttackR_Hit_N_Fwd_00_%_00_P1_90_R.xmot MarkerPresent=1 RequiredMask=1 FistMarkers=0 Raw8Fist=<none> Raw8UseType=-1 SuppressNative=1 Classification=ROUTINE
CORE C1_START ElapsedMs=43674.999 Actor=Troll Generation=29 Status=CANDIDATE Outstanding=0 TrackedSources=2 ReplacedGeneration=0 ReplacedOutstanding=0 Source[0]=TrollFist Side=RIGHT Group=5 Source[1]=TrollFist Side=LEFT Group=5
CORE C1_BIND ElapsedMs=43675.012 Event=COMBAT_MOVE_CANDIDATE_BOUND Actor=Troll Generation=29 Status=CANDIDATE Outstanding=0 Source=<null> Script=_AI_PowerAttack
CORE C1_STATUS ElapsedMs=43675.075 Event=PERSISTED Actor=Troll Generation=29 Status=PERSISTED Outstanding=0
CORE COLLISION_GROUP ElapsedMs=43920.838 Source=It_2H_Sword_Flamberge UseType=3 Owner=PC_Hero Slot=RIGHT Requested=7 Before=5 After=7 MarkerBitsRetired=0
CORE C1 OFFENSE REQUEST ElapsedMs=43920.864 Actor=PC_Hero Generation=28 Status=PERSISTED Source=It_2H_Sword_Flamberge Side=RIGHT Requests=1 Outstanding=1 CleanupObserved=0 Group=7
CORE MARKER ElapsedMs=43920.878 Actor=PC_Hero Action=4 Family=QUICK Phase=1 Motion=Hero_Stand_None_2H_P0_QuickAttackR_Hit_N_Fwd_00_%_00_P1_90_R.xmot Marker=RIGHT Result=ACCEPTED C1Valid=1 C1=28 StatePosition=1 PreviousMask=0 DesiredMask=1 RetiredMask=0 OwnedMask=0 MarkerOwnedMask=1 Activated=1 Deactivated=0 Retired=0 RearmRequests=1 Clears=1 RightUseType=3
CORE ONDAMAGE ElapsedMs=43975.024 Ordinal=18 Target=Troll Arg1=Troll Arg2=Troll Caller=Game.dll+0x00069484 PlayerAction=4 PlayerPhase=1 PlayerMotion=Hero_Stand_None_2H_P0_QuickAttackR_Hit_N_Fwd_00_%_00_P1_90_R.xmot Raw8Fist=<none> Raw8UseType=-1 Raw8Group=-1
CORE COLLISION_GROUP ElapsedMs=44116.188 Source=It_2H_Sword_Flamberge UseType=3 Owner=PC_Hero Slot=RIGHT Requested=5 Before=7 After=5 MarkerBitsRetired=1
CORE C1 CLEANUP FULFILLED ElapsedMs=44116.207 Actor=PC_Hero Generation=28 Status=PERSISTED Source=It_2H_Sword_Flamberge Side=RIGHT Requests=1 Outstanding=0 CleanupObserved=1 Group=5
CORE C1_FINAL ElapsedMs=44210.380 Actor=PC_Hero Generation=28 Status=PERSISTED SourceCount=1 PhysicalChanged=0 Source[0]=It_2H_Sword_Flamberge Side=RIGHT Outstanding=0 Cleanup=1 Outcome=NO_OP_NO_OUTSTANDING
CORE C1_START ElapsedMs=44281.522 Actor=PC_Hero Generation=30 Status=CANDIDATE Outstanding=0 TrackedSources=1 ReplacedGeneration=0 ReplacedOutstanding=0 Source[0]=It_2H_Sword_Flamberge Side=RIGHT Group=5
CORE C1_BIND ElapsedMs=44281.535 Event=COMBAT_MOVE_CANDIDATE_BOUND Actor=PC_Hero Generation=30 Status=CANDIDATE Outstanding=0 Source=<null> Script=_AI_Parade
CORE C1_STATUS ElapsedMs=44288.662 Event=PERSISTED Actor=PC_Hero Generation=30 Status=PERSISTED Outstanding=0
CORE C1_FINAL ElapsedMs=44300.954 Actor=PC_Hero Generation=30 Status=PERSISTED SourceCount=1 PhysicalChanged=0 Source[0]=It_2H_Sword_Flamberge Side=RIGHT Outstanding=0 Cleanup=0 Outcome=NO_OP_NO_OUTSTANDING
CORE C1_START ElapsedMs=44304.720 Actor=PC_Hero Generation=31 Status=CANDIDATE Outstanding=0 TrackedSources=1 ReplacedGeneration=0 ReplacedOutstanding=0 Source[0]=It_2H_Sword_Flamberge Side=RIGHT Group=5
CORE C1_BIND ElapsedMs=44304.731 Event=COMBAT_MOVE_CANDIDATE_BOUND Actor=PC_Hero Generation=31 Status=CANDIDATE Outstanding=0 Source=<null> Script=_AI_QuickAttack
CORE C1_STATUS ElapsedMs=44311.442 Event=PERSISTED Actor=PC_Hero Generation=31 Status=PERSISTED Outstanding=0
CORE ATTACK_OWNERSHIP ElapsedMs=44311.476 Actor=PC_Hero Family=QUICK Action=5 Phase=1 Motion=Hero_Stand_None_2H_P1_QuickAttackL_Hit_N_Fwd_00_%_00_P0_90_L.xmot MarkerPresent=1 RequiredMask=1 FistMarkers=0 Raw8Fist=<none> Raw8UseType=-1 SuppressNative=1 Classification=ROUTINE
CORE COLLISION_GROUP ElapsedMs=44556.569 Source=It_2H_Sword_Flamberge UseType=3 Owner=PC_Hero Slot=RIGHT Requested=7 Before=5 After=7 MarkerBitsRetired=0
CORE C1 OFFENSE REQUEST ElapsedMs=44556.598 Actor=PC_Hero Generation=31 Status=PERSISTED Source=It_2H_Sword_Flamberge Side=RIGHT Requests=1 Outstanding=1 CleanupObserved=0 Group=7
CORE MARKER ElapsedMs=44556.611 Actor=PC_Hero Action=5 Family=QUICK Phase=1 Motion=Hero_Stand_None_2H_P1_QuickAttackL_Hit_N_Fwd_00_%_00_P0_90_L.xmot Marker=RIGHT Result=ACCEPTED C1Valid=1 C1=31 StatePosition=1 PreviousMask=0 DesiredMask=1 RetiredMask=0 OwnedMask=0 MarkerOwnedMask=1 Activated=1 Deactivated=0 Retired=0 RearmRequests=1 Clears=1 RightUseType=3
CORE ONDAMAGE ElapsedMs=44581.290 Ordinal=19 Target=Troll Arg1=Troll Arg2=Troll Caller=Game.dll+0x00069484 PlayerAction=5 PlayerPhase=1 PlayerMotion=Hero_Stand_None_2H_P1_QuickAttackL_Hit_N_Fwd_00_%_00_P0_90_L.xmot Raw8Fist=<none> Raw8UseType=-1 Raw8Group=-1
CORE COLLISION_GROUP ElapsedMs=44759.662 Source=It_2H_Sword_Flamberge UseType=3 Owner=PC_Hero Slot=RIGHT Requested=5 Before=7 After=5 MarkerBitsRetired=1
CORE C1 CLEANUP FULFILLED ElapsedMs=44759.683 Actor=PC_Hero Generation=31 Status=PERSISTED Source=It_2H_Sword_Flamberge Side=RIGHT Requests=1 Outstanding=0 CleanupObserved=1 Group=5
CORE C1_FINAL ElapsedMs=44851.313 Actor=PC_Hero Generation=31 Status=PERSISTED SourceCount=1 PhysicalChanged=0 Source[0]=It_2H_Sword_Flamberge Side=RIGHT Outstanding=0 Cleanup=1 Outcome=NO_OP_NO_OUTSTANDING
CORE C1_START ElapsedMs=44858.660 Actor=PC_Hero Generation=32 Status=CANDIDATE Outstanding=0 TrackedSources=1 ReplacedGeneration=0 ReplacedOutstanding=0 Source[0]=It_2H_Sword_Flamberge Side=RIGHT Group=5
CORE C1_STATUS ElapsedMs=44858.732 Event=PERSISTED Actor=PC_Hero Generation=32 Status=PERSISTED Outstanding=0
CORE C1_BIND ElapsedMs=44975.268 Event=COMBAT_MOVE_REUSED Actor=Troll Generation=29 Status=PERSISTED Outstanding=0 Source=<null> Script=_AI_PowerAttack
CORE ATTACK_OWNERSHIP ElapsedMs=44975.348 Actor=Troll Family=SPRINT Action=9 Phase=1 Motion=Troll_Stand_Fist_Fist_P0_PowerAttack_Hit_N_Fwd_00_%_00_P0_150.xmot MarkerPresent=1 RequiredMask=0 FistMarkers=1 Raw8Fist=<none> Raw8UseType=-1 SuppressNative=0 Classification=ROUTINE
CORE RAW55_PHYSICAL_FIST_NATIVE_OPEN_SUPPRESSED Actor=E6EAAC10 C1=29 OriginFamily=SPRINT CallbackFamily=SPRINT Right=E6EAC410 BeforeGroup=5 RequestedGroup=7 SUPPRESS_GROUP=1
CORE COLLISION_GROUP ElapsedMs=45009.150 Source=TrollFist UseType=55 Owner=Troll Slot=RIGHT Requested=7 Before=5 After=7 MarkerBitsRetired=0
CORE C1 OFFENSE REQUEST ElapsedMs=45009.183 Actor=Troll Generation=29 Status=PERSISTED Source=TrollFist Side=RIGHT Requests=1 Outstanding=1 CleanupObserved=0 Group=7
CORE RAW55_PHYSICAL_FIST_MARKER Actor=Troll C1=29 OriginFamily=SPRINT CurrentFamily=SPRINT Action=9 StatePosition=1 StateTime=1.452019 Right=TrollFist RightUseType=55 GroupBefore=5 GroupAfter=7 AuthoredFistCount=2 AcceptedFistCount=1 EarlyOpeningSuppressed=1 FirstMarkerStatePosition=1 NormalNativeClearSuppressed=0 GroupRequested=1 ClearTriggeredList=0 Result=11
CORE MARKER ElapsedMs=45009.213 Actor=Troll Action=9 Family=SPRINT Phase=1 Motion=Troll_Stand_Fist_Fist_P0_PowerAttack_Hit_N_Fwd_00_%_00_P0_150.xmot Marker=FIST Result=ACCEPTED C1Valid=1 C1=29 StatePosition=1 PreviousMask=0 DesiredMask=0 RetiredMask=0 OwnedMask=0 MarkerOwnedMask=0 Activated=1 Deactivated=0 Retired=0 RearmRequests=1 Clears=0 Raw8Fist=TrollFist Raw8UseType=55 Latch=-1->-1 LatchConfirmed=0
CORE C1_START ElapsedMs=45012.248 Actor=PC_Hero Generation=33 Status=CANDIDATE Outstanding=0 TrackedSources=1 ReplacedGeneration=32 ReplacedOutstanding=0 Source[0]=It_2H_Sword_Flamberge Side=RIGHT Group=5
CORE C1_BIND ElapsedMs=45012.257 Event=COMBAT_MOVE_CANDIDATE_BOUND Actor=PC_Hero Generation=33 Status=CANDIDATE Outstanding=0 Source=<null> Script=_AI_Attack
CORE C1_STATUS ElapsedMs=45019.767 Event=PERSISTED Actor=PC_Hero Generation=33 Status=PERSISTED Outstanding=0
CORE ATTACK_OWNERSHIP ElapsedMs=45019.799 Actor=PC_Hero Family=NORMAL Action=1 Phase=1 Motion=Hero_Stand_None_2H_P0_Attack_Hit_N_Fwd_00_%_00_P1_90_R.xmot MarkerPresent=1 RequiredMask=1 FistMarkers=0 Raw8Fist=<none> Raw8UseType=-1 SuppressNative=1 Classification=ROUTINE
CORE ONDAMAGE ElapsedMs=45178.643 Ordinal=20 Target=PC_Hero Arg1=PC_Hero Arg2=PC_Hero Caller=Game.dll+0x00069484 PlayerAction=1 PlayerPhase=1 PlayerMotion=Hero_Stand_None_2H_P0_Attack_Hit_N_Fwd_00_%_00_P1_90_R.xmot Raw8Fist=<none> Raw8UseType=-1 Raw8Group=-1
CORE C1_START ElapsedMs=45187.524 Actor=PC_Hero Generation=34 Status=CANDIDATE Outstanding=0 TrackedSources=1 ReplacedGeneration=33 ReplacedOutstanding=0 Source[0]=It_2H_Sword_Flamberge Side=RIGHT Group=5
CORE C1_STATUS ElapsedMs=45194.851 Event=PERSISTED Actor=PC_Hero Generation=34 Status=PERSISTED Outstanding=0
CORE RAW55_PHYSICAL_FIST_MARKER Actor=Troll C1=29 OriginFamily=SPRINT CurrentFamily=POWER Action=2 StatePosition=1 StateTime=2.010851 Right=TrollFist RightUseType=55 GroupBefore=7 GroupAfter=7 AuthoredFistCount=2 AcceptedFistCount=2 EarlyOpeningSuppressed=1 FirstMarkerStatePosition=1 NormalNativeClearSuppressed=0 GroupRequested=0 ClearTriggeredList=1 Result=11
CORE MARKER ElapsedMs=45525.501 Actor=Troll Action=2 Family=POWER Phase=1 Motion=Troll_Stand_Fist_Fist_P0_PowerAttack_Hit_N_Fwd_00_%_00_P0_150.xmot Marker=FIST Result=ACCEPTED C1Valid=1 C1=29 StatePosition=1 PreviousMask=0 DesiredMask=0 RetiredMask=0 OwnedMask=0 MarkerOwnedMask=0 Activated=0 Deactivated=0 Retired=0 RearmRequests=0 Clears=1 Raw8Fist=TrollFist Raw8UseType=55 Latch=-1->-1 LatchConfirmed=0
CORE ONDAMAGE ElapsedMs=45649.684 Ordinal=21 Target=PC_Hero Arg1=PC_Hero Arg2=PC_Hero Caller=Game.dll+0x00069484 PlayerAction=29 PlayerPhase=4 PlayerMotion=Hero_Stand_None_2H_P0_LieKnockDown_Begin_N_Back_00_%_00_P0_150.xmot Raw8Fist=<none> Raw8UseType=-1 Raw8Group=-1
CORE COLLISION_GROUP ElapsedMs=45718.183 Source=TrollFist UseType=55 Owner=Troll Slot=RIGHT Requested=5 Before=7 After=5 MarkerBitsRetired=0
CORE C1 CLEANUP FULFILLED ElapsedMs=45718.212 Actor=Troll Generation=29 Status=PERSISTED Source=TrollFist Side=RIGHT Requests=1 Outstanding=0 CleanupObserved=1 Group=5
CORE C1_FINAL ElapsedMs=45718.233 Actor=Troll Generation=29 Status=PERSISTED SourceCount=2 PhysicalChanged=0 Source[0]=TrollFist Side=RIGHT Outstanding=0 Cleanup=1 Outcome=NO_OP_NO_OUTSTANDING Source[1]=TrollFist Side=LEFT Outstanding=0 Cleanup=0 Outcome=NO_OP_NO_OUTSTANDING
CORE C1_START ElapsedMs=46687.443 Actor=Troll Generation=35 Status=CANDIDATE Outstanding=0 TrackedSources=2 ReplacedGeneration=0 ReplacedOutstanding=0 Source[0]=TrollFist Side=RIGHT Group=5 Source[1]=TrollFist Side=LEFT Group=5
CORE C1_BIND ElapsedMs=46687.457 Event=COMBAT_MOVE_CANDIDATE_BOUND Actor=Troll Generation=35 Status=CANDIDATE Outstanding=0 Source=<null> Script=_AI_JumpBack
CORE C1_STATUS ElapsedMs=46690.804 Event=PERSISTED Actor=Troll Generation=35 Status=PERSISTED Outstanding=0
CORE C1_FINAL ElapsedMs=47049.036 Actor=PC_Hero Generation=34 Status=PERSISTED SourceCount=1 PhysicalChanged=0 Source[0]=It_2H_Sword_Flamberge Side=RIGHT Outstanding=0 Cleanup=0 Outcome=NO_OP_NO_OUTSTANDING
CORE COLLISION_GROUP ElapsedMs=47056.268 Source=It_2H_Sword_Flamberge UseType=3 Owner=PC_Hero Slot=RIGHT Requested=7 Before=5 After=7 MarkerBitsRetired=0
CORE C1_START ElapsedMs=47056.295 Actor=PC_Hero Generation=36 Status=OUTER_BOUND Outstanding=0 TrackedSources=1 ReplacedGeneration=0 ReplacedOutstanding=0 Source[0]=It_2H_Sword_Flamberge Side=RIGHT Group=7
CORE C1_BIND ElapsedMs=47056.301 Event=PRECOMBAT_ACQUIRED Actor=PC_Hero Generation=36 Status=OUTER_BOUND Outstanding=0 Source=It_2H_Sword_Flamberge Script=_AI_GetUpAttack
CORE C1 OFFENSE REQUEST ElapsedMs=47056.304 Actor=PC_Hero Generation=36 Status=OUTER_BOUND Source=It_2H_Sword_Flamberge Side=RIGHT Requests=1 Outstanding=1 CleanupObserved=0 Group=7
CORE C1_BIND ElapsedMs=47056.320 Event=PRECOMBAT_BRIDGE_CONSUMED Actor=PC_Hero Generation=36 Status=PERSISTED Outstanding=1 Source=<null> Script=_AI_GetUpAttack
CORE C1_FINAL ElapsedMs=47066.682 Actor=Troll Generation=35 Status=PERSISTED SourceCount=2 PhysicalChanged=0 Source[0]=TrollFist Side=RIGHT Outstanding=0 Cleanup=0 Outcome=NO_OP_NO_OUTSTANDING Source[1]=TrollFist Side=LEFT Outstanding=0 Cleanup=0 Outcome=NO_OP_NO_OUTSTANDING
CORE COLLISION_GROUP ElapsedMs=47153.354 Source=It_2H_Sword_Flamberge UseType=3 Owner=PC_Hero Slot=RIGHT Requested=7 Before=7 After=7 MarkerBitsRetired=0
CORE C1 OFFENSE REQUEST ElapsedMs=47153.382 Actor=PC_Hero Generation=36 Status=PERSISTED Source=It_2H_Sword_Flamberge Side=RIGHT Requests=2 Outstanding=1 CleanupObserved=0 Group=7
CORE COLLISION_GROUP ElapsedMs=47434.023 Source=It_2H_Sword_Flamberge UseType=3 Owner=PC_Hero Slot=RIGHT Requested=5 Before=7 After=5 MarkerBitsRetired=0
CORE C1 CLEANUP FULFILLED ElapsedMs=47434.044 Actor=PC_Hero Generation=36 Status=PERSISTED Source=It_2H_Sword_Flamberge Side=RIGHT Requests=2 Outstanding=0 CleanupObserved=1 Group=5
CORE C1_FINAL ElapsedMs=47434.080 Actor=PC_Hero Generation=36 Status=PERSISTED SourceCount=1 PhysicalChanged=0 Source[0]=It_2H_Sword_Flamberge Side=RIGHT Outstanding=0 Cleanup=1 Outcome=NO_OP_NO_OUTSTANDING
CORE C1_START ElapsedMs=47458.488 Actor=Troll Generation=37 Status=CANDIDATE Outstanding=0 TrackedSources=2 ReplacedGeneration=0 ReplacedOutstanding=0 Source[0]=TrollFist Side=RIGHT Group=5 Source[1]=TrollFist Side=LEFT Group=5
CORE C1_BIND ElapsedMs=47458.501 Event=COMBAT_MOVE_CANDIDATE_BOUND Actor=Troll Generation=37 Status=CANDIDATE Outstanding=0 Source=<null> Script=_AI_Attack
CORE C1_STATUS ElapsedMs=47458.557 Event=PERSISTED Actor=Troll Generation=37 Status=PERSISTED Outstanding=0
CORE ATTACK_OWNERSHIP ElapsedMs=47458.573 Actor=Troll Family=NORMAL Action=1 Phase=1 Motion=Troll_Stand_Fist_Fist_P0_Attack_Hit_N_Fwd_00_%_00_P0_100.xmot MarkerPresent=1 RequiredMask=0 FistMarkers=1 Raw8Fist=<none> Raw8UseType=-1 SuppressNative=0 Classification=ROUTINE
CORE COLLISION_GROUP ElapsedMs=47491.999 Source=TrollFist UseType=55 Owner=Troll Slot=RIGHT Requested=7 Before=5 After=7 MarkerBitsRetired=0
CORE C1 OFFENSE REQUEST ElapsedMs=47492.026 Actor=Troll Generation=37 Status=PERSISTED Source=TrollFist Side=RIGHT Requests=1 Outstanding=1 CleanupObserved=0 Group=7
CORE RAW55_PHYSICAL_FIST_MARKER Actor=Troll C1=37 OriginFamily=NORMAL CurrentFamily=NORMAL Action=1 StatePosition=0 StateTime=0.043942 Right=TrollFist RightUseType=55 GroupBefore=5 GroupAfter=7 AuthoredFistCount=2 AcceptedFistCount=1 EarlyOpeningSuppressed=0 FirstMarkerStatePosition=0 NormalNativeClearSuppressed=0 GroupRequested=1 ClearTriggeredList=1 Result=11
CORE MARKER ElapsedMs=47492.053 Actor=Troll Action=1 Family=NORMAL Phase=1 Motion=Troll_Stand_Fist_Fist_P0_Attack_Hit_N_Fwd_00_%_00_P0_100.xmot Marker=FIST Result=ACCEPTED C1Valid=1 C1=37 StatePosition=0 PreviousMask=0 DesiredMask=0 RetiredMask=0 OwnedMask=0 MarkerOwnedMask=0 Activated=1 Deactivated=0 Retired=0 RearmRequests=1 Clears=1 Raw8Fist=TrollFist Raw8UseType=55 Latch=-1->-1 LatchConfirmed=0
CORE COLLISION_GROUP ElapsedMs=47695.021 Source=TrollFist UseType=55 Owner=Troll Slot=RIGHT Requested=7 Before=7 After=7 MarkerBitsRetired=0
CORE C1 OFFENSE REQUEST ElapsedMs=47695.049 Actor=Troll Generation=37 Status=PERSISTED Source=TrollFist Side=RIGHT Requests=2 Outstanding=1 CleanupObserved=0 Group=7
CORE RAW55_PHYSICAL_FIST_NORMAL_NATIVE_CLEAR_SUPPRESSED Actor=E6EAAC10 C1=37 Right=E6EAC410 CallerModule=Script_Game.dll CallerRVA=0x000386C6 SUPPRESS_CLEAR=1
CORE RAW55_PHYSICAL_FIST_MARKER Actor=Troll C1=37 OriginFamily=NORMAL CurrentFamily=NORMAL Action=1 StatePosition=1 StateTime=0.605774 Right=TrollFist RightUseType=55 GroupBefore=7 GroupAfter=7 AuthoredFistCount=2 AcceptedFistCount=2 EarlyOpeningSuppressed=0 FirstMarkerStatePosition=0 NormalNativeClearSuppressed=1 GroupRequested=0 ClearTriggeredList=1 Result=11
CORE MARKER ElapsedMs=48010.530 Actor=Troll Action=1 Family=NORMAL Phase=1 Motion=Troll_Stand_Fist_Fist_P0_Attack_Hit_N_Fwd_00_%_00_P0_100.xmot Marker=FIST Result=ACCEPTED C1Valid=1 C1=37 StatePosition=1 PreviousMask=0 DesiredMask=0 RetiredMask=0 OwnedMask=0 MarkerOwnedMask=0 Activated=0 Deactivated=0 Retired=0 RearmRequests=0 Clears=1 Raw8Fist=TrollFist Raw8UseType=55 Latch=-1->-1 LatchConfirmed=0
CORE ONDAMAGE ElapsedMs=48126.238 Ordinal=22 Target=PC_Hero Arg1=PC_Hero Arg2=PC_Hero Caller=Game.dll+0x00069484 PlayerAction=0 PlayerPhase=5 PlayerMotion=Hero_Stand_None_2H_P1_Ambient_Loop_N_Fwd_00_%_00_P1_0.xmot Raw8Fist=<none> Raw8UseType=-1 Raw8Group=-1
CORE C1_START ElapsedMs=48133.240 Actor=PC_Hero Generation=38 Status=CANDIDATE Outstanding=0 TrackedSources=1 ReplacedGeneration=0 ReplacedOutstanding=0 Source[0]=It_2H_Sword_Flamberge Side=RIGHT Group=5
CORE C1_BIND ElapsedMs=48133.252 Event=COMBAT_MOVE_CANDIDATE_BOUND Actor=PC_Hero Generation=38 Status=CANDIDATE Outstanding=0 Source=<null> Script=_AI_Stumble
CORE C1_STATUS ElapsedMs=48140.115 Event=PERSISTED Actor=PC_Hero Generation=38 Status=PERSISTED Outstanding=0
CORE COLLISION_GROUP ElapsedMs=48211.941 Source=TrollFist UseType=55 Owner=Troll Slot=RIGHT Requested=5 Before=7 After=5 MarkerBitsRetired=0
CORE C1 CLEANUP FULFILLED ElapsedMs=48211.998 Actor=Troll Generation=37 Status=PERSISTED Source=TrollFist Side=RIGHT Requests=2 Outstanding=0 CleanupObserved=1 Group=5
CORE C1_FINAL ElapsedMs=48212.021 Actor=Troll Generation=37 Status=PERSISTED SourceCount=2 PhysicalChanged=0 Source[0]=TrollFist Side=RIGHT Outstanding=0 Cleanup=1 Outcome=NO_OP_NO_OUTSTANDING Source[1]=TrollFist Side=LEFT Outstanding=0 Cleanup=0 Outcome=NO_OP_NO_OUTSTANDING
CORE C1_FINAL ElapsedMs=48431.805 Actor=PC_Hero Generation=38 Status=PERSISTED SourceCount=1 PhysicalChanged=0 Source[0]=It_2H_Sword_Flamberge Side=RIGHT Outstanding=0 Cleanup=0 Outcome=NO_OP_NO_OUTSTANDING
Script_FrameCollisionTest unloading cleanly.
