*****************************************************************
*****************************************************************
Gothic3 Engine LogFile...
Date: Saturday, August 29, 2026
*****************************************************************
*****************************************************************
-----------------------------------------------------------------
Error main message:
-----------------------------------------------------------------
Gothic3.exe
caused a EXCEPTION_ACCESS_VIOLATION
in module <UNKNOWN> at 0023:1AE7494C


-----------------------------------------------------------------
Registers and callstack:
-----------------------------------------------------------------
Callstack:
------------------------------
0023:1AE7494C (0x00000001 0xFA436878 0xDC4907C4 0xFFFFFFFF) <UNKNOWN>
0023:1B0E776D (0xFA436878 0xFA436874 0x1AE73A01 0x09A1F394) <UNKNOWN>
0023:012E05EB (0xF8D10010 0xDC4907C4 0xFA436878 0xFA436874) <UNKNOWN>
0023:1B0E7593 (0xFA436810 0xFCE8A190 0xED30FAC0 0x00000000) <UNKNOWN>
0023:FA436610 (0x1B16CEC0 0x63535C2E 0x74706972 0x5C49415C) <UNKNOWN>
0023:1B1B8FBC (0x8E8D1B19 0x000000AC 0x4E8DD7FF 0xF6D7FF04) <UNKNOWN>
0023:4D143D8B (0x00000000 0x00000000 0x00000000 0x00000000) <UNKNOWN>

Registers:
------------------------------
EAX=0019E520  EBX=DE8DECBC  ECX=00000000  EDX=00000000  ESI=00000001
EDI=DE8DEC10  EBP=0019E5C8  ESP=0019E518  EIP=1AE7494C  FLG=00210282
CS=0023   DS=002B  SS=002B  ES=002B   FS=0053  GS=002B

Modules:
------------------------------
00400000-00434000 Gothic3.exe
76E80000-77025000 ntdll.dll
75A40000-75B30000 KERNEL32.DLL
76130000-76369000 KERNELBASE.dll
74DE0000-74F7D000 USER32.dll
75D70000-75D88000 win32u.dll
76CA0000-76CC3000 GDI32.dll
75430000-75518000 gdi32full.dll
759C0000-75A3B000 msvcp_win.dll
75600000-75720000 ucrtbase.dll
10000000-10256000 SharedBase.dll
6CE60000-6CEB9000 paru_s1.dll
75E20000-75E9E000 ADVAPI32.dll
6CE40000-6CE5A000 fmodex.dll
76540000-765FF000 msvcrt.dll
6D580000-6D628000 dbghelp.dll
6CDB0000-6CE3E000 paru_s2.dll
75D90000-75E08000 sechost.dll
76040000-760FF000 RPCRT4.dll
6C680000-6C840000 fmod.dll
76600000-76BDC000 SHELL32.dll
75720000-75739000 bcrypt.dll
75B30000-75C13000 ole32.dll
75E10000-75E16000 PSAPI.DLL
74B80000-74B88000 VERSION.dll
75740000-759BF000 combase.dll
74D40000-74D59000 imagehlp.dll
76E00000-76E63000 WS2_32.dll
74C30000-74C58000 WINMM.dll
6CD00000-6CD19000 MSACM32.dll
6CCE0000-6CCFD000 winmmbase.dll
00A20000-00AC7000 Importer.dll
75C20000-75CBC000 OLEAUT32.dll
00AD0000-0117E000 Engine.dll
005D0000-005F6000 GFC.dll
01180000-01606000 Game.dll
6CCB0000-6CCDC000 FileSystem.dll
18000000-18038000 binkw32.dll
78A30000-78E7A000 d3dx9_40.dll
65FA0000-65FD7000 DINPUT8.dll
5A050000-5A1E2000 d3d9.dll
6CA30000-6CA55000 dwmapi.dll
74B90000-74B9F000 kernel.appcore.dll
6F7A0000-6FDC1000 windows.storage.dll
6F770000-6F795000 Wldp.dll
01610000-01685000 GUI.dll
01690000-0169E000 PhysXLoader.dll
016A0000-016F3000 NxCooking.dll
710D0000-710D8000 WSOCK32.dll
76100000-76125000 IMM32.DLL
6C660000-6C675000 paru_s1_opt.dll
61480000-6156D000 inputhost.dll
76CD0000-76D57000 shcore.dll
69430000-694CB000 CoreMessaging.dll
6EF70000-6F04D000 wintypes.dll
69590000-69656000 PROPSYS.dll
68B80000-68DFF000 CoreUIComponents.dll
76BE0000-76C3F000 bcryptPrimitives.dll
6F5B0000-6F5D9000 ntmarta.dll
6D930000-6D9A4000 uxtheme.dll
75520000-755F4000 MSCTF.dll
694D0000-69589000 textinputframework.dll
74CF0000-74D39000 shlwapi.dll
6F2D0000-6F2DE000 msasn1.dll
6CAC0000-6CAE6000 cryptnet.dll
75F00000-75FFF000 CRYPT32.dll
72C80000-72C8A000 cryptbase.dll
74F90000-74FE9000 wintrust.dll
72CD0000-72CE3000 CRYPTSP.dll
72C90000-72CC1000 rsaenh.dll
64300000-647D8000 nvapi.dll
74FF0000-7542A000 SETUPAPI.dll
76000000-7603B000 cfgmgr32.dll
6C8A0000-6C9A0000 drvstore.dll
70E80000-70EA9000 devobj.dll
54510000-545AC000 nvldumd.dll
504D0000-5372A000 nvgpucomp32.dll
50420000-504CC000 NvMemMapStorage.dll
6D440000-6D484000 POWRPROF.dll
6CF80000-6CF8D000 UMPDC.dll
04640000-088BA000 nvd3dum.dll
50100000-50329000 nvspcap.dll
6F750000-6F76C000 profapi.dll
6F2B0000-6F2CE000 gpapi.dll
77A60000-77BA0000 nvppe.dll
65F70000-65F9C000 dxcore.dll
603A0000-60505000 dcomp.dll
60BA0000-60BB7000 usp10.dll
69D60000-69DF5000 TextShaping.dll
54920000-549B3000 mscms.dll
6F4E0000-6F505000 USERENV.dll
69CD0000-69CDC000 ColorAdapterClient.dll
74D60000-74DDE000 clbcatq.dll
6C620000-6C651000 Windows.Internal.Graphics.Display.DisplayColorManagement.dll
6BC00000-6BC0A000 HID.DLL
54310000-5437B000 MMDevApi.dll
54380000-544B6000 AUDIOSES.DLL
6CCA0000-6CCAF000 resourcepolicyclient.dll
0A1A0000-0A340000 PhysXCore.dll
7B210000-7B28F000 DSOUND.DLL
79330000-79423000 Windows.UI.dll
79B80000-79BF3000 WindowManagementAPI.dll
6F050000-6F1E1000 twinapi.appcore.dll
78E80000-78EE6000 Script_eCDELocator.dll
1AE60000-1AED2000 Script.dll
1B0B0000-1B1E9000 Script_Game.dll
78EF0000-7912D000 Script_Enchanting.dll
79130000-7919A000 Script_G3Fixes.dll
791A0000-791F3000 Script_ExtendedFrying.dll
7B290000-7B306000 Script_FrameCollisionTest.dll
77030000-77080000 Script_LearnPoints.dll
1B4A0000-1B633000 Script_NewGameConfiguration.dll
1AF40000-1AFBE000 Script_paru.dll
7A8D0000-7A933000 Script_QuickLoot.dll
79510000-7956A000 Script_RefreshGeneratedTrade.dll
79570000-795C0000 Script_Subtitles.dll
795C0000-79610000 Script_TeleportPartyMembers.dll
09280000-092C8000 Dialogs.dll
75CC0000-75D6F000 COMDLG32.dll
6D6D0000-6D75D000 COMCTL32.dll
6D9E0000-6DA5D000 WINSPOOL.DRV
69AB0000-69CC1000 comctl32.DLL

Stackdump:
------------------------------
0019E518 DE8DEC14
0019E51C ED30FAC0
0019E520 EBB66E10
0019E524 EBB67010
0019E528 FCA52590
0019E52C ED6AD100
0019E530 00000000
0019E534 00000000
0019E538 FCA52910
0019E53C FD947330
0019E540 00000000
0019E544 E3C93610
0019E548 00000000
0019E54C 00000000
0019E550 ECE9FF10
0019E554 DF62C190
0019E558 FB7C8050
0019E55C FB039610
0019E560 FB7C7F90
0019E564 F8B96010
0019E568 E9095A40
0019E56C F4AC13B0
0019E570 00000000
0019E574 E0324A10
0019E578 E1B7D6B0
0019E57C 00000000
0019E580 00000000
0019E584 00000000
0019E588 00000000
0019E58C 00000000
0019E590 00000000
0019E594 00000000
0019E598 00000000
0019E59C 00000000
0019E5A0 00000000
0019E5A4 00000000
0019E5A8 00000000
0019E5AC 00000000
0019E5B0 EE8A2610
0019E5B4 00000000
0019E5B8 00000000
0019E5BC 00000000
0019E5C0 00000000
0019E5C4 00000000
0019E5C8 0019E75C
0019E5CC 1B0E776D
0019E5D0 00000001
0019E5D4 FA436878
0019E5D8 DC4907C4
0019E5DC FFFFFFFF
0019E5E0 00000002
0019E5E4 447A0000
0019E5E8 FFFFFFFF
0019E5EC 00000000
0019E5F0 C47A0000
0019E5F4 00000000
0019E5F8 44255529
0019E5FC 79D5CA9D
0019E600 0019E674
0019E604 76EDC3AC
0019E608 00000000
0019E60C 00000000
0019E610 00000000
0019E614 00000000
0019E618 00000000
0019E61C 00000000
0019E620 00000000
0019E624 00000000
0019E628 00000000
0019E62C 00000000
0019E630 00000000
0019E634 00000000
0019E638 00000000
0019E63C 00000000
0019E640 00000000
0019E644 00000000
0019E648 00000000
0019E64C 00000000
0019E650 00000000
0019E654 00000000
0019E658 00000000
0019E65C 00000000
0019E660 00000000
0019E664 00000000
0019E668 00000000
0019E66C 00000000
0019E670 00000000
0019E674 00000000
0019E678 00000000
0019E67C 00000000
0019E680 00000000
0019E684 00000000
0019E688 00000000
0019E68C 00000000
0019E690 00000000
0019E694 00000000
0019E698 00000000
0019E69C 00000000
0019E6A0 00000000
0019E6A4 00000000
0019E6A8 00000000
0019E6AC 00000000
0019E6B0 00000000
0019E6B4 00000000
0019E6B8 00000000
0019E6BC 00000000
0019E6C0 00000000
0019E6C4 00000000
0019E6C8 00000000
0019E6CC 00000000
0019E6D0 00000000
0019E6D4 00000000
0019E6D8 00000000
0019E6DC 00000000
0019E6E0 00000000
0019E6E4 00000000
0019E6E8 00000000
0019E6EC 00000000
0019E6F0 00000000
0019E6F4 00000000
0019E6F8 00000000
0019E6FC 00000000
0019E700 00000000
0019E704 00000000
0019E708 00000000
0019E70C 00000000
0019E710 00000000
0019E714 00000000
0019E718 00000000
0019E71C 00000000
0019E720 00000000
0019E724 00000000
0019E728 00000000
0019E72C 00000000
0019E730 00000000
0019E734 00000000
0019E738 00000000
0019E73C 00000000
0019E740 00000000
0019E744 00000000
0019E748 00000000
0019E74C 00000000
0019E750 00000000
0019E754 00000000
0019E758 EC295B6C
0019E75C 0019E814
0019E760 012E05EB
0019E764 FA436878
0019E768 FA436874
0019E76C 1AE73A01
0019E770 09A1F394
0019E774 7B2A00C2
0019E778 00000002
0019E77C FA436878
0019E780 FA436874
0019E784 C62CDDD4
0019E788 FA436878
0019E78C 1AE73A90
0019E790 00000000
0019E794 FA436874
0019E798 FA436610
0019E79C DE8DEC10
0019E7A0 5F49415F
0019E7A4 706F6F4C
0019E7A8 69746341
0019E7AC 00006E6F
0019E7B0 0000000E
0019E7B4 0000000F
0019E7B8 00000001
0019E7BC 00000001
0019E7C0 FA436874
0019E7C4 FA436610
0019E7C8 DE8DEC10
0019E7CC 5F49415F
0019E7D0 706F6F4C
0019E7D4 69746341
0019E7D8 00006E6F
0019E7DC 0000000E
0019E7E0 0000000F
0019E7E4 00000000
0019E7E8 00000000
0019E7EC FA436874
0019E7F0 FA436610
0019E7F4 DE8DEC10
0019E7F8 5F49415F
0019E7FC 706F6F4C
0019E800 69746341
0019E804 00006E6F
0019E808 0000000E
0019E80C 0000000F
0019E810 00000001
0019E814 DE8DEC10
0019E818 1B0E7593
0019E81C F8D10010
0019E820 DC4907C4
0019E824 FA436878
0019E828 FA436874
0019E82C 00000000
0019E830 FA436878
0019E834 0019E8F0
0019E838 DC4907AC
0019E83C 012E05EB
0019E840 FA436878
0019E844 FA436874
0019E848 00000001
0019E84C 09A1F394
0019E850 7B2A00C2
0019E854 00000005
0019E858 FA436878
0019E85C FA436874
0019E860 FA436878
0019E864 1AE61390
0019E868 0000003C
0019E86C ED30FAC0
0019E870 FA436874
0019E874 FA436610
0019E878 C62CDDD0
0019E87C 5F49415F
0019E880 69746341
0019E884 00006E6F
0019E888 00000000
0019E88C 0000000A
0019E890 0000000F
0019E894 00000000
0019E898 00000001
0019E89C FA436874
0019E8A0 FA436610
0019E8A4 C62CDDD0
0019E8A8 5F49415F
0019E8AC 69746341
0019E8B0 00006E6F
0019E8B4 00000000
0019E8B8 0000000A
0019E8BC 0000000F
0019E8C0 00000000
0019E8C4 00000000
0019E8C8 FA436874
0019E8CC FA436610
0019E8D0 C62CDDD0
0019E8D4 5F49415F
0019E8D8 69746341
0019E8DC 00006E6F
0019E8E0 00000000
0019E8E4 0000000A
0019E8E8 0000000F
0019E8EC 00000001
0019E8F0 0019EB58
0019E8F4 1B139385
0019E8F8 F8D10010
0019E8FC DC4907AC
0019E900 FA436878
0019E904 FA436874
0019E908 FA436878
0019E90C F8D101C0
0019E910 DC490794
0019E914 C59D9B72
0019E918 47812A88
0019E91C 45CDFF4B
0019E920 C59F2A9A
0019E924 47814A45
0019E928 45CDFF4B
0019E92C C59D9B72
0019E930 0000007A
0019E934 3E25A237
0019E938 3F1C1E50
0019E93C 3F471899
0019E940 3E15E2D0
0019E944 3F1C8050
0019E948 3F494389
0019E94C 00000000
0019E950 3F1E3487
0019E954 0019E988
0019E958 10086820
0019E95C 0C5DE34A
0019E960 FA436610
0019E964 FA436810
0019E968 FCE8A190
0019E96C ED30FAC0
0019E970 00000000
0019E974 00000000
0019E978 FCE89FD0
0019E97C FDDF8A10
0019E980 00000000
0019E984 E3DB5210
0019E988 00000000
0019E98C 00000000
0019E990 E74D6A10
0019E994 E7EDCE90
0019E998 00000000
0019E99C FB466810
0019E9A0 00000000
0019E9A4 E83AC810
0019E9A8 E91313E0
0019E9AC F4C4C030
0019E9B0 00000000
0019E9B4 E038A410
0019E9B8 E1BCB810
0019E9BC 00000000
0019E9C0 00000000
0019E9C4 00000000
0019E9C8 00000000
0019E9CC 00000000
0019E9D0 00000000
0019E9D4 00000000
0019E9D8 00000000
0019E9DC 00000000
0019E9E0 00000000
0019E9E4 00000000
0019E9E8 00000000
0019E9EC 00000000
0019E9F0 EE764FD0
0019E9F4 00000000
0019E9F8 00000000
0019E9FC 00000000
0019EA00 00000000
0019EA04 00000000
0019EA08 00000000
0019EA0C 00000000
0019EA10 00000000
0019EA14 00000000
0019EA18 00000000
0019EA1C 00000000
0019EA20 00000000
0019EA24 00000000
0019EA28 00000000
0019EA2C 00000000
0019EA30 00000000
0019EA34 00000000
0019EA38 00000000
0019EA3C 00000000
0019EA40 00000000
0019EA44 00000000
0019EA48 00000000
0019EA4C 00000000
0019EA50 00000000
0019EA54 00000000
0019EA58 00000000
0019EA5C 00000000
0019EA60 00000000
0019EA64 00000000
0019EA68 00000000
0019EA6C 00000000
0019EA70 00000000
0019EA74 00000000
0019EA78 00000000
0019EA7C 00000000
0019EA80 00000000
0019EA84 00000000
0019EA88 00000000
0019EA8C 00000000
0019EA90 00000000
0019EA94 00000000
0019EA98 00000000
0019EA9C 00000000
0019EAA0 00000000
0019EAA4 00000000
0019EAA8 00000000
0019EAAC 00000000
0019EAB0 FA436610
0019EAB4 FA436810
0019EAB8 FCE8A190
0019EABC ED30FAC0
0019EAC0 00000000
0019EAC4 00000000
0019EAC8 FCE89FD0
0019EACC FDDF8A10
0019EAD0 00000000
0019EAD4 E3DB5210
0019EAD8 00000000
0019EADC 00000000
0019EAE0 E74D6A10
0019EAE4 E7EDCE90
0019EAE8 00000000
0019EAEC FB466810
0019EAF0 00000000
0019EAF4 E83AC810
0019EAF8 E91313E0
0019EAFC F4C4C030
0019EB00 00000000
0019EB04 E038A410
0019EB08 E1BCB810
0019EB0C 00000000
0019EB10 00000000
0019EB14 00000000
0019EB18 00000000
0019EB1C 00000000
0019EB20 00000000
0019EB24 00000000
0019EB28 00000000
0019EB2C 00000000
0019EB30 00000000
0019EB34 00000000
0019EB38 00000000
0019EB3C 00000000
0019EB40 EE764FD0
0019EB44 00000000
0019EB48 00000000
0019EB4C 00000000
0019EB50 00000000
0019EB54 00000000
0019EB58 FA436810
0019EB5C 012E04D3
0019EB60 FA436878
0019EB64 FA436874
0019EB68 00AD5301
0019EB6C FA436874
0019EB70 012EF33D
0019EB74 0000000E
0019EB78 FA436878
0019EB7C FA436874
0019EB80 00000000
0019EB84 FA436810
0019EB88 1002BCF0
0019EB8C 00000000
0019EB90 F8D10010
0019EB94 00000002
0019EB98 012E4BAC
0019EB9C 00000007
0019EBA0 FA436610
0019EBA4 FA436810
0019EBA8 00000007
0019EBAC 00CFAA3E
0019EBB0 0000042C
0019EBB4 FCA30778
0019EBB8 C78AB410
0019EBBC FA436610
0019EBC0 00436610
0019EBC4 00D01466
0019EBC8 00ADBA90
0019EBCC 0019ECD4
0019EBD0 0019EC24
0019EBD4 00000001
0019EBD8 00337C75
0019EBDC FAF30C10
0019EBE0 00000424
0019EBE4 01337BF4
0019EBE8 437A0000
0019EBEC 00000000
0019EBF0 00000000
0019EBF4 00000000
0019EBF8 00000000
0019EBFC 042C042D
0019EC00 C78AB410
0019EC04 00000001
0019EC08 3EF00000
0019EC0C C3626340
0019EC10 3F8AF000
0019EC14 004041B5
0019EC18 0019ECD4
0019EC1C 00D00A01
0019EC20 003BA000
0019EC24 0019EC50
0019EC28 00AE6533
0019EC2C 00ADBA90
0019EC30 0019ECD4
0019EC34 0019FEA8
0019EC38 0019EC2C
0019EC3C 0019DEDC
0019EC40 0019EC6C
0019EC44 00E19180
0019EC48 00F8E8A0
0019EC4C 00000000
0019EC50 0019EC7C
0019EC54 00AE677C
0019EC58 00ADBA90
0019EC5C 0019ECD4
0019EC60 0019FEA8
0019EC64 0019EC58
0019EC68 0019EC9C
0019EC6C 0019FEC8
0019EC70 00E19180
0019EC74 00F8E8B0
0019EC78 FFFFFFFF
0019EC7C 0019FED8
0019EC80 00AE70B0
0019EC84 00AD3034
0019EC88 00000000
0019EC8C 00000000
0019EC90 00AD20B3
0019EC94 0019ECD4
0019EC98 00000000
0019EC9C 000907B2
0019ECA0 00000200
0019ECA4 00000000
0019ECA8 023C023F
0019ECAC 1F38B174
0019ECB0 0000023F
0019ECB4 0000023C
0019ECB8 00AD2059
0019ECBC 100029C0
0019ECC0 00AE6807
0019ECC4 00401563
0019ECC8 000023F0
0019ECCC 00000002
0019ECD0 00000001
0019ECD4 0041C784
0019ECD8 00000000
0019ECDC 00000001
0019ECE0 00010101
0019ECE4 000907B2
0019ECE8 00000001
0019ECEC 00400000
0019ECF0 00000000
0019ECF4 00000000
0019ECF8 00000780
0019ECFC 00000438
0019ED00 00000001
0019ED04 00450000
0019ED08 FAF30C10
0019ED0C FD8EF0B0
0019ED10 0000002B
0019ED14 00000033
0019ED18 00000003
0019ED1C 00000000
0019ED20 00000000
0019ED24 00000000
0019ED28 00EF9E10
0019ED2C FFD3C288
0019ED30 FAAF0310
0019ED34 00000010
0019ED38 00000012
0019ED3C 00001F01
0019ED40 00EF9E10
0019ED44 FFC75E20
0019ED48 FB730C10
0019ED4C 00000001
0019ED50 00000009
0019ED54 00000001
0019ED58 00400000
0019ED5C FFD3C288
0019ED60 FDFE14B8
0019ED64 010E4B38
0019ED68 FAF30C10
0019ED6C F6401430
0019ED70 000000FF
0019ED74 00000000
0019ED78 000000FF
0019ED7C 0000007F
0019ED80 0000007F
0019ED84 00000002
0019ED88 00450000
0019ED8C 00000004
0019ED90 00000780
0019ED94 00000438
0019ED98 00000090
0019ED9C 00000000
0019EDA0 FF010001
0019EDA4 3F860A92
0019EDA8 41C80000
0019EDAC 4684D000
0019EDB0 3D4CCCCD
0019EDB4 27139116
0019EDB8 0A3BFB55
0019EDBC 02713911
0019EDC0 0001A332
0019EDC4 02E85020
0019EDC8 044D954F
0019EDCC 000F4240
0019EDD0 00000000
0019EDD4 00000000
0019EDD8 00000000
0019EDDC 00000000
0019EDE0 00000000
0019EDE4 00000000
0019EDE8 00000000
0019EDEC 00000000
0019EDF0 00450001
0019EDF4 00000002
0019EDF8 41200000
0019EDFC 42F00000
0019EE00 BF800000
0019EE04 459C4000
0019EE08 3B03126F
0019EE0C 3C23D70A
0019EE10 88888888
0019EE14 00000000
0019EE18 76EC0000
0019EE1C 00000004
0019EE20 00002710
0019EE24 00010100
0019EE28 3F800000
0019EE2C 00000000
0019EE30 01000000
0019EE34 00010101
0019EE38 468CA000
0019EE3C FFD3CB18
0019EE40 F5C2AC08
0019EE44 0000000A
0019EE48 00000004
0019EE4C 3E4CCCCD
0019EE50 44160000
0019EE54 000036B0
0019EE58 000084D0
0019EE5C 00000001
0019EE60 00000000
0019EE64 4808B800
0019EE68 00000002
0019EE6C 00000002
0019EE70 00000002
0019EE74 FFD3CBC8
0019EE78 FFB37098
0019EE7C 00000101
0019EE80 00010101
0019EE84 00002F00
0019EE88 459C4000
0019EE8C 45DAC000
0019EE90 40800000
0019EE94 3F266666
0019EE98 400CCCCD
0019EE9C 3F800000
0019EEA0 3F19999A
0019EEA4 3F666666
0019EEA8 00000001
0019EEAC 01010000
0019EEB0 40366666
0019EEB4 3F19999A
0019EEB8 3E99999A
0019EEBC 40800000
0019EEC0 3F800000
0019EEC4 3F30A3D7
0019EEC8 40400000
0019EECC 40300000
0019EED0 3F170A3D
0019EED4 3FD9999A
0019EED8 40300000
0019EEDC 76F08400
0019EEE0 40E00000
0019EEE4 3E19999A
0019EEE8 43020000
0019EEEC 42480000
0019EEF0 00476900
0019EEF4 3E4CCCCD
0019EEF8 3F000000
0019EEFC 3F000000
0019EF00 3F000000
0019EF04 00000000
0019EF08 00000002
0019EF0C 00000000
0019EF10 43480000
0019EF14 44960000
0019EF18 01010100
0019EF1C 00000001
0019EF20 FFD46118
0019EF24 FFD46128
0019EF28 00000001
0019EF2C 00000000
0019EF30 00000000
0019EF34 00000000
0019EF38 00000000
0019EF3C 00000000
0019EF40 00000003
0019EF44 00000003
0019EF48 FFD46168
0019EF4C FFD460D8
0019EF50 FFC75E68
0019EF54 01010100
0019EF58 0000000F
0019EF5C 00000032
0019EF60 0048EE00
0019EF64 3F000000
0019EF68 3F000000
0019EF6C 00190000
0019EF70 3F000000
0019EF74 3F000000
0019EF78 00000100
0019EF7C FFD461E8
0019EF80 00000000
0019EF84 000000C8
0019EF88 00000000
0019EF8C 00000011
0019EF90 00000000
0019EF94 000000D0
0019EF98 00000000
0019EF9C 0000001F
0019EFA0 00000000
0019EFA4 000000CB
0019EFA8 00000000
0019EFAC 0000001E
0019EFB0 00000000
0019EFB4 000000CD
0019EFB8 00000000
0019EFBC 00000020
0019EFC0 00000001
0019EFC4 0000000A
0019EFC8 FFFFFFFF
0019EFCC 004F0046
0019EFD0 00000001
0019EFD4 00000009
0019EFD8 FFFFFFFF
0019EFDC 004F0047
0019EFE0 00000001
0019EFE4 00000007
0019EFE8 00000000
0019EFEC 00000012
0019EFF0 00000001
0019EFF4 00000008
0019EFF8 00000000
0019EFFC 00000010
0019F000 00000000
0019F004 00000036
0019F008 00000000
0019F00C 0000002A
0019F010 00000000
0019F014 0000003A
0019F018 FFFFFFFF
0019F01C 00000000
0019F020 00000000
0019F024 00000052
0019F028 00000000
0019F02C 00000039
0019F030 00000000
0019F034 00000038
0019F038 00000000
0019F03C 0000001D
0019F040 00000001
0019F044 00000003
0019F048 FFFFFFFF
0019F04C 00000000
0019F050 00000001
0019F054 00000004
0019F058 FFFFFFFF
0019F05C 00000000
0019F060 00000000
0019F064 0000004E
0019F068 00000001
0019F06C 0000000B
0019F070 00000000
0019F074 0000004A
0019F078 00000001
0019F07C 0000000C
0019F080 00000000
0019F084 0000000B
0019F088 FFFFFFFF
0019F08C 00000000
0019F090 00000000
0019F094 00000002
0019F098 FFFFFFFF
0019F09C 00000000
0019F0A0 00000000
0019F0A4 00000003
0019F0A8 FFFFFFFF
0019F0AC 00000000
0019F0B0 00000000
0019F0B4 00000004
0019F0B8 FFFFFFFF
0019F0BC 00000000
0019F0C0 00000000
0019F0C4 00000005
0019F0C8 FFFFFFFF
0019F0CC 00000000
0019F0D0 00000000
0019F0D4 00000006
0019F0D8 FFFFFFFF
0019F0DC 00000000
0019F0E0 00000000
0019F0E4 00000007
0019F0E8 FFFFFFFF
0019F0EC 00000000
0019F0F0 00000000
0019F0F4 00000008
0019F0F8 FFFFFFFF
0019F0FC 00000000
0019F100 00000000
0019F104 00000009
0019F108 FFFFFFFF
0019F10C 00000000
0019F110 00000000
0019F114 0000000A
0019F118 FFFFFFFF
0019F11C 00000000
0019F120 00000000
0019F124 0000001C
0019F128 FFFFFFFF
0019F12C 00000000
0019F130 00000000
0019F134 00000017
0019F138 00000000
0019F13C 0000000E
0019F140 00000000
0019F144 00000026
0019F148 FFFFFFFF
0019F14C 00000000
0019F150 00000000
0019F154 0000002E
0019F158 FFFFFFFF
0019F15C 00000000
0019F160 00000000
0019F164 00000030
0019F168 FFFFFFFF
0019F16C 00000000
0019F170 00000000
0019F174 00000032
0019F178 FFFFFFFF
0019F17C 00000000
0019F180 00000000
0019F184 00000043
0019F188 FFFFFFFF
0019F18C 00000000
0019F190 00000000
0019F194 0000003F
0019F198 FFFFFFFF
0019F19C 00000000
0019F1A0 00000000
0019F1A4 00000013
0019F1A8 FFFFFFFF
0019F1AC 00000000
0019F1B0 00000001
0019F1B4 00000005
0019F1B8 00000000
0019F1BC 000000CF
0019F1C0 00000000
0019F1C4 00000050
0019F1C8 FFFFFFFF
0019F1CC 00000000
0019F1D0 00000000
0019F1D4 00000053
0019F1D8 00000000
0019F1DC 00000014
0019F1E0 00000000
0019F1E4 0000004B
0019F1E8 FFFFFFFF
0019F1EC 00000000
0019F1F0 00000000
0019F1F4 00000046
0019F1F8 FFFFFFFF
0019F1FC 00000000
0019F200 00000000
0019F204 00000016
0019F208 FFFFFFFF
0019F20C 00000000
0019F210 00000000
0019F214 00000047
0019F218 FFFFFFFF
0019F21C 00000000
0019F220 00000000
0019F224 00000048
0019F228 FFFFFFFF
0019F22C 00000000
0019F230 00000000
0019F234 00000049
0019F238 FFFFFFFF
0019F23C 00000000
0019F240 00000000
0019F244 3F800000
0019F248 0000970C
0019F24C 00000000
0019F250 00000000
0019F254 00000000
0019F258 00000000
0019F25C 00000001
0019F260 00000001
0019F264 88888888
0019F268 F8F99310
0019F26C F56549B0
0019F270 FCA37E10
0019F274 FADF2D10
0019F278 FADF2E50
0019F27C 3F800000
0019F280 42C80000
0019F284 411FFF4F
0019F288 411FFF4F
0019F28C 3C23D655
0019F290 411FFF4F
0019F294 3C23D655
0019F298 3DCCCDAF
0019F29C 42C800DD
0019F2A0 42C800DD
0019F2A4 42C800DD
0019F2A8 411FC7E9
0019F2AC 3C239D9B
0019F2B0 411FC7E9
0019F2B4 3C239D9B
0019F2B8 00000000
0019F2BC 0000970C
0019F2C0 47170C00
0019F2C4 000003BF
0019F2C8 000003BE
0019F2CC C47A0000
0019F2D0 BF800000
0019F2D4 41055555
0019F2D8 42C80000
0019F2DC 00000001
0019F2E0 00000000
0019F2E4 00000000
0019F2E8 00000000
0019F2EC 00000020
0019F2F0 00000000
0019F2F4 0000004B
0019F2F8 00000000
0019F2FC 00000000
0019F300 00000000
0019F304 646C766E
0019F308 2E646D75
0019F30C 006C6C64
0019F310 65747379
0019F314 5C32336D
0019F318 76697244
0019F31C 74537265
0019F320 5C65726F
0019F324 656C6946
0019F328 6F706552
0019F32C 6F746973
0019F330 6E5C7972
0019F334 69645F76
0019F338 2E697073
0019F33C 5F666E69
0019F340 36646D61
0019F344 62665F34
0019F348 61313239
0019F34C 36653337
0019F350 38636336
0019F354 6E5C6538
0019F358 75646C76
0019F35C 642E646D
0019F360 00006C6C
0019F364 00000000
0019F368 00000000
0019F36C 00000000
0019F370 00000000
0019F374 00000000
0019F378 00000000
0019F37C 00000000
0019F380 00000000
0019F384 00000000
0019F388 00000000
0019F38C 00000000
0019F390 00000000
0019F394 00000000
0019F398 00000000
0019F39C 00000000
0019F3A0 00000000
0019F3A4 00000000
0019F3A8 00000000
0019F3AC 00000000
0019F3B0 00000000
0019F3B4 00000000
0019F3B8 00000000
0019F3BC 00000000
0019F3C0 00000000
0019F3C4 00000000
0019F3C8 00000000
0019F3CC 00000000
0019F3D0 00000000
0019F3D4 00000000
0019F3D8 00000000
0019F3DC 00000000
0019F3E0 00000000
0019F3E4 00000000
0019F3E8 00000000
0019F3EC 00000000
0019F3F0 00000000
0019F3F4 00000000
0019F3F8 00000000
0019F3FC 00000000
0019F400 00000000
0019F404 00000000
0019F408 00000000
0019F40C 00000000
0019F410 00000000
0019F414 00000000
0019F418 00000000
0019F41C 00000000
0019F420 00000000
0019F424 00000000
0019F428 00000000
0019F42C 00000000
0019F430 00000000
0019F434 00000000
0019F438 00000000
0019F43C 00000000
0019F440 00000000
0019F444 00000000
0019F448 00000000
0019F44C 00000000
0019F450 00000000
0019F454 00000000
0019F458 00000000
0019F45C 00000000
0019F460 00000000
0019F464 00000000
0019F468 00000000
0019F46C 00000000
0019F470 00000000
0019F474 00000000
0019F478 00000000
0019F47C 00000000
0019F480 00000000
0019F484 00000000
0019F488 00000000
0019F48C 00000000
0019F490 00000000
0019F494 00000000
0019F498 00000000
0019F49C 00000000
0019F4A0 00000000
0019F4A4 00000000
0019F4A8 00000000
0019F4AC 00000000
0019F4B0 00000000
0019F4B4 00000000
0019F4B8 00000000
0019F4BC 00000000
0019F4C0 00000000
0019F4C4 00000000
0019F4C8 00000000
0019F4CC 00000000
0019F4D0 00000000
0019F4D4 00000000
0019F4D8 00000000
0019F4DC 00000000
0019F4E0 00000000
0019F4E4 00000000
0019F4E8 00000000
0019F4EC 00000000
0019F4F0 00000000
0019F4F4 00000000
0019F4F8 00000000
0019F4FC 00000000
0019F500 00000000
0019F504 4449564E
0019F508 47204149
0019F50C 726F4665
0019F510 47206563
0019F514 39205854
0019F518 54203038
0019F51C 00000069
0019F520 00000000
0019F524 00000000
0019F528 00000000
0019F52C 00000000
0019F530 00000000
0019F534 00000000
0019F538 00000000
0019F53C 00000000
0019F540 00000000
0019F544 00000000
0019F548 00000000
0019F54C 00000000
0019F550 00000000
0019F554 00000000
0019F558 00000000
0019F55C 00000000
0019F560 00000000
0019F564 00000000
0019F568 00000000
0019F56C 00000000
0019F570 00000000
0019F574 00000000
0019F578 00000000
0019F57C 00000000
0019F580 00000000
0019F584 00000000
0019F588 00000000
0019F58C 00000000
0019F590 00000000
0019F594 00000000
0019F598 00000000
0019F59C 00000000
0019F5A0 00000000
0019F5A4 00000000
0019F5A8 00000000
0019F5AC 00000000
0019F5B0 00000000
0019F5B4 00000000
0019F5B8 00000000
0019F5BC 00000000
0019F5C0 00000000
0019F5C4 00000000
0019F5C8 00000000
0019F5CC 00000000
0019F5D0 00000000
0019F5D4 00000000
0019F5D8 00000000
0019F5DC 00000000
0019F5E0 00000000
0019F5E4 00000000
0019F5E8 00000000
0019F5EC 00000000
0019F5F0 00000000
0019F5F4 00000000
0019F5F8 00000000
0019F5FC 00000000
0019F600 00000000
0019F604 00000000
0019F608 00000000
0019F60C 00000000
0019F610 00000000
0019F614 00000000
0019F618 00000000
0019F61C 00000000
0019F620 00000000
0019F624 00000000
0019F628 00000000
0019F62C 00000000
0019F630 00000000
0019F634 00000000
0019F638 00000000
0019F63C 00000000
0019F640 00000000
0019F644 00000000
0019F648 00000000
0019F64C 00000000
0019F650 00000000
0019F654 00000000
0019F658 00000000
0019F65C 00000000
0019F660 00000000
0019F664 00000000
0019F668 00000000
0019F66C 00000000
0019F670 00000000
0019F674 00000000
0019F678 00000000
0019F67C 00000000
0019F680 00000000
0019F684 00000000
0019F688 00000000
0019F68C 00000000
0019F690 00000000
0019F694 00000000
0019F698 00000000
0019F69C 00000000
0019F6A0 00000000
0019F6A4 00000000
0019F6A8 00000000
0019F6AC 00000000
0019F6B0 00000000
0019F6B4 00000000
0019F6B8 00000000
0019F6BC 00000000
0019F6C0 00000000
0019F6C4 00000000
0019F6C8 00000000
0019F6CC 00000000
0019F6D0 00000000
0019F6D4 00000000
0019F6D8 00000000
0019F6DC 00000000
0019F6E0 00000000
0019F6E4 00000000
0019F6E8 00000000
0019F6EC 00000000
0019F6F0 00000000
0019F6F4 00000000
0019F6F8 00000000
0019F6FC 00000000
0019F700 00000000
0019F704 000F203D
0019F708 00200000
0019F70C 000010DE
0019F710 000017C8
0019F714 17C810B0
0019F718 000000A1
0019F71C 00020000
0019F720 E0020000
0019F724 000003A0
0019F728 8000000F
0019F72C 00000001
0019F730 001BBEF0
0019F734 002FCEF2
0019F738 07732191
0019F73C 000000FF
0019F740 00003FFF
0019F744 00003FFF
0019F748 000000FF
0019F74C 00084208
0019F750 0001ECC5
0019F754 03030700
0019F758 03030300
0019F75C 03030300
0019F760 0000003F
0019F764 0000003F
0019F768 0000001F
0019F76C 00004000
0019F770 00004000
0019F774 00000800
0019F778 00002000
0019F77C 00004000
0019F780 00000010
0019F784 501502F9
0019F788 CCBEBC20
0019F78C CCBEBC20
0019F790 4CBEBC20
0019F794 4CBEBC20
0019F798 00000000
0019F79C 000001FF
0019F7A0 00180008
0019F7A4 03FEFFFF
0019F7A8 00000008
0019F7AC 00000008
0019F7B0 0000013B
0019F7B4 00000008
0019F7B8 00000008
0019F7BC 00000004
0019F7C0 00000000
0019F7C4 46000000
0019F7C8 00FFFFFF
0019F7CC 00FFFFFF
0019F7D0 00000010
0019F7D4 000000FF
0019F7D8 FFFE0300
0019F7DC 00000100
0019F7E0 FFFF0300
0019F7E4 477FE000
0019F7E8 00000051
0019F7EC 00000000
0019F7F0 00000000
0019F7F4 00000000
0019F7F8 00000000
0019F7FC 00000001
0019F800 0000030F
0019F804 00000004
0019F808 03000300
0019F80C 00000001
0019F810 00000018
0019F814 00000020
0019F818 00000004
0019F81C 0000001F
0019F820 00000018
0019F824 00000020
0019F828 00000004
0019F82C 00000200
0019F830 03030700
0019F834 0000FFFF
0019F838 0000FFFF
0019F83C 00001000
0019F840 00001000
0019F844 0000006F
0019F848 00000780
0019F84C 00000438
0019F850 00000090
0019F854 00000016
0019F858 00000000
0019F85C F48E9D50
0019F860 F48E9DB0
0019F864 F48E9E10
0019F868 004E8320
0019F86C 004E7740
0019F870 00000001
0019F874 0000004B
0019F878 00004E8C
0019F87C 0000000E
0019F880 0000035E
0019F884 00000008
0019F888 00000000
0019F88C FC468000
0019F890 00000007
0019F894 FFFE0000
0019F898 00000000
0019F89C 01010101
0019F8A0 00000000
0019F8A4 646C766E
0019F8A8 2E646D75
0019F8AC 006C6C64
0019F8B0 65747379
0019F8B4 5C32336D
0019F8B8 76697244
0019F8BC 74537265
0019F8C0 5C65726F
0019F8C4 656C6946
0019F8C8 6F706552
0019F8CC 6F746973
0019F8D0 6E5C7972
0019F8D4 69645F76
0019F8D8 2E697073
0019F8DC 5F666E69
0019F8E0 36646D61
0019F8E4 62665F34
0019F8E8 61313239
0019F8EC 36653337
0019F8F0 38636336
0019F8F4 6E5C6538
0019F8F8 75646C76
0019F8FC 642E646D
0019F900 00006C6C
0019F904 00000000
0019F908 00000000
0019F90C 00000000
0019F910 00000000
0019F914 00000000
0019F918 00000000
0019F91C 00000000
0019F920 00000000
0019F924 00000000
0019F928 00000000
0019F92C 00000000
0019F930 00000000
0019F934 00000000
0019F938 00000000
0019F93C 00000000
0019F940 00000000
0019F944 00000000
0019F948 00000000
0019F94C 00000000
0019F950 00000000
0019F954 00000000
0019F958 00000000
0019F95C 00000000
0019F960 00000000
0019F964 00000000
0019F968 00000000
0019F96C 00000000
0019F970 00000000
0019F974 00000000
0019F978 00000000
0019F97C 00000000
0019F980 00000000
0019F984 00000000
0019F988 00000000
0019F98C 00000000
0019F990 00000000
0019F994 00000000
0019F998 00000000
0019F99C 00000000
0019F9A0 00000000
0019F9A4 00000000
0019F9A8 00000000
0019F9AC 00000000
0019F9B0 00000000
0019F9B4 00000000
0019F9B8 00000000
0019F9BC 00000000
0019F9C0 00000000
0019F9C4 00000000
0019F9C8 00000000
0019F9CC 00000000
0019F9D0 00000000
0019F9D4 00000000
0019F9D8 00000000
0019F9DC 00000000
0019F9E0 00000000
0019F9E4 00000000
0019F9E8 00000000
0019F9EC 00000000
0019F9F0 00000000
0019F9F4 00000000
0019F9F8 00000000
0019F9FC 00000000
0019FA00 00000000
0019FA04 00000000
0019FA08 00000000
0019FA0C 00000000
0019FA10 00000000
0019FA14 00000000
0019FA18 00000000
0019FA1C 00000000
0019FA20 00000000
0019FA24 00000000
0019FA28 00000000
0019FA2C 00000000
0019FA30 00000000
0019FA34 00000000
0019FA38 00000000
0019FA3C 00000000
0019FA40 00000000
0019FA44 00000000
0019FA48 00000000
0019FA4C 00000000
0019FA50 00000000
0019FA54 00000000
0019FA58 00000000
0019FA5C 00000000
0019FA60 00000000
0019FA64 00000000
0019FA68 00000000
0019FA6C 00000000
0019FA70 00000000
0019FA74 00000000
0019FA78 00000000
0019FA7C 00000000
0019FA80 00000000
0019FA84 00000000
0019FA88 00000000
0019FA8C 00000000
0019FA90 00000000
0019FA94 00000000
0019FA98 00000000
0019FA9C 00000000
0019FAA0 00000000
0019FAA4 4449564E
0019FAA8 47204149
0019FAAC 726F4665
0019FAB0 47206563
0019FAB4 39205854
0019FAB8 54203038
0019FABC 00000069
0019FAC0 00000000
0019FAC4 00000000
0019FAC8 00000000
0019FACC 00000000
0019FAD0 00000000
0019FAD4 00000000
0019FAD8 00000000
0019FADC 00000000
0019FAE0 00000000
0019FAE4 00000000
0019FAE8 00000000
0019FAEC 00000000
0019FAF0 00000000
0019FAF4 00000000
0019FAF8 00000000
0019FAFC 00000000
0019FB00 00000000
0019FB04 00000000
0019FB08 00000000
0019FB0C 00000000
0019FB10 00000000
0019FB14 00000000
0019FB18 00000000
0019FB1C 00000000
0019FB20 00000000
0019FB24 00000000
0019FB28 00000000
0019FB2C 00000000
0019FB30 00000000
0019FB34 00000000
0019FB38 00000000
0019FB3C 00000000
0019FB40 00000000
0019FB44 00000000
0019FB48 00000000
0019FB4C 00000000
0019FB50 00000000
0019FB54 00000000
0019FB58 00000000
0019FB5C 00000000
0019FB60 00000000
0019FB64 00000000
0019FB68 00000000
0019FB6C 00000000
0019FB70 00000000
0019FB74 00000000
0019FB78 00000000
0019FB7C 00000000
0019FB80 00000000
0019FB84 00000000
0019FB88 00000000
0019FB8C 00000000
0019FB90 00000000
0019FB94 00000000
0019FB98 00000000
0019FB9C 00000000
0019FBA0 00000000
0019FBA4 00000000
0019FBA8 00000000
0019FBAC 00000000
0019FBB0 00000000
0019FBB4 00000000
0019FBB8 00000000
0019FBBC 00000000
0019FBC0 00000000
0019FBC4 00000000
0019FBC8 00000000
0019FBCC 00000000
0019FBD0 00000000
0019FBD4 00000000
0019FBD8 00000000
0019FBDC 00000000
0019FBE0 00000000
0019FBE4 00000000
0019FBE8 00000000
0019FBEC 00000000
0019FBF0 00000000
0019FBF4 00000000
0019FBF8 00000000
0019FBFC 00000000
0019FC00 00000000
0019FC04 00000000
0019FC08 00000000
0019FC0C 00000000
0019FC10 00000000
0019FC14 00000000
0019FC18 00000000
0019FC1C 00000000
0019FC20 00000000
0019FC24 00000000
0019FC28 00000000
0019FC2C 00000000
0019FC30 00000000
0019FC34 00000000
0019FC38 00000000
0019FC3C 00000000
0019FC40 00000000
0019FC44 00000000
0019FC48 00000000
0019FC4C 00000000
0019FC50 00000000
0019FC54 00000000
0019FC58 00000000
0019FC5C 00000000
0019FC60 00000000
0019FC64 00000000
0019FC68 00000000
0019FC6C 00000000
0019FC70 00000000
0019FC74 00000000
0019FC78 00000000
0019FC7C 00000000
0019FC80 00000000
0019FC84 00000000
0019FC88 00000000
0019FC8C 00000000
0019FC90 00000000
0019FC94 00000000
0019FC98 00000000
0019FC9C 00000000
0019FCA0 00000000
0019FCA4 000F203D
0019FCA8 00200000
0019FCAC 000010DE
0019FCB0 000017C8
0019FCB4 17C810B0
0019FCB8 000000A1
0019FCBC 00020000
0019FCC0 E0020000
0019FCC4 000003A0
0019FCC8 8000000F
0019FCCC 00000001
0019FCD0 001BBEF0
0019FCD4 002FCEF2
0019FCD8 07732191
0019FCDC 000000FF
0019FCE0 00003FFF
0019FCE4 00003FFF
0019FCE8 000000FF
0019FCEC 00084208
0019FCF0 0001ECC5
0019FCF4 03030700
0019FCF8 03030300
0019FCFC 03030300
0019FD00 0000003F
0019FD04 0000003F
0019FD08 0000001F
0019FD0C 00004000
0019FD10 00004000
0019FD14 00000800
0019FD18 00002000
0019FD1C 00004000
0019FD20 00000010
0019FD24 501502F9
0019FD28 CCBEBC20
0019FD2C CCBEBC20
0019FD30 4CBEBC20
0019FD34 4CBEBC20
0019FD38 00000000
0019FD3C 000001FF
0019FD40 00180008
0019FD44 03FEFFFF
0019FD48 00000008
0019FD4C 00000008
0019FD50 0000013B
0019FD54 00000008
0019FD58 00000008
0019FD5C 00000004
0019FD60 00000000
0019FD64 46000000
0019FD68 00FFFFFF
0019FD6C 00FFFFFF
0019FD70 00000010
0019FD74 000000FF
0019FD78 FFFE0300
0019FD7C 00000100
0019FD80 FFFF0300
0019FD84 477FE000
0019FD88 00000051
0019FD8C 00000000
0019FD90 00000000
0019FD94 00000000
0019FD98 00000000
0019FD9C 00000001
0019FDA0 0000030F
0019FDA4 00000004
0019FDA8 03000300
0019FDAC 00000001
0019FDB0 00000018
0019FDB4 00000020
0019FDB8 00000004
0019FDBC 0000001F
0019FDC0 00000018
0019FDC4 00000020
0019FDC8 00000004
0019FDCC 00000200
0019FDD0 03030700
0019FDD4 0000FFFF
0019FDD8 0000FFFF
0019FDDC 00001000
0019FDE0 00001000
0019FDE4 00000780
0019FDE8 00000438
0019FDEC 00000090
0019FDF0 00000016
0019FDF4 01010000
0019FDF8 0000007F
0019FDFC FFD3C6B8
0019FE00 FFD3C6D8
0019FE04 FFD3C6C8
0019FE08 0019FE01
0019FE0C 00000000
0019FE10 00000000
0019FE14 0041CC08
0019FE18 0019ECD4
0019FE1C 00000000
0019FE20 00000000
0019FE24 00000000
0019FE28 00000000
0019FE2C 00000000
0019FE30 00000000
0019FE34 00000000
0019FE38 00000000
0019FE3C 00000000
0019FE40 00000000
0019FE44 00000000
0019FE48 459C4000
0019FE4C 41A00000
0019FE50 3E19999A
0019FE54 00000000
0019FE58 00000000
0019FE5C 00000000
0019FE60 004199C8
0019FE64 00A9E274
0019FE68 00000000
0019FE6C 80000001
0019FE70 0000000C
0019FE74 7623F05B
0019FE78 00A9CD64
0019FE7C 00000000
0019FE80 00000001
0019FE84 FD8EF190
0019FE88 0000002B
0019FE8C 00000033
0019FE90 00000003
0019FE94 00000000
0019FE98 00000000
0019FE9C 00000000
0019FEA0 0019FE01
0019FEA4 FFD3C288
0019FEA8 F64407FC
0019FEAC FEEE4AC8
0019FEB0 FDFE14B8
0019FEB4 00424820
0019FEB8 EC47BD78
0019FEBC EE6256C0
0019FEC0 0019ECC8
0019FEC4 0019FF70
0019FEC8 0019FF60
0019FECC 004151A0
0019FED0 0041DA18
0019FED4 FFFFFFFF
0019FED8 0019FF70
0019FEDC 0040620C
0019FEE0 00400000
0019FEE4 00000000
0019FEE8 00D3C298
0019FEEC 00000001
0019FEF0 F77333C1
0019FEF4 00406275
0019FEF8 00406275
0019FEFC 003B9000
0019FF00 00000044
0019FF04 0046C568
0019FF08 00469648
0019FF0C 004754C8
0019FF10 00000000
0019FF14 00000000
0019FF18 00000000
0019FF1C 00000000
0019FF20 00000000
0019FF24 00000000
0019FF28 00000000
0019FF2C 00000C01
0019FF30 00000001
0019FF34 00000000
0019FF38 00000000
0019FF3C 00010001
0019FF40 00000000
0019FF44 00000000
0019FF48 00000002
0019FF4C 00000006
0019FF50 00000000
0019FF54 00406275
0019FF58 0019FEF0
0019FF5C 00000000
0019FF60 0019FFCC
0019FF64 00406C10
0019FF68 F72B1AA9
0019FF6C 00000001
0019FF70 0019FF80
0019FF74 75A5FCC9
0019FF78 003B9000
0019FF7C 75A5FCB0
0019FF80 0019FFDC
0019FF84 76EE843E
0019FF88 003B9000
0019FF8C 79D5D341
0019FF90 00000000
0019FF94 00000000
0019FF98 003B9000
0019FF9C 00000000
0019FFA0 00000000
0019FFA4 00000000
0019FFA8 00000000
0019FFAC 00000000
0019FFB0 00000000
0019FFB4 00000000
0019FFB8 00000000
0019FFBC 00000000
0019FFC0 00000000
0019FFC4 0019FF8C
0019FFC8 00000000
0019FFCC 0019FFE4
0019FFD0 76EFB710
0019FFD4 0F34E745
0019FFD8 00000000
0019FFDC 0019FFEC
0019FFE0 76EE840E
0019FFE4 FFFFFFFF
0019FFE8 76F095AE
0019FFEC 00000000
0019FFF0 00000000
0019FFF4 00406275
0019FFF8 003B9000
0019FFFC 00000000
001A0000 78746341
001A0004 00000020
001A0008 00000001
001A000C 0000331C
001A0010 000000DC
001A0014 00000000
001A0018 00000020
001A001C 00000000
001A0020 00000014
001A0024 00000001
001A0028 00000007
001A002C 00000034
001A0030 0000017C
001A0034 00000001
001A0038 00000000
001A003C 00000000
001A0040 00000000
001A0044 00000000
001A0048 00000000
001A004C 00000002
001A0050 1A26EF4E
001A0054 00000298
001A0058 00000044
001A005C 000002E0
001A0060 00000254
001A0064 00000000
001A0068 F33271BA
001A006C 00000534
001A0070 0000004A
001A0074 00000580
001A0078 00000348
001A007C 00000000
001A0080 2D59495B
001A0084 000008C8
001A0088 00000032
001A008C 000008FC
001A0090 00000300
001A0094 00000000
001A0098 32CEEACD
001A009C 00000BFC
001A00A0 00000042
001A00A4 00000C40
001A00A8 00000336
001A00AC 00000000
001A00B0 38505FC8
001A00B4 00000F78
001A00B8 0000005E
001A00BC 00000FD8
001A00C0 00000368
001A00C4 00000000
001A00C8 B1280544
001A00CC 00001340
001A00D0 00000056
001A00D4 00001398
001A00D8 00000386
001A00DC 00000010
001A00E0 00000009
001A00E4 000000EC
001A00E8 00000002
001A00EC 00000001
001A00F0 0000017C
001A00F4 000015DC
001A00F8 00000001
001A00FC 00000002
001A0100 00001758
001A0104 000007A0
001A0108 00000001
001A010C 00000003
001A0110 00001EF8
001A0114 00000E8C
001A0118 00000001
001A011C 00000004
001A0120 00002D84
001A0124 00000314
001A0128 00000002
001A012C 00000005
001A0130 00003098
001A0134 00000098
001A0138 00000002
001A013C 00000006
001A0140 00003130
001A0144 000000CC
001A0148 00000002
001A014C 00000007
001A0150 000031FC
001A0154 000000F0
001A0158 00000001
001A015C 00000009
001A0160 000032EC
001A0164 00000028
001A0168 00000002
001A016C 0000000B
001A0170 00003314
001A0174 00000008
001A0178 00000001
001A017C 64487353
001A0180 0000002C
001A0184 00000001
001A0188 00000001
001A018C 00000001
001A0190 00000006
001A0194 0000008C
001A0198 00000001
001A019C 000015A4
001A01A0 0000002C
001A01A4 0000005E
001A01A8 0000005E
001A01AC 00000000
001A01B0 00000000
001A01B4 00000000
001A01B8 00000000
001A01BC 00000000
001A01C0 00000000
001A01C4 00000000
001A01C8 00000000
001A01CC 00000000
001A01D0 00000002
001A01D4 00000024
001A01D8 00000038
001A01DC 00000000
001A01E0 003A0043
001A01E4 0057005C
001A01E8 006E0069
001A01EC 006F0064
001A01F0 00730077
001A01F4 0057005C
001A01F8 006E0069
001A01FC 00780053
001A0200 005C0073
001A0204 00000000
001A0208 1A26EF4E
001A020C 0000011C
001A0210 00000044
001A0214 00000164
001A0218 00000254
001A021C 00000001
001A0220 F33271BA
001A0224 000003B8
001A0228 0000004A
001A022C 00000404
001A0230 00000348
001A0234 00000002
001A0238 2D59495B
001A023C 0000074C
001A0240 00000032
001A0244 00000780
001A0248 00000300
001A024C 00000003
001A0250 32CEEACD
001A0254 00000A80
001A0258 00000042
001A025C 00000AC4
001A0260 00000336
001A0264 00000004
001A0268 38505FC8
001A026C 00000DFC
001A0270 0000005E
001A0274 00000E5C
001A0278 00000368
001A027C 00000005
001A0280 B1280544
001A0284 000011C4
001A0288 00000056
001A028C 0000121C
001A0290 00000386
001A0294 00000006
001A0298 0069004D
001A029C 00720063
001A02A0 0073006F
001A02A4 0066006F
001A02A8 002E0074
001A02AC 00690057
001A02B0 0064006E
001A02B4 0077006F
001A02B8 002E0073
001A02BC 00790053
001A02C0 00740073
001A02C4 006D0065
001A02C8 006F0043
001A02CC 0070006D
001A02D0 00740061
001A02D4 00620069
001A02D8 0065006C
001A02DC 00000000
001A02E0 0000006C
001A02E4 00000001
001A02E8 00000106
001A02EC 000001D0
001A02F0 00000002
001A02F4 0000002C
001A02F8 000002D6
001A02FC 7FB05921
001A0300 01D5ACDD
001A0304 00000001
001A0308 00000000
001A030C 00000000
001A0310 00000000
001A0314 00000000
001A0318 00000000
001A031C 00000000
001A0320 00000001
001A0324 00000000
001A0328 00000000
001A032C 00000000
001A0330 000000B2
001A0334 00000304
001A0338 00000000
001A033C 00000000
001A0340 00000000
001A0344 00000000
001A0348 00000000
001A034C 0069004D
001A0350 00720063
001A0354 0073006F
001A0358 0066006F
001A035C 002E0074
001A0360 00690057
001A0364 0064006E
001A0368 0077006F
001A036C 002E0073
001A0370 00790053
001A0374 00740073
001A0378 006D0065
001A037C 006F0043
001A0380 0070006D
001A0384 00740061
001A0388 00620069
001A038C 0065006C
001A0390 0070002C
001A0394 006F0072
001A0398 00650063
001A039C 00730073
001A03A0 0072006F
001A03A4 00720041
001A03A8 00680063
001A03AC 00740069
001A03B0 00630065
001A03B4 00750074
001A03B8 00650072
001A03BC 0022003D
001A03C0 00380078
001A03C4 00220036
001A03C8 0070002C
001A03CC 00620075
001A03D0 0069006C
001A03D4 004B0063
001A03D8 00790065
001A03DC 006F0054
001A03E0 0065006B
001A03E4 003D006E
001A03E8 00360022
001A03EC 00390035
001A03F0 00620035
001A03F4 00340036
001A03F8 00340031
001A03FC 00630034
001A0400 00660063
001A0404 00640031
001A0408 00220066
001A040C 0074002C
001A0410 00700079
001A0414 003D0065
001A0418 00770022
001A041C 006E0069
001A0420 00320033
001A0424 002C0022
001A0428 00650076
001A042C 00730072
001A0430 006F0069
001A0434 003D006E
001A0438 00360022
001A043C 0030002E
001A0440 0031002E
001A0444 00300039
001A0448 00310034
001A044C 0031002E
001A0450 00530022
001A0454 00730079
001A0458 00650074
001A045C 0020006D
001A0460 00650044
001A0464 00610066
001A0468 006C0075
001A046C 00200074
001A0470 006F0043
001A0474 0074006E
001A0478 00780065
001A047C 00000074
001A0480 00380078
001A0484 005F0036
001A0488 0069006D
001A048C 00720063
001A0490 0073006F
001A0494 0066006F
001A0498 002E0074
001A049C 00690077
001A04A0 0064006E
001A04A4 0077006F
001A04A8 002E0073
001A04AC 00790073
001A04B0 00740073
001A04B4 006D0065
001A04B8 006F0063
001A04BC 0070006D
001A04C0 00740061
001A04C4 00620069
001A04C8 0065006C
001A04CC 0036005F
001A04D0 00390035
001A04D4 00620035
001A04D8 00340036
001A04DC 00340031
001A04E0 00630034
001A04E4 00660063
001A04E8 00640031
001A04EC 005F0066
001A04F0 002E0036
001A04F4 002E0030
001A04F8 00390031
001A04FC 00340030
001A0500 002E0031
001A0504 005F0031
001A0508 006F006E
001A050C 0065006E
001A0510 0030005F
001A0514 00390034
001A0518 00350066
001A051C 00640064
001A0520 00310038
001A0524 00390037
001A0528 00660037
001A052C 00660034
001A0530 00000039
001A0534 0069004D
001A0538 00720063
001A053C 0073006F
001A0540 0066006F
001A0544 002E0074
001A0548 00690057
001A054C 0064006E
001A0550 0077006F
001A0554 002E0073
001A0558 00730049
001A055C 006C006F
001A0560 00740061
001A0564 006F0069
001A0568 0041006E
001A056C 00740075
001A0570 006D006F
001A0574 00740061
001A0578 006F0069
001A057C 0000006E
001A0580 0000006C
001A0584 00000000
001A0588 00000112
001A058C 00000470
001A0590 00000002
001A0594 00000108
001A0598 00000582
001A059C B9AF59DE
001A05A0 01DB5A45
001A05A4 00000001
001A05A8 00000000
001A05AC 00000000
001A05B0 00000000
001A05B4 00000000
001A05B8 00000000
001A05BC 00000000
001A05C0 00000001
001A05C4 00000000
001A05C8 00000000
001A05CC 00000000
001A05D0 000000BE
001A05D4 0000068C
001A05D8 00000000
001A05DC 00000000
001A05E0 00000000
001A05E4 00000000
001A05E8 00000000
001A05EC 0069004D
001A05F0 00720063
001A05F4 0073006F
001A05F8 0066006F
001A05FC 002E0074
001A0600 00690057
001A0604 0064006E
001A0608 0077006F
001A060C 002E0073
001A0610 00730049
001A0614 006C006F
001A0618 00740061
001A061C 006F0069
001A0620 0041006E
001A0624 00740075
001A0628 006D006F
001A062C 00740061
001A0630 006F0069
001A0634 002C006E
001A0638 00720070
001A063C 0063006F
001A0640 00730065
001A0644 006F0073
001A0648 00410072
001A064C 00630072
001A0650 00690068
001A0654 00650074
001A0658 00740063
001A065C 00720075
001A0660 003D0065
001A0664 00780022
001A0668 00360038
001A066C 002C0022
001A0670 00750070
001A0674 006C0062
001A0678 00630069
001A067C 0065004B
001A0680 00540079
001A0684 006B006F
001A0688 006E0065
001A068C 0022003D
001A0690 00350036
001A0694 00350039
001A0698 00360062
001A069C 00310034
001A06A0 00340034
001A06A4 00630063
001A06A8 00310066
001A06AC 00660064
001A06B0 002C0022
001A06B4 00790074
001A06B8 00650070
001A06BC 0022003D
001A06C0 00690077
001A06C4 0033006E
001A06C8 00220032
001A06CC 0076002C
001A06D0 00720065
001A06D4 00690073
001A06D8 006E006F
001A06DC 0022003D
001A06E0 002E0031
001A06E4 002E0030
001A06E8 00390031
001A06EC 00340030
001A06F0 002E0031
001A06F4 00360033
001A06F8 00360033
001A06FC 00430022
001A0700 005C003A
001A0704 00690057
001A0708 0064006E
001A070C 0077006F
001A0710 005C0073
001A0714 00690057
001A0718 0053006E
001A071C 00530078
001A0720 006D005C
001A0724 006E0061
001A0728 00660069
001A072C 00730065
001A0730 00730074
001A0734 0078005C
001A0738 00360038
001A073C 006D005F
001A0740 00630069
001A0744 006F0072
001A0748 006F0073
001A074C 00740066
001A0750 0077002E
001A0754 006E0069
001A0758 006F0064
001A075C 00730077
001A0760 0069002E
001A0764 006F0073
001A0768 0061006C
001A076C 00690074
001A0770 006E006F
001A0774 00750061
001A0778 006F0074
001A077C 0061006D
001A0780 00690074
001A0784 006E006F
001A0788 0036005F
001A078C 00390035
001A0790 00620035
001A0794 00340036
001A0798 00340031
001A079C 00630034
001A07A0 00660063
001A07A4 00640031
001A07A8 005F0066
001A07AC 002E0031
001A07B0 002E0030
001A07B4 00390031
001A07B8 00340030
001A07BC 002E0031
001A07C0 00360033
001A07C4 00360033
001A07C8 006E005F
001A07CC 006E006F
001A07D0 005F0065
001A07D4 00390035
001A07D8 00660065
001A07DC 00360038
001A07E0 00340039
001A07E4 00340062
001A07E8 00640062
001A07EC 00650039
001A07F0 00330030
001A07F4 006D002E
001A07F8 006E0061
001A07FC 00660069
001A0800 00730065
001A0804 00000074
001A0808 00380078
001A080C 005F0036
001A0810 0069006D
001A0814 00720063
001A0818 0073006F
001A081C 0066006F
001A0820 002E0074
001A0824 00690077
001A0828 0064006E
001A082C 0077006F
001A0830 002E0073
001A0834 00730069
001A0838 006C006F
001A083C 00740061
001A0840 006F0069
001A0844 0061006E
001A0848 00740075
001A084C 006D006F
001A0850 00740061
001A0854 006F0069
001A0858 005F006E
001A085C 00350036
001A0860 00350039
001A0864 00360062
001A0868 00310034
001A086C 00340034
001A0870 00630063
001A0874 00310066
001A0878 00660064
001A087C 0031005F
001A0880 0030002E
001A0884 0031002E
001A0888 00300039
001A088C 00310034
001A0890 0033002E
001A0894 00330036
001A0898 005F0036
001A089C 006F006E
001A08A0 0065006E
001A08A4 0035005F
001A08A8 00650039
001A08AC 00380066
001A08B0 00390036
001A08B4 00620034
001A08B8 00620034
001A08BC 00390064
001A08C0 00300065
001A08C4 00000033
001A08C8 0069004D
001A08CC 00720063
001A08D0 0073006F
001A08D4 0066006F
001A08D8 002E0074
001A08DC 00690057
001A08E0 0064006E
001A08E4 0077006F
001A08E8 002E0073
001A08EC 00640047
001A08F0 00500069
001A08F4 0075006C
001A08F8 00000073
001A08FC 0000006C
001A0900 00000000
001A0904 000000FA
001A0908 000007EC
001A090C 00000002
001A0910 000000F0
001A0914 000008E6
001A0918 FBC4CA8A
001A091C 01DD2E8C
001A0920 00000001
001A0924 00000000
001A0928 00000000
001A092C 00000000
001A0930 00000000
001A0934 00000000
001A0938 00000000
001A093C 00000001
001A0940 00000000
001A0944 00000000
001A0948 00000000
001A094C 000000A6
001A0950 000009D8
001A0954 00000000
001A0958 00000000
001A095C 00000000
001A0960 00000000
001A0964 00000000
001A0968 0069004D
001A096C 00720063
001A0970 0073006F
001A0974 0066006F
001A0978 002E0074
001A097C 00690057
001A0980 0064006E
001A0984 0077006F
001A0988 002E0073
001A098C 00640047
001A0990 00500069
001A0994 0075006C
001A0998 002C0073
001A099C 00720070
001A09A0 0063006F
001A09A4 00730065
001A09A8 006F0073
001A09AC 00410072
001A09B0 00630072
001A09B4 00690068
001A09B8 00650074
001A09BC 00740063
001A09C0 00720075
001A09C4 003D0065
001A09C8 00780022
001A09CC 00360038
001A09D0 002C0022
001A09D4 00750070
001A09D8 006C0062
001A09DC 00630069
001A09E0 0065004B
001A09E4 00540079
001A09E8 006B006F
001A09EC 006E0065
001A09F0 0022003D
001A09F4 00350036
001A09F8 00350039
001A09FC 00360062
001A0A00 00310034
001A0A04 00340034
001A0A08 00630063
001A0A0C 00310066
001A0A10 00660064
001A0A14 002C0022
001A0A18 00790074
001A0A1C 00650070
001A0A20 0022003D
001A0A24 00690077
001A0A28 0033006E
001A0A2C 00220032
001A0A30 0076002C
001A0A34 00720065
001A0A38 00690073
001A0A3C 006E006F
001A0A40 0022003D
001A0A44 002E0031
001A0A48 002E0031
001A0A4C 00390031
001A0A50 00340030
001A0A54 002E0031
001A0A58 00360037
001A0A5C 00330036
001A0A60 00430022
001A0A64 005C003A
001A0A68 00690057
001A0A6C 0064006E
001A0A70 0077006F
001A0A74 005C0073
001A0A78 00690057
001A0A7C 0053006E
001A0A80 00530078
001A0A84 006D005C
001A0A88 006E0061
001A0A8C 00660069
001A0A90 00730065
001A0A94 00730074
001A0A98 0078005C
001A0A9C 00360038
001A0AA0 006D005F
001A0AA4 00630069
001A0AA8 006F0072
001A0AAC 006F0073
001A0AB0 00740066
001A0AB4 0077002E
001A0AB8 006E0069
001A0ABC 006F0064
001A0AC0 00730077
001A0AC4 0067002E
001A0AC8 00690064
001A0ACC 006C0070
001A0AD0 00730075
001A0AD4 0036005F
001A0AD8 00390035
001A0ADC 00620035
001A0AE0 00340036
001A0AE4 00340031
001A0AE8 00630034
001A0AEC 00660063
001A0AF0 00640031
001A0AF4 005F0066
001A0AF8 002E0031
001A0AFC 002E0031
001A0B00 00390031
001A0B04 00340030
001A0B08 002E0031
001A0B0C 00360037
001A0B10 00330036
001A0B14 006E005F
001A0B18 006E006F
001A0B1C 005F0065
001A0B20 00390064
001A0B24 00320035
001A0B28 00360031
001A0B2C 00370063
001A0B30 00310065
001A0B34 00330030
001A0B38 00660061
001A0B3C 00370036
001A0B40 006D002E
001A0B44 006E0061
001A0B48 00660069
001A0B4C 00730065
001A0B50 00000074
001A0B54 00380078
001A0B58 005F0036
001A0B5C 0069006D
001A0B60 00720063
001A0B64 0073006F
001A0B68 0066006F
001A0B6C 002E0074
001A0B70 00690077
001A0B74 0064006E
001A0B78 0077006F
001A0B7C 002E0073
001A0B80 00640067
001A0B84 00700069
001A0B88 0075006C
001A0B8C 005F0073
001A0B90 00350036
001A0B94 00350039
001A0B98 00360062
001A0B9C 00310034
001A0BA0 00340034
001A0BA4 00630063
001A0BA8 00310066
001A0BAC 00660064
001A0BB0 0031005F
001A0BB4 0031002E
001A0BB8 0031002E
001A0BBC 00300039
001A0BC0 00310034
001A0BC4 0037002E
001A0BC8 00360036
001A0BCC 005F0033
001A0BD0 006F006E
001A0BD4 0065006E
001A0BD8 0064005F
001A0BDC 00350039
001A0BE0 00310032
001A0BE4 00630036
001A0BE8 00650037
001A0BEC 00300031
001A0BF0 00610033
001A0BF4 00360066
001A0BF8 00000037
001A0BFC 0069004D
001A0C00 00720063
001A0C04 0073006F
001A0C08 0066006F
001A0C0C 002E0074
001A0C10 00690057
001A0C14 0064006E
001A0C18 0077006F
001A0C1C 002E0073
001A0C20 006F0043
001A0C24 006D006D
001A0C28 006E006F
001A0C2C 0043002D
001A0C30 006E006F
001A0C34 00720074
001A0C38 006C006F
001A0C3C 00000073
001A0C40 0000006C
001A0C44 00000000
001A0C48 0000010C
001A0C4C 00000B30
001A0C50 00000002
001A0C54 00000102
001A0C58 00000C3C
001A0C5C CE36DCB4
001A0C60 01DC2401
001A0C64 00000001
001A0C68 00000000
001A0C6C 00000000
001A0C70 00000000
001A0C74 00000000
001A0C78 00000000
001A0C7C 00000000
001A0C80 00000001
001A0C84 00000000
001A0C88 00000000
001A0C8C 00000000
001A0C90 000000B8
001A0C94 00000D40
001A0C98 00000000
001A0C9C 00000000
001A0CA0 00000000
001A0CA4 00000000
001A0CA8 00000000
001A0CAC 0069004D
001A0CB0 00720063
001A0CB4 0073006F
001A0CB8 0066006F
001A0CBC 002E0074
001A0CC0 00690057
001A0CC4 0064006E
001A0CC8 0077006F
001A0CCC 002E0073
001A0CD0 006F0043
001A0CD4 006D006D
001A0CD8 006E006F
001A0CDC 0043002D
001A0CE0 006E006F
001A0CE4 00720074
001A0CE8 006C006F
001A0CEC 002C0073
001A0CF0 00720070
001A0CF4 0063006F
001A0CF8 00730065
001A0CFC 006F0073
001A0D00 00410072
001A0D04 00630072
001A0D08 00690068
001A0D0C 00650074
001A0D10 00740063
001A0D14 00720075
001A0D18 003D0065
001A0D1C 00780022
001A0D20 00360038
001A0D24 002C0022
001A0D28 00750070
001A0D2C 006C0062
001A0D30 00630069
001A0D34 0065004B
001A0D38 00540079
001A0D3C 006B006F
001A0D40 006E0065
001A0D44 0022003D
001A0D48 00350036
001A0D4C 00350039
001A0D50 00360062
001A0D54 00310034
001A0D58 00340034
001A0D5C 00630063
001A0D60 00310066
001A0D64 00660064
001A0D68 002C0022
001A0D6C 00790074
001A0D70 00650070
001A0D74 0022003D
001A0D78 00690077
001A0D7C 0033006E
001A0D80 00220032
001A0D84 0076002C
001A0D88 00720065
001A0D8C 00690073
001A0D90 006E006F
001A0D94 0022003D
001A0D98 002E0035
001A0D9C 00320038
001A0DA0 0031002E
001A0DA4 00300039
001A0DA8 00310034
001A0DAC 0036002E
001A0DB0 00380032
001A0DB4 00220030
001A0DB8 003A0043
001A0DBC 0057005C
001A0DC0 006E0069
001A0DC4 006F0064
001A0DC8 00730077
001A0DCC 0057005C
001A0DD0 006E0069
001A0DD4 00780053
001A0DD8 005C0053
001A0DDC 0061006D
001A0DE0 0069006E
001A0DE4 00650066
001A0DE8 00740073
001A0DEC 005C0073
001A0DF0 00380078
001A0DF4 005F0036
001A0DF8 0069006D
001A0DFC 00720063
001A0E00 0073006F
001A0E04 0066006F
001A0E08 002E0074
001A0E0C 00690077
001A0E10 0064006E
001A0E14 0077006F
001A0E18 002E0073
001A0E1C 006F0063
001A0E20 006D006D
001A0E24 006E006F
001A0E28 0063002D
001A0E2C 006E006F
001A0E30 00720074
001A0E34 006C006F
001A0E38 005F0073
001A0E3C 00350036
001A0E40 00350039
001A0E44 00360062
001A0E48 00310034
001A0E4C 00340034
001A0E50 00630063
001A0E54 00310066
001A0E58 00660064
001A0E5C 0035005F
001A0E60 0038002E
001A0E64 002E0032
001A0E68 00390031
001A0E6C 00340030
001A0E70 002E0031
001A0E74 00320036
001A0E78 00300038
001A0E7C 006E005F
001A0E80 006E006F
001A0E84 005F0065
001A0E88 00300063
001A0E8C 00610064
001A0E90 00330062
001A0E94 00630036
001A0E98 00380033
001A0E9C 00660062
001A0EA0 00640065
001A0EA4 00300061
001A0EA8 006D002E
001A0EAC 006E0061
001A0EB0 00660069
001A0EB4 00730065
001A0EB8 00000074
001A0EBC 00380078
001A0EC0 005F0036
001A0EC4 0069006D
001A0EC8 00720063
001A0ECC 0073006F
001A0ED0 0066006F
001A0ED4 002E0074
001A0ED8 00690077
001A0EDC 0064006E
001A0EE0 0077006F
001A0EE4 002E0073
001A0EE8 006F0063
001A0EEC 006D006D
001A0EF0 006E006F
001A0EF4 0063002D
001A0EF8 006E006F
001A0EFC 00720074
001A0F00 006C006F
001A0F04 005F0073
001A0F08 00350036
001A0F0C 00350039
001A0F10 00360062
001A0F14 00310034
001A0F18 00340034
001A0F1C 00630063
001A0F20 00310066
001A0F24 00660064
001A0F28 0035005F
001A0F2C 0038002E
001A0F30 002E0032
001A0F34 00390031
001A0F38 00340030
001A0F3C 002E0031
001A0F40 00320036
001A0F44 00300038
001A0F48 006E005F
001A0F4C 006E006F
001A0F50 005F0065
001A0F54 00300063
001A0F58 00610064
001A0F5C 00330062
001A0F60 00630036
001A0F64 00380033
001A0F68 00660062
001A0F6C 00640065
001A0F70 00300061
001A0F74 00000000
001A0F78 0069004D
001A0F7C 00720063
001A0F80 0073006F
001A0F84 0066006F
001A0F88 002E0074
001A0F8C 00690057
001A0F90 0064006E
001A0F94 0077006F
001A0F98 002E0073
001A0F9C 00730049
001A0FA0 006C006F
001A0FA4 00740061
001A0FA8 006F0069
001A0FAC 0041006E
001A0FB0 00740075
001A0FB4 006D006F
001A0FB8 00740061
001A0FBC 006F0069
001A0FC0 002E006E
001A0FC4 00720050
001A0FC8 0078006F
001A0FCC 00530079
001A0FD0 00750074
001A0FD4 00000062
001A0FD8 0000006C
001A0FDC 00000000
001A0FE0 00000126
001A0FE4 00000EC8
001A0FE8 00000002
001A0FEC 0000010E
001A0FF0 00000FEE
001A0FF4 B9AFA726
001A0FF8 01DB5A45
001A0FFC 00000001
001A1000 00000000
001A1004 00000000
001A1008 00000000
001A100C 00000000
001A1010 00000000
001A1014 00000000
001A1018 00000001
001A101C 00000000
001A1020 00000000
001A1024 00000000
001A1028 000000C4
001A102C 000010FE
001A1030 00000000
001A1034 00000000
001A1038 00000000
001A103C 00000000
001A1040 00000000
001A1044 0069004D
001A1048 00720063
001A104C 0073006F
001A1050 0066006F
001A1054 002E0074
001A1058 00690057
001A105C 0064006E
001A1060 0077006F
001A1064 002E0073
001A1068 00730049
001A106C 006C006F
001A1070 00740061
001A1074 006F0069
001A1078 0041006E
001A107C 00740075
001A1080 006D006F
001A1084 00740061
001A1088 006F0069
001A108C 002E006E
001A1090 00720050
001A1094 0078006F
001A1098 00530079
001A109C 00750074
001A10A0 002C0062
001A10A4 00720070
001A10A8 0063006F
001A10AC 00730065
001A10B0 006F0073
001A10B4 00410072
001A10B8 00630072
001A10BC 00690068
001A10C0 00650074
001A10C4 00740063
001A10C8 00720075
001A10CC 003D0065
001A10D0 00780022
001A10D4 00360038
001A10D8 002C0022
001A10DC 00750070
001A10E0 006C0062
001A10E4 00630069
001A10E8 0065004B
001A10EC 00540079
001A10F0 006B006F
001A10F4 006E0065
001A10F8 0022003D
001A10FC 00350036
001A1100 00350039
001A1104 00360062
001A1108 00310034
001A110C 00340034
001A1110 00630063
001A1114 00310066
001A1118 00660064
001A111C 002C0022
001A1120 00790074
001A1124 00650070
001A1128 0022003D
001A112C 00690077
001A1130 0033006E
001A1134 00220032
001A1138 0076002C
001A113C 00720065
001A1140 00690073
001A1144 006E006F
001A1148 0022003D
001A114C 002E0031
001A1150 002E0030
001A1154 00390031
001A1158 00340030
001A115C 002E0031
001A1160 00360033
001A1164 00360033
001A1168 00430022
001A116C 005C003A
001A1170 00690057
001A1174 0064006E
001A1178 0077006F
001A117C 005C0073
001A1180 00690057
001A1184 0053006E
001A1188 00530078
001A118C 006D005C
001A1190 006E0061
001A1194 00660069
001A1198 00730065
001A119C 00730074
001A11A0 0078005C
001A11A4 00360038
001A11A8 006D005F
001A11AC 00630069
001A11B0 006F0072
001A11B4 006F0073
001A11B8 00740066
001A11BC 0077002E
001A11C0 006E0069
001A11C4 006F0064
001A11C8 00730077
001A11CC 0069002E
001A11D0 002E002E
001A11D4 00740075
001A11D8 006D006F
001A11DC 00740061
001A11E0 006F0069
001A11E4 002E006E
001A11E8 00720070
001A11EC 0078006F
001A11F0 00730079
001A11F4 00750074
001A11F8 005F0062
001A11FC 00350036
001A1200 00350039
001A1204 00360062
001A1208 00310034
001A120C 00340034
001A1210 00630063
001A1214 00310066
001A1218 00660064
001A121C 0031005F
001A1220 0030002E
001A1224 0031002E
001A1228 00300039
001A122C 00310034
001A1230 0033002E
001A1234 00330036
001A1238 005F0036
001A123C 006F006E
001A1240 0065006E
001A1244 0030005F
001A1248 00360033
001A124C 00640036
001A1250 00630037
001A1254 00310038
001A1258 00630033
001A125C 00620037
001A1260 00310038
001A1264 002E0037
001A1268 0061006D
001A126C 0069006E
001A1270 00650066
001A1274 00740073
001A1278 00780000
001A127C 00360038
001A1280 006D005F
001A1284 00630069
001A1288 006F0072
001A128C 006F0073
001A1290 00740066
001A1294 0077002E
001A1298 006E0069
001A129C 006F0064
001A12A0 00730077
001A12A4 0069002E
001A12A8 002E002E
001A12AC 00740075
001A12B0 006D006F
001A12B4 00740061
001A12B8 006F0069
001A12BC 002E006E
001A12C0 00720070
001A12C4 0078006F
001A12C8 00730079
001A12CC 00750074
001A12D0 005F0062
001A12D4 00350036
001A12D8 00350039
001A12DC 00360062
001A12E0 00310034
001A12E4 00340034
001A12E8 00630063
001A12EC 00310066
001A12F0 00660064
001A12F4 0031005F
001A12F8 0030002E
001A12FC 0031002E
001A1300 00300039
001A1304 00310034
001A1308 0033002E
001A130C 00330036
001A1310 005F0036
001A1314 006F006E
001A1318 0065006E
001A131C 0030005F
001A1320 00360033
001A1324 00640036
001A1328 00630037
001A132C 00310038
001A1330 00630033
001A1334 00620037
001A1338 00310038
001A133C 00000037
001A1340 0069004D
001A1344 00720063
001A1348 0073006F
001A134C 0066006F
001A1350 002E0074
001A1354 00690057
001A1358 0064006E
001A135C 0077006F
001A1360 002E0073
001A1364 006F0043
001A1368 006D006D
001A136C 006E006F
001A1370 0043002D
001A1374 006E006F
001A1378 00720074
001A137C 006C006F
001A1380 002E0073
001A1384 00650052
001A1388 006F0073
001A138C 00720075
001A1390 00650063
001A1394 00000073
001A1398 0000006C
001A139C 00000000
001A13A0 0000013C
001A13A4 00001288
001A13A8 00000002
001A13AC 0000010C
001A13B0 000013C4
001A13B4 87F0D225
001A13B8 01D5ACDD
001A13BC 00000001
001A13C0 00000000
001A13C4 00000000
001A13C8 00000000
001A13CC 00000000
001A13D0 00000000
001A13D4 00000000
001A13D8 00000001
001A13DC 00000000
001A13E0 00000000
001A13E4 00000000
001A13E8 000000C2
001A13EC 000014D2
001A13F0 00000000
001A13F4 0000000A
001A13F8 00001596
001A13FC 00000000
001A1400 00000000
001A1404 0069004D
001A1408 00720063
001A140C 0073006F
001A1410 0066006F
001A1414 002E0074
001A1418 00690057
001A141C 0064006E
001A1420 0077006F
001A1424 002E0073
001A1428 006F0043
001A142C 006D006D
001A1430 006E006F
001A1434 0043002D
001A1438 006E006F
001A143C 00720074
001A1440 006C006F
001A1444 002E0073
001A1448 00650052
001A144C 006F0073
001A1450 00720075
001A1454 00650063
001A1458 002C0073
001A145C 0061006C
001A1460 0067006E
001A1464 00610075
001A1468 00650067
001A146C 0022003D
001A1470 006E0065
001A1474 0075002D
001A1478 00220073
001A147C 0070002C
001A1480 006F0072
001A1484 00650063
001A1488 00730073
001A148C 0072006F
001A1490 00720041
001A1494 00680063
001A1498 00740069
001A149C 00630065
001A14A0 00750074
001A14A4 00650072
001A14A8 0022003D
001A14AC 00380078
001A14B0 00220036
001A14B4 0070002C
001A14B8 00620075
001A14BC 0069006C
001A14C0 004B0063
001A14C4 00790065
001A14C8 006F0054
001A14CC 0065006B
001A14D0 003D006E
001A14D4 00360022
001A14D8 00390035
001A14DC 00620035
001A14E0 00340036
001A14E4 00340031
001A14E8 00630034
001A14EC 00660063
001A14F0 00640031
001A14F4 00220066
001A14F8 0074002C
001A14FC 00700079
001A1500 003D0065
001A1504 00770022
001A1508 006E0069
001A150C 00320033
001A1510 002C0022
001A1514 00650076
001A1518 00730072
001A151C 006F0069
001A1520 003D006E
001A1524 00350022
001A1528 0038002E
001A152C 002E0032
001A1530 00390031
001A1534 00340030
001A1538 002E0031
001A153C 00220031
001A1540 003A0043
001A1544 0057005C
001A1548 006E0069
001A154C 006F0064
001A1550 00730077
001A1554 0057005C
001A1558 006E0069
001A155C 00780053
001A1560 005C0053
001A1564 0061006D
001A1568 0069006E
001A156C 00650066
001A1570 00740073
001A1574 005C0073
001A1578 00380078
001A157C 005F0036
001A1580 0069006D
001A1584 00720063
001A1588 0073006F
001A158C 0066006F
001A1590 002E0074
001A1594 00690077
001A1598 0064006E
001A159C 0077006F
001A15A0 002E0073
001A15A4 002E0063
001A15A8 002D002E
001A15AC 006F0063
001A15B0 0074006E
001A15B4 006F0072
001A15B8 0073006C
001A15BC 0072002E
001A15C0 00730065
001A15C4 0075006F
001A15C8 00630072
001A15CC 00730065
001A15D0 0036005F
001A15D4 00390035
001A15D8 00620035
001A15DC 00340036
001A15E0 00340031
001A15E4 00630034
001A15E8 00660063
001A15EC 00640031
001A15F0 005F0066
001A15F4 002E0035
001A15F8 00320038
001A15FC 0031002E
001A1600 00300039
001A1604 00310034
001A1608 0031002E
001A160C 0065005F
001A1610 002D006E
001A1614 00730075
001A1618 0061005F
001A161C 00660038
001A1620 00640031
001A1624 00330061
001A1628 00370037
001A162C 00620064
001A1630 00620030
001A1634 00390065
001A1638 002E0065
001A163C 0061006D
001A1640 0069006E
001A1644 00650066
001A1648 00740073
001A164C 00780000
001A1650 00360038
001A1654 006D005F
001A1658 00630069
001A165C 006F0072
001A1660 006F0073
001A1664 00740066
001A1668 0077002E
001A166C 006E0069
001A1670 006F0064
001A1674 00730077
001A1678 0063002E
001A167C 002E002E
001A1680 0063002D
001A1684 006E006F
001A1688 00720074
001A168C 006C006F
001A1690 002E0073
001A1694 00650072
001A1698 006F0073
001A169C 00720075
001A16A0 00650063
001A16A4 005F0073
001A16A8 00350036
001A16AC 00350039
001A16B0 00360062
001A16B4 00310034
001A16B8 00340034
001A16BC 00630063
001A16C0 00310066
001A16C4 00660064
001A16C8 0035005F
001A16CC 0038002E
001A16D0 002E0032
001A16D4 00390031
001A16D8 00340030
001A16DC 002E0031
001A16E0 005F0031
001A16E4 006E0065
001A16E8 0075002D
001A16EC 005F0073
001A16F0 00380061
001A16F4 00310066
001A16F8 00610064
001A16FC 00370033
001A1700 00640037
001A1704 00300062
001A1708 00650062
001A170C 00650039
001A1710 00650000
001A1714 002D006E
001A1718 00530055
001A171C 00000000
001A1720 00000003
001A1724 000015AC
001A1728 00000001
001A172C 000015C4
001A1730 00000002
001A1734 000015C8
001A1738 00000003
001A173C 000015D0
001A1740 0000008C
001A1744 000000A4
001A1748 000000BC
001A174C 000000D4
001A1750 000000EC
001A1754 00000104
001A1758 64487353
001A175C 0000002C
001A1760 00000001
001A1764 00000001
001A1768 00000001
001A176C 00000012
001A1770 0000002C
001A1774 00000001
001A1778 000006F8
001A177C 00000000
001A1780 00000000
001A1784 8410DD16
001A1788 000001DC
001A178C 00000012
001A1790 000001F0
001A1794 00000014
001A1798 00000002
001A179C E07FDB66
001A17A0 00000204
001A17A4 0000003A
001A17A8 00000240
001A17AC 00000014
001A17B0 00000002
001A17B4 3DADB6A8
001A17B8 00000254
001A17BC 0000003A
001A17C0 00000290
001A17C4 00000014
001A17C8 00000002
001A17CC 2C6AEA9C
001A17D0 000002A4
001A17D4 00000016
001A17D8 000002BC
001A17DC 00000014
001A17E0 00000003
001A17E4 6C9FC0EC
001A17E8 000002D0
001A17EC 0000003E
001A17F0 00000310
001A17F4 00000014
001A17F8 00000003
001A17FC FB101B2E
001A1800 00000324
001A1804 0000003E
001A1808 00000364
001A180C 00000014
001A1810 00000003
001A1814 F1C4BC4F
001A1818 00000378
001A181C 00000018
001A1820 00000394
001A1824 00000014
001A1828 00000004
001A182C 951579FF
001A1830 000003A8
001A1834 00000040
001A1838 000003EC
001A183C 00000014
001A1840 00000004
001A1844 FCFDB03D
001A1848 00000400
001A184C 00000040
001A1850 00000444
001A1854 00000014
001A1858 00000004
001A185C CF954E19
001A1860 00000458
001A1864 00000016
001A1868 00000470
001A186C 00000014
001A1870 00000005
001A1874 0FCA2469
001A1878 00000484
001A187C 0000003E
001A1880 000004C4
001A1884 00000014
001A1888 00000005
001A188C 9E3A7EAB
001A1890 000004D8
001A1894 0000003E
001A1898 00000518
001A189C 00000014
001A18A0 00000005
001A18A4 D776461F
001A18A8 0000052C
001A18AC 00000016
001A18B0 00000544
001A18B4 00000014
001A18B8 00000005
001A18BC 17AB1C6F
001A18C0 00000558
001A18C4 0000003E
001A18C8 00000598
001A18CC 00000014
001A18D0 00000005
001A18D4 A61B76B1
001A18D8 000005AC
001A18DC 0000003E
001A18E0 000005EC
001A18E4 00000014
001A18E8 00000005
001A18EC BBF34EA2
001A18F0 00000600
001A18F4 00000020
001A18F8 00000624
001A18FC 00000014
001A1900 00000006
001A1904 43E85C52
001A1908 00000638
001A190C 00000048
001A1910 00000684
001A1914 00000014
001A1918 00000006
001A191C 13199490
001A1920 00000698
001A1924 00000048
001A1928 000006E4
001A192C 00000014
001A1930 00000006
001A1934 00780073
001A1938 006F0073
001A193C 002E0061
001A1940 006C0064
001A1944 0000006C
001A1948 00000014
001A194C 00000002
001A1950 00000000
001A1954 00000000
001A1958 00000000
001A195C 003A0043
001A1960 0057005C
001A1964 006E0069
001A1968 006F0064
001A196C 00730077
001A1970 0073005C
001A1974 00730079
001A1978 00650074
001A197C 0033006D
001A1980 005C0032
001A1984 00780073
001A1988 006F0073
001A198C 002E0061
001A1990 006C0064
001A1994 0000006C
001A1998 00000014
001A199C 0000000A
001A19A0 00000000
001A19A4 00000000
001A19A8 00000000
001A19AC 003A0043
001A19B0 0057005C
001A19B4 006E0069
001A19B8 006F0064
001A19BC 00730077
001A19C0 0053005C
001A19C4 00730079
001A19C8 004F0057
001A19CC 00360057
001A19D0 005C0034
001A19D4 00780073
001A19D8 006F0073
001A19DC 002E0061
001A19E0 006C0064
001A19E4 0000006C
001A19E8 00000014
001A19EC 0000000A
001A19F0 00000000
001A19F4 00000000
001A19F8 00000000
001A19FC 00640047
001A1A00 00500069
001A1A04 0075006C
001A1A08 002E0073
001A1A0C 006C0064
001A1A10 0000006C
001A1A14 00000014
001A1A18 00000002
001A1A1C 00000000
001A1A20 00000000
001A1A24 00000000
001A1A28 003A0043
001A1A2C 0057005C
001A1A30 006E0069
001A1A34 006F0064
001A1A38 00730077
001A1A3C 0073005C
001A1A40 00730079
001A1A44 00650074
001A1A48 0033006D
001A1A4C 005C0032
001A1A50 00640047
001A1A54 00500069
001A1A58 0075006C
001A1A5C 002E0073
001A1A60 006C0064
001A1A64 0000006C
001A1A68 00000014
001A1A6C 0000000A
001A1A70 00000000
001A1A74 00000000
001A1A78 00000000
001A1A7C 003A0043
001A1A80 0057005C
001A1A84 006E0069
001A1A88 006F0064
001A1A8C 00730077
001A1A90 0053005C
001A1A94 00730079
001A1A98 004F0057
001A1A9C 00360057
001A1AA0 005C0034
001A1AA4 00640047
001A1AA8 00500069
001A1AAC 0075006C
001A1AB0 002E0073
001A1AB4 006C0064
001A1AB8 0000006C
001A1ABC 00000014
001A1AC0 0000000A
001A1AC4 00000000
001A1AC8 00000000
001A1ACC 00000000
001A1AD0 006F0063
001A1AD4 0063006D
001A1AD8 006C0074
001A1ADC 00320033
001A1AE0 0064002E
001A1AE4 006C006C
001A1AE8 00000000
001A1AEC 00000014
001A1AF0 00000002
001A1AF4 00000000
001A1AF8 00000000
001A1AFC 00000000
001A1B00 003A0043
001A1B04 0057005C
001A1B08 006E0069
001A1B0C 006F0064
001A1B10 00730077
001A1B14 0073005C
001A1B18 00730079
001A1B1C 00650074
001A1B20 0033006D
001A1B24 005C0032
001A1B28 006F0063
001A1B2C 0063006D
001A1B30 006C0074
001A1B34 00320033
001A1B38 0064002E
001A1B3C 006C006C
001A1B40 00000000
001A1B44 00000014
001A1B48 0000000A
001A1B4C 00000000
001A1B50 00000000
001A1B54 00000000
001A1B58 003A0043
001A1B5C 0057005C
001A1B60 006E0069
001A1B64 006F0064
001A1B68 00730077
001A1B6C 0053005C
001A1B70 00730079
001A1B74 004F0057
001A1B78 00360057
001A1B7C 005C0034
001A1B80 006F0063
001A1B84 0063006D
001A1B88 006C0074
001A1B8C 00320033
001A1B90 0064002E
001A1B94 006C006C
001A1B98 00000000
001A1B9C 00000014
001A1BA0 0000000A
001A1BA4 00000000
001A1BA8 00000000
001A1BAC 00000000
001A1BB0 00780073
001A1BB4 006F0073
001A1BB8 00700061
001A1BBC 002E0073
001A1BC0 006C0064
001A1BC4 0000006C
001A1BC8 00000014
001A1BCC 00000002
001A1BD0 00000000
001A1BD4 00000000
001A1BD8 00000000
001A1BDC 003A0043
001A1BE0 0057005C
001A1BE4 006E0069
001A1BE8 006F0064
001A1BEC 00730077
001A1BF0 0073005C
001A1BF4 00730079
001A1BF8 00650074
001A1BFC 0033006D
001A1C00 005C0032
001A1C04 00780073
001A1C08 006F0073
001A1C0C 00700061
001A1C10 002E0073
001A1C14 006C0064
001A1C18 0000006C
001A1C1C 00000014
001A1C20 0000000A
001A1C24 00000000
001A1C28 00000000
001A1C2C 00000000
001A1C30 003A0043
001A1C34 0057005C
001A1C38 006E0069
001A1C3C 006F0064
001A1C40 00730077
001A1C44 0053005C
001A1C48 00730079
001A1C4C 004F0057
001A1C50 00360057
001A1C54 005C0034
001A1C58 00780073
001A1C5C 006F0073
001A1C60 00700061
001A1C64 002E0073
001A1C68 006C0064
001A1C6C 0000006C
001A1C70 00000014
001A1C74 0000000A
001A1C78 00000000
001A1C7C 00000000
001A1C80 00000000
001A1C84 00780073
001A1C88 006F0073
001A1C8C 00700061
001A1C90 002E0073
001A1C94 006C0074
001A1C98 00000062
001A1C9C 00000014
001A1CA0 00000002
001A1CA4 00000000
001A1CA8 00000000
001A1CAC 00000000
001A1CB0 003A0043
001A1CB4 0057005C
001A1CB8 006E0069
001A1CBC 006F0064
001A1CC0 00730077
001A1CC4 0073005C
001A1CC8 00730079
001A1CCC 00650074
001A1CD0 0033006D
001A1CD4 005C0032
001A1CD8 00780073
001A1CDC 006F0073
001A1CE0 00700061
001A1CE4 002E0073
001A1CE8 006C0074
001A1CEC 00000062
001A1CF0 00000014
001A1CF4 0000000A
001A1CF8 00000000
001A1CFC 00000000
001A1D00 00000000
001A1D04 003A0043
001A1D08 0057005C
001A1D0C 006E0069
001A1D10 006F0064
001A1D14 00730077
001A1D18 0053005C
001A1D1C 00730079
001A1D20 004F0057
001A1D24 00360057
001A1D28 005C0034
001A1D2C 00780073
001A1D30 006F0073
001A1D34 00700061
001A1D38 002E0073
001A1D3C 006C0074
001A1D40 00000062
001A1D44 00000014
001A1D48 0000000A
001A1D4C 00000000
001A1D50 00000000
001A1D54 00000000
001A1D58 006F0063
001A1D5C 0063006D
001A1D60 006C0074
001A1D64 00320033
001A1D68 0064002E
001A1D6C 006C006C
001A1D70 006D002E
001A1D74 00690075
001A1D78 00000000
001A1D7C 00000014
001A1D80 00000002
001A1D84 00000000
001A1D88 00000000
001A1D8C 00000000
001A1D90 003A0043
001A1D94 0057005C
001A1D98 006E0069
001A1D9C 006F0064
001A1DA0 00730077
001A1DA4 0073005C
001A1DA8 00730079
001A1DAC 00650074
001A1DB0 0033006D
001A1DB4 005C0032
001A1DB8 006F0063
001A1DBC 0063006D
001A1DC0 006C0074
001A1DC4 00320033
001A1DC8 0064002E
001A1DCC 006C006C
001A1DD0 006D002E
001A1DD4 00690075
001A1DD8 00000000
001A1DDC 00000014
001A1DE0 0000000A
001A1DE4 00000000
001A1DE8 00000000
001A1DEC 00000000
001A1DF0 003A0043
001A1DF4 0057005C
001A1DF8 006E0069
001A1DFC 006F0064
001A1E00 00730077
001A1E04 0053005C
001A1E08 00730079
001A1E0C 004F0057
001A1E10 00360057
001A1E14 005C0034
001A1E18 006F0063
001A1E1C 0063006D
001A1E20 006C0074
001A1E24 00320033
001A1E28 0064002E
001A1E2C 006C006C
001A1E30 006D002E
001A1E34 00690075
001A1E38 00000000
001A1E3C 00000014
001A1E40 0000000A
001A1E44 00000000
001A1E48 00000000
001A1E4C 00000000
001A1E50 0000000B
001A1E54 00000700
001A1E58 00000001
001A1E5C 00000758
001A1E60 00000003
001A1E64 0000075C
001A1E68 00000003
001A1E6C 00000768
001A1E70 00000000
001A1E74 00000000
001A1E78 00000002
001A1E7C 00000774
001A1E80 00000001
001A1E84 0000077C
001A1E88 00000002
001A1E8C 00000780
001A1E90 00000000
001A1E94 00000000
001A1E98 00000003
001A1E9C 00000788
001A1EA0 00000003
001A1EA4 00000794
001A1EA8 00000000
001A1EAC 00000000
001A1EB0 0000008C
001A1EB4 000000D4
001A1EB8 000000EC
001A1EBC 00000164
001A1EC0 0000005C
001A1EC4 00000134
001A1EC8 0000014C
001A1ECC 0000002C
001A1ED0 000000BC
001A1ED4 0000011C
001A1ED8 00000104
001A1EDC 000001C4
001A1EE0 00000044
001A1EE4 00000074
001A1EE8 000000A4
001A1EEC 0000017C
001A1EF0 00000194
001A1EF4 000001AC
001A1EF8 64487353
001A1EFC 0000002C
001A1F00 00000001
001A1F04 00000001
001A1F08 00000001
001A1F0C 0000001B
001A1F10 0000002C
001A1F14 00000001
001A1F18 00000DC0
001A1F1C 00000000
001A1F20 00000000
001A1F24 C2202D0A
001A1F28 000002B4
001A1F2C 0000001E
001A1F30 000002D4
001A1F34 00000052
001A1F38 00000004
001A1F3C 4B72E28F
001A1F40 00000328
001A1F44 00000018
001A1F48 00000344
001A1F4C 0000004C
001A1F50 00000004
001A1F54 BF8E2348
001A1F58 00000390
001A1F5C 00000022
001A1F60 000003B4
001A1F64 00000056
001A1F68 00000004
001A1F6C 6DC3F6FD
001A1F70 0000040C
001A1F74 0000001E
001A1F78 0000042C
001A1F7C 00000052
001A1F80 00000004
001A1F84 EACB0F6D
001A1F88 00000480
001A1F8C 00000022
001A1F90 000004A4
001A1F94 00000056
001A1F98 00000004
001A1F9C 62B796D2
001A1FA0 000004FC
001A1FA4 0000001E
001A1FA8 0000051C
001A1FAC 00000052
001A1FB0 00000004
001A1FB4 2A615CFF
001A1FB8 00000570
001A1FBC 00000024
001A1FC0 00000598
001A1FC4 00000058
001A1FC8 00000004
001A1FCC 51913E59
001A1FD0 000005F0
001A1FD4 00000016
001A1FD8 00000608
001A1FDC 0000004A
001A1FE0 00000004
001A1FE4 A5DE204F
001A1FE8 00000654
001A1FEC 0000001A
001A1FF0 00000670
001A1FF4 0000004E
001A1FF8 00000004
001A1FFC 25002E4F
001A2000 000006C0
001A2004 0000001A
001A2008 000006DC
001A200C 0000004E
001A2010 00000004
001A2014 BE68A734
001A2018 0000072C
001A201C 0000001E
001A2020 0000074C
001A2024 00000052
001A2028 00000004
001A202C 9CD5B65F
001A2030 000007A0
001A2034 0000001C
001A2038 000007C0
001A203C 00000050
001A2040 00000004
001A2044 B1612216
001A2048 00000810
001A204C 00000010
001A2050 00000824
001A2054 00000044
001A2058 00000004
001A205C 3EC77655
001A2060 00000868
001A2064 0000001A
001A2068 00000884
001A206C 0000004E
001A2070 00000004
001A2074 B2D54652
001A2078 000008D4
001A207C 0000000C
001A2080 000008E4
001A2084 00000040
001A2088 00000004
001A208C 73D3DCCE
001A2090 00000924
001A2094 0000000C
001A2098 00000934
001A209C 00000040
001A20A0 00000004
001A20A4 5214E84D
001A20A8 00000974
001A20AC 0000000E
001A20B0 00000984
001A20B4 00000042
001A20B8 00000004
001A20BC AB5FC3A6
001A20C0 000009C8
001A20C4 00000012
001A20C8 000009DC
001A20CC 00000046
001A20D0 00000004
001A20D4 8461E2C8
001A20D8 00000A24
001A20DC 00000020
001A20E0 00000A48
001A20E4 00000054
001A20E8 00000004
001A20EC 1645117B
001A20F0 00000A9C
001A20F4 0000001A
001A20F8 00000AB8
001A20FC 0000004E
001A2100 00000004
001A2104 162381D3
001A2108 00000B08
001A210C 00000018
001A2110 00000B24
001A2114 0000004C
001A2118 00000004
001A211C 8CF964DA
001A2120 00000B70
001A2124 0000001A
001A2128 00000B8C
001A212C 0000004E
001A2130 00000004
001A2134 321E02A8
001A2138 00000BDC
001A213C 00000022
001A2140 00000C00
001A2144 00000056
001A2148 00000004
001A214C F4E8060F
001A2150 00000C58
001A2154 0000001A
001A2158 00000C74
001A215C 0000004E
001A2160 00000004
001A2164 AC1B740A
001A2168 00000CC4
001A216C 00000008
001A2170 00000CD0
001A2174 0000003C
001A2178 00000004
001A217C 6F945AFD
001A2180 00000D0C
001A2184 00000010
001A2188 00000D20
001A218C 00000044
001A2190 00000004
001A2194 9B53C04D
001A2198 00000D64
001A219C 00000012
001A21A0 00000D78
001A21A4 00000046
001A21A8 00000004
001A21AC 006F0054
001A21B0 006C006F
001A21B4 00610062
001A21B8 00570072
001A21BC 006E0069
001A21C0 006F0064
001A21C4 00330077
001A21C8 00000032
001A21CC 00000018
001A21D0 00000000
001A21D4 0000001E
001A21D8 00000018
001A21DC 00000018
001A21E0 0000030C
001A21E4 006F0054
001A21E8 006C006F
001A21EC 00610062
001A21F0 00570072
001A21F4 006E0069
001A21F8 006F0064
001A21FC 00330077
001A2200 00000032
001A2204 006F0063
001A2208 0063006D
001A220C 006C0074
001A2210 00320033
001A2214 0064002E
001A2218 006C006C
001A221C 00000000
001A2220 006F0043
001A2224 0062006D
001A2228 0042006F
001A222C 0078006F
001A2230 00780045
001A2234 00320033
001A2238 00000000
001A223C 00000018
001A2240 00000000
001A2244 00000018
001A2248 00000018
001A224C 00000018
001A2250 00000376
001A2254 006F0043
001A2258 0062006D
001A225C 0042006F
001A2260 0078006F
001A2264 00780045
001A2268 00320033
001A226C 00630000
001A2270 006D006F
001A2274 00740063
001A2278 0033006C
001A227C 002E0032
001A2280 006C0064
001A2284 0000006C
001A2288 0073006D
001A228C 00740063
001A2290 0073006C
001A2294 0074005F
001A2298 00610072
001A229C 006B0063
001A22A0 00610062
001A22A4 00330072
001A22A8 00000032
001A22AC 00000018
001A22B0 00000000
001A22B4 00000022
001A22B8 00000018
001A22BC 00000018
001A22C0 000003F0
001A22C4 0073006D
001A22C8 00740063
001A22CC 0073006C
001A22D0 0074005F
001A22D4 00610072
001A22D8 006B0063
001A22DC 00610062
001A22E0 00330072
001A22E4 00000032
001A22E8 006F0063
001A22EC 0063006D
001A22F0 006C0074
001A22F4 00320033
001A22F8 0064002E
001A22FC 006C006C
001A2300 00000000
001A2304 0073006D
001A2308 00740063
001A230C 0073006C
001A2310 0075005F
001A2314 00640070
001A2318 0077006F
001A231C 0033006E
001A2320 00000032
001A2324 00000018
001A2328 00000000
001A232C 0000001E
001A2330 00000018
001A2334 00000018
001A2338 00000464
001A233C 0073006D
001A2340 00740063
001A2344 0073006C
001A2348 0075005F
001A234C 00640070
001A2350 0077006F
001A2354 0033006E
001A2358 00000032
001A235C 006F0063
001A2360 0063006D
001A2364 006C0074
001A2368 00320033
001A236C 0064002E
001A2370 006C006C
001A2374 00000000
001A2378 0073006D
001A237C 00740063
001A2380 0073006C
001A2384 0070005F
001A2388 006F0072
001A238C 00720067
001A2390 00730065
001A2394 00330073
001A2398 00000032
001A239C 00000018
001A23A0 00000000
001A23A4 00000022
001A23A8 00000018
001A23AC 00000018
001A23B0 000004E0
001A23B4 0073006D
001A23B8 00740063
001A23BC 0073006C
001A23C0 0070005F
001A23C4 006F0072
001A23C8 00720067
001A23CC 00730065
001A23D0 00330073
001A23D4 00000032
001A23D8 006F0063
001A23DC 0063006D
001A23E0 006C0074
001A23E4 00320033
001A23E8 0064002E
001A23EC 006C006C
001A23F0 00000000
001A23F4 0073006D
001A23F8 00740063
001A23FC 0073006C
001A2400 0068005F
001A2404 0074006F
001A2408 0065006B
001A240C 00330079
001A2410 00000032
001A2414 00000018
001A2418 00000000
001A241C 0000001E
001A2420 00000018
001A2424 00000018
001A2428 00000554
001A242C 0073006D
001A2430 00740063
001A2434 0073006C
001A2438 0068005F
001A243C 0074006F
001A2440 0065006B
001A2444 00330079
001A2448 00000032
001A244C 006F0063
001A2450 0063006D
001A2454 006C0074
001A2458 00320033
001A245C 0064002E
001A2460 006C006C
001A2464 00000000
001A2468 0073006D
001A246C 00740063
001A2470 0073006C
001A2474 0073005F
001A2478 00610074
001A247C 00750074
001A2480 00620073
001A2484 00720061
001A2488 00320033
001A248C 00000000
001A2490 00000018
001A2494 00000000
001A2498 00000024
001A249C 00000018
001A24A0 00000018
001A24A4 000005D6
001A24A8 0073006D
001A24AC 00740063
001A24B0 0073006C
001A24B4 0073005F
001A24B8 00610074
001A24BC 00750074
001A24C0 00620073
001A24C4 00720061
001A24C8 00320033
001A24CC 00630000
001A24D0 006D006F
001A24D4 00740063
001A24D8 0033006C
001A24DC 002E0032
001A24E0 006C0064
001A24E4 0000006C
001A24E8 00790053
001A24EC 00480073
001A24F0 00610065
001A24F4 00650064
001A24F8 00330072
001A24FC 00000032
001A2500 00000018
001A2504 00000000
001A2508 00000016
001A250C 00000018
001A2510 00000018
001A2514 00000638

-----------------------------------------------------------------
History log:
-----------------------------------------------------------------
eCVirtualFileSystem::MountDir - Mount NOD pack file: E:\SteamLibrary\steamapps\common\Gothic 3/Data/Templates.nod for folder:#G3:/Data/Templates, Z:#532 -> '.\kernel\ge_message.cpp'
eCVirtualFileSystem::MountDir -> Succesfully mounted 'Data/Templates' -> 'Data/Templates', Z:#532 -> '.\kernel\ge_message.cpp'
eCVirtualFileSystem::MountDir - Mount incremental pack file: E:\SteamLibrary\steamapps\common\Gothic 3/Data/Strings.p00 for folder:#G3:/Data/Strings, Z:#532 -> '.\kernel\ge_message.cpp'
eCVirtualFileSystem::MountDir - Mount MOD pack file: E:\SteamLibrary\steamapps\common\Gothic 3/Data/Strings.mod for folder:#G3:/Data/Strings, Z:#532 -> '.\kernel\ge_message.cpp'
eCVirtualFileSystem::MountDir -> Succesfully mounted 'Data/Strings' -> 'Data/Strings', Z:#532 -> '.\kernel\ge_message.cpp'
eCVirtualFileSystem::MountDir -> Succesfully mounted 'Data/BrushPresets' -> 'Data/BrushPresets', Z:#532 -> '.\kernel\ge_message.cpp'
eCVirtualFileSystem::MountDir - Mount incremental pack file: E:\SteamLibrary\steamapps\common\Gothic 3/Data/_compiledAnimation.p00 for folder:#G3:/Data/_compiledAnimation, Z:#532 -> '.\kernel\ge_message.cpp'
eCVirtualFileSystem::MountDir - Mount MOD pack file: E:\SteamLibrary\steamapps\common\Gothic 3/Data/_compiledAnimation.mod for folder:#G3:/Data/_compiledAnimation, Z:#532 -> '.\kernel\ge_message.cpp'
eCVirtualFileSystem::MountDir -> Succesfully mounted 'Data/_compiledAnimation' -> 'Data/_compiledAnimation', Z:#532 -> '.\kernel\ge_message.cpp'
eCVirtualFileSystem::MountDir - Mount incremental pack file: E:\SteamLibrary\steamapps\common\Gothic 3/Data/_compiledImage.p00 for folder:#G3:/Data/_compiledImage, Z:#532 -> '.\kernel\ge_message.cpp'
eCVirtualFileSystem::MountDir - Mount MOD pack file: E:\SteamLibrary\steamapps\common\Gothic 3/Data/_compiledImage.mod for folder:#G3:/Data/_compiledImage, Z:#532 -> '.\kernel\ge_message.cpp'
eCVirtualFileSystem::MountDir -> Succesfully mounted 'Data/_compiledImage' -> 'Data/_compiledImage', Z:#532 -> '.\kernel\ge_message.cpp'
eCVirtualFileSystem::MountDir - Mount incremental pack file: E:\SteamLibrary\steamapps\common\Gothic 3/Data/_compiledMaterial.p00 for folder:#G3:/Data/_compiledMaterial, Z:#532 -> '.\kernel\ge_message.cpp'
eCVirtualFileSystem::MountDir - Mount MOD pack file: E:\SteamLibrary\steamapps\common\Gothic 3/Data/_compiledMaterial.mod for folder:#G3:/Data/_compiledMaterial, Z:#532 -> '.\kernel\ge_message.cpp'
eCVirtualFileSystem::MountDir -> Succesfully mounted 'Data/_compiledMaterial' -> 'Data/_compiledMaterial', Z:#532 -> '.\kernel\ge_message.cpp'
eCVirtualFileSystem::MountDir - Mount incremental pack file: E:\SteamLibrary\steamapps\common\Gothic 3/Data/_compiledMesh.p00 for folder:#G3:/Data/_compiledMesh, Z:#532 -> '.\kernel\ge_message.cpp'
eCVirtualFileSystem::MountDir - Mount MOD pack file: E:\SteamLibrary\steamapps\common\Gothic 3/Data/_compiledMesh.mod for folder:#G3:/Data/_compiledMesh, Z:#532 -> '.\kernel\ge_message.cpp'
eCVirtualFileSystem::MountDir -> Succesfully mounted 'Data/_compiledMesh' -> 'Data/_compiledMesh', Z:#532 -> '.\kernel\ge_message.cpp'
eCVirtualFileSystem::MountDir - Mount MOD pack file: E:\SteamLibrary\steamapps\common\Gothic 3/Data/_compiledPhysic.mod for folder:#G3:/Data/_compiledPhysic, Z:#532 -> '.\kernel\ge_message.cpp'
eCVirtualFileSystem::MountDir -> Succesfully mounted 'Data/_compiledPhysic' -> 'Data/_compiledPhysic', Z:#532 -> '.\kernel\ge_message.cpp'
eCVirtualFileSystem::MountDir -> Succesfully mounted 'Scripts' -> 'Scripts', Z:#532 -> '.\kernel\ge_message.cpp'
eCVirtualFileSystem::MountDir -> Succesfully mounted 'Backup' -> 'Backup', Z:#532 -> '.\kernel\ge_message.cpp'
eCVirtualFileSystem::MountDir -> Succesfully mounted 'Snapshots' -> 'Snapshots', Z:#532 -> '.\kernel\ge_message.cpp'
eCVirtualFileSystem::MountDir -> Succesfully mounted 'Data/LogicalEditor' -> 'Data/LogicalEditor', Z:#532 -> '.\kernel\ge_message.cpp'
eCVirtualFileSystem::MountDir -> Succesfully mounted 'Data/Video' -> 'Data/Video', Z:#532 -> '.\kernel\ge_message.cpp'
eCVirtualFileSystem::MountDir - Mount incremental pack file: E:\SteamLibrary\steamapps\common\Gothic 3/Data/Music.p00 for folder:#G3:/Data/Music, Z:#532 -> '.\kernel\ge_message.cpp'
eCVirtualFileSystem::MountDir - Mount MOD pack file: E:\SteamLibrary\steamapps\common\Gothic 3/Data/Music.mod for folder:#G3:/Data/Music, Z:#532 -> '.\kernel\ge_message.cpp'
eCVirtualFileSystem::MountDir -> Succesfully mounted 'Data/Music' -> 'Data/Music', Z:#532 -> '.\kernel\ge_message.cpp'
eCVirtualFileSystem::MountDir -> Succesfully mounted 'SaveGame' -> 'SaveGame', Z:#532 -> '.\kernel\ge_message.cpp'
eCVirtualFileSystem::MountDir - Mount incremental pack file: E:\SteamLibrary\steamapps\common\Gothic 3/Data/Speech_english.p00 for folder:#G3:/Data/Speech_english, Z:#532 -> '.\kernel\ge_message.cpp'
eCVirtualFileSystem::MountDir - Mount MOD pack file: E:\SteamLibrary\steamapps\common\Gothic 3/Data/Speech_english.mod for folder:#G3:/Data/Speech_english, Z:#532 -> '.\kernel\ge_message.cpp'
eCVirtualFileSystem::MountDir -> Succesfully mounted 'Data/Speech_english' -> 'Data/Speech_english', Z:#532 -> '.\kernel\ge_message.cpp'
eCApplication::Create - can´t open local configfile ge3local.ini, using master config values 
, Z:#532 -> '.\kernel\ge_message.cpp'
>>>>>>>>>>>>>>>>>> Hardware information <<<<<<<<<<<<<<<<<<<, Z:#532 -> '.\kernel\ge_message.cpp'
OS version information:       6.2.9200 Service Pack 0, Z:#532 -> '.\kernel\ge_message.cpp'
Number of processors:         8, Z:#532 -> '.\kernel\ge_message.cpp'
Physical memory total:        34297249792, Z:#532 -> '.\kernel\ge_message.cpp'
Physical memory available:    24971972608, Z:#532 -> '.\kernel\ge_message.cpp'
Virtual memory total:         4294836224, Z:#532 -> '.\kernel\ge_message.cpp'
Virtual memory available:     3971420160, Z:#532 -> '.\kernel\ge_message.cpp'
PageFile memory total:        39397523456, Z:#532 -> '.\kernel\ge_message.cpp'
PageFile memory available:    29199372288, Z:#532 -> '.\kernel\ge_message.cpp'
Memory load:                  27 percent, Z:#532 -> '.\kernel\ge_message.cpp'
SSE available:                1, Z:#532 -> '.\kernel\ge_message.cpp'
SSE2 available:               1, Z:#532 -> '.\kernel\ge_message.cpp'
NX Flag available:            1, Z:#532 -> '.\kernel\ge_message.cpp'
RDTSC Flag available:         1, Z:#532 -> '.\kernel\ge_message.cpp'
Display settings:             1920x1080@144, Z:#532 -> '.\kernel\ge_message.cpp'
>>>>>>>>>>>>>>>>>>>>>>>>>>>><<<<<<<<<<<<<<<<<<<<<<<<<<<<<<<, Z:#532 -> '.\kernel\ge_message.cpp'

-----------------------------------------------------------------
Memory dump and statistics:
-----------------------------------------------------------------
Memory statistics
----------------------------
Physical memory total:        32708 MB
Physical memory available:    21546 MB
Virtual  memory total:        4095 MB
Virtual  memory available:    1344 MB
PageFile memory total:        37572 MB
PageFile memory available:    25332 MB
Memory load:                  34 percent
 
SMALL / heaps:   275 blocks: 6367027/7308052 memory: 505443064/ 79970764/586579968 (used/free/windows)
MID   / heaps:    77 blocks:   14556/  15880 memory: 314356736/  8604672/322961408 (used/free/windows)
LARGE / heaps:     1 blocks:      22/     88 memory:  34365440/100700160/ 14184448 (used/peek/largest free)
BUFFER / heaps:     1 blocks:       0/      1 memory:      0/ 66559/ 98304/ 98304 kB (used/peek/largest free/windows)
 
low fragment heap: true / allocs failed: 0/0 / last maxmimum block size: 0 / peak blocks allocated: 88 not empty! / block sizes: 266240<73629696

*****************************************************************

Log created at: 05:28:15 PM
