Script_FrameCollisionTest diagnostic build loaded.
DiagnosticProfile: CORE
DeepDiagnostics: DISABLED
BehaviorCore: EngineBridge + FrameCollisionMarkers + CollisionSources + CollisionSourceOperations + CollisionLifecycleGuard + RuntimeClock
C1Repair: exact outstanding live equipped Item_Attack source -> Item_Equipped after native AISetState opportunity; no ClearTriggeredList.
MarkerFamilies: Normal Power Quick SimpleWhirl Whirl Pierce Hack
MarkerOpcodes: RIGHT LEFT BOTH OFF FIST
HACK_CALLBACK_IDENTITY TargetRVA=0x433D0 ExactlyOne=1 MatchCount=1 Name=OnAI_HackAttack Source=.\Script\AI\AI_Commands\AI_HackAttack.cpp
Installing behavior hooks...
Hooks installed.

===== MARKER OWNERSHIP DECISION =====
ElapsedMs: 30857.593
Actor: Ogre
Family: NORMAL
CurrentMovementAni: Ogre_Stand_None_2H_P0_Attack_Hit_N_Fwd_00_%_00_P1_100_R.xmot
Action: 1
AniPhase: 1
MatchingMotionFound: 1
MarkerScanValid: 1
ContainsReservedMarker: 0
RequiredSourceMask: 0
HasFistMarkers: 0
AuthoredRIGHTCount: 0
FirstRIGHTFrame: -1
AuthoredLEFTCount: 0
FirstLEFTFrame: -1
AuthoredBOTHCount: 0
FirstBOTHFrame: -1
AuthoredOFFCount: 0
FirstOFFFrame: -1
AuthoredFISTCount: 0
FirstFISTFrame: -1
RightSourceResolved: 1
RightSourceName: It_Axe_OgreMorningStar_01
RightSourceAddress: E6E64610
RightSourceUseType: 52
RightSourceCollisionGroup: 5
LeftSourceResolved: 0
SuppressNativeCallback: 0
=====================================

===== ENGINE SetCollisionGroup =====
ElapsedMs: 31120.079
Source: It_Axe_OgreMorningStar_01
SourceAddress: E6E64610
SlotAssociation: NONE
PlayerAction: 0
PlayerAniPhase: 12
PlayerStateTime: 12.664718
PlayerCurrentMovementAni: Hero_Stand_None_None_P0_Ambient_Ambient_N_Fwd_09_%_00_P0_0.xmot
RequestedGroup: 7
BeforeGroup: 5
AfterGroup: 7
RetiredMarkerSourceBitCount: 0
====================================

===== FIST HOOK ENTRY =====
HookKind: CAN_BE_ACTIVATED
ElapsedMs: 31120.244
HookEntryOrdinal: 1
ThisTouchDamageAddress: C4E29210
ThisOwnerEntityAddress: E6E64610
ThisOwnerEntityName: It_Axe_OgreMorningStar_01
ThisOwnerUseType: 52
PlayerEntityAddress: EBB66E10
ExistingResolverSourceAddress: 00000000
ExactTouchDamageIdentityMatch: 0
PlayerAction: 0
PlayerAniPhase: 12
PlayerStateTime: 12.664718
PlayerCurrentMovementAni: Hero_Stand_None_None_P0_Ambient_Ambient_N_Fwd_09_%_00_P0_0.xmot
DamageDisabled: 0
===========================

===== FIST HOOK ENTRY =====
HookKind: TRIGGER_TARGET
ElapsedMs: 31120.268
HookEntryOrdinal: 1
ThisTouchDamageAddress: C4E29210
ThisOwnerEntityAddress: E6E64610
ThisOwnerEntityName: It_Axe_OgreMorningStar_01
ThisOwnerUseType: 52
PlayerEntityAddress: EBB66E10
ExistingResolverSourceAddress: 00000000
ExactTouchDamageIdentityMatch: 0
PlayerAction: 0
PlayerAniPhase: 12
PlayerStateTime: 12.664718
PlayerCurrentMovementAni: Hero_Stand_None_None_P0_Ambient_Ambient_N_Fwd_09_%_00_P0_0.xmot
DamageDisabled: 0
===========================

===== ENTITY ONDAMAGE ENTRY =====
Boundary: ENTITY_ON_DAMAGE_ENTRY
ElapsedMs: 31121.692
HookEntryOrdinal: 1
CallerAddress: 00B29484
CallerModuleResolved: 1
CallerModule: Game.dll
CallerRVA: 0x00069484
ThisEntityAddress: EBB66E10
ThisEntityName: PC_Hero
EntityArg1Address: EBB66E10
EntityArg1Name: PC_Hero
EntityArg2Address: EBB66E10
EntityArg2Name: PC_Hero
IntArg1: 78
IntArg2: 2
ContactIteratorAddress: 0019E81C
PlayerEntityAddress: EBB66E10
PlayerAction: 0
PlayerAniPhase: 12
PlayerStateTime: 0.000000
PlayerCurrentMovementAni: Hero_Stand_None_None_P0_Ambient_Ambient_N_Fwd_09_%_00_P0_0.xmot
ExistingResolverFistSourceAddress: 00000000
ExistingResolverFistUseType: -1
ExistingResolverFistCollisionGroup: -1
ThisIsPlayer: 1
EntityArg1IsPlayer: 1
EntityArg2IsPlayer: 1
ThisIsResolvedFistSource: 0
EntityArg1IsResolvedFistSource: 0
EntityArg2IsResolvedFistSource: 0
=================================

===== C1 LIFECYCLE START =====
ElapsedMs: 31133.288
Actor: PC_Hero
Generation: 2
Status: CANDIDATE
ReplacedGeneration: 0
ReplacedOutstanding: 0
TrackedSourceCount: 0
==============================

===== C1 SCRIPT BINDING =====
ElapsedMs: 31133.298
Event: COMBAT_MOVE_CANDIDATE_BOUND
Actor: PC_Hero
Generation: 2
Status: CANDIDATE
Outstanding: 0
ScriptFunction: _AI_Stumble
SourceAddress: 00000000
=============================

===== C1 LIFECYCLE STATUS =====
ElapsedMs: 31133.637
Event: PERSISTED
Actor: PC_Hero
Generation: 2
Status: PERSISTED
Outstanding: 0
===============================

===== FIST HOOK ENTRY =====
HookKind: CAN_BE_ACTIVATED
ElapsedMs: 31248.434
HookEntryOrdinal: 2
ThisTouchDamageAddress: C4E29210
ThisOwnerEntityAddress: E6E64610
ThisOwnerEntityName: It_Axe_OgreMorningStar_01
ThisOwnerUseType: 52
PlayerEntityAddress: EBB66E10
ExistingResolverSourceAddress: 00000000
ExactTouchDamageIdentityMatch: 0
PlayerAction: 26
PlayerAniPhase: 1
PlayerStateTime: 0.128003
PlayerCurrentMovementAni: Hero_Stand_None_None_P0_StumbleR_Hit_N_Back_00_%_00_P0_90.xmot
DamageDisabled: 0
===========================

===== FIST HOOK ENTRY =====
HookKind: TRIGGER_TARGET
ElapsedMs: 31248.473
HookEntryOrdinal: 2
ThisTouchDamageAddress: C4E29210
ThisOwnerEntityAddress: E6E64610
ThisOwnerEntityName: It_Axe_OgreMorningStar_01
ThisOwnerUseType: 52
PlayerEntityAddress: EBB66E10
ExistingResolverSourceAddress: 00000000
ExactTouchDamageIdentityMatch: 0
PlayerAction: 26
PlayerAniPhase: 1
PlayerStateTime: 0.128003
PlayerCurrentMovementAni: Hero_Stand_None_None_P0_StumbleR_Hit_N_Back_00_%_00_P0_90.xmot
DamageDisabled: 0
===========================

===== ENGINE SetCollisionGroup =====
ElapsedMs: 31431.207
Source: It_Axe_OgreMorningStar_01
SourceAddress: E6E64610
SlotAssociation: NONE
PlayerAction: 26
PlayerAniPhase: 1
PlayerStateTime: 0.308299
PlayerCurrentMovementAni: Hero_Stand_None_None_P0_StumbleR_Hit_N_Back_00_%_00_P0_90.xmot
RequestedGroup: 5
BeforeGroup: 7
AfterGroup: 5
RetiredMarkerSourceBitCount: 0
====================================

===== C1 FINALIZATION =====
ElapsedMs: 31441.654
Reason: AISETSTATE_AFTER_ORIGINAL
Actor: PC_Hero
Generation: 2
Status: PERSISTED
TrackedSourceCount: 0
PhysicalCollisionChanged: 0
===========================

===== MARKER OWNERSHIP DECISION =====
ElapsedMs: 33172.181
Actor: Ogre
Family: POWER
CurrentMovementAni: Ogre_Stand_None_2H_P0_PowerAttack_Hit_N_Fwd_00_%_00_P1_100_R.xmot
Action: 2
AniPhase: 1
MatchingMotionFound: 1
MarkerScanValid: 1
ContainsReservedMarker: 0
RequiredSourceMask: 0
HasFistMarkers: 0
AuthoredRIGHTCount: 0
FirstRIGHTFrame: -1
AuthoredLEFTCount: 0
FirstLEFTFrame: -1
AuthoredBOTHCount: 0
FirstBOTHFrame: -1
AuthoredOFFCount: 0
FirstOFFFrame: -1
AuthoredFISTCount: 0
FirstFISTFrame: -1
RightSourceResolved: 1
RightSourceName: It_Axe_OgreMorningStar_01
RightSourceAddress: E6E64610
RightSourceUseType: 52
RightSourceCollisionGroup: 5
LeftSourceResolved: 0
SuppressNativeCallback: 0
=====================================

===== ENGINE SetCollisionGroup =====
ElapsedMs: 33172.267
Source: It_Axe_OgreMorningStar_01
SourceAddress: E6E64610
SlotAssociation: NONE
PlayerAction: 0
PlayerAniPhase: 5
PlayerStateTime: 1.729088
PlayerCurrentMovementAni: Hero_Stand_None_None_P0_Ambient_Loop_N_Fwd_00_%_02_P0_0.xmot
RequestedGroup: 7
BeforeGroup: 5
AfterGroup: 7
RetiredMarkerSourceBitCount: 0
====================================

===== FIST HOOK ENTRY =====
HookKind: CAN_BE_ACTIVATED
ElapsedMs: 33323.755
HookEntryOrdinal: 3
ThisTouchDamageAddress: C4E29210
ThisOwnerEntityAddress: E6E64610
ThisOwnerEntityName: It_Axe_OgreMorningStar_01
ThisOwnerUseType: 52
PlayerEntityAddress: EBB66E10
ExistingResolverSourceAddress: 00000000
ExactTouchDamageIdentityMatch: 0
PlayerAction: 0
PlayerAniPhase: 5
PlayerStateTime: 1.882070
PlayerCurrentMovementAni: Hero_Stand_None_None_P0_Ambient_Loop_N_Fwd_00_%_02_P0_0.xmot
DamageDisabled: 0
===========================

===== FIST HOOK ENTRY =====
HookKind: TRIGGER_TARGET
ElapsedMs: 33323.794
HookEntryOrdinal: 3
ThisTouchDamageAddress: C4E29210
ThisOwnerEntityAddress: E6E64610
ThisOwnerEntityName: It_Axe_OgreMorningStar_01
ThisOwnerUseType: 52
PlayerEntityAddress: EBB66E10
ExistingResolverSourceAddress: 00000000
ExactTouchDamageIdentityMatch: 0
PlayerAction: 0
PlayerAniPhase: 5
PlayerStateTime: 1.882070
PlayerCurrentMovementAni: Hero_Stand_None_None_P0_Ambient_Loop_N_Fwd_00_%_02_P0_0.xmot
DamageDisabled: 0
===========================

===== ENTITY ONDAMAGE ENTRY =====
Boundary: ENTITY_ON_DAMAGE_ENTRY
ElapsedMs: 33324.751
HookEntryOrdinal: 2
CallerAddress: 00B29484
CallerModuleResolved: 1
CallerModule: Game.dll
CallerRVA: 0x00069484
ThisEntityAddress: EBB66E10
ThisEntityName: PC_Hero
EntityArg1Address: EBB66E10
EntityArg1Name: PC_Hero
EntityArg2Address: EBB66E10
EntityArg2Name: PC_Hero
IntArg1: 156
IntArg2: 2
ContactIteratorAddress: 0019E81C
PlayerEntityAddress: EBB66E10
PlayerAction: 0
PlayerAniPhase: 5
PlayerStateTime: 0.000000
PlayerCurrentMovementAni: Hero_Stand_None_None_P0_Ambient_Loop_N_Fwd_00_%_02_P0_0.xmot
ExistingResolverFistSourceAddress: 00000000
ExistingResolverFistUseType: -1
ExistingResolverFistCollisionGroup: -1
ThisIsPlayer: 1
EntityArg1IsPlayer: 1
EntityArg2IsPlayer: 1
ThisIsResolvedFistSource: 0
EntityArg1IsResolvedFistSource: 0
EntityArg2IsResolvedFistSource: 0
=================================

===== C1 LIFECYCLE START =====
ElapsedMs: 33335.350
Actor: PC_Hero
Generation: 4
Status: CANDIDATE
ReplacedGeneration: 0
ReplacedOutstanding: 0
TrackedSourceCount: 0
==============================

===== C1 SCRIPT BINDING =====
ElapsedMs: 33335.359
Event: COMBAT_MOVE_CANDIDATE_BOUND
Actor: PC_Hero
Generation: 4
Status: CANDIDATE
Outstanding: 0
ScriptFunction: _AI_Stumble
SourceAddress: 00000000
=============================

===== C1 LIFECYCLE STATUS =====
ElapsedMs: 33335.415
Event: PERSISTED
Actor: PC_Hero
Generation: 4
Status: PERSISTED
Outstanding: 0
===============================

===== FIST HOOK ENTRY =====
HookKind: CAN_BE_ACTIVATED
ElapsedMs: 33354.732
HookEntryOrdinal: 4
ThisTouchDamageAddress: C4E29210
ThisOwnerEntityAddress: E6E64610
ThisOwnerEntityName: It_Axe_OgreMorningStar_01
ThisOwnerUseType: 52
PlayerEntityAddress: EBB66E10
ExistingResolverSourceAddress: 00000000
ExactTouchDamageIdentityMatch: 0
PlayerAction: 26
PlayerAniPhase: 1
PlayerStateTime: 0.031010
PlayerCurrentMovementAni: Hero_Stand_None_None_P0_StumbleR_Hit_N_Back_00_%_00_P0_90.xmot
DamageDisabled: 0
===========================

===== FIST HOOK ENTRY =====
HookKind: CAN_BE_ACTIVATED
ElapsedMs: 33364.309
HookEntryOrdinal: 5
ThisTouchDamageAddress: C4E29210
ThisOwnerEntityAddress: E6E64610
ThisOwnerEntityName: It_Axe_OgreMorningStar_01
ThisOwnerUseType: 52
PlayerEntityAddress: EBB66E10
ExistingResolverSourceAddress: 00000000
ExactTouchDamageIdentityMatch: 0
PlayerAction: 26
PlayerAniPhase: 1
PlayerStateTime: 0.040997
PlayerCurrentMovementAni: Hero_Stand_None_None_P0_StumbleR_Hit_N_Back_00_%_00_P0_90.xmot
DamageDisabled: 0
===========================

===== FIST HOOK ENTRY =====
HookKind: CAN_BE_ACTIVATED
ElapsedMs: 33382.656
HookEntryOrdinal: 6
ThisTouchDamageAddress: E3E18710
ThisOwnerEntityAddress: E2BFE610
ThisOwnerEntityName: It_2H_Sword_Flamberge
ThisOwnerUseType: 3
PlayerEntityAddress: EBB66E10
ExistingResolverSourceAddress: 00000000
ExactTouchDamageIdentityMatch: 0
PlayerAction: 26
PlayerAniPhase: 1
PlayerStateTime: 0.059009
PlayerCurrentMovementAni: Hero_Stand_None_None_P0_StumbleR_Hit_N_Back_00_%_00_P0_90.xmot
DamageDisabled: 0
===========================

===== FIST HOOK ENTRY =====
HookKind: TRIGGER_TARGET
ElapsedMs: 33382.693
HookEntryOrdinal: 4
ThisTouchDamageAddress: E3E18710
ThisOwnerEntityAddress: E2BFE610
ThisOwnerEntityName: It_2H_Sword_Flamberge
ThisOwnerUseType: 3
PlayerEntityAddress: EBB66E10
ExistingResolverSourceAddress: 00000000
ExactTouchDamageIdentityMatch: 0
PlayerAction: 26
PlayerAniPhase: 1
PlayerStateTime: 0.059009
PlayerCurrentMovementAni: Hero_Stand_None_None_P0_StumbleR_Hit_N_Back_00_%_00_P0_90.xmot
DamageDisabled: 0
===========================

===== FIST HOOK ENTRY =====
HookKind: CAN_BE_ACTIVATED
ElapsedMs: 33382.716
HookEntryOrdinal: 7
ThisTouchDamageAddress: C4E29210
ThisOwnerEntityAddress: E6E64610
ThisOwnerEntityName: It_Axe_OgreMorningStar_01
ThisOwnerUseType: 52
PlayerEntityAddress: EBB66E10
ExistingResolverSourceAddress: 00000000
ExactTouchDamageIdentityMatch: 0
PlayerAction: 26
PlayerAniPhase: 1
PlayerStateTime: 0.059009
PlayerCurrentMovementAni: Hero_Stand_None_None_P0_StumbleR_Hit_N_Back_00_%_00_P0_90.xmot
DamageDisabled: 0
===========================

===== FIST HOOK ENTRY =====
HookKind: TRIGGER_TARGET
ElapsedMs: 33382.739
HookEntryOrdinal: 5
ThisTouchDamageAddress: C4E29210
ThisOwnerEntityAddress: E6E64610
ThisOwnerEntityName: It_Axe_OgreMorningStar_01
ThisOwnerUseType: 52
PlayerEntityAddress: EBB66E10
ExistingResolverSourceAddress: 00000000
ExactTouchDamageIdentityMatch: 0
PlayerAction: 26
PlayerAniPhase: 1
PlayerStateTime: 0.059009
PlayerCurrentMovementAni: Hero_Stand_None_None_P0_StumbleR_Hit_N_Back_00_%_00_P0_90.xmot
DamageDisabled: 0
===========================

===== FIST HOOK ENTRY =====
HookKind: CAN_BE_ACTIVATED
ElapsedMs: 33451.076
HookEntryOrdinal: 8
ThisTouchDamageAddress: C4E29210
ThisOwnerEntityAddress: E6E64610
ThisOwnerEntityName: It_Axe_OgreMorningStar_01
ThisOwnerUseType: 52
PlayerEntityAddress: EBB66E10
ExistingResolverSourceAddress: 00000000
ExactTouchDamageIdentityMatch: 0
PlayerAction: 26
PlayerAniPhase: 1
PlayerStateTime: 0.127994
PlayerCurrentMovementAni: Hero_Stand_None_None_P0_StumbleR_Hit_N_Back_00_%_00_P0_90.xmot
DamageDisabled: 0
===========================

===== FIST HOOK ENTRY =====
HookKind: TRIGGER_TARGET
ElapsedMs: 33451.112
HookEntryOrdinal: 6
ThisTouchDamageAddress: C4E29210
ThisOwnerEntityAddress: E6E64610
ThisOwnerEntityName: It_Axe_OgreMorningStar_01
ThisOwnerUseType: 52
PlayerEntityAddress: EBB66E10
ExistingResolverSourceAddress: 00000000
ExactTouchDamageIdentityMatch: 0
PlayerAction: 26
PlayerAniPhase: 1
PlayerStateTime: 0.127994
PlayerCurrentMovementAni: Hero_Stand_None_None_P0_StumbleR_Hit_N_Back_00_%_00_P0_90.xmot
DamageDisabled: 0
===========================

===== ENGINE SetCollisionGroup =====
ElapsedMs: 33581.296
Source: It_Axe_OgreMorningStar_01
SourceAddress: E6E64610
SlotAssociation: NONE
PlayerAction: 26
PlayerAniPhase: 1
PlayerStateTime: 0.254984
PlayerCurrentMovementAni: Hero_Stand_None_None_P0_StumbleR_Hit_N_Back_00_%_00_P0_90.xmot
RequestedGroup: 5
BeforeGroup: 7
AfterGroup: 5
RetiredMarkerSourceBitCount: 0
====================================

===== C1 FINALIZATION =====
ElapsedMs: 33647.635
Reason: AISETSTATE_AFTER_ORIGINAL
Actor: PC_Hero
Generation: 4
Status: PERSISTED
TrackedSourceCount: 0
PhysicalCollisionChanged: 0
===========================

===== MARKER OWNERSHIP DECISION =====
ElapsedMs: 36670.270
Actor: Ogre
Family: QUICK
CurrentMovementAni: Ogre_Stand_None_2H_P0_QuickAttackR_Hit_N_Fwd_00_%_00_P1_100_R.xmot
Action: 4
AniPhase: 1
MatchingMotionFound: 1
MarkerScanValid: 1
ContainsReservedMarker: 0
RequiredSourceMask: 0
HasFistMarkers: 0
AuthoredRIGHTCount: 0
FirstRIGHTFrame: -1
AuthoredLEFTCount: 0
FirstLEFTFrame: -1
AuthoredBOTHCount: 0
FirstBOTHFrame: -1
AuthoredOFFCount: 0
FirstOFFFrame: -1
AuthoredFISTCount: 0
FirstFISTFrame: -1
RightSourceResolved: 1
RightSourceName: It_Axe_OgreMorningStar_01
RightSourceAddress: E6E64610
RightSourceUseType: 52
RightSourceCollisionGroup: 5
LeftSourceResolved: 0
SuppressNativeCallback: 0
=====================================

===== ENGINE SetCollisionGroup =====
ElapsedMs: 36770.229
Source: It_Axe_OgreMorningStar_01
SourceAddress: E6E64610
SlotAssociation: NONE
PlayerAction: 0
PlayerAniPhase: 5
PlayerStateTime: 3.125188
PlayerCurrentMovementAni: Hero_Stand_None_None_P0_Ambient_Loop_N_Fwd_00_%_02_P0_0.xmot
RequestedGroup: 7
BeforeGroup: 5
AfterGroup: 7
RetiredMarkerSourceBitCount: 0
====================================

===== FIST HOOK ENTRY =====
HookKind: CAN_BE_ACTIVATED
ElapsedMs: 36818.289
HookEntryOrdinal: 9
ThisTouchDamageAddress: C4E29210
ThisOwnerEntityAddress: E6E64610
ThisOwnerEntityName: It_Axe_OgreMorningStar_01
ThisOwnerUseType: 52
PlayerEntityAddress: EBB66E10
ExistingResolverSourceAddress: 00000000
ExactTouchDamageIdentityMatch: 0
PlayerAction: 0
PlayerAniPhase: 5
PlayerStateTime: 3.173173
PlayerCurrentMovementAni: Hero_Stand_None_None_P0_Ambient_Loop_N_Fwd_00_%_02_P0_0.xmot
DamageDisabled: 0
===========================

===== FIST HOOK ENTRY =====
HookKind: TRIGGER_TARGET
ElapsedMs: 36818.376
HookEntryOrdinal: 7
ThisTouchDamageAddress: C4E29210
ThisOwnerEntityAddress: E6E64610
ThisOwnerEntityName: It_Axe_OgreMorningStar_01
ThisOwnerUseType: 52
PlayerEntityAddress: EBB66E10
ExistingResolverSourceAddress: 00000000
ExactTouchDamageIdentityMatch: 0
PlayerAction: 0
PlayerAniPhase: 5
PlayerStateTime: 3.173173
PlayerCurrentMovementAni: Hero_Stand_None_None_P0_Ambient_Loop_N_Fwd_00_%_02_P0_0.xmot
DamageDisabled: 0
===========================

===== ENTITY ONDAMAGE ENTRY =====
Boundary: ENTITY_ON_DAMAGE_ENTRY
ElapsedMs: 36819.843
HookEntryOrdinal: 3
CallerAddress: 00B29484
CallerModuleResolved: 1
CallerModule: Game.dll
CallerRVA: 0x00069484
ThisEntityAddress: EBB66E10
ThisEntityName: PC_Hero
EntityArg1Address: EBB66E10
EntityArg1Name: PC_Hero
EntityArg2Address: EBB66E10
EntityArg2Name: PC_Hero
IntArg1: 39
IntArg2: 2
ContactIteratorAddress: 0019E81C
PlayerEntityAddress: EBB66E10
PlayerAction: 0
PlayerAniPhase: 5
PlayerStateTime: 0.000000
PlayerCurrentMovementAni: Hero_Stand_None_None_P0_Ambient_Loop_N_Fwd_00_%_02_P0_0.xmot
ExistingResolverFistSourceAddress: 00000000
ExistingResolverFistUseType: -1
ExistingResolverFistCollisionGroup: -1
ThisIsPlayer: 1
EntityArg1IsPlayer: 1
EntityArg2IsPlayer: 1
ThisIsResolvedFistSource: 0
EntityArg1IsResolvedFistSource: 0
EntityArg2IsResolvedFistSource: 0
=================================

===== C1 LIFECYCLE START =====
ElapsedMs: 36830.803
Actor: PC_Hero
Generation: 7
Status: CANDIDATE
ReplacedGeneration: 0
ReplacedOutstanding: 0
TrackedSourceCount: 0
==============================

===== C1 SCRIPT BINDING =====
ElapsedMs: 36830.812
Event: COMBAT_MOVE_CANDIDATE_BOUND
Actor: PC_Hero
Generation: 7
Status: CANDIDATE
Outstanding: 0
ScriptFunction: _AI_Stumble
SourceAddress: 00000000
=============================

===== C1 LIFECYCLE STATUS =====
ElapsedMs: 36830.869
Event: PERSISTED
Actor: PC_Hero
Generation: 7
Status: PERSISTED
Outstanding: 0
===============================

===== ENGINE SetCollisionGroup =====
ElapsedMs: 37076.387
Source: It_Axe_OgreMorningStar_01
SourceAddress: E6E64610
SlotAssociation: NONE
PlayerAction: 26
PlayerAniPhase: 1
PlayerStateTime: 0.253984
PlayerCurrentMovementAni: Hero_Stand_None_None_P0_StumbleR_Hit_N_Back_00_%_00_P0_90.xmot
RequestedGroup: 5
BeforeGroup: 7
AfterGroup: 5
RetiredMarkerSourceBitCount: 0
====================================

===== C1 FINALIZATION =====
ElapsedMs: 37142.066
Reason: AISETSTATE_AFTER_ORIGINAL
Actor: PC_Hero
Generation: 7
Status: PERSISTED
TrackedSourceCount: 0
PhysicalCollisionChanged: 0
===========================

===== ENGINE SetCollisionGroup =====
ElapsedMs: 40570.050
Source: It_Axe_OgreMorningStar_01
SourceAddress: E6E64610
SlotAssociation: NONE
PlayerAction: 0
PlayerAniPhase: 5
PlayerStateTime: 3.431621
PlayerCurrentMovementAni: Hero_Stand_None_None_P0_Ambient_Loop_N_Fwd_00_%_02_P0_0.xmot
RequestedGroup: 7
BeforeGroup: 5
AfterGroup: 7
RetiredMarkerSourceBitCount: 0
====================================

===== FIST HOOK ENTRY =====
HookKind: CAN_BE_ACTIVATED
ElapsedMs: 40648.104
HookEntryOrdinal: 10
ThisTouchDamageAddress: C4E29210
ThisOwnerEntityAddress: E6E64610
ThisOwnerEntityName: It_Axe_OgreMorningStar_01
ThisOwnerUseType: 52
PlayerEntityAddress: EBB66E10
ExistingResolverSourceAddress: 00000000
ExactTouchDamageIdentityMatch: 0
PlayerAction: 0
PlayerAniPhase: 5
PlayerStateTime: 3.509606
PlayerCurrentMovementAni: Hero_Stand_None_None_P0_Ambient_Loop_N_Fwd_00_%_02_P0_0.xmot
DamageDisabled: 0
===========================

===== FIST HOOK ENTRY =====
HookKind: TRIGGER_TARGET
ElapsedMs: 40648.147
HookEntryOrdinal: 8
ThisTouchDamageAddress: C4E29210
ThisOwnerEntityAddress: E6E64610
ThisOwnerEntityName: It_Axe_OgreMorningStar_01
ThisOwnerUseType: 52
PlayerEntityAddress: EBB66E10
ExistingResolverSourceAddress: 00000000
ExactTouchDamageIdentityMatch: 0
PlayerAction: 0
PlayerAniPhase: 5
PlayerStateTime: 3.509606
PlayerCurrentMovementAni: Hero_Stand_None_None_P0_Ambient_Loop_N_Fwd_00_%_02_P0_0.xmot
DamageDisabled: 0
===========================

===== ENTITY ONDAMAGE ENTRY =====
Boundary: ENTITY_ON_DAMAGE_ENTRY
ElapsedMs: 40648.346
HookEntryOrdinal: 4
CallerAddress: 00B29484
CallerModuleResolved: 1
CallerModule: Game.dll
CallerRVA: 0x00069484
ThisEntityAddress: EBB66E10
ThisEntityName: PC_Hero
EntityArg1Address: EBB66E10
EntityArg1Name: PC_Hero
EntityArg2Address: EBB66E10
EntityArg2Name: PC_Hero
IntArg1: 39
IntArg2: 2
ContactIteratorAddress: 0019E81C
PlayerEntityAddress: EBB66E10
PlayerAction: 0
PlayerAniPhase: 5
PlayerStateTime: 0.000000
PlayerCurrentMovementAni: Hero_Stand_None_None_P0_Ambient_Loop_N_Fwd_00_%_02_P0_0.xmot
ExistingResolverFistSourceAddress: 00000000
ExistingResolverFistUseType: -1
ExistingResolverFistCollisionGroup: -1
ThisIsPlayer: 1
EntityArg1IsPlayer: 1
EntityArg2IsPlayer: 1
ThisIsResolvedFistSource: 0
EntityArg1IsResolvedFistSource: 0
EntityArg2IsResolvedFistSource: 0
=================================

===== C1 LIFECYCLE START =====
ElapsedMs: 40658.856
Actor: PC_Hero
Generation: 10
Status: CANDIDATE
ReplacedGeneration: 0
ReplacedOutstanding: 0
TrackedSourceCount: 0
==============================

===== C1 SCRIPT BINDING =====
ElapsedMs: 40658.865
Event: COMBAT_MOVE_CANDIDATE_BOUND
Actor: PC_Hero
Generation: 10
Status: CANDIDATE
Outstanding: 0
ScriptFunction: _AI_Stumble
SourceAddress: 00000000
=============================

===== C1 LIFECYCLE STATUS =====
ElapsedMs: 40658.924
Event: PERSISTED
Actor: PC_Hero
Generation: 10
Status: PERSISTED
Outstanding: 0
===============================

===== ENGINE SetCollisionGroup =====
ElapsedMs: 40875.517
Source: It_Axe_OgreMorningStar_01
SourceAddress: E6E64610
SlotAssociation: NONE
PlayerAction: 26
PlayerAniPhase: 1
PlayerStateTime: 0.226988
PlayerCurrentMovementAni: Hero_Stand_None_None_P0_StumbleR_Hit_N_Back_00_%_00_P0_90.xmot
RequestedGroup: 5
BeforeGroup: 7
AfterGroup: 5
RetiredMarkerSourceBitCount: 0
====================================

===== C1 FINALIZATION =====
ElapsedMs: 40967.691
Reason: AISETSTATE_AFTER_ORIGINAL
Actor: PC_Hero
Generation: 10
Status: PERSISTED
TrackedSourceCount: 0
PhysicalCollisionChanged: 0
===========================

===== ENGINE SetCollisionGroup =====
ElapsedMs: 42563.508
Source: It_Axe_OgreMorningStar_01
SourceAddress: E6E64610
SlotAssociation: NONE
PlayerAction: 0
PlayerAniPhase: 12
PlayerStateTime: 1.585373
PlayerCurrentMovementAni: Hero_Stand_None_None_P0_Move_Turn90_N_Right_00_%_00_P0_0.xmot
RequestedGroup: 7
BeforeGroup: 5
AfterGroup: 7
RetiredMarkerSourceBitCount: 0
====================================

===== MARKER OWNERSHIP DECISION =====
ElapsedMs: 44143.387
Actor: Ogre
Family: NORMAL
CurrentMovementAni: Ogre_Stand_None_2H_P0_Attack_Hit_N_Fwd_00_%_00_P1_100_R.xmot
Action: 1
AniPhase: 1
MatchingMotionFound: 1
MarkerScanValid: 1
ContainsReservedMarker: 0
RequiredSourceMask: 0
HasFistMarkers: 0
AuthoredRIGHTCount: 0
FirstRIGHTFrame: -1
AuthoredLEFTCount: 0
FirstLEFTFrame: -1
AuthoredBOTHCount: 0
FirstBOTHFrame: -1
AuthoredOFFCount: 0
FirstOFFFrame: -1
AuthoredFISTCount: 0
FirstFISTFrame: -1
RightSourceResolved: 1
RightSourceName: It_Axe_OgreMorningStar_01
RightSourceAddress: E6E64610
RightSourceUseType: 52
RightSourceCollisionGroup: 7
LeftSourceResolved: 0
SuppressNativeCallback: 0
=====================================

===== ENGINE SetCollisionGroup =====
ElapsedMs: 44402.363
Source: It_Axe_OgreMorningStar_01
SourceAddress: E6E64610
SlotAssociation: NONE
PlayerAction: 0
PlayerAniPhase: 5
PlayerStateTime: 3.426138
PlayerCurrentMovementAni: Hero_Stand_None_None_P0_Ambient_Loop_N_Fwd_01_%_00_P0_0.xmot
RequestedGroup: 7
BeforeGroup: 7
AfterGroup: 7
RetiredMarkerSourceBitCount: 0
====================================

===== FIST HOOK ENTRY =====
HookKind: CAN_BE_ACTIVATED
ElapsedMs: 44414.962
HookEntryOrdinal: 11
ThisTouchDamageAddress: C4E29210
ThisOwnerEntityAddress: E6E64610
ThisOwnerEntityName: It_Axe_OgreMorningStar_01
ThisOwnerUseType: 52
PlayerEntityAddress: EBB66E10
ExistingResolverSourceAddress: 00000000
ExactTouchDamageIdentityMatch: 0
PlayerAction: 0
PlayerAniPhase: 5
PlayerStateTime: 3.444151
PlayerCurrentMovementAni: Hero_Stand_None_None_P0_Ambient_Loop_N_Fwd_01_%_00_P0_0.xmot
DamageDisabled: 0
===========================

===== FIST HOOK ENTRY =====
HookKind: TRIGGER_TARGET
ElapsedMs: 44415.002
HookEntryOrdinal: 9
ThisTouchDamageAddress: C4E29210
ThisOwnerEntityAddress: E6E64610
ThisOwnerEntityName: It_Axe_OgreMorningStar_01
ThisOwnerUseType: 52
PlayerEntityAddress: EBB66E10
ExistingResolverSourceAddress: 00000000
ExactTouchDamageIdentityMatch: 0
PlayerAction: 0
PlayerAniPhase: 5
PlayerStateTime: 3.444151
PlayerCurrentMovementAni: Hero_Stand_None_None_P0_Ambient_Loop_N_Fwd_01_%_00_P0_0.xmot
DamageDisabled: 0
===========================

===== ENTITY ONDAMAGE ENTRY =====
Boundary: ENTITY_ON_DAMAGE_ENTRY
ElapsedMs: 44415.207
HookEntryOrdinal: 5
CallerAddress: 00B29484
CallerModuleResolved: 1
CallerModule: Game.dll
CallerRVA: 0x00069484
ThisEntityAddress: EBB66E10
ThisEntityName: PC_Hero
EntityArg1Address: EBB66E10
EntityArg1Name: PC_Hero
EntityArg2Address: EBB66E10
EntityArg2Name: PC_Hero
IntArg1: 78
IntArg2: 2
ContactIteratorAddress: 0019E81C
PlayerEntityAddress: EBB66E10
PlayerAction: 0
PlayerAniPhase: 5
PlayerStateTime: 0.000000
PlayerCurrentMovementAni: Hero_Stand_None_None_P0_Ambient_Loop_N_Fwd_01_%_00_P0_0.xmot
ExistingResolverFistSourceAddress: 00000000
ExistingResolverFistUseType: -1
ExistingResolverFistCollisionGroup: -1
ThisIsPlayer: 1
EntityArg1IsPlayer: 1
EntityArg2IsPlayer: 1
ThisIsResolvedFistSource: 0
EntityArg1IsResolvedFistSource: 0
EntityArg2IsResolvedFistSource: 0
=================================

===== C1 LIFECYCLE START =====
ElapsedMs: 44426.195
Actor: PC_Hero
Generation: 13
Status: CANDIDATE
ReplacedGeneration: 0
ReplacedOutstanding: 0
TrackedSourceCount: 0
==============================

===== C1 SCRIPT BINDING =====
ElapsedMs: 44426.205
Event: COMBAT_MOVE_CANDIDATE_BOUND
Actor: PC_Hero
Generation: 13
Status: CANDIDATE
Outstanding: 0
ScriptFunction: _AI_Stumble
SourceAddress: 00000000
=============================

===== C1 LIFECYCLE STATUS =====
ElapsedMs: 44426.264
Event: PERSISTED
Actor: PC_Hero
Generation: 13
Status: PERSISTED
Outstanding: 0
===============================

===== ENGINE SetCollisionGroup =====
ElapsedMs: 44721.378
Source: It_Axe_OgreMorningStar_01
SourceAddress: E6E64610
SlotAssociation: NONE
PlayerAction: 26
PlayerAniPhase: 1
PlayerStateTime: 0.301283
PlayerCurrentMovementAni: Hero_Stand_None_None_P0_StumbleR_Hit_N_Back_00_%_00_P0_90.xmot
RequestedGroup: 5
BeforeGroup: 7
AfterGroup: 5
RetiredMarkerSourceBitCount: 0
====================================

===== C1 FINALIZATION =====
ElapsedMs: 44733.625
Reason: AISETSTATE_AFTER_ORIGINAL
Actor: PC_Hero
Generation: 13
Status: PERSISTED
TrackedSourceCount: 0
PhysicalCollisionChanged: 0
===========================

===== ENGINE SetCollisionGroup =====
ElapsedMs: 46751.143
Source: It_Axe_OgreMorningStar_01
SourceAddress: E6E64610
SlotAssociation: NONE
PlayerAction: 0
PlayerAniPhase: 5
PlayerStateTime: 2.012006
PlayerCurrentMovementAni: Hero_Stand_None_None_P0_Ambient_Loop_N_Fwd_01_%_00_P0_0.xmot
RequestedGroup: 7
BeforeGroup: 5
AfterGroup: 7
RetiredMarkerSourceBitCount: 0
====================================

===== FIST HOOK ENTRY =====
HookKind: CAN_BE_ACTIVATED
ElapsedMs: 46787.368
HookEntryOrdinal: 12
ThisTouchDamageAddress: C4E29210
ThisOwnerEntityAddress: E6E64610
ThisOwnerEntityName: It_Axe_OgreMorningStar_01
ThisOwnerUseType: 52
PlayerEntityAddress: EBB66E10
ExistingResolverSourceAddress: 00000000
ExactTouchDamageIdentityMatch: 0
PlayerAction: 0
PlayerAniPhase: 5
PlayerStateTime: 2.051989
PlayerCurrentMovementAni: Hero_Stand_None_None_P0_Ambient_Loop_N_Fwd_01_%_00_P0_0.xmot
DamageDisabled: 0
===========================

===== FIST HOOK ENTRY =====
HookKind: TRIGGER_TARGET
ElapsedMs: 46787.412
HookEntryOrdinal: 10
ThisTouchDamageAddress: C4E29210
ThisOwnerEntityAddress: E6E64610
ThisOwnerEntityName: It_Axe_OgreMorningStar_01
ThisOwnerUseType: 52
PlayerEntityAddress: EBB66E10
ExistingResolverSourceAddress: 00000000
ExactTouchDamageIdentityMatch: 0
PlayerAction: 0
PlayerAniPhase: 5
PlayerStateTime: 2.051989
PlayerCurrentMovementAni: Hero_Stand_None_None_P0_Ambient_Loop_N_Fwd_01_%_00_P0_0.xmot
DamageDisabled: 0
===========================

===== ENTITY ONDAMAGE ENTRY =====
Boundary: ENTITY_ON_DAMAGE_ENTRY
ElapsedMs: 46788.791
HookEntryOrdinal: 6
CallerAddress: 00B29484
CallerModuleResolved: 1
CallerModule: Game.dll
CallerRVA: 0x00069484
ThisEntityAddress: EBB66E10
ThisEntityName: PC_Hero
EntityArg1Address: EBB66E10
EntityArg1Name: PC_Hero
EntityArg2Address: EBB66E10
EntityArg2Name: PC_Hero
IntArg1: 78
IntArg2: 2
ContactIteratorAddress: 0019E81C
PlayerEntityAddress: EBB66E10
PlayerAction: 0
PlayerAniPhase: 5
PlayerStateTime: 0.000000
PlayerCurrentMovementAni: Hero_Stand_None_None_P0_Ambient_Loop_N_Fwd_01_%_00_P0_0.xmot
ExistingResolverFistSourceAddress: 00000000
ExistingResolverFistUseType: -1
ExistingResolverFistCollisionGroup: -1
ThisIsPlayer: 1
EntityArg1IsPlayer: 1
EntityArg2IsPlayer: 1
ThisIsResolvedFistSource: 0
EntityArg1IsResolvedFistSource: 0
EntityArg2IsResolvedFistSource: 0
=================================

===== C1 LIFECYCLE START =====
ElapsedMs: 46801.550
Actor: PC_Hero
Generation: 15
Status: CANDIDATE
ReplacedGeneration: 0
ReplacedOutstanding: 0
TrackedSourceCount: 0
==============================

===== C1 SCRIPT BINDING =====
ElapsedMs: 46801.560
Event: COMBAT_MOVE_CANDIDATE_BOUND
Actor: PC_Hero
Generation: 15
Status: CANDIDATE
Outstanding: 0
ScriptFunction: _AI_Stumble
SourceAddress: 00000000
=============================

===== C1 LIFECYCLE STATUS =====
ElapsedMs: 46801.616
Event: PERSISTED
Actor: PC_Hero
Generation: 15
Status: PERSISTED
Outstanding: 0
===============================

===== FIST HOOK ENTRY =====
HookKind: CAN_BE_ACTIVATED
ElapsedMs: 46810.881
HookEntryOrdinal: 13
ThisTouchDamageAddress: C4E29210
ThisOwnerEntityAddress: E6E64610
ThisOwnerEntityName: It_Axe_OgreMorningStar_01
ThisOwnerUseType: 52
PlayerEntityAddress: EBB66E10
ExistingResolverSourceAddress: 00000000
ExactTouchDamageIdentityMatch: 0
PlayerAction: 26
PlayerAniPhase: 1
PlayerStateTime: 0.025996
PlayerCurrentMovementAni: Hero_Stand_None_None_P0_StumbleR_Hit_N_Back_00_%_00_P0_90.xmot
DamageDisabled: 0
===========================

===== FIST HOOK ENTRY =====
HookKind: TRIGGER_TARGET
ElapsedMs: 46810.917
HookEntryOrdinal: 11
ThisTouchDamageAddress: C4E29210
ThisOwnerEntityAddress: E6E64610
ThisOwnerEntityName: It_Axe_OgreMorningStar_01
ThisOwnerUseType: 52
PlayerEntityAddress: EBB66E10
ExistingResolverSourceAddress: 00000000
ExactTouchDamageIdentityMatch: 0
PlayerAction: 26
PlayerAniPhase: 1
PlayerStateTime: 0.025996
PlayerCurrentMovementAni: Hero_Stand_None_None_P0_StumbleR_Hit_N_Back_00_%_00_P0_90.xmot
DamageDisabled: 0
===========================

===== ENGINE SetCollisionGroup =====
ElapsedMs: 47069.935
Source: It_Axe_OgreMorningStar_01
SourceAddress: E6E64610
SlotAssociation: NONE
PlayerAction: 26
PlayerAniPhase: 1
PlayerStateTime: 0.279629
PlayerCurrentMovementAni: Hero_Stand_None_None_P0_StumbleR_Hit_N_Back_00_%_00_P0_90.xmot
RequestedGroup: 5
BeforeGroup: 7
AfterGroup: 5
RetiredMarkerSourceBitCount: 0
====================================

===== C1 FINALIZATION =====
ElapsedMs: 47109.509
Reason: AISETSTATE_AFTER_ORIGINAL
Actor: PC_Hero
Generation: 15
Status: PERSISTED
TrackedSourceCount: 0
PhysicalCollisionChanged: 0
===========================

Script_FrameCollisionTest unloading cleanly.
