Script_FrameCollisionTest diagnostic build loaded.
DiagnosticProfile: CORE
DeepDiagnostics: DISABLED
BehaviorCore: EngineBridge + FrameCollisionMarkers + CollisionSources + CollisionSourceOperations + CollisionLifecycleGuard + Raw8FistCollision + AttackMotionRouting + RuntimeClock
C1Repair: exact outstanding live equipped Item_Attack source -> Item_Equipped after native AISetState opportunity; no ClearTriggeredList.
MarkerFamilies: Normal Power Quick SimpleWhirl Whirl Pierce Hack
MarkerOpcodes: RIGHT LEFT BOTH OFF FIST
HACK_CALLBACK_IDENTITY TargetRVA=0x433D0 ExactlyOne=1 MatchCount=1 Name=OnAI_HackAttack Source=.\Script\AI\AI_Commands\AI_HackAttack.cpp
Installing behavior hooks...
Hooks installed.

CORE C1_START ElapsedMs=22990.722 Actor=PC_Hero Generation=1 Status=CANDIDATE Outstanding=0 TrackedSources=1 ReplacedGeneration=0 ReplacedOutstanding=0 Source[0]=It_2H_Sword_Flamberge Side=RIGHT Group=5
CORE C1_STATUS ElapsedMs=22991.074 Event=PERSISTED Actor=PC_Hero Generation=1 Status=PERSISTED Outstanding=0
CORE C1_START ElapsedMs=23138.492 Actor=PC_Hero Generation=2 Status=CANDIDATE Outstanding=0 TrackedSources=1 ReplacedGeneration=1 ReplacedOutstanding=0 Source[0]=It_2H_Sword_Flamberge Side=RIGHT Group=5
CORE C1_BIND ElapsedMs=23138.504 Event=COMBAT_MOVE_CANDIDATE_BOUND Actor=PC_Hero Generation=2 Status=CANDIDATE Outstanding=0 Source=<null> Script=_AI_Attack
CORE C1_STATUS ElapsedMs=23138.929 Event=PERSISTED Actor=PC_Hero Generation=2 Status=PERSISTED Outstanding=0
CORE ATTACK_OWNERSHIP ElapsedMs=23138.963 Actor=PC_Hero Family=NORMAL Action=1 Phase=1 Motion=Hero_Stand_None_2H_P0_Attack_Hit_N_Fwd_00_%_00_P1_90_R.xmot MarkerPresent=1 RequiredMask=1 FistMarkers=0 Raw8Fist=<none> Raw8UseType=-1 SuppressNative=1 Classification=ROUTINE
CORE COLLISION_GROUP ElapsedMs=23382.592 Source=It_2H_Sword_Flamberge UseType=3 Owner=PC_Hero Slot=RIGHT Requested=7 Before=5 After=7 MarkerBitsRetired=0
CORE C1 OFFENSE REQUEST ElapsedMs=23382.621 Actor=PC_Hero Generation=2 Status=PERSISTED Source=It_2H_Sword_Flamberge Side=RIGHT Requests=1 Outstanding=1 CleanupObserved=0 Group=7
CORE MARKER ElapsedMs=23382.633 Actor=PC_Hero Action=1 Family=NORMAL Phase=1 Motion=Hero_Stand_None_2H_P0_Attack_Hit_N_Fwd_00_%_00_P1_90_R.xmot Marker=RIGHT Result=ACCEPTED C1Valid=1 C1=2 StatePosition=0 PreviousMask=0 DesiredMask=1 RetiredMask=0 OwnedMask=0 MarkerOwnedMask=1 Activated=1 Deactivated=0 Retired=0 RearmRequests=1 Clears=1 RightUseType=3
CORE COLLISION_GROUP ElapsedMs=23574.991 Source=It_2H_Sword_Flamberge UseType=3 Owner=PC_Hero Slot=RIGHT Requested=5 Before=7 After=5 MarkerBitsRetired=1
CORE C1 CLEANUP FULFILLED ElapsedMs=23575.011 Actor=PC_Hero Generation=2 Status=PERSISTED Source=It_2H_Sword_Flamberge Side=RIGHT Requests=1 Outstanding=0 CleanupObserved=1 Group=5
CORE C1_FINAL ElapsedMs=23575.030 Actor=PC_Hero Generation=2 Status=PERSISTED SourceCount=1 PhysicalChanged=0 Source[0]=It_2H_Sword_Flamberge Side=RIGHT Outstanding=0 Cleanup=1 Outcome=NO_OP_NO_OUTSTANDING
CORE C1_START ElapsedMs=24702.214 Actor=PC_Hero Generation=3 Status=CANDIDATE Outstanding=0 TrackedSources=1 ReplacedGeneration=0 ReplacedOutstanding=0 Source[0]=It_2H_Sword_Flamberge Side=RIGHT Group=5
CORE C1_STATUS ElapsedMs=24702.574 Event=PERSISTED Actor=PC_Hero Generation=3 Status=PERSISTED Outstanding=0
CORE C1_START ElapsedMs=24844.434 Actor=PC_Hero Generation=4 Status=CANDIDATE Outstanding=0 TrackedSources=1 ReplacedGeneration=3 ReplacedOutstanding=0 Source[0]=It_2H_Sword_Flamberge Side=RIGHT Group=5
CORE C1_BIND ElapsedMs=24844.446 Event=COMBAT_MOVE_CANDIDATE_BOUND Actor=PC_Hero Generation=4 Status=CANDIDATE Outstanding=0 Source=<null> Script=_AI_Attack
CORE C1_STATUS ElapsedMs=24844.793 Event=PERSISTED Actor=PC_Hero Generation=4 Status=PERSISTED Outstanding=0
CORE ATTACK_OWNERSHIP ElapsedMs=24844.814 Actor=PC_Hero Family=NORMAL Action=1 Phase=1 Motion=Hero_Stand_None_2H_P1_Attack_Hit_N_Fwd_00_%_00_P0_90_L.xmot MarkerPresent=1 RequiredMask=1 FistMarkers=0 Raw8Fist=<none> Raw8UseType=-1 SuppressNative=1 Classification=ROUTINE
CORE COLLISION_GROUP ElapsedMs=25089.960 Source=It_2H_Sword_Flamberge UseType=3 Owner=PC_Hero Slot=RIGHT Requested=7 Before=5 After=7 MarkerBitsRetired=0
CORE C1 OFFENSE REQUEST ElapsedMs=25090.043 Actor=PC_Hero Generation=4 Status=PERSISTED Source=It_2H_Sword_Flamberge Side=RIGHT Requests=1 Outstanding=1 CleanupObserved=0 Group=7
CORE MARKER ElapsedMs=25090.059 Actor=PC_Hero Action=1 Family=NORMAL Phase=1 Motion=Hero_Stand_None_2H_P1_Attack_Hit_N_Fwd_00_%_00_P0_90_L.xmot Marker=RIGHT Result=ACCEPTED C1Valid=1 C1=4 StatePosition=0 PreviousMask=0 DesiredMask=1 RetiredMask=0 OwnedMask=0 MarkerOwnedMask=1 Activated=1 Deactivated=0 Retired=0 RearmRequests=1 Clears=1 RightUseType=3
CORE COLLISION_GROUP ElapsedMs=25274.619 Source=It_2H_Sword_Flamberge UseType=3 Owner=PC_Hero Slot=RIGHT Requested=5 Before=7 After=5 MarkerBitsRetired=1
CORE C1 CLEANUP FULFILLED ElapsedMs=25274.638 Actor=PC_Hero Generation=4 Status=PERSISTED Source=It_2H_Sword_Flamberge Side=RIGHT Requests=1 Outstanding=0 CleanupObserved=1 Group=5
CORE C1_FINAL ElapsedMs=25274.657 Actor=PC_Hero Generation=4 Status=PERSISTED SourceCount=1 PhysicalChanged=0 Source[0]=It_2H_Sword_Flamberge Side=RIGHT Outstanding=0 Cleanup=1 Outcome=NO_OP_NO_OUTSTANDING
CORE C1_START ElapsedMs=26507.929 Actor=PC_Hero Generation=5 Status=CANDIDATE Outstanding=0 TrackedSources=1 ReplacedGeneration=0 ReplacedOutstanding=0 Source[0]=It_2H_Sword_Flamberge Side=RIGHT Group=5
CORE C1_BIND ElapsedMs=26507.941 Event=COMBAT_MOVE_CANDIDATE_BOUND Actor=PC_Hero Generation=5 Status=CANDIDATE Outstanding=0 Source=<null> Script=_AI_QuickAttack
CORE C1_STATUS ElapsedMs=26508.299 Event=PERSISTED Actor=PC_Hero Generation=5 Status=PERSISTED Outstanding=0
CORE ATTACK_OWNERSHIP ElapsedMs=26508.321 Actor=PC_Hero Family=QUICK Action=4 Phase=1 Motion=Hero_Stand_None_2H_P0_QuickAttackR_Hit_N_Fwd_00_%_00_P1_90_R.xmot MarkerPresent=1 RequiredMask=1 FistMarkers=0 Raw8Fist=<none> Raw8UseType=-1 SuppressNative=1 Classification=ROUTINE
CORE COLLISION_GROUP ElapsedMs=26750.774 Source=It_2H_Sword_Flamberge UseType=3 Owner=PC_Hero Slot=RIGHT Requested=7 Before=5 After=7 MarkerBitsRetired=0
CORE C1 OFFENSE REQUEST ElapsedMs=26750.801 Actor=PC_Hero Generation=5 Status=PERSISTED Source=It_2H_Sword_Flamberge Side=RIGHT Requests=1 Outstanding=1 CleanupObserved=0 Group=7
CORE MARKER ElapsedMs=26750.812 Actor=PC_Hero Action=4 Family=QUICK Phase=1 Motion=Hero_Stand_None_2H_P0_QuickAttackR_Hit_N_Fwd_00_%_00_P1_90_R.xmot Marker=RIGHT Result=ACCEPTED C1Valid=1 C1=5 StatePosition=1 PreviousMask=0 DesiredMask=1 RetiredMask=0 OwnedMask=0 MarkerOwnedMask=1 Activated=1 Deactivated=0 Retired=0 RearmRequests=1 Clears=1 RightUseType=3
CORE COLLISION_GROUP ElapsedMs=26935.450 Source=It_2H_Sword_Flamberge UseType=3 Owner=PC_Hero Slot=RIGHT Requested=5 Before=7 After=5 MarkerBitsRetired=1
CORE C1 CLEANUP FULFILLED ElapsedMs=26935.470 Actor=PC_Hero Generation=5 Status=PERSISTED Source=It_2H_Sword_Flamberge Side=RIGHT Requests=1 Outstanding=0 CleanupObserved=1 Group=5
CORE C1_FINAL ElapsedMs=27026.772 Actor=PC_Hero Generation=5 Status=PERSISTED SourceCount=1 PhysicalChanged=0 Source[0]=It_2H_Sword_Flamberge Side=RIGHT Outstanding=0 Cleanup=1 Outcome=NO_OP_NO_OUTSTANDING
CORE C1_START ElapsedMs=28599.949 Actor=PC_Hero Generation=6 Status=CANDIDATE Outstanding=0 TrackedSources=1 ReplacedGeneration=0 ReplacedOutstanding=0 Source[0]=It_2H_Sword_Flamberge Side=RIGHT Group=5
CORE C1_BIND ElapsedMs=28599.961 Event=COMBAT_MOVE_CANDIDATE_BOUND Actor=PC_Hero Generation=6 Status=CANDIDATE Outstanding=0 Source=<null> Script=_AI_Parade
CORE C1_STATUS ElapsedMs=28600.299 Event=PERSISTED Actor=PC_Hero Generation=6 Status=PERSISTED Outstanding=0
CORE C1_FINAL ElapsedMs=28651.729 Actor=PC_Hero Generation=6 Status=PERSISTED SourceCount=1 PhysicalChanged=0 Source[0]=It_2H_Sword_Flamberge Side=RIGHT Outstanding=0 Cleanup=0 Outcome=NO_OP_NO_OUTSTANDING
CORE C1_START ElapsedMs=28655.483 Actor=PC_Hero Generation=7 Status=CANDIDATE Outstanding=0 TrackedSources=1 ReplacedGeneration=0 ReplacedOutstanding=0 Source[0]=It_2H_Sword_Flamberge Side=RIGHT Group=5
CORE C1_BIND ElapsedMs=28655.495 Event=COMBAT_MOVE_CANDIDATE_BOUND Actor=PC_Hero Generation=7 Status=CANDIDATE Outstanding=0 Source=<null> Script=_AI_QuickAttack
CORE C1_STATUS ElapsedMs=28655.858 Event=PERSISTED Actor=PC_Hero Generation=7 Status=PERSISTED Outstanding=0
CORE ATTACK_OWNERSHIP ElapsedMs=28655.881 Actor=PC_Hero Family=QUICK Action=5 Phase=1 Motion=Hero_Stand_None_2H_P1_QuickAttackL_Hit_N_Fwd_00_%_00_P0_90_L.xmot MarkerPresent=1 RequiredMask=1 FistMarkers=0 Raw8Fist=<none> Raw8UseType=-1 SuppressNative=1 Classification=ROUTINE
CORE COLLISION_GROUP ElapsedMs=28898.692 Source=It_2H_Sword_Flamberge UseType=3 Owner=PC_Hero Slot=RIGHT Requested=7 Before=5 After=7 MarkerBitsRetired=0
CORE C1 OFFENSE REQUEST ElapsedMs=28898.721 Actor=PC_Hero Generation=7 Status=PERSISTED Source=It_2H_Sword_Flamberge Side=RIGHT Requests=1 Outstanding=1 CleanupObserved=0 Group=7
CORE MARKER ElapsedMs=28898.733 Actor=PC_Hero Action=5 Family=QUICK Phase=1 Motion=Hero_Stand_None_2H_P1_QuickAttackL_Hit_N_Fwd_00_%_00_P0_90_L.xmot Marker=RIGHT Result=ACCEPTED C1Valid=1 C1=7 StatePosition=1 PreviousMask=0 DesiredMask=1 RetiredMask=0 OwnedMask=0 MarkerOwnedMask=1 Activated=1 Deactivated=0 Retired=0 RearmRequests=1 Clears=1 RightUseType=3
CORE COLLISION_GROUP ElapsedMs=29086.055 Source=It_2H_Sword_Flamberge UseType=3 Owner=PC_Hero Slot=RIGHT Requested=5 Before=7 After=5 MarkerBitsRetired=1
CORE C1 CLEANUP FULFILLED ElapsedMs=29086.075 Actor=PC_Hero Generation=7 Status=PERSISTED Source=It_2H_Sword_Flamberge Side=RIGHT Requests=1 Outstanding=0 CleanupObserved=1 Group=5
CORE C1_FINAL ElapsedMs=29178.943 Actor=PC_Hero Generation=7 Status=PERSISTED SourceCount=1 PhysicalChanged=0 Source[0]=It_2H_Sword_Flamberge Side=RIGHT Outstanding=0 Cleanup=1 Outcome=NO_OP_NO_OUTSTANDING
CORE C1_START ElapsedMs=30334.447 Actor=PC_Hero Generation=8 Status=CANDIDATE Outstanding=0 TrackedSources=1 ReplacedGeneration=0 ReplacedOutstanding=0 Source[0]=It_2H_Sword_Flamberge Side=RIGHT Group=5
CORE C1_BIND ElapsedMs=30334.459 Event=COMBAT_MOVE_CANDIDATE_BOUND Actor=PC_Hero Generation=8 Status=CANDIDATE Outstanding=0 Source=<null> Script=_AI_PowerAttack
CORE C1_STATUS ElapsedMs=30334.859 Event=PERSISTED Actor=PC_Hero Generation=8 Status=PERSISTED Outstanding=0
CORE C1_BIND ElapsedMs=30798.494 Event=COMBAT_MOVE_REUSED Actor=PC_Hero Generation=8 Status=PERSISTED Outstanding=0 Source=<null> Script=_AI_PowerAttack
CORE ATTACK_OWNERSHIP ElapsedMs=30798.879 Actor=PC_Hero Family=POWER Action=2 Phase=1 Motion=Hero_Stand_None_2H_P0_PowerAttack_Hit_N_Fwd_00_%_00_P1_100_R.xmot MarkerPresent=1 RequiredMask=1 FistMarkers=0 Raw8Fist=<none> Raw8UseType=-1 SuppressNative=1 Classification=ROUTINE
CORE COLLISION_GROUP ElapsedMs=31047.629 Source=It_2H_Sword_Flamberge UseType=3 Owner=PC_Hero Slot=RIGHT Requested=7 Before=5 After=7 MarkerBitsRetired=0
CORE C1 OFFENSE REQUEST ElapsedMs=31047.655 Actor=PC_Hero Generation=8 Status=PERSISTED Source=It_2H_Sword_Flamberge Side=RIGHT Requests=1 Outstanding=1 CleanupObserved=0 Group=7
CORE MARKER ElapsedMs=31047.666 Actor=PC_Hero Action=2 Family=POWER Phase=1 Motion=Hero_Stand_None_2H_P0_PowerAttack_Hit_N_Fwd_00_%_00_P1_100_R.xmot Marker=RIGHT Result=ACCEPTED C1Valid=1 C1=8 StatePosition=1 PreviousMask=0 DesiredMask=1 RetiredMask=0 OwnedMask=0 MarkerOwnedMask=1 Activated=1 Deactivated=0 Retired=0 RearmRequests=1 Clears=1 RightUseType=3
CORE COLLISION_GROUP ElapsedMs=31246.362 Source=It_2H_Sword_Flamberge UseType=3 Owner=PC_Hero Slot=RIGHT Requested=5 Before=7 After=5 MarkerBitsRetired=1
CORE C1 CLEANUP FULFILLED ElapsedMs=31246.381 Actor=PC_Hero Generation=8 Status=PERSISTED Source=It_2H_Sword_Flamberge Side=RIGHT Requests=1 Outstanding=0 CleanupObserved=1 Group=5
CORE C1_FINAL ElapsedMs=31246.400 Actor=PC_Hero Generation=8 Status=PERSISTED SourceCount=1 PhysicalChanged=0 Source[0]=It_2H_Sword_Flamberge Side=RIGHT Outstanding=0 Cleanup=1 Outcome=NO_OP_NO_OUTSTANDING
CORE C1_START ElapsedMs=32530.529 Actor=PC_Hero Generation=9 Status=CANDIDATE Outstanding=0 TrackedSources=1 ReplacedGeneration=0 ReplacedOutstanding=0 Source[0]=It_2H_Sword_Flamberge Side=RIGHT Group=5
CORE C1_BIND ElapsedMs=32530.541 Event=COMBAT_MOVE_CANDIDATE_BOUND Actor=PC_Hero Generation=9 Status=CANDIDATE Outstanding=0 Source=<null> Script=_AI_PowerAttack
CORE C1_STATUS ElapsedMs=32530.883 Event=PERSISTED Actor=PC_Hero Generation=9 Status=PERSISTED Outstanding=0
CORE C1_BIND ElapsedMs=32990.767 Event=COMBAT_MOVE_REUSED Actor=PC_Hero Generation=9 Status=PERSISTED Outstanding=0 Source=<null> Script=_AI_PowerAttack
CORE ATTACK_OWNERSHIP ElapsedMs=32991.137 Actor=PC_Hero Family=POWER Action=2 Phase=1 Motion=Hero_Stand_None_2H_P1_PowerAttack_Hit_N_Fwd_00_%_00_P0_120_R.xmot MarkerPresent=1 RequiredMask=1 FistMarkers=0 Raw8Fist=<none> Raw8UseType=-1 SuppressNative=1 Classification=ROUTINE
CORE COLLISION_GROUP ElapsedMs=33238.108 Source=It_2H_Sword_Flamberge UseType=3 Owner=PC_Hero Slot=RIGHT Requested=7 Before=5 After=7 MarkerBitsRetired=0
CORE C1 OFFENSE REQUEST ElapsedMs=33238.137 Actor=PC_Hero Generation=9 Status=PERSISTED Source=It_2H_Sword_Flamberge Side=RIGHT Requests=1 Outstanding=1 CleanupObserved=0 Group=7
CORE MARKER ElapsedMs=33238.149 Actor=PC_Hero Action=2 Family=POWER Phase=1 Motion=Hero_Stand_None_2H_P1_PowerAttack_Hit_N_Fwd_00_%_00_P0_120_R.xmot Marker=RIGHT Result=ACCEPTED C1Valid=1 C1=9 StatePosition=1 PreviousMask=0 DesiredMask=1 RetiredMask=0 OwnedMask=0 MarkerOwnedMask=1 Activated=1 Deactivated=0 Retired=0 RearmRequests=1 Clears=1 RightUseType=3
CORE COLLISION_GROUP ElapsedMs=33428.800 Source=It_2H_Sword_Flamberge UseType=3 Owner=PC_Hero Slot=RIGHT Requested=5 Before=7 After=5 MarkerBitsRetired=1
CORE C1 CLEANUP FULFILLED ElapsedMs=33428.821 Actor=PC_Hero Generation=9 Status=PERSISTED Source=It_2H_Sword_Flamberge Side=RIGHT Requests=1 Outstanding=0 CleanupObserved=1 Group=5
CORE C1_FINAL ElapsedMs=33428.841 Actor=PC_Hero Generation=9 Status=PERSISTED SourceCount=1 PhysicalChanged=0 Source[0]=It_2H_Sword_Flamberge Side=RIGHT Outstanding=0 Cleanup=1 Outcome=NO_OP_NO_OUTSTANDING
CORE C1_START ElapsedMs=35143.922 Actor=PC_Hero Generation=10 Status=CANDIDATE Outstanding=0 TrackedSources=1 ReplacedGeneration=0 ReplacedOutstanding=0 Source[0]=It_2H_Sword_Flamberge Side=RIGHT Group=5
CORE C1_BIND ElapsedMs=35143.935 Event=COMBAT_MOVE_CANDIDATE_BOUND Actor=PC_Hero Generation=10 Status=CANDIDATE Outstanding=0 Source=<null> Script=_AI_HackAttack
CORE C1_STATUS ElapsedMs=35166.825 Event=PERSISTED Actor=PC_Hero Generation=10 Status=PERSISTED Outstanding=0
CORE C1_BIND ElapsedMs=35873.660 Event=COMBAT_MOVE_REUSED Actor=PC_Hero Generation=10 Status=PERSISTED Outstanding=0 Source=<null> Script=_AI_HackAttack
CORE ATTACK_OWNERSHIP ElapsedMs=35882.375 Actor=PC_Hero Family=HACK Action=14 Phase=1 Motion=Hero_Parade_None_2H_P0_HackAttack_Hit_N_Fwd_00_%_00_P1_100.xmot MarkerPresent=1 RequiredMask=1 FistMarkers=0 Raw8Fist=<none> Raw8UseType=-1 SuppressNative=1 Classification=ROUTINE
CORE COLLISION_GROUP ElapsedMs=36117.863 Source=It_2H_Sword_Flamberge UseType=3 Owner=PC_Hero Slot=RIGHT Requested=7 Before=5 After=7 MarkerBitsRetired=0
CORE C1 OFFENSE REQUEST ElapsedMs=36117.893 Actor=PC_Hero Generation=10 Status=PERSISTED Source=It_2H_Sword_Flamberge Side=RIGHT Requests=1 Outstanding=1 CleanupObserved=0 Group=7
CORE MARKER ElapsedMs=36117.905 Actor=PC_Hero Action=14 Family=HACK Phase=1 Motion=Hero_Parade_None_2H_P0_HackAttack_Hit_N_Fwd_00_%_00_P1_100.xmot Marker=RIGHT Result=ACCEPTED C1Valid=1 C1=10 StatePosition=1 PreviousMask=0 DesiredMask=1 RetiredMask=0 OwnedMask=0 MarkerOwnedMask=1 Activated=1 Deactivated=0 Retired=0 RearmRequests=1 Clears=1 RightUseType=3
CORE COLLISION_GROUP ElapsedMs=36315.200 Source=It_2H_Sword_Flamberge UseType=3 Owner=PC_Hero Slot=RIGHT Requested=5 Before=7 After=5 MarkerBitsRetired=1
CORE C1 CLEANUP FULFILLED ElapsedMs=36315.220 Actor=PC_Hero Generation=10 Status=PERSISTED Source=It_2H_Sword_Flamberge Side=RIGHT Requests=1 Outstanding=0 CleanupObserved=1 Group=5
CORE C1_BIND ElapsedMs=36315.239 Event=COMBAT_MOVE_REUSED Actor=PC_Hero Generation=10 Status=PERSISTED Outstanding=0 Source=<null> Script=_AI_HackAttack
CORE C1_FINAL ElapsedMs=37257.914 Actor=PC_Hero Generation=10 Status=PERSISTED SourceCount=1 PhysicalChanged=0 Source[0]=It_2H_Sword_Flamberge Side=RIGHT Outstanding=0 Cleanup=1 Outcome=NO_OP_NO_OUTSTANDING
CORE C1_START ElapsedMs=39542.948 Actor=PC_Hero Generation=11 Status=CANDIDATE Outstanding=0 TrackedSources=1 ReplacedGeneration=0 ReplacedOutstanding=0 Source[0]=It_2H_Sword_Flamberge Side=RIGHT Group=5
CORE C1_BIND ElapsedMs=39542.962 Event=COMBAT_MOVE_CANDIDATE_BOUND Actor=PC_Hero Generation=11 Status=CANDIDATE Outstanding=0 Source=<null> Script=_AI_WhirlAttack
CORE C1_STATUS ElapsedMs=39551.570 Event=PERSISTED Actor=PC_Hero Generation=11 Status=PERSISTED Outstanding=0
CORE ATTACK_OWNERSHIP ElapsedMs=39551.608 Actor=PC_Hero Family=WHIRL Action=10 Phase=1 Motion=Hero_Parade_None_2H_P0_WhirlAttack_Hit_N_Fwd_00_%_00_P0_150_R.xmot MarkerPresent=1 RequiredMask=1 FistMarkers=0 Raw8Fist=<none> Raw8UseType=-1 SuppressNative=1 Classification=ROUTINE
CORE COLLISION_GROUP ElapsedMs=39688.307 Source=It_2H_Sword_Flamberge UseType=3 Owner=PC_Hero Slot=RIGHT Requested=7 Before=5 After=7 MarkerBitsRetired=0
CORE C1 OFFENSE REQUEST ElapsedMs=39688.331 Actor=PC_Hero Generation=11 Status=PERSISTED Source=It_2H_Sword_Flamberge Side=RIGHT Requests=1 Outstanding=1 CleanupObserved=0 Group=7
CORE MARKER ElapsedMs=39688.344 Actor=PC_Hero Action=10 Family=WHIRL Phase=1 Motion=Hero_Parade_None_2H_P0_WhirlAttack_Hit_N_Fwd_00_%_00_P0_150_R.xmot Marker=RIGHT Result=ACCEPTED C1Valid=1 C1=11 StatePosition=1 PreviousMask=0 DesiredMask=1 RetiredMask=0 OwnedMask=0 MarkerOwnedMask=1 Activated=1 Deactivated=0 Retired=0 RearmRequests=1 Clears=1 RightUseType=3
CORE COLLISION_GROUP ElapsedMs=39912.672 Source=It_2H_Sword_Flamberge UseType=3 Owner=PC_Hero Slot=RIGHT Requested=5 Before=7 After=5 MarkerBitsRetired=0
CORE C1 CLEANUP FULFILLED ElapsedMs=39912.704 Actor=PC_Hero Generation=11 Status=PERSISTED Source=It_2H_Sword_Flamberge Side=RIGHT Requests=1 Outstanding=0 CleanupObserved=1 Group=5
CORE MARKER ElapsedMs=39912.718 Actor=PC_Hero Action=10 Family=WHIRL Phase=1 Motion=Hero_Parade_None_2H_P0_WhirlAttack_Hit_N_Fwd_00_%_00_P0_150_R.xmot Marker=OFF Result=OFF_ACCEPTED C1Valid=1 C1=11 StatePosition=1 PreviousMask=0 DesiredMask=0 RetiredMask=0 OwnedMask=1 MarkerOwnedMask=0 Activated=0 Deactivated=1 Retired=0 RearmRequests=0 Clears=0 RightUseType=3
CORE COLLISION_GROUP ElapsedMs=40100.484 Source=It_2H_Sword_Flamberge UseType=3 Owner=PC_Hero Slot=RIGHT Requested=7 Before=5 After=7 MarkerBitsRetired=0
CORE C1 OFFENSE REQUEST ElapsedMs=40100.513 Actor=PC_Hero Generation=11 Status=PERSISTED Source=It_2H_Sword_Flamberge Side=RIGHT Requests=2 Outstanding=1 CleanupObserved=0 Group=7
CORE MARKER ElapsedMs=40100.525 Actor=PC_Hero Action=10 Family=WHIRL Phase=1 Motion=Hero_Parade_None_2H_P0_WhirlAttack_Hit_N_Fwd_00_%_00_P0_150_R.xmot Marker=RIGHT Result=ACCEPTED C1Valid=1 C1=11 StatePosition=1 PreviousMask=0 DesiredMask=1 RetiredMask=0 OwnedMask=0 MarkerOwnedMask=1 Activated=1 Deactivated=0 Retired=0 RearmRequests=1 Clears=1 RightUseType=3
CORE MARKER ElapsedMs=40100.541 Actor=PC_Hero Action=10 Family=WHIRL Phase=1 Motion=Hero_Parade_None_2H_P0_WhirlAttack_Hit_N_Fwd_00_%_00_P0_150_R.xmot Marker=OFF Result=AUTHORED_OCCURRENCE_BUDGET_IGNORED C1Valid=1 C1=11 StatePosition=1 PreviousMask=0 DesiredMask=0 RetiredMask=0 OwnedMask=0 MarkerOwnedMask=0 Activated=0 Deactivated=0 Retired=0 RearmRequests=0 Clears=0 Authored=1 AcceptedBefore=1 AcceptedAfter=1
CORE MARKER ElapsedMs=40100.558 Actor=PC_Hero Action=10 Family=WHIRL Phase=1 Motion=Hero_Parade_None_2H_P0_WhirlAttack_Hit_N_Fwd_00_%_00_P0_150_R.xmot Marker=RIGHT Result=DUPLICATE_SAME_UPDATE_IGNORED C1Valid=1 C1=11 StatePosition=1 PreviousMask=0 DesiredMask=0 RetiredMask=0 OwnedMask=0 MarkerOwnedMask=0 Activated=0 Deactivated=0 Retired=0 RearmRequests=0 Clears=0 DuplicateStateDelta=0.000000000 DuplicateMsDelta=0.092000
CORE COLLISION_GROUP ElapsedMs=40295.064 Source=It_2H_Sword_Flamberge UseType=3 Owner=PC_Hero Slot=RIGHT Requested=5 Before=7 After=5 MarkerBitsRetired=1
CORE C1 CLEANUP FULFILLED ElapsedMs=40295.084 Actor=PC_Hero Generation=11 Status=PERSISTED Source=It_2H_Sword_Flamberge Side=RIGHT Requests=2 Outstanding=0 CleanupObserved=1 Group=5
CORE C1_FINAL ElapsedMs=40295.105 Actor=PC_Hero Generation=11 Status=PERSISTED SourceCount=1 PhysicalChanged=0 Source[0]=It_2H_Sword_Flamberge Side=RIGHT Outstanding=0 Cleanup=1 Outcome=NO_OP_NO_OUTSTANDING
CORE C1_START ElapsedMs=44885.991 Actor=PC_Hero Generation=12 Status=CANDIDATE Outstanding=0 TrackedSources=1 ReplacedGeneration=0 ReplacedOutstanding=0 Source[0]=It_2H_Sword_Flamberge Side=RIGHT Group=5
CORE C1_BIND ElapsedMs=44886.003 Event=COMBAT_MOVE_CANDIDATE_BOUND Actor=PC_Hero Generation=12 Status=CANDIDATE Outstanding=0 Source=<null> Script=_AI_WhirlAttack
CORE C1_STATUS ElapsedMs=44886.103 Event=PERSISTED Actor=PC_Hero Generation=12 Status=PERSISTED Outstanding=0
CORE COLLISION_GROUP ElapsedMs=45023.340 Source=It_2H_Sword_Flamberge UseType=3 Owner=PC_Hero Slot=RIGHT Requested=7 Before=5 After=7 MarkerBitsRetired=0
CORE C1 OFFENSE REQUEST ElapsedMs=45023.368 Actor=PC_Hero Generation=12 Status=PERSISTED Source=It_2H_Sword_Flamberge Side=RIGHT Requests=1 Outstanding=1 CleanupObserved=0 Group=7
CORE MARKER ElapsedMs=45023.379 Actor=PC_Hero Action=10 Family=WHIRL Phase=1 Motion=Hero_Parade_None_2H_P0_WhirlAttack_Hit_N_Fwd_00_%_00_P0_150_R.xmot Marker=RIGHT Result=ACCEPTED C1Valid=1 C1=12 StatePosition=1 PreviousMask=0 DesiredMask=1 RetiredMask=0 OwnedMask=0 MarkerOwnedMask=1 Activated=1 Deactivated=0 Retired=0 RearmRequests=1 Clears=1 RightUseType=3
CORE COLLISION_GROUP ElapsedMs=45133.914 Source=It_2H_Sword_Flamberge UseType=3 Owner=PC_Hero Slot=RIGHT Requested=5 Before=7 After=5 MarkerBitsRetired=1
CORE C1 CLEANUP FULFILLED ElapsedMs=45133.944 Actor=PC_Hero Generation=12 Status=PERSISTED Source=It_2H_Sword_Flamberge Side=RIGHT Requests=1 Outstanding=0 CleanupObserved=1 Group=5
===== CORE C1 FINALIZATION ANOMALY / REPAIR =====
ElapsedMs: 45133.954
Reason: AISETSTATE_AFTER_ORIGINAL
Actor: PC_Hero
Generation: 12
Status: PERSISTED
TrackedSourceCount: 1
Source[0].Outcome: REPAIRED_TO_ITEM_EQUIPPED
Source[0].Address: E6EA3410
Source[0].LivenessEstablished: 1
Source[0].Name: It_2H_Sword_Flamberge
Source[0].OriginalSide: RIGHT
Source[0].CurrentSideMask: 1
Source[0].OffensiveRequestCount: 1
Source[0].OutstandingBeforeFinalization: 1
Source[0].CleanupObservedBeforeFinalization: 0
Source[0].ActualGroupBeforeRepair: 7
Source[0].RepairAttempted: 1
Source[0].RepairRequestedGroup: 5
Source[0].ActualGroupAfterRepair: 5
Source[0].PhysicalCollisionChanged: 1
PhysicalCollisionChanged: 1
===============================================

===== CORE MARKER ANOMALY / DISCOVERY =====
ElapsedMs: 45241.781
Actor: PC_Hero
Action: 0
Family: UNKNOWN
AniPhase: 1
StatePosition: 0
CurrentMovementAni: Hero_Parade_None_2H_P0_WhirlAttack_Hit_N_Fwd_00_%_00_P0_150_R.xmot
MarkerName: G3AB_COL_OFF
MarkerOpcode: OFF
Result: REJECTED_UNSUPPORTED_HIT
C1GenerationValid: 0
C1Generation: 0
RequiredSourceMask: 0
MissingSourceMask: 0
RightSourceSlot: RIGHT
RightSourceName: It_2H_Sword_Flamberge
RightSourceUseType: 3
RightSourceCollisionGroup: 5
LeftSourceSlot: LEFT
LeftSourceName: <none>
LeftSourceUseType: -1
LeftSourceCollisionGroup: -1
Raw8FistSourceName: <none>
Raw8FistSourceUseType: -1
Raw8FistSourceCollisionGroup: -1
===========================================

===== CORE MARKER ANOMALY / DISCOVERY =====
ElapsedMs: 45430.369
Actor: PC_Hero
Action: 0
Family: UNKNOWN
AniPhase: 1
StatePosition: 0
CurrentMovementAni: Hero_Parade_None_2H_P0_WhirlAttack_Hit_N_Fwd_00_%_00_P0_150_R.xmot
MarkerName: G3AB_COL_RIGHT
MarkerOpcode: RIGHT
Result: REJECTED_UNSUPPORTED_HIT
C1GenerationValid: 0
C1Generation: 0
RequiredSourceMask: 0
MissingSourceMask: 0
RightSourceSlot: RIGHT
RightSourceName: It_2H_Sword_Flamberge
RightSourceUseType: 3
RightSourceCollisionGroup: 5
LeftSourceSlot: LEFT
LeftSourceName: <none>
LeftSourceUseType: -1
LeftSourceCollisionGroup: -1
Raw8FistSourceName: <none>
Raw8FistSourceUseType: -1
Raw8FistSourceCollisionGroup: -1
===========================================

===== CORE MARKER ANOMALY / DISCOVERY =====
ElapsedMs: 45430.415
Actor: PC_Hero
Action: 0
Family: UNKNOWN
AniPhase: 1
StatePosition: 0
CurrentMovementAni: Hero_Parade_None_2H_P0_WhirlAttack_Hit_N_Fwd_00_%_00_P0_150_R.xmot
MarkerName: G3AB_COL_OFF
MarkerOpcode: OFF
Result: REJECTED_UNSUPPORTED_HIT
C1GenerationValid: 0
C1Generation: 0
RequiredSourceMask: 0
MissingSourceMask: 0
RightSourceSlot: RIGHT
RightSourceName: It_2H_Sword_Flamberge
RightSourceUseType: 3
RightSourceCollisionGroup: 5
LeftSourceSlot: LEFT
LeftSourceName: <none>
LeftSourceUseType: -1
LeftSourceCollisionGroup: -1
Raw8FistSourceName: <none>
Raw8FistSourceUseType: -1
Raw8FistSourceCollisionGroup: -1
===========================================

===== CORE MARKER ANOMALY / DISCOVERY =====
ElapsedMs: 45430.439
Actor: PC_Hero
Action: 0
Family: UNKNOWN
AniPhase: 1
StatePosition: 0
CurrentMovementAni: Hero_Parade_None_2H_P0_WhirlAttack_Hit_N_Fwd_00_%_00_P0_150_R.xmot
MarkerName: G3AB_COL_RIGHT
MarkerOpcode: RIGHT
Result: REJECTED_UNSUPPORTED_HIT
C1GenerationValid: 0
C1Generation: 0
RequiredSourceMask: 0
MissingSourceMask: 0
RightSourceSlot: RIGHT
RightSourceName: It_2H_Sword_Flamberge
RightSourceUseType: 3
RightSourceCollisionGroup: 5
LeftSourceSlot: LEFT
LeftSourceName: <none>
LeftSourceUseType: -1
LeftSourceCollisionGroup: -1
Raw8FistSourceName: <none>
Raw8FistSourceUseType: -1
Raw8FistSourceCollisionGroup: -1
===========================================

CORE C1_START ElapsedMs=58445.456 Actor=PC_Hero Generation=13 Status=CANDIDATE Outstanding=0 TrackedSources=2 ReplacedGeneration=0 ReplacedOutstanding=0 Source[0]=It_1H_Sword_Rust_01 Side=RIGHT Group=5 Source[1]=It_1H_Sword_Rust_01 Side=LEFT Group=5
CORE C1_BIND ElapsedMs=58445.469 Event=COMBAT_MOVE_CANDIDATE_BOUND Actor=PC_Hero Generation=13 Status=CANDIDATE Outstanding=0 Source=<null> Script=_AI_PowerAttack
CORE C1_STATUS ElapsedMs=58455.281 Event=PERSISTED Actor=PC_Hero Generation=13 Status=PERSISTED Outstanding=0
CORE C1_BIND ElapsedMs=58884.442 Event=COMBAT_MOVE_REUSED Actor=PC_Hero Generation=13 Status=PERSISTED Outstanding=0 Source=<null> Script=_AI_PowerAttack
CORE ATTACK_OWNERSHIP ElapsedMs=58893.129 Actor=PC_Hero Family=POWER Action=2 Phase=1 Motion=Hero_Stand_1H_1H_P0_PowerAttack_Hit_N_Fwd_00_%_00_P0_180_R.xmot MarkerPresent=1 RequiredMask=3 FistMarkers=0 Raw8Fist=<none> Raw8UseType=-1 SuppressNative=1 Classification=ROUTINE
CORE COLLISION_GROUP ElapsedMs=58923.924 Source=It_1H_Sword_Rust_01 UseType=2 Owner=PC_Hero Slot=RIGHT Requested=7 Before=5 After=7 MarkerBitsRetired=0
CORE C1 OFFENSE REQUEST ElapsedMs=58923.951 Actor=PC_Hero Generation=13 Status=PERSISTED Source=It_1H_Sword_Rust_01 Side=RIGHT Requests=1 Outstanding=1 CleanupObserved=0 Group=7
CORE COLLISION_GROUP ElapsedMs=58923.964 Source=It_1H_Sword_Rust_01 UseType=2 Owner=PC_Hero Slot=LEFT Requested=7 Before=5 After=7 MarkerBitsRetired=0
CORE C1 OFFENSE REQUEST ElapsedMs=58923.971 Actor=PC_Hero Generation=13 Status=PERSISTED Source=It_1H_Sword_Rust_01 Side=LEFT Requests=1 Outstanding=1 CleanupObserved=0 Group=7
CORE MARKER ElapsedMs=58923.981 Actor=PC_Hero Action=2 Family=POWER Phase=1 Motion=Hero_Stand_1H_1H_P0_PowerAttack_Hit_N_Fwd_00_%_00_P0_180_R.xmot Marker=BOTH Result=ACCEPTED C1Valid=1 C1=13 StatePosition=2 PreviousMask=0 DesiredMask=3 RetiredMask=0 OwnedMask=0 MarkerOwnedMask=3 Activated=2 Deactivated=0 Retired=0 RearmRequests=2 Clears=2 RightUseType=2 LeftUseType=2
CORE COLLISION_GROUP ElapsedMs=59126.865 Source=It_1H_Sword_Rust_01 UseType=2 Owner=PC_Hero Slot=RIGHT Requested=5 Before=7 After=5 MarkerBitsRetired=0
CORE C1 CLEANUP FULFILLED ElapsedMs=59126.889 Actor=PC_Hero Generation=13 Status=PERSISTED Source=It_1H_Sword_Rust_01 Side=RIGHT Requests=1 Outstanding=0 CleanupObserved=1 Group=5
CORE COLLISION_GROUP ElapsedMs=59126.898 Source=It_1H_Sword_Rust_01 UseType=2 Owner=PC_Hero Slot=LEFT Requested=7 Before=7 After=7 MarkerBitsRetired=0
CORE C1 OFFENSE REQUEST ElapsedMs=59126.907 Actor=PC_Hero Generation=13 Status=PERSISTED Source=It_1H_Sword_Rust_01 Side=LEFT Requests=2 Outstanding=1 CleanupObserved=0 Group=7
CORE MARKER ElapsedMs=59126.921 Actor=PC_Hero Action=2 Family=POWER Phase=1 Motion=Hero_Stand_1H_1H_P0_PowerAttack_Hit_N_Fwd_00_%_00_P0_180_R.xmot Marker=LEFT Result=ACCEPTED C1Valid=1 C1=13 StatePosition=2 PreviousMask=3 DesiredMask=2 RetiredMask=1 OwnedMask=0 MarkerOwnedMask=2 Activated=1 Deactivated=0 Retired=1 RearmRequests=1 Clears=1 RightUseType=2 LeftUseType=2
CORE COLLISION_GROUP ElapsedMs=59281.396 Source=It_1H_Sword_Rust_01 UseType=2 Owner=PC_Hero Slot=LEFT Requested=5 Before=7 After=5 MarkerBitsRetired=0
CORE C1 CLEANUP FULFILLED ElapsedMs=59281.424 Actor=PC_Hero Generation=13 Status=PERSISTED Source=It_1H_Sword_Rust_01 Side=LEFT Requests=2 Outstanding=0 CleanupObserved=1 Group=5
CORE MARKER ElapsedMs=59281.435 Actor=PC_Hero Action=2 Family=POWER Phase=1 Motion=Hero_Stand_1H_1H_P0_PowerAttack_Hit_N_Fwd_00_%_00_P0_180_R.xmot Marker=OFF Result=OFF_ACCEPTED C1Valid=1 C1=13 StatePosition=2 PreviousMask=0 DesiredMask=0 RetiredMask=0 OwnedMask=2 MarkerOwnedMask=0 Activated=0 Deactivated=1 Retired=0 RearmRequests=0 Clears=0 LeftUseType=2
CORE COLLISION_GROUP ElapsedMs=59519.626 Source=It_1H_Sword_Rust_01 UseType=2 Owner=PC_Hero Slot=RIGHT Requested=7 Before=5 After=7 MarkerBitsRetired=0
CORE C1 OFFENSE REQUEST ElapsedMs=59519.671 Actor=PC_Hero Generation=13 Status=PERSISTED Source=It_1H_Sword_Rust_01 Side=RIGHT Requests=2 Outstanding=1 CleanupObserved=0 Group=7
CORE COLLISION_GROUP ElapsedMs=59519.685 Source=It_1H_Sword_Rust_01 UseType=2 Owner=PC_Hero Slot=LEFT Requested=7 Before=5 After=7 MarkerBitsRetired=0
CORE C1 OFFENSE REQUEST ElapsedMs=59519.693 Actor=PC_Hero Generation=13 Status=PERSISTED Source=It_1H_Sword_Rust_01 Side=LEFT Requests=3 Outstanding=1 CleanupObserved=0 Group=7
CORE MARKER ElapsedMs=59519.702 Actor=PC_Hero Action=2 Family=POWER Phase=1 Motion=Hero_Stand_1H_1H_P0_PowerAttack_Hit_N_Fwd_00_%_00_P0_180_R.xmot Marker=BOTH Result=ACCEPTED C1Valid=1 C1=13 StatePosition=2 PreviousMask=0 DesiredMask=3 RetiredMask=0 OwnedMask=0 MarkerOwnedMask=3 Activated=2 Deactivated=0 Retired=0 RearmRequests=2 Clears=2 RightUseType=2 LeftUseType=2
CORE MARKER ElapsedMs=59519.731 Actor=PC_Hero Action=2 Family=POWER Phase=1 Motion=Hero_Stand_1H_1H_P0_PowerAttack_Hit_N_Fwd_00_%_00_P0_180_R.xmot Marker=LEFT Result=AUTHORED_OCCURRENCE_BUDGET_IGNORED C1Valid=1 C1=13 StatePosition=2 PreviousMask=0 DesiredMask=0 RetiredMask=0 OwnedMask=0 MarkerOwnedMask=0 Activated=0 Deactivated=0 Retired=0 RearmRequests=0 Clears=0 Authored=1 AcceptedBefore=1 AcceptedAfter=1
CORE MARKER ElapsedMs=59519.746 Actor=PC_Hero Action=2 Family=POWER Phase=1 Motion=Hero_Stand_1H_1H_P0_PowerAttack_Hit_N_Fwd_00_%_00_P0_180_R.xmot Marker=OFF Result=AUTHORED_OCCURRENCE_BUDGET_IGNORED C1Valid=1 C1=13 StatePosition=2 PreviousMask=0 DesiredMask=0 RetiredMask=0 OwnedMask=0 MarkerOwnedMask=0 Activated=0 Deactivated=0 Retired=0 RearmRequests=0 Clears=0 Authored=1 AcceptedBefore=1 AcceptedAfter=1
CORE MARKER ElapsedMs=59519.775 Actor=PC_Hero Action=2 Family=POWER Phase=1 Motion=Hero_Stand_1H_1H_P0_PowerAttack_Hit_N_Fwd_00_%_00_P0_180_R.xmot Marker=BOTH Result=DUPLICATE_SAME_UPDATE_IGNORED C1Valid=1 C1=13 StatePosition=2 PreviousMask=0 DesiredMask=0 RetiredMask=0 OwnedMask=0 MarkerOwnedMask=0 Activated=0 Deactivated=0 Retired=0 RearmRequests=0 Clears=0 DuplicateStateDelta=0.000000000 DuplicateMsDelta=0.166600
CORE COLLISION_GROUP ElapsedMs=59612.813 Source=It_1H_Sword_Rust_01 UseType=2 Owner=PC_Hero Slot=RIGHT Requested=5 Before=7 After=5 MarkerBitsRetired=1
CORE C1 CLEANUP FULFILLED ElapsedMs=59612.832 Actor=PC_Hero Generation=13 Status=PERSISTED Source=It_1H_Sword_Rust_01 Side=RIGHT Requests=2 Outstanding=0 CleanupObserved=1 Group=5
CORE COLLISION_GROUP ElapsedMs=59612.850 Source=It_1H_Sword_Rust_01 UseType=2 Owner=PC_Hero Slot=LEFT Requested=5 Before=7 After=5 MarkerBitsRetired=1
CORE C1 CLEANUP FULFILLED ElapsedMs=59612.858 Actor=PC_Hero Generation=13 Status=PERSISTED Source=It_1H_Sword_Rust_01 Side=LEFT Requests=3 Outstanding=0 CleanupObserved=1 Group=5
CORE C1_FINAL ElapsedMs=59612.874 Actor=PC_Hero Generation=13 Status=PERSISTED SourceCount=2 PhysicalChanged=0 Source[0]=It_1H_Sword_Rust_01 Side=RIGHT Outstanding=0 Cleanup=1 Outcome=NO_OP_NO_OUTSTANDING Source[1]=It_1H_Sword_Rust_01 Side=LEFT Outstanding=0 Cleanup=1 Outcome=NO_OP_NO_OUTSTANDING
CORE C1_START ElapsedMs=60620.504 Actor=PC_Hero Generation=14 Status=CANDIDATE Outstanding=0 TrackedSources=2 ReplacedGeneration=0 ReplacedOutstanding=0 Source[0]=It_1H_Sword_Rust_01 Side=RIGHT Group=5 Source[1]=It_1H_Sword_Rust_01 Side=LEFT Group=5
CORE C1_BIND ElapsedMs=60620.518 Event=COMBAT_MOVE_CANDIDATE_BOUND Actor=PC_Hero Generation=14 Status=CANDIDATE Outstanding=0 Source=<null> Script=_AI_Attack
CORE C1_STATUS ElapsedMs=60629.024 Event=PERSISTED Actor=PC_Hero Generation=14 Status=PERSISTED Outstanding=0
CORE ATTACK_OWNERSHIP ElapsedMs=60629.056 Actor=PC_Hero Family=NORMAL Action=1 Phase=1 Motion=Hero_Stand_1H_1H_P0_Attack_Hit_N_Fwd_00_%_00_P1_118_R.xmot MarkerPresent=0 RequiredMask=0 FistMarkers=0 Raw8Fist=<none> Raw8UseType=-1 SuppressNative=0 Classification=ROUTINE
CORE COLLISION_GROUP ElapsedMs=60849.414 Source=It_1H_Sword_Rust_01 UseType=2 Owner=PC_Hero Slot=LEFT Requested=7 Before=5 After=7 MarkerBitsRetired=0
CORE C1 OFFENSE REQUEST ElapsedMs=60849.444 Actor=PC_Hero Generation=14 Status=PERSISTED Source=It_1H_Sword_Rust_01 Side=LEFT Requests=1 Outstanding=1 CleanupObserved=0 Group=7
CORE COLLISION_GROUP ElapsedMs=61121.718 Source=It_1H_Sword_Rust_01 UseType=2 Owner=PC_Hero Slot=LEFT Requested=5 Before=7 After=5 MarkerBitsRetired=0
CORE C1 CLEANUP FULFILLED ElapsedMs=61121.738 Actor=PC_Hero Generation=14 Status=PERSISTED Source=It_1H_Sword_Rust_01 Side=LEFT Requests=1 Outstanding=0 CleanupObserved=1 Group=5
CORE C1_FINAL ElapsedMs=61121.756 Actor=PC_Hero Generation=14 Status=PERSISTED SourceCount=2 PhysicalChanged=0 Source[0]=It_1H_Sword_Rust_01 Side=RIGHT Outstanding=0 Cleanup=0 Outcome=NO_OP_NO_OUTSTANDING Source[1]=It_1H_Sword_Rust_01 Side=LEFT Outstanding=0 Cleanup=1 Outcome=NO_OP_NO_OUTSTANDING
CORE C1_START ElapsedMs=62460.860 Actor=PC_Hero Generation=15 Status=CANDIDATE Outstanding=0 TrackedSources=2 ReplacedGeneration=0 ReplacedOutstanding=0 Source[0]=It_1H_Sword_Rust_01 Side=RIGHT Group=5 Source[1]=It_1H_Sword_Rust_01 Side=LEFT Group=5
CORE C1_BIND ElapsedMs=62460.874 Event=COMBAT_MOVE_CANDIDATE_BOUND Actor=PC_Hero Generation=15 Status=CANDIDATE Outstanding=0 Source=<null> Script=_AI_PowerAttack
CORE C1_STATUS ElapsedMs=62470.347 Event=PERSISTED Actor=PC_Hero Generation=15 Status=PERSISTED Outstanding=0
CORE C1_BIND ElapsedMs=62899.602 Event=COMBAT_MOVE_REUSED Actor=PC_Hero Generation=15 Status=PERSISTED Outstanding=0 Source=<null> Script=_AI_PowerAttack
CORE ATTACK_OWNERSHIP ElapsedMs=62908.951 Actor=PC_Hero Family=POWER Action=2 Phase=1 Motion=Hero_Stand_1H_1H_P1_PowerAttack_Hit_N_Fwd_00_%_00_P1_190_L.xmot MarkerPresent=1 RequiredMask=3 FistMarkers=0 Raw8Fist=<none> Raw8UseType=-1 SuppressNative=1 Classification=ROUTINE
CORE COLLISION_GROUP ElapsedMs=62941.410 Source=It_1H_Sword_Rust_01 UseType=2 Owner=PC_Hero Slot=RIGHT Requested=7 Before=5 After=7 MarkerBitsRetired=0
CORE C1 OFFENSE REQUEST ElapsedMs=62941.439 Actor=PC_Hero Generation=15 Status=PERSISTED Source=It_1H_Sword_Rust_01 Side=RIGHT Requests=1 Outstanding=1 CleanupObserved=0 Group=7
CORE COLLISION_GROUP ElapsedMs=62941.454 Source=It_1H_Sword_Rust_01 UseType=2 Owner=PC_Hero Slot=LEFT Requested=7 Before=5 After=7 MarkerBitsRetired=0
CORE C1 OFFENSE REQUEST ElapsedMs=62941.462 Actor=PC_Hero Generation=15 Status=PERSISTED Source=It_1H_Sword_Rust_01 Side=LEFT Requests=1 Outstanding=1 CleanupObserved=0 Group=7
CORE MARKER ElapsedMs=62941.473 Actor=PC_Hero Action=2 Family=POWER Phase=1 Motion=Hero_Stand_1H_1H_P1_PowerAttack_Hit_N_Fwd_00_%_00_P1_190_L.xmot Marker=BOTH Result=ACCEPTED C1Valid=1 C1=15 StatePosition=2 PreviousMask=0 DesiredMask=3 RetiredMask=0 OwnedMask=0 MarkerOwnedMask=3 Activated=2 Deactivated=0 Retired=0 RearmRequests=2 Clears=2 RightUseType=2 LeftUseType=2
CORE COLLISION_GROUP ElapsedMs=63137.253 Source=It_1H_Sword_Rust_01 UseType=2 Owner=PC_Hero Slot=LEFT Requested=5 Before=7 After=5 MarkerBitsRetired=0
CORE C1 CLEANUP FULFILLED ElapsedMs=63137.286 Actor=PC_Hero Generation=15 Status=PERSISTED Source=It_1H_Sword_Rust_01 Side=LEFT Requests=1 Outstanding=0 CleanupObserved=1 Group=5
CORE COLLISION_GROUP ElapsedMs=63137.298 Source=It_1H_Sword_Rust_01 UseType=2 Owner=PC_Hero Slot=RIGHT Requested=7 Before=7 After=7 MarkerBitsRetired=0
CORE C1 OFFENSE REQUEST ElapsedMs=63137.305 Actor=PC_Hero Generation=15 Status=PERSISTED Source=It_1H_Sword_Rust_01 Side=RIGHT Requests=2 Outstanding=1 CleanupObserved=0 Group=7
CORE MARKER ElapsedMs=63137.315 Actor=PC_Hero Action=2 Family=POWER Phase=1 Motion=Hero_Stand_1H_1H_P1_PowerAttack_Hit_N_Fwd_00_%_00_P1_190_L.xmot Marker=RIGHT Result=ACCEPTED C1Valid=1 C1=15 StatePosition=2 PreviousMask=3 DesiredMask=1 RetiredMask=2 OwnedMask=0 MarkerOwnedMask=1 Activated=1 Deactivated=0 Retired=1 RearmRequests=1 Clears=1 RightUseType=2 LeftUseType=2
CORE COLLISION_GROUP ElapsedMs=63292.367 Source=It_1H_Sword_Rust_01 UseType=2 Owner=PC_Hero Slot=RIGHT Requested=5 Before=7 After=5 MarkerBitsRetired=0
CORE C1 CLEANUP FULFILLED ElapsedMs=63292.394 Actor=PC_Hero Generation=15 Status=PERSISTED Source=It_1H_Sword_Rust_01 Side=RIGHT Requests=2 Outstanding=0 CleanupObserved=1 Group=5
CORE MARKER ElapsedMs=63292.405 Actor=PC_Hero Action=2 Family=POWER Phase=1 Motion=Hero_Stand_1H_1H_P1_PowerAttack_Hit_N_Fwd_00_%_00_P1_190_L.xmot Marker=OFF Result=OFF_ACCEPTED C1Valid=1 C1=15 StatePosition=2 PreviousMask=0 DesiredMask=0 RetiredMask=0 OwnedMask=1 MarkerOwnedMask=0 Activated=0 Deactivated=1 Retired=0 RearmRequests=0 Clears=0 RightUseType=2
CORE COLLISION_GROUP ElapsedMs=63536.318 Source=It_1H_Sword_Rust_01 UseType=2 Owner=PC_Hero Slot=RIGHT Requested=7 Before=5 After=7 MarkerBitsRetired=0
CORE C1 OFFENSE REQUEST ElapsedMs=63536.349 Actor=PC_Hero Generation=15 Status=PERSISTED Source=It_1H_Sword_Rust_01 Side=RIGHT Requests=3 Outstanding=1 CleanupObserved=0 Group=7
CORE COLLISION_GROUP ElapsedMs=63536.363 Source=It_1H_Sword_Rust_01 UseType=2 Owner=PC_Hero Slot=LEFT Requested=7 Before=5 After=7 MarkerBitsRetired=0
CORE C1 OFFENSE REQUEST ElapsedMs=63536.371 Actor=PC_Hero Generation=15 Status=PERSISTED Source=It_1H_Sword_Rust_01 Side=LEFT Requests=2 Outstanding=1 CleanupObserved=0 Group=7
CORE MARKER ElapsedMs=63536.382 Actor=PC_Hero Action=2 Family=POWER Phase=1 Motion=Hero_Stand_1H_1H_P1_PowerAttack_Hit_N_Fwd_00_%_00_P1_190_L.xmot Marker=BOTH Result=ACCEPTED C1Valid=1 C1=15 StatePosition=2 PreviousMask=0 DesiredMask=3 RetiredMask=0 OwnedMask=0 MarkerOwnedMask=3 Activated=2 Deactivated=0 Retired=0 RearmRequests=2 Clears=2 RightUseType=2 LeftUseType=2
CORE MARKER ElapsedMs=63536.399 Actor=PC_Hero Action=2 Family=POWER Phase=1 Motion=Hero_Stand_1H_1H_P1_PowerAttack_Hit_N_Fwd_00_%_00_P1_190_L.xmot Marker=RIGHT Result=AUTHORED_OCCURRENCE_BUDGET_IGNORED C1Valid=1 C1=15 StatePosition=2 PreviousMask=0 DesiredMask=0 RetiredMask=0 OwnedMask=0 MarkerOwnedMask=0 Activated=0 Deactivated=0 Retired=0 RearmRequests=0 Clears=0 Authored=1 AcceptedBefore=1 AcceptedAfter=1
CORE MARKER ElapsedMs=63536.415 Actor=PC_Hero Action=2 Family=POWER Phase=1 Motion=Hero_Stand_1H_1H_P1_PowerAttack_Hit_N_Fwd_00_%_00_P1_190_L.xmot Marker=OFF Result=AUTHORED_OCCURRENCE_BUDGET_IGNORED C1Valid=1 C1=15 StatePosition=2 PreviousMask=0 DesiredMask=0 RetiredMask=0 OwnedMask=0 MarkerOwnedMask=0 Activated=0 Deactivated=0 Retired=0 RearmRequests=0 Clears=0 Authored=1 AcceptedBefore=1 AcceptedAfter=1
CORE MARKER ElapsedMs=63536.432 Actor=PC_Hero Action=2 Family=POWER Phase=1 Motion=Hero_Stand_1H_1H_P1_PowerAttack_Hit_N_Fwd_00_%_00_P1_190_L.xmot Marker=BOTH Result=DUPLICATE_SAME_UPDATE_IGNORED C1Valid=1 C1=15 StatePosition=2 PreviousMask=0 DesiredMask=0 RetiredMask=0 OwnedMask=0 MarkerOwnedMask=0 Activated=0 Deactivated=0 Retired=0 RearmRequests=0 Clears=0 DuplicateStateDelta=0.000000000 DuplicateMsDelta=0.131300
CORE COLLISION_GROUP ElapsedMs=63640.347 Source=It_1H_Sword_Rust_01 UseType=2 Owner=PC_Hero Slot=RIGHT Requested=5 Before=7 After=5 MarkerBitsRetired=1
CORE C1 CLEANUP FULFILLED ElapsedMs=63640.366 Actor=PC_Hero Generation=15 Status=PERSISTED Source=It_1H_Sword_Rust_01 Side=RIGHT Requests=3 Outstanding=0 CleanupObserved=1 Group=5
CORE COLLISION_GROUP ElapsedMs=63640.387 Source=It_1H_Sword_Rust_01 UseType=2 Owner=PC_Hero Slot=LEFT Requested=5 Before=7 After=5 MarkerBitsRetired=1
CORE C1 CLEANUP FULFILLED ElapsedMs=63640.395 Actor=PC_Hero Generation=15 Status=PERSISTED Source=It_1H_Sword_Rust_01 Side=LEFT Requests=2 Outstanding=0 CleanupObserved=1 Group=5
CORE C1_FINAL ElapsedMs=63640.411 Actor=PC_Hero Generation=15 Status=PERSISTED SourceCount=2 PhysicalChanged=0 Source[0]=It_1H_Sword_Rust_01 Side=RIGHT Outstanding=0 Cleanup=1 Outcome=NO_OP_NO_OUTSTANDING Source[1]=It_1H_Sword_Rust_01 Side=LEFT Outstanding=0 Cleanup=1 Outcome=NO_OP_NO_OUTSTANDING
Script_FrameCollisionTest unloading cleanly.
