Script_FrameCollisionTest diagnostic build loaded.
DiagnosticProfile: CORE
DeepDiagnostics: DISABLED
BehaviorCore: EngineBridge + FrameCollisionMarkers + CollisionSources + CollisionSourceOperations + CollisionLifecycleGuard + Raw8FistCollision + AttackMotionRouting + RuntimeClock
C1Repair: exact outstanding live equipped Item_Attack source -> Item_Equipped after native AISetState opportunity; no ClearTriggeredList.
MarkerFamilies: Normal Power Quick SimpleWhirl Whirl Pierce Hack Sprint
MarkerOpcodes: RIGHT LEFT BOTH OFF FIST
HACK_CALLBACK_IDENTITY TargetRVA=0x433D0 ExactlyOne=1 MatchCount=1 Name=OnAI_HackAttack Source=.\Script\AI\AI_Commands\AI_HackAttack.cpp
Installing behavior hooks...
Hooks installed.

CORE C1_START ElapsedMs=30906.338 Actor=PC_Hero Generation=1 Status=CANDIDATE Outstanding=0 TrackedSources=2 ReplacedGeneration=0 ReplacedOutstanding=0 Source[0]=It_1H_Sword_Rust_01 Side=RIGHT Group=5 Source[1]=It_Shield_StewarkGreat Side=LEFT Group=5
CORE C1_BIND ElapsedMs=30906.367 Event=COMBAT_MOVE_CANDIDATE_BOUND Actor=PC_Hero Generation=1 Status=CANDIDATE Outstanding=0 Source=<null> Script=_AI_Parade
CORE C1_STATUS ElapsedMs=30906.708 Event=PERSISTED Actor=PC_Hero Generation=1 Status=PERSISTED Outstanding=0
CORE C1_FINAL ElapsedMs=31222.819 Actor=PC_Hero Generation=1 Status=PERSISTED SourceCount=2 PhysicalChanged=0 Source[0]=It_1H_Sword_Rust_01 Side=RIGHT Outstanding=0 Cleanup=0 Outcome=NO_OP_NO_OUTSTANDING Source[1]=It_Shield_StewarkGreat Side=LEFT Outstanding=0 Cleanup=0 Outcome=NO_OP_NO_OUTSTANDING
CORE C1_START ElapsedMs=31751.993 Actor=PC_Hero Generation=2 Status=CANDIDATE Outstanding=0 TrackedSources=2 ReplacedGeneration=0 ReplacedOutstanding=0 Source[0]=It_1H_Sword_Rust_01 Side=RIGHT Group=5 Source[1]=It_Shield_StewarkGreat Side=LEFT Group=5
CORE C1_BIND ElapsedMs=31752.019 Event=COMBAT_MOVE_CANDIDATE_BOUND Actor=PC_Hero Generation=2 Status=CANDIDATE Outstanding=0 Source=<null> Script=_AI_QuickAttack
CORE C1_STATUS ElapsedMs=31752.584 Event=PERSISTED Actor=PC_Hero Generation=2 Status=PERSISTED Outstanding=0
CORE ATTACK_OWNERSHIP ElapsedMs=31752.619 Actor=PC_Hero Family=QUICK Action=5 Phase=1 Motion=Hero_Stand_Shield_1H_P1_QuickAttackL_Hit_N_Fwd_00_%_00_P50_100_L.xmot MarkerPresent=1 RequiredMask=2 FistMarkers=0 Raw8Fist=<none> Raw8UseType=-1 SuppressNative=1 Classification=ROUTINE
CORE COLLISION_GROUP ElapsedMs=31999.181 Source=It_Shield_StewarkGreat UseType=9 Owner=PC_Hero Slot=LEFT Requested=7 Before=5 After=7 MarkerBitsRetired=0
CORE C1 OFFENSE REQUEST ElapsedMs=31999.209 Actor=PC_Hero Generation=2 Status=PERSISTED Source=It_Shield_StewarkGreat Side=LEFT Requests=1 Outstanding=1 CleanupObserved=0 Group=7
CORE MARKER ElapsedMs=31999.221 Actor=PC_Hero Action=5 Family=QUICK Phase=1 Motion=Hero_Stand_Shield_1H_P1_QuickAttackL_Hit_N_Fwd_00_%_00_P50_100_L.xmot Marker=LEFT Result=ACCEPTED C1Valid=1 C1=2 StatePosition=1 PreviousMask=0 DesiredMask=2 RetiredMask=0 OwnedMask=0 MarkerOwnedMask=2 Activated=1 Deactivated=0 Retired=0 RearmRequests=1 Clears=1 LeftUseType=9
CORE COLLISION_GROUP ElapsedMs=32297.070 Source=It_Shield_StewarkGreat UseType=9 Owner=PC_Hero Slot=LEFT Requested=5 Before=7 After=5 MarkerBitsRetired=1
CORE C1 CLEANUP FULFILLED ElapsedMs=32297.090 Actor=PC_Hero Generation=2 Status=PERSISTED Source=It_Shield_StewarkGreat Side=LEFT Requests=1 Outstanding=0 CleanupObserved=1 Group=5
CORE C1_FINAL ElapsedMs=32392.166 Actor=PC_Hero Generation=2 Status=PERSISTED SourceCount=2 PhysicalChanged=0 Source[0]=It_1H_Sword_Rust_01 Side=RIGHT Outstanding=0 Cleanup=0 Outcome=NO_OP_NO_OUTSTANDING Source[1]=It_Shield_StewarkGreat Side=LEFT Outstanding=0 Cleanup=1 Outcome=NO_OP_NO_OUTSTANDING
CORE C1_START ElapsedMs=32399.239 Actor=PC_Hero Generation=3 Status=CANDIDATE Outstanding=0 TrackedSources=2 ReplacedGeneration=0 ReplacedOutstanding=0 Source[0]=It_1H_Sword_Rust_01 Side=RIGHT Group=5 Source[1]=It_Shield_StewarkGreat Side=LEFT Group=5
CORE C1_BIND ElapsedMs=32399.253 Event=COMBAT_MOVE_CANDIDATE_BOUND Actor=PC_Hero Generation=3 Status=CANDIDATE Outstanding=0 Source=<null> Script=_AI_Parade
CORE C1_STATUS ElapsedMs=32399.371 Event=PERSISTED Actor=PC_Hero Generation=3 Status=PERSISTED Outstanding=0
CORE C1_FINAL ElapsedMs=32714.746 Actor=PC_Hero Generation=3 Status=PERSISTED SourceCount=2 PhysicalChanged=0 Source[0]=It_1H_Sword_Rust_01 Side=RIGHT Outstanding=0 Cleanup=0 Outcome=NO_OP_NO_OUTSTANDING Source[1]=It_Shield_StewarkGreat Side=LEFT Outstanding=0 Cleanup=0 Outcome=NO_OP_NO_OUTSTANDING
CORE C1_START ElapsedMs=34453.390 Actor=PC_Hero Generation=4 Status=CANDIDATE Outstanding=0 TrackedSources=2 ReplacedGeneration=0 ReplacedOutstanding=0 Source[0]=It_1H_Sword_Rust_01 Side=RIGHT Group=5 Source[1]=It_Shield_StewarkGreat Side=LEFT Group=5
CORE C1_BIND ElapsedMs=34453.403 Event=COMBAT_MOVE_CANDIDATE_BOUND Actor=PC_Hero Generation=4 Status=CANDIDATE Outstanding=0 Source=<null> Script=_AI_QuickAttack
CORE C1_STATUS ElapsedMs=34453.469 Event=PERSISTED Actor=PC_Hero Generation=4 Status=PERSISTED Outstanding=0
CORE COLLISION_GROUP ElapsedMs=34697.757 Source=It_Shield_StewarkGreat UseType=9 Owner=PC_Hero Slot=LEFT Requested=7 Before=5 After=7 MarkerBitsRetired=0
CORE C1 OFFENSE REQUEST ElapsedMs=34697.786 Actor=PC_Hero Generation=4 Status=PERSISTED Source=It_Shield_StewarkGreat Side=LEFT Requests=1 Outstanding=1 CleanupObserved=0 Group=7
CORE MARKER ElapsedMs=34697.797 Actor=PC_Hero Action=5 Family=QUICK Phase=1 Motion=Hero_Stand_Shield_1H_P1_QuickAttackL_Hit_N_Fwd_00_%_00_P50_100_L.xmot Marker=LEFT Result=ACCEPTED C1Valid=1 C1=4 StatePosition=1 PreviousMask=0 DesiredMask=2 RetiredMask=0 OwnedMask=0 MarkerOwnedMask=2 Activated=1 Deactivated=0 Retired=0 RearmRequests=1 Clears=1 LeftUseType=9
CORE COLLISION_GROUP ElapsedMs=34986.443 Source=It_Shield_StewarkGreat UseType=9 Owner=PC_Hero Slot=LEFT Requested=5 Before=7 After=5 MarkerBitsRetired=1
CORE C1 CLEANUP FULFILLED ElapsedMs=34986.469 Actor=PC_Hero Generation=4 Status=PERSISTED Source=It_Shield_StewarkGreat Side=LEFT Requests=1 Outstanding=0 CleanupObserved=1 Group=5
CORE C1_FINAL ElapsedMs=35082.411 Actor=PC_Hero Generation=4 Status=PERSISTED SourceCount=2 PhysicalChanged=0 Source[0]=It_1H_Sword_Rust_01 Side=RIGHT Outstanding=0 Cleanup=0 Outcome=NO_OP_NO_OUTSTANDING Source[1]=It_Shield_StewarkGreat Side=LEFT Outstanding=0 Cleanup=1 Outcome=NO_OP_NO_OUTSTANDING
CORE C1_START ElapsedMs=35089.115 Actor=PC_Hero Generation=5 Status=CANDIDATE Outstanding=0 TrackedSources=2 ReplacedGeneration=0 ReplacedOutstanding=0 Source[0]=It_1H_Sword_Rust_01 Side=RIGHT Group=5 Source[1]=It_Shield_StewarkGreat Side=LEFT Group=5
CORE C1_BIND ElapsedMs=35089.128 Event=COMBAT_MOVE_CANDIDATE_BOUND Actor=PC_Hero Generation=5 Status=CANDIDATE Outstanding=0 Source=<null> Script=_AI_Parade
CORE C1_STATUS ElapsedMs=35089.188 Event=PERSISTED Actor=PC_Hero Generation=5 Status=PERSISTED Outstanding=0
CORE C1_FINAL ElapsedMs=35404.578 Actor=PC_Hero Generation=5 Status=PERSISTED SourceCount=2 PhysicalChanged=0 Source[0]=It_1H_Sword_Rust_01 Side=RIGHT Outstanding=0 Cleanup=0 Outcome=NO_OP_NO_OUTSTANDING Source[1]=It_Shield_StewarkGreat Side=LEFT Outstanding=0 Cleanup=0 Outcome=NO_OP_NO_OUTSTANDING
CORE C1_START ElapsedMs=36517.310 Actor=PC_Hero Generation=6 Status=CANDIDATE Outstanding=0 TrackedSources=2 ReplacedGeneration=0 ReplacedOutstanding=0 Source[0]=It_1H_Sword_Rust_01 Side=RIGHT Group=5 Source[1]=It_Shield_StewarkGreat Side=LEFT Group=5
CORE C1_BIND ElapsedMs=36517.323 Event=COMBAT_MOVE_CANDIDATE_BOUND Actor=PC_Hero Generation=6 Status=CANDIDATE Outstanding=0 Source=<null> Script=_AI_QuickAttack
CORE C1_STATUS ElapsedMs=36517.388 Event=PERSISTED Actor=PC_Hero Generation=6 Status=PERSISTED Outstanding=0
CORE COLLISION_GROUP ElapsedMs=36758.342 Source=It_Shield_StewarkGreat UseType=9 Owner=PC_Hero Slot=LEFT Requested=7 Before=5 After=7 MarkerBitsRetired=0
CORE C1 OFFENSE REQUEST ElapsedMs=36758.371 Actor=PC_Hero Generation=6 Status=PERSISTED Source=It_Shield_StewarkGreat Side=LEFT Requests=1 Outstanding=1 CleanupObserved=0 Group=7
CORE MARKER ElapsedMs=36758.383 Actor=PC_Hero Action=5 Family=QUICK Phase=1 Motion=Hero_Stand_Shield_1H_P1_QuickAttackL_Hit_N_Fwd_00_%_00_P50_100_L.xmot Marker=LEFT Result=ACCEPTED C1Valid=1 C1=6 StatePosition=1 PreviousMask=0 DesiredMask=2 RetiredMask=0 OwnedMask=0 MarkerOwnedMask=2 Activated=1 Deactivated=0 Retired=0 RearmRequests=1 Clears=1 LeftUseType=9
CORE COLLISION_GROUP ElapsedMs=37049.267 Source=It_Shield_StewarkGreat UseType=9 Owner=PC_Hero Slot=LEFT Requested=5 Before=7 After=5 MarkerBitsRetired=1
CORE C1 CLEANUP FULFILLED ElapsedMs=37049.300 Actor=PC_Hero Generation=6 Status=PERSISTED Source=It_Shield_StewarkGreat Side=LEFT Requests=1 Outstanding=0 CleanupObserved=1 Group=5
CORE C1_FINAL ElapsedMs=37142.715 Actor=PC_Hero Generation=6 Status=PERSISTED SourceCount=2 PhysicalChanged=0 Source[0]=It_1H_Sword_Rust_01 Side=RIGHT Outstanding=0 Cleanup=0 Outcome=NO_OP_NO_OUTSTANDING Source[1]=It_Shield_StewarkGreat Side=LEFT Outstanding=0 Cleanup=1 Outcome=NO_OP_NO_OUTSTANDING
CORE C1_START ElapsedMs=37151.133 Actor=PC_Hero Generation=7 Status=CANDIDATE Outstanding=0 TrackedSources=2 ReplacedGeneration=0 ReplacedOutstanding=0 Source[0]=It_1H_Sword_Rust_01 Side=RIGHT Group=5 Source[1]=It_Shield_StewarkGreat Side=LEFT Group=5
CORE C1_BIND ElapsedMs=37151.147 Event=COMBAT_MOVE_CANDIDATE_BOUND Actor=PC_Hero Generation=7 Status=CANDIDATE Outstanding=0 Source=<null> Script=_AI_Parade
CORE C1_STATUS ElapsedMs=37151.286 Event=PERSISTED Actor=PC_Hero Generation=7 Status=PERSISTED Outstanding=0
CORE C1_FINAL ElapsedMs=37461.771 Actor=PC_Hero Generation=7 Status=PERSISTED SourceCount=2 PhysicalChanged=0 Source[0]=It_1H_Sword_Rust_01 Side=RIGHT Outstanding=0 Cleanup=0 Outcome=NO_OP_NO_OUTSTANDING Source[1]=It_Shield_StewarkGreat Side=LEFT Outstanding=0 Cleanup=0 Outcome=NO_OP_NO_OUTSTANDING
CORE C1_START ElapsedMs=45241.219 Actor=PC_Hero Generation=8 Status=CANDIDATE Outstanding=0 TrackedSources=2 ReplacedGeneration=0 ReplacedOutstanding=0 Source[0]=It_1H_Sword_Rust_01 Side=RIGHT Group=5 Source[1]=It_Shield_StewarkGreat Side=LEFT Group=5
CORE C1_BIND ElapsedMs=45241.232 Event=COMBAT_MOVE_CANDIDATE_BOUND Actor=PC_Hero Generation=8 Status=CANDIDATE Outstanding=0 Source=<null> Script=_AI_PierceAttack
CORE C1_STATUS ElapsedMs=45241.616 Event=PERSISTED Actor=PC_Hero Generation=8 Status=PERSISTED Outstanding=0
CORE C1_FINAL ElapsedMs=45280.538 Actor=PC_Hero Generation=8 Status=PERSISTED SourceCount=2 PhysicalChanged=0 Source[0]=It_1H_Sword_Rust_01 Side=RIGHT Outstanding=0 Cleanup=0 Outcome=NO_OP_NO_OUTSTANDING Source[1]=It_Shield_StewarkGreat Side=LEFT Outstanding=0 Cleanup=0 Outcome=NO_OP_NO_OUTSTANDING
CORE C1_START ElapsedMs=45284.116 Actor=PC_Hero Generation=9 Status=CANDIDATE Outstanding=0 TrackedSources=2 ReplacedGeneration=0 ReplacedOutstanding=0 Source[0]=It_1H_Sword_Rust_01 Side=RIGHT Group=5 Source[1]=It_Shield_StewarkGreat Side=LEFT Group=5
CORE C1_BIND ElapsedMs=45284.129 Event=COMBAT_MOVE_CANDIDATE_BOUND Actor=PC_Hero Generation=9 Status=CANDIDATE Outstanding=0 Source=<null> Script=_AI_QuickAttack
CORE C1_STATUS ElapsedMs=45284.223 Event=PERSISTED Actor=PC_Hero Generation=9 Status=PERSISTED Outstanding=0
CORE COLLISION_GROUP ElapsedMs=45540.110 Source=It_Shield_StewarkGreat UseType=9 Owner=PC_Hero Slot=LEFT Requested=7 Before=5 After=7 MarkerBitsRetired=0
CORE C1 OFFENSE REQUEST ElapsedMs=45540.139 Actor=PC_Hero Generation=9 Status=PERSISTED Source=It_Shield_StewarkGreat Side=LEFT Requests=1 Outstanding=1 CleanupObserved=0 Group=7
CORE MARKER ElapsedMs=45540.151 Actor=PC_Hero Action=5 Family=QUICK Phase=1 Motion=Hero_Stand_Shield_1H_P1_QuickAttackL_Hit_N_Fwd_00_%_00_P50_100_L.xmot Marker=LEFT Result=ACCEPTED C1Valid=1 C1=9 StatePosition=1 PreviousMask=0 DesiredMask=2 RetiredMask=0 OwnedMask=0 MarkerOwnedMask=2 Activated=1 Deactivated=0 Retired=0 RearmRequests=1 Clears=1 LeftUseType=9
CORE COLLISION_GROUP ElapsedMs=45848.045 Source=It_Shield_StewarkGreat UseType=9 Owner=PC_Hero Slot=LEFT Requested=5 Before=7 After=5 MarkerBitsRetired=1
CORE C1 CLEANUP FULFILLED ElapsedMs=45848.135 Actor=PC_Hero Generation=9 Status=PERSISTED Source=It_Shield_StewarkGreat Side=LEFT Requests=1 Outstanding=0 CleanupObserved=1 Group=5
CORE C1_FINAL ElapsedMs=45943.193 Actor=PC_Hero Generation=9 Status=PERSISTED SourceCount=2 PhysicalChanged=0 Source[0]=It_1H_Sword_Rust_01 Side=RIGHT Outstanding=0 Cleanup=0 Outcome=NO_OP_NO_OUTSTANDING Source[1]=It_Shield_StewarkGreat Side=LEFT Outstanding=0 Cleanup=1 Outcome=NO_OP_NO_OUTSTANDING
CORE C1_START ElapsedMs=45951.336 Actor=PC_Hero Generation=10 Status=CANDIDATE Outstanding=0 TrackedSources=2 ReplacedGeneration=0 ReplacedOutstanding=0 Source[0]=It_1H_Sword_Rust_01 Side=RIGHT Group=5 Source[1]=It_Shield_StewarkGreat Side=LEFT Group=5
CORE C1_BIND ElapsedMs=45951.350 Event=COMBAT_MOVE_CANDIDATE_BOUND Actor=PC_Hero Generation=10 Status=CANDIDATE Outstanding=0 Source=<null> Script=_AI_Parade
CORE C1_STATUS ElapsedMs=45951.442 Event=PERSISTED Actor=PC_Hero Generation=10 Status=PERSISTED Outstanding=0
CORE C1_FINAL ElapsedMs=46280.919 Actor=PC_Hero Generation=10 Status=PERSISTED SourceCount=2 PhysicalChanged=0 Source[0]=It_1H_Sword_Rust_01 Side=RIGHT Outstanding=0 Cleanup=0 Outcome=NO_OP_NO_OUTSTANDING Source[1]=It_Shield_StewarkGreat Side=LEFT Outstanding=0 Cleanup=0 Outcome=NO_OP_NO_OUTSTANDING
CORE C1_START ElapsedMs=48654.630 Actor=PC_Hero Generation=11 Status=CANDIDATE Outstanding=0 TrackedSources=2 ReplacedGeneration=0 ReplacedOutstanding=0 Source[0]=It_1H_Sword_Rust_01 Side=RIGHT Group=5 Source[1]=It_Shield_StewarkGreat Side=LEFT Group=5
CORE C1_BIND ElapsedMs=48654.643 Event=COMBAT_MOVE_CANDIDATE_BOUND Actor=PC_Hero Generation=11 Status=CANDIDATE Outstanding=0 Source=<null> Script=_AI_PierceAttack
CORE C1_STATUS ElapsedMs=48654.705 Event=PERSISTED Actor=PC_Hero Generation=11 Status=PERSISTED Outstanding=0
CORE C1_FINAL ElapsedMs=48719.152 Actor=PC_Hero Generation=11 Status=PERSISTED SourceCount=2 PhysicalChanged=0 Source[0]=It_1H_Sword_Rust_01 Side=RIGHT Outstanding=0 Cleanup=0 Outcome=NO_OP_NO_OUTSTANDING Source[1]=It_Shield_StewarkGreat Side=LEFT Outstanding=0 Cleanup=0 Outcome=NO_OP_NO_OUTSTANDING
CORE C1_START ElapsedMs=48722.814 Actor=PC_Hero Generation=12 Status=CANDIDATE Outstanding=0 TrackedSources=2 ReplacedGeneration=0 ReplacedOutstanding=0 Source[0]=It_1H_Sword_Rust_01 Side=RIGHT Group=5 Source[1]=It_Shield_StewarkGreat Side=LEFT Group=5
CORE C1_BIND ElapsedMs=48722.826 Event=COMBAT_MOVE_CANDIDATE_BOUND Actor=PC_Hero Generation=12 Status=CANDIDATE Outstanding=0 Source=<null> Script=_AI_QuickAttack
CORE C1_STATUS ElapsedMs=48722.885 Event=PERSISTED Actor=PC_Hero Generation=12 Status=PERSISTED Outstanding=0
CORE COLLISION_GROUP ElapsedMs=48962.944 Source=It_Shield_StewarkGreat UseType=9 Owner=PC_Hero Slot=LEFT Requested=7 Before=5 After=7 MarkerBitsRetired=0
CORE C1 OFFENSE REQUEST ElapsedMs=48963.061 Actor=PC_Hero Generation=12 Status=PERSISTED Source=It_Shield_StewarkGreat Side=LEFT Requests=1 Outstanding=1 CleanupObserved=0 Group=7
CORE MARKER ElapsedMs=48963.113 Actor=PC_Hero Action=5 Family=QUICK Phase=1 Motion=Hero_Stand_Shield_1H_P1_QuickAttackL_Hit_N_Fwd_00_%_00_P50_100_L.xmot Marker=LEFT Result=ACCEPTED C1Valid=1 C1=12 StatePosition=1 PreviousMask=0 DesiredMask=2 RetiredMask=0 OwnedMask=0 MarkerOwnedMask=2 Activated=1 Deactivated=0 Retired=0 RearmRequests=1 Clears=1 LeftUseType=9
CORE COLLISION_GROUP ElapsedMs=49248.520 Source=It_Shield_StewarkGreat UseType=9 Owner=PC_Hero Slot=LEFT Requested=5 Before=7 After=5 MarkerBitsRetired=1
CORE C1 CLEANUP FULFILLED ElapsedMs=49248.549 Actor=PC_Hero Generation=12 Status=PERSISTED Source=It_Shield_StewarkGreat Side=LEFT Requests=1 Outstanding=0 CleanupObserved=1 Group=5
CORE C1_FINAL ElapsedMs=49336.893 Actor=PC_Hero Generation=12 Status=PERSISTED SourceCount=2 PhysicalChanged=0 Source[0]=It_1H_Sword_Rust_01 Side=RIGHT Outstanding=0 Cleanup=0 Outcome=NO_OP_NO_OUTSTANDING Source[1]=It_Shield_StewarkGreat Side=LEFT Outstanding=0 Cleanup=1 Outcome=NO_OP_NO_OUTSTANDING
CORE C1_START ElapsedMs=49344.950 Actor=PC_Hero Generation=13 Status=CANDIDATE Outstanding=0 TrackedSources=2 ReplacedGeneration=0 ReplacedOutstanding=0 Source[0]=It_1H_Sword_Rust_01 Side=RIGHT Group=5 Source[1]=It_Shield_StewarkGreat Side=LEFT Group=5
CORE C1_BIND ElapsedMs=49344.963 Event=COMBAT_MOVE_CANDIDATE_BOUND Actor=PC_Hero Generation=13 Status=CANDIDATE Outstanding=0 Source=<null> Script=_AI_Parade
CORE C1_STATUS ElapsedMs=49345.079 Event=PERSISTED Actor=PC_Hero Generation=13 Status=PERSISTED Outstanding=0
CORE C1_FINAL ElapsedMs=49652.750 Actor=PC_Hero Generation=13 Status=PERSISTED SourceCount=2 PhysicalChanged=0 Source[0]=It_1H_Sword_Rust_01 Side=RIGHT Outstanding=0 Cleanup=0 Outcome=NO_OP_NO_OUTSTANDING Source[1]=It_Shield_StewarkGreat Side=LEFT Outstanding=0 Cleanup=0 Outcome=NO_OP_NO_OUTSTANDING
CORE C1_START ElapsedMs=50862.061 Actor=PC_Hero Generation=14 Status=CANDIDATE Outstanding=0 TrackedSources=2 ReplacedGeneration=0 ReplacedOutstanding=0 Source[0]=It_1H_Sword_Rust_01 Side=RIGHT Group=5 Source[1]=It_Shield_StewarkGreat Side=LEFT Group=5
CORE C1_BIND ElapsedMs=50862.075 Event=COMBAT_MOVE_CANDIDATE_BOUND Actor=PC_Hero Generation=14 Status=CANDIDATE Outstanding=0 Source=<null> Script=_AI_QuickAttack
CORE C1_STATUS ElapsedMs=50862.164 Event=PERSISTED Actor=PC_Hero Generation=14 Status=PERSISTED Outstanding=0
CORE COLLISION_GROUP ElapsedMs=51094.488 Source=It_Shield_StewarkGreat UseType=9 Owner=PC_Hero Slot=LEFT Requested=7 Before=5 After=7 MarkerBitsRetired=0
CORE C1 OFFENSE REQUEST ElapsedMs=51094.516 Actor=PC_Hero Generation=14 Status=PERSISTED Source=It_Shield_StewarkGreat Side=LEFT Requests=1 Outstanding=1 CleanupObserved=0 Group=7
CORE MARKER ElapsedMs=51094.528 Actor=PC_Hero Action=5 Family=QUICK Phase=1 Motion=Hero_Stand_Shield_1H_P1_QuickAttackL_Hit_N_Fwd_00_%_00_P50_100_L.xmot Marker=LEFT Result=ACCEPTED C1Valid=1 C1=14 StatePosition=1 PreviousMask=0 DesiredMask=2 RetiredMask=0 OwnedMask=0 MarkerOwnedMask=2 Activated=1 Deactivated=0 Retired=0 RearmRequests=1 Clears=1 LeftUseType=9
CORE COLLISION_GROUP ElapsedMs=51375.640 Source=It_Shield_StewarkGreat UseType=9 Owner=PC_Hero Slot=LEFT Requested=5 Before=7 After=5 MarkerBitsRetired=1
CORE C1 CLEANUP FULFILLED ElapsedMs=51375.754 Actor=PC_Hero Generation=14 Status=PERSISTED Source=It_Shield_StewarkGreat Side=LEFT Requests=1 Outstanding=0 CleanupObserved=1 Group=5
CORE C1_FINAL ElapsedMs=51462.910 Actor=PC_Hero Generation=14 Status=PERSISTED SourceCount=2 PhysicalChanged=0 Source[0]=It_1H_Sword_Rust_01 Side=RIGHT Outstanding=0 Cleanup=0 Outcome=NO_OP_NO_OUTSTANDING Source[1]=It_Shield_StewarkGreat Side=LEFT Outstanding=0 Cleanup=1 Outcome=NO_OP_NO_OUTSTANDING
CORE C1_START ElapsedMs=51471.275 Actor=PC_Hero Generation=15 Status=CANDIDATE Outstanding=0 TrackedSources=2 ReplacedGeneration=0 ReplacedOutstanding=0 Source[0]=It_1H_Sword_Rust_01 Side=RIGHT Group=5 Source[1]=It_Shield_StewarkGreat Side=LEFT Group=5
CORE C1_BIND ElapsedMs=51471.288 Event=COMBAT_MOVE_CANDIDATE_BOUND Actor=PC_Hero Generation=15 Status=CANDIDATE Outstanding=0 Source=<null> Script=_AI_Parade
CORE C1_STATUS ElapsedMs=51471.351 Event=PERSISTED Actor=PC_Hero Generation=15 Status=PERSISTED Outstanding=0
CORE C1_FINAL ElapsedMs=51767.885 Actor=PC_Hero Generation=15 Status=PERSISTED SourceCount=2 PhysicalChanged=0 Source[0]=It_1H_Sword_Rust_01 Side=RIGHT Outstanding=0 Cleanup=0 Outcome=NO_OP_NO_OUTSTANDING Source[1]=It_Shield_StewarkGreat Side=LEFT Outstanding=0 Cleanup=0 Outcome=NO_OP_NO_OUTSTANDING
CORE C1_START ElapsedMs=52589.614 Actor=PC_Hero Generation=16 Status=CANDIDATE Outstanding=0 TrackedSources=2 ReplacedGeneration=0 ReplacedOutstanding=0 Source[0]=It_1H_Sword_Rust_01 Side=RIGHT Group=5 Source[1]=It_Shield_StewarkGreat Side=LEFT Group=5
CORE C1_BIND ElapsedMs=52589.627 Event=COMBAT_MOVE_CANDIDATE_BOUND Actor=PC_Hero Generation=16 Status=CANDIDATE Outstanding=0 Source=<null> Script=_AI_QuickAttack
CORE C1_STATUS ElapsedMs=52589.757 Event=PERSISTED Actor=PC_Hero Generation=16 Status=PERSISTED Outstanding=0
CORE COLLISION_GROUP ElapsedMs=52824.288 Source=It_Shield_StewarkGreat UseType=9 Owner=PC_Hero Slot=LEFT Requested=7 Before=5 After=7 MarkerBitsRetired=0
CORE C1 OFFENSE REQUEST ElapsedMs=52824.317 Actor=PC_Hero Generation=16 Status=PERSISTED Source=It_Shield_StewarkGreat Side=LEFT Requests=1 Outstanding=1 CleanupObserved=0 Group=7
CORE MARKER ElapsedMs=52824.331 Actor=PC_Hero Action=5 Family=QUICK Phase=1 Motion=Hero_Stand_Shield_1H_P1_QuickAttackL_Hit_N_Fwd_00_%_00_P50_100_L.xmot Marker=LEFT Result=ACCEPTED C1Valid=1 C1=16 StatePosition=1 PreviousMask=0 DesiredMask=2 RetiredMask=0 OwnedMask=0 MarkerOwnedMask=2 Activated=1 Deactivated=0 Retired=0 RearmRequests=1 Clears=1 LeftUseType=9
CORE COLLISION_GROUP ElapsedMs=53100.087 Source=It_Shield_StewarkGreat UseType=9 Owner=PC_Hero Slot=LEFT Requested=5 Before=7 After=5 MarkerBitsRetired=1
CORE C1 CLEANUP FULFILLED ElapsedMs=53100.118 Actor=PC_Hero Generation=16 Status=PERSISTED Source=It_Shield_StewarkGreat Side=LEFT Requests=1 Outstanding=0 CleanupObserved=1 Group=5
CORE C1_FINAL ElapsedMs=53183.668 Actor=PC_Hero Generation=16 Status=PERSISTED SourceCount=2 PhysicalChanged=0 Source[0]=It_1H_Sword_Rust_01 Side=RIGHT Outstanding=0 Cleanup=0 Outcome=NO_OP_NO_OUTSTANDING Source[1]=It_Shield_StewarkGreat Side=LEFT Outstanding=0 Cleanup=1 Outcome=NO_OP_NO_OUTSTANDING
CORE C1_START ElapsedMs=53192.422 Actor=PC_Hero Generation=17 Status=CANDIDATE Outstanding=0 TrackedSources=2 ReplacedGeneration=0 ReplacedOutstanding=0 Source[0]=It_1H_Sword_Rust_01 Side=RIGHT Group=5 Source[1]=It_Shield_StewarkGreat Side=LEFT Group=5
CORE C1_BIND ElapsedMs=53192.435 Event=COMBAT_MOVE_CANDIDATE_BOUND Actor=PC_Hero Generation=17 Status=CANDIDATE Outstanding=0 Source=<null> Script=_AI_Parade
CORE C1_STATUS ElapsedMs=53192.498 Event=PERSISTED Actor=PC_Hero Generation=17 Status=PERSISTED Outstanding=0
CORE C1_FINAL ElapsedMs=53491.400 Actor=PC_Hero Generation=17 Status=PERSISTED SourceCount=2 PhysicalChanged=0 Source[0]=It_1H_Sword_Rust_01 Side=RIGHT Outstanding=0 Cleanup=0 Outcome=NO_OP_NO_OUTSTANDING Source[1]=It_Shield_StewarkGreat Side=LEFT Outstanding=0 Cleanup=0 Outcome=NO_OP_NO_OUTSTANDING
CORE C1_START ElapsedMs=54191.896 Actor=PC_Hero Generation=18 Status=CANDIDATE Outstanding=0 TrackedSources=2 ReplacedGeneration=0 ReplacedOutstanding=0 Source[0]=It_1H_Sword_Rust_01 Side=RIGHT Group=5 Source[1]=It_Shield_StewarkGreat Side=LEFT Group=5
CORE C1_BIND ElapsedMs=54191.910 Event=COMBAT_MOVE_CANDIDATE_BOUND Actor=PC_Hero Generation=18 Status=CANDIDATE Outstanding=0 Source=<null> Script=_AI_PierceAttack
CORE C1_STATUS ElapsedMs=54191.976 Event=PERSISTED Actor=PC_Hero Generation=18 Status=PERSISTED Outstanding=0
CORE C1_FINAL ElapsedMs=54205.504 Actor=PC_Hero Generation=18 Status=PERSISTED SourceCount=2 PhysicalChanged=0 Source[0]=It_1H_Sword_Rust_01 Side=RIGHT Outstanding=0 Cleanup=0 Outcome=NO_OP_NO_OUTSTANDING Source[1]=It_Shield_StewarkGreat Side=LEFT Outstanding=0 Cleanup=0 Outcome=NO_OP_NO_OUTSTANDING
CORE C1_START ElapsedMs=54206.200 Actor=PC_Hero Generation=19 Status=CANDIDATE Outstanding=0 TrackedSources=2 ReplacedGeneration=0 ReplacedOutstanding=0 Source[0]=It_1H_Sword_Rust_01 Side=RIGHT Group=5 Source[1]=It_Shield_StewarkGreat Side=LEFT Group=5
CORE C1_BIND ElapsedMs=54206.211 Event=COMBAT_MOVE_CANDIDATE_BOUND Actor=PC_Hero Generation=19 Status=CANDIDATE Outstanding=0 Source=<null> Script=_AI_QuickAttack
CORE C1_STATUS ElapsedMs=54206.274 Event=PERSISTED Actor=PC_Hero Generation=19 Status=PERSISTED Outstanding=0
CORE COLLISION_GROUP ElapsedMs=54439.912 Source=It_Shield_StewarkGreat UseType=9 Owner=PC_Hero Slot=LEFT Requested=7 Before=5 After=7 MarkerBitsRetired=0
CORE C1 OFFENSE REQUEST ElapsedMs=54439.940 Actor=PC_Hero Generation=19 Status=PERSISTED Source=It_Shield_StewarkGreat Side=LEFT Requests=1 Outstanding=1 CleanupObserved=0 Group=7
CORE MARKER ElapsedMs=54439.952 Actor=PC_Hero Action=5 Family=QUICK Phase=1 Motion=Hero_Stand_Shield_1H_P1_QuickAttackL_Hit_N_Fwd_00_%_00_P50_100_L.xmot Marker=LEFT Result=ACCEPTED C1Valid=1 C1=19 StatePosition=1 PreviousMask=0 DesiredMask=2 RetiredMask=0 OwnedMask=0 MarkerOwnedMask=2 Activated=1 Deactivated=0 Retired=0 RearmRequests=1 Clears=1 LeftUseType=9
CORE COLLISION_GROUP ElapsedMs=54719.474 Source=It_Shield_StewarkGreat UseType=9 Owner=PC_Hero Slot=LEFT Requested=5 Before=7 After=5 MarkerBitsRetired=1
CORE C1 CLEANUP FULFILLED ElapsedMs=54719.502 Actor=PC_Hero Generation=19 Status=PERSISTED Source=It_Shield_StewarkGreat Side=LEFT Requests=1 Outstanding=0 CleanupObserved=1 Group=5
CORE C1_FINAL ElapsedMs=54804.935 Actor=PC_Hero Generation=19 Status=PERSISTED SourceCount=2 PhysicalChanged=0 Source[0]=It_1H_Sword_Rust_01 Side=RIGHT Outstanding=0 Cleanup=0 Outcome=NO_OP_NO_OUTSTANDING Source[1]=It_Shield_StewarkGreat Side=LEFT Outstanding=0 Cleanup=1 Outcome=NO_OP_NO_OUTSTANDING
CORE C1_START ElapsedMs=54813.041 Actor=PC_Hero Generation=20 Status=CANDIDATE Outstanding=0 TrackedSources=2 ReplacedGeneration=0 ReplacedOutstanding=0 Source[0]=It_1H_Sword_Rust_01 Side=RIGHT Group=5 Source[1]=It_Shield_StewarkGreat Side=LEFT Group=5
CORE C1_BIND ElapsedMs=54813.054 Event=COMBAT_MOVE_CANDIDATE_BOUND Actor=PC_Hero Generation=20 Status=CANDIDATE Outstanding=0 Source=<null> Script=_AI_Parade
CORE C1_STATUS ElapsedMs=54813.117 Event=PERSISTED Actor=PC_Hero Generation=20 Status=PERSISTED Outstanding=0
CORE C1_FINAL ElapsedMs=55111.869 Actor=PC_Hero Generation=20 Status=PERSISTED SourceCount=2 PhysicalChanged=0 Source[0]=It_1H_Sword_Rust_01 Side=RIGHT Outstanding=0 Cleanup=0 Outcome=NO_OP_NO_OUTSTANDING Source[1]=It_Shield_StewarkGreat Side=LEFT Outstanding=0 Cleanup=0 Outcome=NO_OP_NO_OUTSTANDING
CORE C1_START ElapsedMs=56136.178 Actor=PC_Hero Generation=21 Status=CANDIDATE Outstanding=0 TrackedSources=2 ReplacedGeneration=0 ReplacedOutstanding=0 Source[0]=It_1H_Sword_Rust_01 Side=RIGHT Group=5 Source[1]=It_Shield_StewarkGreat Side=LEFT Group=5
CORE C1_BIND ElapsedMs=56136.270 Event=COMBAT_MOVE_CANDIDATE_BOUND Actor=PC_Hero Generation=21 Status=CANDIDATE Outstanding=0 Source=<null> Script=_AI_QuickAttack
CORE C1_STATUS ElapsedMs=56136.380 Event=PERSISTED Actor=PC_Hero Generation=21 Status=PERSISTED Outstanding=0
CORE COLLISION_GROUP ElapsedMs=56386.659 Source=It_Shield_StewarkGreat UseType=9 Owner=PC_Hero Slot=LEFT Requested=7 Before=5 After=7 MarkerBitsRetired=0
CORE C1 OFFENSE REQUEST ElapsedMs=56386.688 Actor=PC_Hero Generation=21 Status=PERSISTED Source=It_Shield_StewarkGreat Side=LEFT Requests=1 Outstanding=1 CleanupObserved=0 Group=7
CORE MARKER ElapsedMs=56386.700 Actor=PC_Hero Action=5 Family=QUICK Phase=1 Motion=Hero_Stand_Shield_1H_P1_QuickAttackL_Hit_N_Fwd_00_%_00_P50_100_L.xmot Marker=LEFT Result=ACCEPTED C1Valid=1 C1=21 StatePosition=1 PreviousMask=0 DesiredMask=2 RetiredMask=0 OwnedMask=0 MarkerOwnedMask=2 Activated=1 Deactivated=0 Retired=0 RearmRequests=1 Clears=1 LeftUseType=9
CORE COLLISION_GROUP ElapsedMs=56679.634 Source=It_Shield_StewarkGreat UseType=9 Owner=PC_Hero Slot=LEFT Requested=5 Before=7 After=5 MarkerBitsRetired=1
CORE C1 CLEANUP FULFILLED ElapsedMs=56679.664 Actor=PC_Hero Generation=21 Status=PERSISTED Source=It_Shield_StewarkGreat Side=LEFT Requests=1 Outstanding=0 CleanupObserved=1 Group=5
CORE C1_FINAL ElapsedMs=56768.576 Actor=PC_Hero Generation=21 Status=PERSISTED SourceCount=2 PhysicalChanged=0 Source[0]=It_1H_Sword_Rust_01 Side=RIGHT Outstanding=0 Cleanup=0 Outcome=NO_OP_NO_OUTSTANDING Source[1]=It_Shield_StewarkGreat Side=LEFT Outstanding=0 Cleanup=1 Outcome=NO_OP_NO_OUTSTANDING
CORE C1_START ElapsedMs=56778.869 Actor=PC_Hero Generation=22 Status=CANDIDATE Outstanding=0 TrackedSources=2 ReplacedGeneration=0 ReplacedOutstanding=0 Source[0]=It_1H_Sword_Rust_01 Side=RIGHT Group=5 Source[1]=It_Shield_StewarkGreat Side=LEFT Group=5
CORE C1_BIND ElapsedMs=56778.882 Event=COMBAT_MOVE_CANDIDATE_BOUND Actor=PC_Hero Generation=22 Status=CANDIDATE Outstanding=0 Source=<null> Script=_AI_Parade
CORE C1_STATUS ElapsedMs=56778.944 Event=PERSISTED Actor=PC_Hero Generation=22 Status=PERSISTED Outstanding=0
CORE C1_FINAL ElapsedMs=57094.464 Actor=PC_Hero Generation=22 Status=PERSISTED SourceCount=2 PhysicalChanged=0 Source[0]=It_1H_Sword_Rust_01 Side=RIGHT Outstanding=0 Cleanup=0 Outcome=NO_OP_NO_OUTSTANDING Source[1]=It_Shield_StewarkGreat Side=LEFT Outstanding=0 Cleanup=0 Outcome=NO_OP_NO_OUTSTANDING
Script_FrameCollisionTest unloading cleanly.
