Script_SpeedCalibrationProbe loaded. Diagnostics only; returned speeds are unchanged.
Unique observations are deduplicated and capped at 2048. NEW rows are flushed immediately; ROW rows form the final summary.
IMPORTANT: Script_G3AnimationBehaviors.dll must be absent during calibration because it may hook the same caller sites.

Installed 15 proven Hit caller hooks plus the proven Power Raise observation hook.

NEW|Family=Hero|LeftRaw=None(0)|LeftToken=none|RightRaw=1H(2)|RightToken=1h|PassedAction=Normal(1)|CurrentBefore=Normal(1)|CurrentAfter=Normal(1)|Phase=Hit(1)|Speed=0.600000|NewBalance=false|G3AB=false|Count=1|Player=1|NPC=0|SampleEntity=PC_Hero|SampleAni=Hero_Stand_None_1H_P0_HoldRight_End_N_Fwd_00_%_00_P0_0.xmot
NEW|Family=Hero|LeftRaw=None(0)|LeftToken=none|RightRaw=1H(2)|RightToken=1h|PassedAction=QuickR(4)|CurrentBefore=QuickR(4)|CurrentAfter=QuickR(4)|Phase=Hit(1)|Speed=1.000000|NewBalance=false|G3AB=false|Count=1|Player=1|NPC=0|SampleEntity=PC_Hero|SampleAni=Hero_Stand_None_1H_P0_Ambient_Loop_N_Fwd_00_%_01_P0_0.xmot
NEW|Family=Hero|LeftRaw=None(0)|LeftToken=none|RightRaw=1H(2)|RightToken=1h|PassedAction=QuickL(5)|CurrentBefore=QuickL(5)|CurrentAfter=QuickL(5)|Phase=Hit(1)|Speed=1.000000|NewBalance=false|G3AB=false|Count=1|Player=1|NPC=0|SampleEntity=PC_Hero|SampleAni=Hero_Stand_None_1H_P0_Ambient_Loop_N_Fwd_00_%_01_P0_0.xmot
NEW|Family=Hero|LeftRaw=None(0)|LeftToken=none|RightRaw=1H(2)|RightToken=1h|PassedAction=Power(2)|CurrentBefore=Power(2)|CurrentAfter=Power(2)|Phase=Raise(0)|Speed=1.500000|NewBalance=false|G3AB=false|Count=1|Player=1|NPC=0|SampleEntity=PC_Hero|SampleAni=Hero_Stand_None_1H_P0_Ambient_Loop_N_Fwd_00_%_01_P0_0.xmot
NEW|Family=Hero|LeftRaw=None(0)|LeftToken=none|RightRaw=1H(2)|RightToken=1h|PassedAction=Power(2)|CurrentBefore=Power(2)|CurrentAfter=Power(2)|Phase=Hit(1)|Speed=1.000000|NewBalance=false|G3AB=false|Count=1|Player=1|NPC=0|SampleEntity=PC_Hero|SampleAni=Hero_Stand_None_1H_P0_PowerAttack_Raise_N_Fwd_00_%_00_P0_0_R.xmot
NEW|Family=Troll|LeftRaw=PhysicalFist(55)|LeftToken=fist|RightRaw=PhysicalFist(55)|RightToken=fist|PassedAction=Normal(1)|CurrentBefore=Normal(1)|CurrentAfter=Normal(1)|Phase=Hit(1)|Speed=1.000000|NewBalance=false|G3AB=false|Count=1|Player=0|NPC=1|SampleEntity=Troll|SampleAni=Troll_Stand_Fist_Fist_P0_Move_Stand_N_Fwd_00_%_00_P0_0.xmot
NEW|Family=Troll|LeftRaw=PhysicalFist(55)|LeftToken=fist|RightRaw=PhysicalFist(55)|RightToken=fist|PassedAction=QuickL(5)|CurrentBefore=QuickL(5)|CurrentAfter=QuickL(5)|Phase=Hit(1)|Speed=1.000000|NewBalance=false|G3AB=false|Count=1|Player=0|NPC=1|SampleEntity=Troll|SampleAni=Troll_Stand_Fist_Fist_P0_Ambient_Loop_N_Fwd_00_%_00_P0_0.xmot
NEW|Family=Troll|LeftRaw=PhysicalFist(55)|LeftToken=fist|RightRaw=PhysicalFist(55)|RightToken=fist|PassedAction=QuickR(4)|CurrentBefore=QuickR(4)|CurrentAfter=QuickR(4)|Phase=Hit(1)|Speed=1.000000|NewBalance=false|G3AB=false|Count=1|Player=0|NPC=1|SampleEntity=Troll|SampleAni=Troll_Stand_Fist_Fist_P0_Ambient_Loop_N_Fwd_00_%_00_P0_0.xmot
NEW|Family=Troll|LeftRaw=PhysicalFist(55)|LeftToken=fist|RightRaw=PhysicalFist(55)|RightToken=fist|PassedAction=Power(2)|CurrentBefore=Power(2)|CurrentAfter=Power(2)|Phase=Raise(0)|Speed=1.000000|NewBalance=false|G3AB=false|Count=1|Player=0|NPC=1|SampleEntity=Troll|SampleAni=Troll_Stand_Fist_Fist_P0_Move_Stand_N_Fwd_00_%_00_P0_0.xmot
NEW|Family=Troll|LeftRaw=PhysicalFist(55)|LeftToken=fist|RightRaw=PhysicalFist(55)|RightToken=fist|PassedAction=Power(2)|CurrentBefore=Power(2)|CurrentAfter=Power(2)|Phase=Hit(1)|Speed=1.000000|NewBalance=false|G3AB=false|Count=1|Player=0|NPC=1|SampleEntity=Troll|SampleAni=Troll_Stand_Fist_Fist_P0_PowerAttack_Raise_N_Fwd_00_%_00_P0_0.xmot
NEW|Family=Troll|LeftRaw=PhysicalFist(55)|LeftToken=fist|RightRaw=PhysicalFist(55)|RightToken=fist|PassedAction=Power(2)|CurrentBefore=Sprint(9)|CurrentAfter=Sprint(9)|Phase=Raise(0)|Speed=1.000000|NewBalance=false|G3AB=false|Count=1|Player=0|NPC=1|SampleEntity=Troll|SampleAni=Troll_Stand_Fist_Fist_P0_Ambient_Loop_N_Fwd_00_%_00_P0_0.xmot
NEW|Family=Troll|LeftRaw=PhysicalFist(55)|LeftToken=fist|RightRaw=PhysicalFist(55)|RightToken=fist|PassedAction=Power(2)|CurrentBefore=Sprint(9)|CurrentAfter=Sprint(9)|Phase=Hit(1)|Speed=1.000000|NewBalance=false|G3AB=false|Count=1|Player=0|NPC=1|SampleEntity=Troll|SampleAni=Troll_Stand_Fist_Fist_P0_PowerAttack_Raise_N_Fwd_00_%_00_P0_0.xmot

===== FINAL SUMMARY =====
InterceptedCalls=55
UniqueObservations=12
DroppedUniqueObservations=0
ROW|Family=Hero|LeftRaw=None(0)|LeftToken=none|RightRaw=1H(2)|RightToken=1h|PassedAction=Normal(1)|CurrentBefore=Normal(1)|CurrentAfter=Normal(1)|Phase=Hit(1)|Speed=0.600000|NewBalance=false|G3AB=false|Count=15|Player=15|NPC=0|SampleEntity=PC_Hero|SampleAni=Hero_Stand_None_1H_P0_HoldRight_End_N_Fwd_00_%_00_P0_0.xmot
ROW|Family=Hero|LeftRaw=None(0)|LeftToken=none|RightRaw=1H(2)|RightToken=1h|PassedAction=Power(2)|CurrentBefore=Power(2)|CurrentAfter=Power(2)|Phase=Raise(0)|Speed=1.500000|NewBalance=false|G3AB=false|Count=5|Player=5|NPC=0|SampleEntity=PC_Hero|SampleAni=Hero_Stand_None_1H_P0_Ambient_Loop_N_Fwd_00_%_01_P0_0.xmot
ROW|Family=Hero|LeftRaw=None(0)|LeftToken=none|RightRaw=1H(2)|RightToken=1h|PassedAction=Power(2)|CurrentBefore=Power(2)|CurrentAfter=Power(2)|Phase=Hit(1)|Speed=1.000000|NewBalance=false|G3AB=false|Count=4|Player=4|NPC=0|SampleEntity=PC_Hero|SampleAni=Hero_Stand_None_1H_P0_PowerAttack_Raise_N_Fwd_00_%_00_P0_0_R.xmot
ROW|Family=Hero|LeftRaw=None(0)|LeftToken=none|RightRaw=1H(2)|RightToken=1h|PassedAction=QuickR(4)|CurrentBefore=QuickR(4)|CurrentAfter=QuickR(4)|Phase=Hit(1)|Speed=1.000000|NewBalance=false|G3AB=false|Count=2|Player=2|NPC=0|SampleEntity=PC_Hero|SampleAni=Hero_Stand_None_1H_P0_Ambient_Loop_N_Fwd_00_%_01_P0_0.xmot
ROW|Family=Hero|LeftRaw=None(0)|LeftToken=none|RightRaw=1H(2)|RightToken=1h|PassedAction=QuickL(5)|CurrentBefore=QuickL(5)|CurrentAfter=QuickL(5)|Phase=Hit(1)|Speed=1.000000|NewBalance=false|G3AB=false|Count=3|Player=3|NPC=0|SampleEntity=PC_Hero|SampleAni=Hero_Stand_None_1H_P0_Ambient_Loop_N_Fwd_00_%_01_P0_0.xmot
ROW|Family=Troll|LeftRaw=PhysicalFist(55)|LeftToken=fist|RightRaw=PhysicalFist(55)|RightToken=fist|PassedAction=Normal(1)|CurrentBefore=Normal(1)|CurrentAfter=Normal(1)|Phase=Hit(1)|Speed=1.000000|NewBalance=false|G3AB=false|Count=12|Player=0|NPC=12|SampleEntity=Troll|SampleAni=Troll_Stand_Fist_Fist_P0_Move_Stand_N_Fwd_00_%_00_P0_0.xmot
ROW|Family=Troll|LeftRaw=PhysicalFist(55)|LeftToken=fist|RightRaw=PhysicalFist(55)|RightToken=fist|PassedAction=Power(2)|CurrentBefore=Power(2)|CurrentAfter=Power(2)|Phase=Raise(0)|Speed=1.000000|NewBalance=false|G3AB=false|Count=1|Player=0|NPC=1|SampleEntity=Troll|SampleAni=Troll_Stand_Fist_Fist_P0_Move_Stand_N_Fwd_00_%_00_P0_0.xmot
ROW|Family=Troll|LeftRaw=PhysicalFist(55)|LeftToken=fist|RightRaw=PhysicalFist(55)|RightToken=fist|PassedAction=Power(2)|CurrentBefore=Power(2)|CurrentAfter=Power(2)|Phase=Hit(1)|Speed=1.000000|NewBalance=false|G3AB=false|Count=1|Player=0|NPC=1|SampleEntity=Troll|SampleAni=Troll_Stand_Fist_Fist_P0_PowerAttack_Raise_N_Fwd_00_%_00_P0_0.xmot
ROW|Family=Troll|LeftRaw=PhysicalFist(55)|LeftToken=fist|RightRaw=PhysicalFist(55)|RightToken=fist|PassedAction=Power(2)|CurrentBefore=Sprint(9)|CurrentAfter=Sprint(9)|Phase=Raise(0)|Speed=1.000000|NewBalance=false|G3AB=false|Count=2|Player=0|NPC=2|SampleEntity=Troll|SampleAni=Troll_Stand_Fist_Fist_P0_Ambient_Loop_N_Fwd_00_%_00_P0_0.xmot
ROW|Family=Troll|LeftRaw=PhysicalFist(55)|LeftToken=fist|RightRaw=PhysicalFist(55)|RightToken=fist|PassedAction=Power(2)|CurrentBefore=Sprint(9)|CurrentAfter=Sprint(9)|Phase=Hit(1)|Speed=1.000000|NewBalance=false|G3AB=false|Count=2|Player=0|NPC=2|SampleEntity=Troll|SampleAni=Troll_Stand_Fist_Fist_P0_PowerAttack_Raise_N_Fwd_00_%_00_P0_0.xmot
ROW|Family=Troll|LeftRaw=PhysicalFist(55)|LeftToken=fist|RightRaw=PhysicalFist(55)|RightToken=fist|PassedAction=QuickR(4)|CurrentBefore=QuickR(4)|CurrentAfter=QuickR(4)|Phase=Hit(1)|Speed=1.000000|NewBalance=false|G3AB=false|Count=3|Player=0|NPC=3|SampleEntity=Troll|SampleAni=Troll_Stand_Fist_Fist_P0_Ambient_Loop_N_Fwd_00_%_00_P0_0.xmot
ROW|Family=Troll|LeftRaw=PhysicalFist(55)|LeftToken=fist|RightRaw=PhysicalFist(55)|RightToken=fist|PassedAction=QuickL(5)|CurrentBefore=QuickL(5)|CurrentAfter=QuickL(5)|Phase=Hit(1)|Speed=1.000000|NewBalance=false|G3AB=false|Count=5|Player=0|NPC=5|SampleEntity=Troll|SampleAni=Troll_Stand_Fist_Fist_P0_Ambient_Loop_N_Fwd_00_%_00_P0_0.xmot
===== END SUMMARY =====
