Script_FrameCollisionTest diagnostic build loaded.
DiagnosticProfile: CORE
DeepDiagnostics: DISABLED
BehaviorCore: EngineBridge + FrameCollisionMarkers + CollisionSources + CollisionSourceOperations + CollisionLifecycleGuard + RuntimeClock
C1Repair: exact outstanding live equipped Item_Attack source -> Item_Equipped after native AISetState opportunity; no ClearTriggeredList.
MarkerFamilies: Normal Power Quick SimpleWhirl Whirl Pierce Hack
MarkerOpcodes: RIGHT LEFT BOTH OFF FIST
HACK_CALLBACK_IDENTITY TargetRVA=0x433D0 ExactlyOne=1 MatchCount=1 Name=OnAI_HackAttack Source=.\Script\AI\AI_Commands\AI_HackAttack.cpp
Installing behavior hooks...
Hooks installed.

===== FIST TRIGGER STATE SNAPSHOT =====
Boundary: AISETSTATE_BEFORE_ORIGINAL
Actor: PC_Hero
Action: 68
AniPhase: 6
StateTime: 0.767426
CurrentMovementAni: Hero_Stand_None_Fist_P0_HoldRight_End_N_Fwd_00_%_00_P0_0.xmot
FistSourceResolved: 1
FistSourceAddress: E6EA3E10
FistUseType: 8
FistCollisionGroup: 0
IsEnabled: 1
ReactToTouch: 1
ResetOnUntouch: 0
DamageDisabled: 0
=======================================

===== FIST TRIGGER STATE SNAPSHOT =====
Boundary: AISETSTATE_AFTER_ORIGINAL
Actor: PC_Hero
Action: 68
AniPhase: 6
StateTime: 0.000000
CurrentMovementAni: Hero_Stand_None_Fist_P0_HoldRight_End_N_Fwd_00_%_00_P0_0.xmot
FistSourceResolved: 1
FistSourceAddress: E6EA3E10
FistUseType: 8
FistCollisionGroup: 0
IsEnabled: 1
ReactToTouch: 1
ResetOnUntouch: 0
DamageDisabled: 0
=======================================

===== FIST TRIGGER STATE SNAPSHOT =====
Boundary: AISETSTATE_BEFORE_ORIGINAL
Actor: PC_Hero
Action: 0
AniPhase: 5
StateTime: 5.432642
CurrentMovementAni: Hero_Stand_None_Fist_P0_Ambient_Loop_N_Fwd_00_%_00_P0_0.xmot
FistSourceResolved: 1
FistSourceAddress: E6EA3E10
FistUseType: 8
FistCollisionGroup: 0
IsEnabled: 1
ReactToTouch: 1
ResetOnUntouch: 0
DamageDisabled: 0
=======================================

===== FIST TRIGGER STATE SNAPSHOT =====
Boundary: AISETSTATE_AFTER_ORIGINAL
Actor: PC_Hero
Action: 0
AniPhase: 5
StateTime: 0.000000
CurrentMovementAni: Hero_Stand_None_Fist_P0_Ambient_Loop_N_Fwd_00_%_00_P0_0.xmot
FistSourceResolved: 1
FistSourceAddress: E6EA3E10
FistUseType: 8
FistCollisionGroup: 0
IsEnabled: 1
ReactToTouch: 1
ResetOnUntouch: 0
DamageDisabled: 0
=======================================

===== C1 LIFECYCLE START =====
ElapsedMs: 41360.378
Actor: PC_Hero
Generation: 1
Status: CANDIDATE
ReplacedGeneration: 0
ReplacedOutstanding: 0
TrackedSourceCount: 1
Source[0].Address: E6EA3E10
Source[0].Side: RIGHT
Source[0].ActualGroup: 0
==============================

===== C1 SCRIPT BINDING =====
ElapsedMs: 41360.390
Event: COMBAT_MOVE_CANDIDATE_BOUND
Actor: PC_Hero
Generation: 1
Status: CANDIDATE
Outstanding: 0
ScriptFunction: _AI_Attack
SourceAddress: 00000000
=============================

===== C1 LIFECYCLE STATUS =====
ElapsedMs: 41360.744
Event: PERSISTED
Actor: PC_Hero
Generation: 1
Status: PERSISTED
Outstanding: 0
===============================

===== MARKER OWNERSHIP DECISION =====
ElapsedMs: 41360.779
Actor: PC_Hero
Family: NORMAL
CurrentMovementAni: Hero_Stand_None_Fist_P0_Attack_Hit_N_Fwd_00_%_00_P1_100_R.xmot
Action: 1
AniPhase: 1
MatchingMotionFound: 1
MarkerScanValid: 1
ContainsReservedSourceMarker: 1
RequiredSourceMask: 0
RequiresFistSource: 1
AuthoredRIGHTCount: 0
FirstRIGHTFrame: -1
AuthoredLEFTCount: 0
FirstLEFTFrame: -1
AuthoredBOTHCount: 0
FirstBOTHFrame: -1
AuthoredOFFCount: 0
FirstOFFFrame: -1
AuthoredFISTCount: 1
FirstFISTFrame: 3
RightSourceResolved: 1
RightSourceName: Fist
RightSourceAddress: E6EA3E10
RightSourceUseType: 8
RightSourceCollisionGroup: 0
LeftSourceResolved: 0
FistSourceResolved: 1
FistSourceName: Fist
FistSourceAddress: E6EA3E10
FistSourceUseType: 8
FistSourceCollisionGroup: 0
SuppressNativeCallback: 1
=====================================

===== FIST RECEIVED =====
ElapsedMs: 41474.509
Actor: PC_Hero
Action: 1
AniPhase: 1
StateTime: 0.124997
StatePositionBeforeMarker: 0
CurrentMovementAni: Hero_Stand_None_Fist_P0_Attack_Hit_N_Fwd_00_%_00_P1_100_R.xmot
===== FIST COMBAT LATCH INTERVENTION =====
Boundary: FIST_COMBAT_LATCH_INTERVENTION
ElapsedMs: 41474.547
Actor: PC_Hero
ActorAddress: EBB66E10
Action: 1
AniPhase: 1
StateTime: 0.124997
CurrentMovementAni: Hero_Stand_None_Fist_P0_Attack_Hit_N_Fwd_00_%_00_P1_100_R.xmot
C1Generation: 1
SPUAddress: EBB67074
LatchOffset: 0x164
LatchBefore: 0
LatchAfter: 1
WriteAttempted: 1
WriteConfirmed: 1
FistSourceAddress: E6EA3E10
FistUseType: 8
FistCollisionGroup: 0
==========================================

MarkerName: G3AB_COL_FIST
MarkerOpcode: FIST
StatePositionAfterMarker: 0
C1GenerationValid: 1
C1Generation: 1
MarkerAction: ACCEPTED
AuthoredMarkerOccurrences: 1
AcceptedMarkerOccurrencesBefore: 0
AcceptedMarkerOccurrencesAfter: 1
ExecutionBudgetReset: 1
PreviousSourceMask: 0
DesiredSourceMask: 0
RetiredSourceMask: 0
OwnedMaskAtOff: 0
MarkerOwnedWeaponMask: 0
ActivatedSourceCount: 0
RetiredSourceCount: 0
DeactivatedSourceCount: 0
TriggeredListClearCount: 1
FistSourceResolved: 1
FistSourceAddress: E6EA3E10
FistUseType: 8
FistGroupBefore: 0
FistGroupAfter: 0
FistTriggeredListCleared: 1
===========================

===== FIST TRIGGER STATE SNAPSHOT =====
Boundary: AISETSTATE_BEFORE_ORIGINAL
Actor: PC_Hero
Action: 1
AniPhase: 3
StateTime: 0.321990
CurrentMovementAni: Hero_Stand_None_Fist_P0_Attack_Hit_N_Fwd_00_%_00_P1_100_R.xmot
FistSourceResolved: 1
FistSourceAddress: E6EA3E10
FistUseType: 8
FistCollisionGroup: 0
IsEnabled: 1
ReactToTouch: 1
ResetOnUntouch: 0
DamageDisabled: 0
=======================================

===== FIST TRIGGER STATE SNAPSHOT =====
Boundary: AISETSTATE_AFTER_ORIGINAL
Actor: PC_Hero
Action: 1
AniPhase: 3
StateTime: 0.000000
CurrentMovementAni: Hero_Stand_None_Fist_P0_Attack_Hit_N_Fwd_00_%_00_P1_100_R.xmot
FistSourceResolved: 1
FistSourceAddress: E6EA3E10
FistUseType: 8
FistCollisionGroup: 0
IsEnabled: 1
ReactToTouch: 1
ResetOnUntouch: 0
DamageDisabled: 0
=======================================

===== C1 FINALIZATION =====
ElapsedMs: 41682.793
Reason: AISETSTATE_AFTER_ORIGINAL
Actor: PC_Hero
Generation: 1
Status: PERSISTED
TrackedSourceCount: 1
Source[0].Outcome: NO_OP_NO_OUTSTANDING
Source[0].Address: E6EA3E10
Source[0].LivenessEstablished: 1
Source[0].Name: Fist
Source[0].OriginalSide: RIGHT
Source[0].CurrentSideMask: 1
Source[0].OffensiveRequestCount: 0
Source[0].OutstandingBeforeFinalization: 0
Source[0].CleanupObservedBeforeFinalization: 0
Source[0].ActualGroupBeforeRepair: 0
Source[0].RepairAttempted: 0
Source[0].PhysicalCollisionChanged: 0
PhysicalCollisionChanged: 0
===========================

Script_FrameCollisionTest unloading cleanly.
