Script_FrameCollisionTest v0.20 loaded.
GENERALIZED ACTOR / WEAPON-SLOT PROTOTYPE.
NO IsPlayer restriction.
NO 2H / Staff / 1H use-type restriction.
NO P0/P1/P2 restriction.
Normal eligibility: exact Attack action + Hit phase + current _Attack_Hit_ motion + RIGHT/LEFT/BOTH source marker.
Quick eligibility: OnAI_QuickAttack + exact Quick/QuickR/QuickL action + Hit phase + a RIGHT/LEFT/BOTH source marker.
Accepted Quick marker completes one-shot callback bookkeeping: StatePosition -> 1.
Full Whirl eligibility: OnAI_WhirlAttack + exact WhirlAttack action + Hit phase + a RIGHT/LEFT/BOTH source marker.
Accepted full-Whirl marker completes one-shot callback bookkeeping: StatePosition -> 1.
Full Whirl uses explicit marker windows; ResetOnUntouch is NOT enabled.
v0.20 PRIMARY-MOTION LIFETIME PROBE: read-only; cleanup behavior is unchanged.
v0.20 probe runs only while a marker-owned collision window exists.
Dual SimpleWhirl remains on the original OnAI_SimpleWhirl callback in v0.19.
FIST CAUSAL TEST: raw Fist/PhysicalFist skips SetCollisionGroup(Item_Attack).
FIST CAUSAL TEST: ClearTriggeredList remains active.
G3AB_COL_RIGHT is the final RIGHT equipped-slot marker.
G3AB_COL_LEFT is the final LEFT equipped-slot marker.
G3AB_COL_BOTH is the final BOTH equipped-slot marker.
RIGHT, LEFT, and BOTH use exact-set semantics: the selected source set replaces the previous marker-owned set.
BOTH activates/rearms the right and left equipped slot entities independently at one authored marker.
If any source required by the exact motion is missing, its original attack callback is NOT suppressed.
This protects unarmed/monster attacks until body-source resolution is implemented.
Marker action: non-Fist -> Item_Attack + ClearTriggeredList; Fist -> ClearTriggeredList only.
G3AB_COL_OFF closes only a weapon window opened by this prototype.
OFF requests Item_Equipped and never clears the triggered list.
OFF before ON or after natural reset is consumed as a logged no-op.
Fist/body OFF remains unsupported; Gothic 3 still owns Hit->Recover reset.
Known collision groups: Item_Equipped=5, Item_Attack=7.
PASSIVE DUAL DISCOVERY: Item_Attack transitions are labelled by exact player LEFT/RIGHT slot entity identity.
A Dual both-weapon activation normally appears as separate LEFT and RIGHT transition records.
Preserved RIGHT and LEFT Normal paths passed v0.14 source validation.

v0.19 adds only the full 2H/Staff OnAI_WhirlAttack adapter.
v0.19 preserves the validated v0.18 Normal/Quick RIGHT/LEFT/BOTH/OFF core unchanged.
No Dual SimpleWhirl, Power, collision-source, timing, or cleanup behavior is added in v0.19.
Dedup key: actor + RIGHT/LEFT slot snapshot + motion + marker + action + phase + state time; wall window <= 5 ms.

Authored-occurrence budgets are cached separately for RIGHT, LEFT, BOTH, and OFF.
Budget key: actor + RIGHT/LEFT slot snapshot + motion + action + phase.
Marker-time or controlled-callback state-time rollback starts a new execution.
Natural collision reset outside the owning Hit execution retires the actor budget.
No per-frame actor scan; budget work occurs only when a reserved marker is received.

Installing hooks...
Hooks installed.

===== MARKER OWNERSHIP DECISION =====
ElapsedMs: 37922.569
Actor: PC_Hero
CurrentMovementAni: Hero_Parade_None_Staff_P0_WhirlAttack_Hit_N_Fwd_00_%_00_P0_150_R.xmot
MatchingMotionFound: 1
FrameEffectCount: 1
ContainsReservedSourceMarker: 0
RequiredSourceMask: 0
AuthoredRIGHTMarkerCount: 0
FirstRIGHTMarkerFrame: -1
AuthoredLEFTMarkerCount: 0
FirstLEFTMarkerFrame: -1
AuthoredBOTHMarkerCount: 0
FirstBOTHMarkerFrame: -1
AuthoredOFFMarkerCount: 0
FirstOFFMarkerFrame: -1
RightHandSourceResolved: 1
RightHandSource: Wrestling Staff_BBM
RightHandSourceAddress: E70EAC10
RightHandSourceUseType: 12
RightHandSourceCollisionGroup: 5
LeftHandSourceResolved: 0
Decision: LEGACY/NATIVE - call original timer callback
=====================================

===== ENGINE SetCollisionGroup =====
ElapsedMs: 38181.264
Entity: Wrestling Staff_BBM
ChangedEntityAddress: E70EAC10
PlayerSlotMatch: RIGHT
PlayerAction: 10
PlayerAniPhase: 1
PlayerPrimaryPose: 1
PlayerStateTime: 0.256970
PlayerStatePosition: 0
PlayerCurrentMovementAni: Hero_Parade_None_Staff_P0_WhirlAttack_Hit_N_Fwd_00_%_00_P0_150_R.xmot
PlayerLeftItem: <none>
PlayerLeftItemAddress: 00000000
PlayerLeftUseType: -1
PlayerLeftCollisionGroup: -1
PlayerRightItem: Wrestling Staff_BBM
PlayerRightItemAddress: E70EAC10
PlayerRightUseType: 12
PlayerRightCollisionGroup: 7
RequestedGroup: 7
BeforeGroup: 5
AfterGroup: 7
Item_EquippedValue: 5
Item_AttackValue: 7
RetiredMarkerExecutionCount: 0
====================================

===== ENGINE SetCollisionGroup =====
ElapsedMs: 44373.860
Entity: Wrestling Staff_BBM
ChangedEntityAddress: E70EAC10
PlayerSlotMatch: RIGHT
PlayerAction: 10
PlayerAniPhase: 1
PlayerPrimaryPose: 1
PlayerStateTime: 0.253584
PlayerStatePosition: 0
PlayerCurrentMovementAni: Hero_Parade_None_Staff_P0_WhirlAttack_Hit_N_Fwd_00_%_00_P0_150_R.xmot
PlayerLeftItem: <none>
PlayerLeftItemAddress: 00000000
PlayerLeftUseType: -1
PlayerLeftCollisionGroup: -1
PlayerRightItem: Wrestling Staff_BBM
PlayerRightItemAddress: E70EAC10
PlayerRightUseType: 12
PlayerRightCollisionGroup: 7
RequestedGroup: 7
BeforeGroup: 7
AfterGroup: 7
Item_EquippedValue: 5
Item_AttackValue: 7
RetiredMarkerExecutionCount: 0
====================================

===== ENGINE SetCollisionGroup =====
ElapsedMs: 49736.828
Entity: Wrestling Staff_BBM
ChangedEntityAddress: E70EAC10
PlayerSlotMatch: RIGHT
PlayerAction: 10
PlayerAniPhase: 1
PlayerPrimaryPose: 1
PlayerStateTime: 0.257923
PlayerStatePosition: 0
PlayerCurrentMovementAni: Hero_Parade_None_Staff_P0_WhirlAttack_Hit_N_Fwd_00_%_00_P0_150_R.xmot
PlayerLeftItem: <none>
PlayerLeftItemAddress: 00000000
PlayerLeftUseType: -1
PlayerLeftCollisionGroup: -1
PlayerRightItem: Wrestling Staff_BBM
PlayerRightItemAddress: E70EAC10
PlayerRightUseType: 12
PlayerRightCollisionGroup: 7
RequestedGroup: 7
BeforeGroup: 7
AfterGroup: 7
Item_EquippedValue: 5
Item_AttackValue: 7
RetiredMarkerExecutionCount: 0
====================================

===== ENGINE SetCollisionGroup =====
ElapsedMs: 53630.948
Entity: Wrestling Staff_BBM
ChangedEntityAddress: E70EAC10
PlayerSlotMatch: RIGHT
PlayerAction: 10
PlayerAniPhase: 1
PlayerPrimaryPose: 1
PlayerStateTime: 0.250005
PlayerStatePosition: 0
PlayerCurrentMovementAni: Hero_Parade_None_Staff_P0_WhirlAttack_Hit_N_Fwd_00_%_00_P0_150_R.xmot
PlayerLeftItem: <none>
PlayerLeftItemAddress: 00000000
PlayerLeftUseType: -1
PlayerLeftCollisionGroup: -1
PlayerRightItem: Wrestling Staff_BBM
PlayerRightItemAddress: E70EAC10
PlayerRightUseType: 12
PlayerRightCollisionGroup: 7
RequestedGroup: 7
BeforeGroup: 7
AfterGroup: 7
Item_EquippedValue: 5
Item_AttackValue: 7
RetiredMarkerExecutionCount: 0
====================================

===== ENGINE SetCollisionGroup =====
ElapsedMs: 54187.669
Entity: Wrestling Staff_BBM
ChangedEntityAddress: E70EAC10
PlayerSlotMatch: RIGHT
PlayerAction: 10
PlayerAniPhase: 3
PlayerPrimaryPose: 1
PlayerStateTime: 0.806975
PlayerStatePosition: 1
PlayerCurrentMovementAni: Hero_Parade_None_Staff_P0_WhirlAttack_Hit_N_Fwd_00_%_00_P0_150_R.xmot
PlayerLeftItem: <none>
PlayerLeftItemAddress: 00000000
PlayerLeftUseType: -1
PlayerLeftCollisionGroup: -1
PlayerRightItem: Wrestling Staff_BBM
PlayerRightItemAddress: E70EAC10
PlayerRightUseType: 12
PlayerRightCollisionGroup: 5
RequestedGroup: 5
BeforeGroup: 7
AfterGroup: 5
Item_EquippedValue: 5
Item_AttackValue: 7
RetiredMarkerExecutionCount: 0
====================================

===== ENGINE SetCollisionGroup =====
ElapsedMs: 57785.265
Entity: Wrestling Staff_BBM
ChangedEntityAddress: E70EAC10
PlayerSlotMatch: RIGHT
PlayerAction: 10
PlayerAniPhase: 1
PlayerPrimaryPose: 1
PlayerStateTime: 0.255983
PlayerStatePosition: 0
PlayerCurrentMovementAni: Hero_Parade_None_Staff_P0_WhirlAttack_Hit_N_Fwd_00_%_00_P0_150_R.xmot
PlayerLeftItem: <none>
PlayerLeftItemAddress: 00000000
PlayerLeftUseType: -1
PlayerLeftCollisionGroup: -1
PlayerRightItem: Wrestling Staff_BBM
PlayerRightItemAddress: E70EAC10
PlayerRightUseType: 12
PlayerRightCollisionGroup: 7
RequestedGroup: 7
BeforeGroup: 5
AfterGroup: 7
Item_EquippedValue: 5
Item_AttackValue: 7
RetiredMarkerExecutionCount: 0
====================================

===== ENGINE SetCollisionGroup =====
ElapsedMs: 58337.214
Entity: Wrestling Staff_BBM
ChangedEntityAddress: E70EAC10
PlayerSlotMatch: RIGHT
PlayerAction: 10
PlayerAniPhase: 3
PlayerPrimaryPose: 1
PlayerStateTime: 0.807547
PlayerStatePosition: 1
PlayerCurrentMovementAni: Hero_Parade_None_Staff_P0_WhirlAttack_Hit_N_Fwd_00_%_00_P0_150_R.xmot
PlayerLeftItem: <none>
PlayerLeftItemAddress: 00000000
PlayerLeftUseType: -1
PlayerLeftCollisionGroup: -1
PlayerRightItem: Wrestling Staff_BBM
PlayerRightItemAddress: E70EAC10
PlayerRightUseType: 12
PlayerRightCollisionGroup: 5
RequestedGroup: 5
BeforeGroup: 7
AfterGroup: 5
Item_EquippedValue: 5
Item_AttackValue: 7
RetiredMarkerExecutionCount: 0
====================================

===== ENGINE SetCollisionGroup =====
ElapsedMs: 62759.261
Entity: Wrestling Staff_BBM
ChangedEntityAddress: E70EAC10
PlayerSlotMatch: RIGHT
PlayerAction: 10
PlayerAniPhase: 1
PlayerPrimaryPose: 1
PlayerStateTime: 0.252002
PlayerStatePosition: 0
PlayerCurrentMovementAni: Hero_Parade_None_Staff_P0_WhirlAttack_Hit_N_Fwd_00_%_00_P0_150_R.xmot
PlayerLeftItem: <none>
PlayerLeftItemAddress: 00000000
PlayerLeftUseType: -1
PlayerLeftCollisionGroup: -1
PlayerRightItem: Wrestling Staff_BBM
PlayerRightItemAddress: E70EAC10
PlayerRightUseType: 12
PlayerRightCollisionGroup: 7
RequestedGroup: 7
BeforeGroup: 5
AfterGroup: 7
Item_EquippedValue: 5
Item_AttackValue: 7
RetiredMarkerExecutionCount: 0
====================================

===== ENGINE SetCollisionGroup =====
ElapsedMs: 63314.229
Entity: Wrestling Staff_BBM
ChangedEntityAddress: E70EAC10
PlayerSlotMatch: RIGHT
PlayerAction: 10
PlayerAniPhase: 3
PlayerPrimaryPose: 1
PlayerStateTime: 0.805958
PlayerStatePosition: 1
PlayerCurrentMovementAni: Hero_Parade_None_Staff_P0_WhirlAttack_Hit_N_Fwd_00_%_00_P0_150_R.xmot
PlayerLeftItem: <none>
PlayerLeftItemAddress: 00000000
PlayerLeftUseType: -1
PlayerLeftCollisionGroup: -1
PlayerRightItem: Wrestling Staff_BBM
PlayerRightItemAddress: E70EAC10
PlayerRightUseType: 12
PlayerRightCollisionGroup: 5
RequestedGroup: 5
BeforeGroup: 7
AfterGroup: 5
Item_EquippedValue: 5
Item_AttackValue: 7
RetiredMarkerExecutionCount: 0
====================================

===== ENGINE SetCollisionGroup =====
ElapsedMs: 69650.626
Entity: Wrestling Staff_BBM
ChangedEntityAddress: E70EAC10
PlayerSlotMatch: RIGHT
PlayerAction: 14
PlayerAniPhase: 1
PlayerPrimaryPose: 1
PlayerStateTime: 0.761949
PlayerStatePosition: 0
PlayerCurrentMovementAni: Hero_Parade_None_Staff_P0_FinishingAttack_Hit_N_Fwd_00_%_00_P0_50.xmot
PlayerLeftItem: <none>
PlayerLeftItemAddress: 00000000
PlayerLeftUseType: -1
PlayerLeftCollisionGroup: -1
PlayerRightItem: Wrestling Staff_BBM
PlayerRightItemAddress: E70EAC10
PlayerRightUseType: 12
PlayerRightCollisionGroup: 7
RequestedGroup: 7
BeforeGroup: 5
AfterGroup: 7
Item_EquippedValue: 5
Item_AttackValue: 7
RetiredMarkerExecutionCount: 0
====================================

===== ENGINE SetCollisionGroup =====
ElapsedMs: 70250.088
Entity: Wrestling Staff_BBM
ChangedEntityAddress: E70EAC10
PlayerSlotMatch: RIGHT
PlayerAction: 14
PlayerAniPhase: 3
PlayerPrimaryPose: 1
PlayerStateTime: 1.362221
PlayerStatePosition: 1
PlayerCurrentMovementAni: Hero_Parade_None_Staff_P0_FinishingAttack_Hit_N_Fwd_00_%_00_P0_50.xmot
PlayerLeftItem: <none>
PlayerLeftItemAddress: 00000000
PlayerLeftUseType: -1
PlayerLeftCollisionGroup: -1
PlayerRightItem: Wrestling Staff_BBM
PlayerRightItemAddress: E70EAC10
PlayerRightUseType: 12
PlayerRightCollisionGroup: 5
RequestedGroup: 5
BeforeGroup: 7
AfterGroup: 5
Item_EquippedValue: 5
Item_AttackValue: 7
RetiredMarkerExecutionCount: 0
====================================

===== ENGINE SetCollisionGroup =====
ElapsedMs: 77366.690
Entity: Wrestling Staff_BBM
ChangedEntityAddress: E70EAC10
PlayerSlotMatch: RIGHT
PlayerAction: 14
PlayerAniPhase: 1
PlayerPrimaryPose: 1
PlayerStateTime: 0.769929
PlayerStatePosition: 0
PlayerCurrentMovementAni: Hero_Parade_None_Staff_P0_FinishingAttack_Hit_N_Fwd_00_%_00_P0_50.xmot
PlayerLeftItem: <none>
PlayerLeftItemAddress: 00000000
PlayerLeftUseType: -1
PlayerLeftCollisionGroup: -1
PlayerRightItem: Wrestling Staff_BBM
PlayerRightItemAddress: E70EAC10
PlayerRightUseType: 12
PlayerRightCollisionGroup: 7
RequestedGroup: 7
BeforeGroup: 5
AfterGroup: 7
Item_EquippedValue: 5
Item_AttackValue: 7
RetiredMarkerExecutionCount: 0
====================================

===== ENGINE SetCollisionGroup =====
ElapsedMs: 77973.369
Entity: Wrestling Staff_BBM
ChangedEntityAddress: E70EAC10
PlayerSlotMatch: RIGHT
PlayerAction: 14
PlayerAniPhase: 3
PlayerPrimaryPose: 1
PlayerStateTime: 1.376893
PlayerStatePosition: 1
PlayerCurrentMovementAni: Hero_Parade_None_Staff_P0_FinishingAttack_Hit_N_Fwd_00_%_00_P0_50.xmot
PlayerLeftItem: <none>
PlayerLeftItemAddress: 00000000
PlayerLeftUseType: -1
PlayerLeftCollisionGroup: -1
PlayerRightItem: Wrestling Staff_BBM
PlayerRightItemAddress: E70EAC10
PlayerRightUseType: 12
PlayerRightCollisionGroup: 5
RequestedGroup: 5
BeforeGroup: 7
AfterGroup: 5
Item_EquippedValue: 5
Item_AttackValue: 7
RetiredMarkerExecutionCount: 0
====================================

===== ENGINE SetCollisionGroup =====
ElapsedMs: 83974.771
Entity: Wrestling Staff_BBM
ChangedEntityAddress: E70EAC10
PlayerSlotMatch: RIGHT
PlayerAction: 14
PlayerAniPhase: 1
PlayerPrimaryPose: 1
PlayerStateTime: 0.764571
PlayerStatePosition: 0
PlayerCurrentMovementAni: Hero_Parade_None_Staff_P0_FinishingAttack_Hit_N_Fwd_00_%_00_P0_50.xmot
PlayerLeftItem: <none>
PlayerLeftItemAddress: 00000000
PlayerLeftUseType: -1
PlayerLeftCollisionGroup: -1
PlayerRightItem: Wrestling Staff_BBM
PlayerRightItemAddress: E70EAC10
PlayerRightUseType: 12
PlayerRightCollisionGroup: 7
RequestedGroup: 7
BeforeGroup: 5
AfterGroup: 7
Item_EquippedValue: 5
Item_AttackValue: 7
RetiredMarkerExecutionCount: 0
====================================

===== ENGINE SetCollisionGroup =====
ElapsedMs: 84584.122
Entity: Wrestling Staff_BBM
ChangedEntityAddress: E70EAC10
PlayerSlotMatch: RIGHT
PlayerAction: 14
PlayerAniPhase: 3
PlayerPrimaryPose: 1
PlayerStateTime: 1.373464
PlayerStatePosition: 1
PlayerCurrentMovementAni: Hero_Parade_None_Staff_P0_FinishingAttack_Hit_N_Fwd_00_%_00_P0_50.xmot
PlayerLeftItem: <none>
PlayerLeftItemAddress: 00000000
PlayerLeftUseType: -1
PlayerLeftCollisionGroup: -1
PlayerRightItem: Wrestling Staff_BBM
PlayerRightItemAddress: E70EAC10
PlayerRightUseType: 12
PlayerRightCollisionGroup: 5
RequestedGroup: 5
BeforeGroup: 7
AfterGroup: 5
Item_EquippedValue: 5
Item_AttackValue: 7
RetiredMarkerExecutionCount: 0
====================================

===== MARKER OWNERSHIP DECISION =====
ElapsedMs: 98018.772
Actor: PC_Hero
CurrentMovementAni: Hero_Parade_None_2H_P0_WhirlAttack_Hit_N_Fwd_00_%_00_P0_150_R.xmot
MatchingMotionFound: 1
FrameEffectCount: 1
ContainsReservedSourceMarker: 0
RequiredSourceMask: 0
AuthoredRIGHTMarkerCount: 0
FirstRIGHTMarkerFrame: -1
AuthoredLEFTMarkerCount: 0
FirstLEFTMarkerFrame: -1
AuthoredBOTHMarkerCount: 0
FirstBOTHMarkerFrame: -1
AuthoredOFFMarkerCount: 0
FirstOFFMarkerFrame: -1
RightHandSourceResolved: 1
RightHandSource: It_2H_Sword_Flamberge
RightHandSourceAddress: E70EAC10
RightHandSourceUseType: 3
RightHandSourceCollisionGroup: 5
LeftHandSourceResolved: 0
Decision: LEGACY/NATIVE - call original timer callback
=====================================

===== ENGINE SetCollisionGroup =====
ElapsedMs: 98266.210
Entity: It_2H_Sword_Flamberge
ChangedEntityAddress: E70EAC10
PlayerSlotMatch: RIGHT
PlayerAction: 10
PlayerAniPhase: 1
PlayerPrimaryPose: 1
PlayerStateTime: 0.250990
PlayerStatePosition: 0
PlayerCurrentMovementAni: Hero_Parade_None_2H_P0_WhirlAttack_Hit_N_Fwd_00_%_00_P0_150_R.xmot
PlayerLeftItem: <none>
PlayerLeftItemAddress: 00000000
PlayerLeftUseType: -1
PlayerLeftCollisionGroup: -1
PlayerRightItem: It_2H_Sword_Flamberge
PlayerRightItemAddress: E70EAC10
PlayerRightUseType: 3
PlayerRightCollisionGroup: 7
RequestedGroup: 7
BeforeGroup: 5
AfterGroup: 7
Item_EquippedValue: 5
Item_AttackValue: 7
RetiredMarkerExecutionCount: 0
====================================

===== ENGINE SetCollisionGroup =====
ElapsedMs: 103054.999
Entity: It_2H_Sword_Flamberge
ChangedEntityAddress: E70EAC10
PlayerSlotMatch: RIGHT
PlayerAction: 10
PlayerAniPhase: 1
PlayerPrimaryPose: 1
PlayerStateTime: 0.253985
PlayerStatePosition: 0
PlayerCurrentMovementAni: Hero_Parade_None_2H_P0_WhirlAttack_Hit_N_Fwd_00_%_00_P0_150_R.xmot
PlayerLeftItem: <none>
PlayerLeftItemAddress: 00000000
PlayerLeftUseType: -1
PlayerLeftCollisionGroup: -1
PlayerRightItem: It_2H_Sword_Flamberge
PlayerRightItemAddress: E70EAC10
PlayerRightUseType: 3
PlayerRightCollisionGroup: 7
RequestedGroup: 7
BeforeGroup: 7
AfterGroup: 7
Item_EquippedValue: 5
Item_AttackValue: 7
RetiredMarkerExecutionCount: 0
====================================

===== ENGINE SetCollisionGroup =====
ElapsedMs: 107778.029
Entity: It_2H_Sword_Flamberge
ChangedEntityAddress: E70EAC10
PlayerSlotMatch: RIGHT
PlayerAction: 10
PlayerAniPhase: 1
PlayerPrimaryPose: 1
PlayerStateTime: 0.254984
PlayerStatePosition: 0
PlayerCurrentMovementAni: Hero_Parade_None_2H_P0_WhirlAttack_Hit_N_Fwd_00_%_00_P0_150_R.xmot
PlayerLeftItem: <none>
PlayerLeftItemAddress: 00000000
PlayerLeftUseType: -1
PlayerLeftCollisionGroup: -1
PlayerRightItem: It_2H_Sword_Flamberge
PlayerRightItemAddress: E70EAC10
PlayerRightUseType: 3
PlayerRightCollisionGroup: 7
RequestedGroup: 7
BeforeGroup: 7
AfterGroup: 7
Item_EquippedValue: 5
Item_AttackValue: 7
RetiredMarkerExecutionCount: 0
====================================

===== ENGINE SetCollisionGroup =====
ElapsedMs: 111569.277
Entity: It_2H_Sword_Flamberge
ChangedEntityAddress: E70EAC10
PlayerSlotMatch: RIGHT
PlayerAction: 10
PlayerAniPhase: 1
PlayerPrimaryPose: 1
PlayerStateTime: 0.258957
PlayerStatePosition: 0
PlayerCurrentMovementAni: Hero_Parade_None_2H_P0_WhirlAttack_Hit_N_Fwd_00_%_00_P0_150_R.xmot
PlayerLeftItem: <none>
PlayerLeftItemAddress: 00000000
PlayerLeftUseType: -1
PlayerLeftCollisionGroup: -1
PlayerRightItem: It_2H_Sword_Flamberge
PlayerRightItemAddress: E70EAC10
PlayerRightUseType: 3
PlayerRightCollisionGroup: 7
RequestedGroup: 7
BeforeGroup: 7
AfterGroup: 7
Item_EquippedValue: 5
Item_AttackValue: 7
RetiredMarkerExecutionCount: 0
====================================

===== ENGINE SetCollisionGroup =====
ElapsedMs: 112119.148
Entity: It_2H_Sword_Flamberge
ChangedEntityAddress: E70EAC10
PlayerSlotMatch: RIGHT
PlayerAction: 10
PlayerAniPhase: 3
PlayerPrimaryPose: 1
PlayerStateTime: 0.807918
PlayerStatePosition: 1
PlayerCurrentMovementAni: Hero_Parade_None_2H_P0_WhirlAttack_Hit_N_Fwd_00_%_00_P0_150_R.xmot
PlayerLeftItem: <none>
PlayerLeftItemAddress: 00000000
PlayerLeftUseType: -1
PlayerLeftCollisionGroup: -1
PlayerRightItem: It_2H_Sword_Flamberge
PlayerRightItemAddress: E70EAC10
PlayerRightUseType: 3
PlayerRightCollisionGroup: 5
RequestedGroup: 5
BeforeGroup: 7
AfterGroup: 5
Item_EquippedValue: 5
Item_AttackValue: 7
RetiredMarkerExecutionCount: 0
====================================

===== ENGINE SetCollisionGroup =====
ElapsedMs: 116961.573
Entity: It_2H_Sword_Flamberge
ChangedEntityAddress: E70EAC10
PlayerSlotMatch: RIGHT
PlayerAction: 10
PlayerAniPhase: 1
PlayerPrimaryPose: 1
PlayerStateTime: 0.257996
PlayerStatePosition: 0
PlayerCurrentMovementAni: Hero_Parade_None_2H_P0_WhirlAttack_Hit_N_Fwd_00_%_00_P0_150_R.xmot
PlayerLeftItem: <none>
PlayerLeftItemAddress: 00000000
PlayerLeftUseType: -1
PlayerLeftCollisionGroup: -1
PlayerRightItem: It_2H_Sword_Flamberge
PlayerRightItemAddress: E70EAC10
PlayerRightUseType: 3
PlayerRightCollisionGroup: 7
RequestedGroup: 7
BeforeGroup: 5
AfterGroup: 7
Item_EquippedValue: 5
Item_AttackValue: 7
RetiredMarkerExecutionCount: 0
====================================

===== ENGINE SetCollisionGroup =====
ElapsedMs: 119968.552
Entity: It_2H_Sword_Flamberge
ChangedEntityAddress: E70EAC10
PlayerSlotMatch: RIGHT
PlayerAction: 10
PlayerAniPhase: 1
PlayerPrimaryPose: 1
PlayerStateTime: 0.256975
PlayerStatePosition: 0
PlayerCurrentMovementAni: Hero_Parade_None_2H_P0_WhirlAttack_Hit_N_Fwd_00_%_00_P0_150_R.xmot
PlayerLeftItem: <none>
PlayerLeftItemAddress: 00000000
PlayerLeftUseType: -1
PlayerLeftCollisionGroup: -1
PlayerRightItem: It_2H_Sword_Flamberge
PlayerRightItemAddress: E70EAC10
PlayerRightUseType: 3
PlayerRightCollisionGroup: 7
RequestedGroup: 7
BeforeGroup: 7
AfterGroup: 7
Item_EquippedValue: 5
Item_AttackValue: 7
RetiredMarkerExecutionCount: 0
====================================

===== ENGINE SetCollisionGroup =====
ElapsedMs: 120512.355
Entity: It_2H_Sword_Flamberge
ChangedEntityAddress: E70EAC10
PlayerSlotMatch: RIGHT
PlayerAction: 10
PlayerAniPhase: 3
PlayerPrimaryPose: 1
PlayerStateTime: 0.800918
PlayerStatePosition: 1
PlayerCurrentMovementAni: Hero_Parade_None_2H_P0_WhirlAttack_Hit_N_Fwd_00_%_00_P0_150_R.xmot
PlayerLeftItem: <none>
PlayerLeftItemAddress: 00000000
PlayerLeftUseType: -1
PlayerLeftCollisionGroup: -1
PlayerRightItem: It_2H_Sword_Flamberge
PlayerRightItemAddress: E70EAC10
PlayerRightUseType: 3
PlayerRightCollisionGroup: 5
RequestedGroup: 5
BeforeGroup: 7
AfterGroup: 5
Item_EquippedValue: 5
Item_AttackValue: 7
RetiredMarkerExecutionCount: 0
====================================

===== ENGINE SetCollisionGroup =====
ElapsedMs: 123351.008
Entity: It_2H_Sword_Flamberge
ChangedEntityAddress: E70EAC10
PlayerSlotMatch: RIGHT
PlayerAction: 10
PlayerAniPhase: 1
PlayerPrimaryPose: 1
PlayerStateTime: 0.250995
PlayerStatePosition: 0
PlayerCurrentMovementAni: Hero_Parade_None_2H_P0_WhirlAttack_Hit_N_Fwd_00_%_00_P0_150_R.xmot
PlayerLeftItem: <none>
PlayerLeftItemAddress: 00000000
PlayerLeftUseType: -1
PlayerLeftCollisionGroup: -1
PlayerRightItem: It_2H_Sword_Flamberge
PlayerRightItemAddress: E70EAC10
PlayerRightUseType: 3
PlayerRightCollisionGroup: 7
RequestedGroup: 7
BeforeGroup: 5
AfterGroup: 7
Item_EquippedValue: 5
Item_AttackValue: 7
RetiredMarkerExecutionCount: 0
====================================

===== ENGINE SetCollisionGroup =====
ElapsedMs: 123912.663
Entity: It_2H_Sword_Flamberge
ChangedEntityAddress: E70EAC10
PlayerSlotMatch: RIGHT
PlayerAction: 10
PlayerAniPhase: 3
PlayerPrimaryPose: 1
PlayerStateTime: 0.815881
PlayerStatePosition: 1
PlayerCurrentMovementAni: Hero_Parade_None_2H_P0_WhirlAttack_Hit_N_Fwd_00_%_00_P0_150_R.xmot
PlayerLeftItem: <none>
PlayerLeftItemAddress: 00000000
PlayerLeftUseType: -1
PlayerLeftCollisionGroup: -1
PlayerRightItem: It_2H_Sword_Flamberge
PlayerRightItemAddress: E70EAC10
PlayerRightUseType: 3
PlayerRightCollisionGroup: 5
RequestedGroup: 5
BeforeGroup: 7
AfterGroup: 5
Item_EquippedValue: 5
Item_AttackValue: 7
RetiredMarkerExecutionCount: 0
====================================

===== ENGINE SetCollisionGroup =====
ElapsedMs: 126665.865
Entity: It_2H_Sword_Flamberge
ChangedEntityAddress: E70EAC10
PlayerSlotMatch: RIGHT
PlayerAction: 10
PlayerAniPhase: 1
PlayerPrimaryPose: 1
PlayerStateTime: 0.257002
PlayerStatePosition: 0
PlayerCurrentMovementAni: Hero_Parade_None_2H_P0_WhirlAttack_Hit_N_Fwd_00_%_00_P0_150_R.xmot
PlayerLeftItem: <none>
PlayerLeftItemAddress: 00000000
PlayerLeftUseType: -1
PlayerLeftCollisionGroup: -1
PlayerRightItem: It_2H_Sword_Flamberge
PlayerRightItemAddress: E70EAC10
PlayerRightUseType: 3
PlayerRightCollisionGroup: 7
RequestedGroup: 7
BeforeGroup: 5
AfterGroup: 7
Item_EquippedValue: 5
Item_AttackValue: 7
RetiredMarkerExecutionCount: 0
====================================

===== ENGINE SetCollisionGroup =====
ElapsedMs: 127214.533
Entity: It_2H_Sword_Flamberge
ChangedEntityAddress: E70EAC10
PlayerSlotMatch: RIGHT
PlayerAction: 10
PlayerAniPhase: 3
PlayerPrimaryPose: 1
PlayerStateTime: 0.805917
PlayerStatePosition: 1
PlayerCurrentMovementAni: Hero_Parade_None_2H_P0_WhirlAttack_Hit_N_Fwd_00_%_00_P0_150_R.xmot
PlayerLeftItem: <none>
PlayerLeftItemAddress: 00000000
PlayerLeftUseType: -1
PlayerLeftCollisionGroup: -1
PlayerRightItem: It_2H_Sword_Flamberge
PlayerRightItemAddress: E70EAC10
PlayerRightUseType: 3
PlayerRightCollisionGroup: 5
RequestedGroup: 5
BeforeGroup: 7
AfterGroup: 5
Item_EquippedValue: 5
Item_AttackValue: 7
RetiredMarkerExecutionCount: 0
====================================

===== ENGINE SetCollisionGroup =====
ElapsedMs: 139943.724
Entity: It_2H_Sword_Flamberge
ChangedEntityAddress: E70EAC10
PlayerSlotMatch: RIGHT
PlayerAction: 14
PlayerAniPhase: 1
PlayerPrimaryPose: 1
PlayerStateTime: 0.966269
PlayerStatePosition: 0
PlayerCurrentMovementAni: Hero_Parade_None_2H_P0_FinishingAttack_Hit_N_Fwd_00_%_00_P1_100.xmot
PlayerLeftItem: <none>
PlayerLeftItemAddress: 00000000
PlayerLeftUseType: -1
PlayerLeftCollisionGroup: -1
PlayerRightItem: It_2H_Sword_Flamberge
PlayerRightItemAddress: E70EAC10
PlayerRightUseType: 3
PlayerRightCollisionGroup: 7
RequestedGroup: 7
BeforeGroup: 5
AfterGroup: 7
Item_EquippedValue: 5
Item_AttackValue: 7
RetiredMarkerExecutionCount: 0
====================================

===== ENGINE SetCollisionGroup =====
ElapsedMs: 140431.342
Entity: It_2H_Sword_Flamberge
ChangedEntityAddress: E70EAC10
PlayerSlotMatch: RIGHT
PlayerAction: 14
PlayerAniPhase: 3
PlayerPrimaryPose: 2
PlayerStateTime: 1.451247
PlayerStatePosition: 1
PlayerCurrentMovementAni: Hero_Parade_None_2H_P0_FinishingAttack_Hit_N_Fwd_00_%_00_P1_100.xmot
PlayerLeftItem: <none>
PlayerLeftItemAddress: 00000000
PlayerLeftUseType: -1
PlayerLeftCollisionGroup: -1
PlayerRightItem: It_2H_Sword_Flamberge
PlayerRightItemAddress: E70EAC10
PlayerRightUseType: 3
PlayerRightCollisionGroup: 5
RequestedGroup: 5
BeforeGroup: 7
AfterGroup: 5
Item_EquippedValue: 5
Item_AttackValue: 7
RetiredMarkerExecutionCount: 0
====================================

===== ENGINE SetCollisionGroup =====
ElapsedMs: 148286.145
Entity: It_2H_Sword_Flamberge
ChangedEntityAddress: E70EAC10
PlayerSlotMatch: RIGHT
PlayerAction: 14
PlayerAniPhase: 1
PlayerPrimaryPose: 1
PlayerStateTime: 0.961154
PlayerStatePosition: 0
PlayerCurrentMovementAni: Hero_Parade_None_2H_P0_FinishingAttack_Hit_N_Fwd_00_%_00_P1_100.xmot
PlayerLeftItem: <none>
PlayerLeftItemAddress: 00000000
PlayerLeftUseType: -1
PlayerLeftCollisionGroup: -1
PlayerRightItem: It_2H_Sword_Flamberge
PlayerRightItemAddress: E70EAC10
PlayerRightUseType: 3
PlayerRightCollisionGroup: 7
RequestedGroup: 7
BeforeGroup: 5
AfterGroup: 7
Item_EquippedValue: 5
Item_AttackValue: 7
RetiredMarkerExecutionCount: 0
====================================

===== ENGINE SetCollisionGroup =====
ElapsedMs: 148770.203
Entity: It_2H_Sword_Flamberge
ChangedEntityAddress: E70EAC10
PlayerSlotMatch: RIGHT
PlayerAction: 14
PlayerAniPhase: 3
PlayerPrimaryPose: 2
PlayerStateTime: 1.445752
PlayerStatePosition: 1
PlayerCurrentMovementAni: Hero_Parade_None_2H_P0_FinishingAttack_Hit_N_Fwd_00_%_00_P1_100.xmot
PlayerLeftItem: <none>
PlayerLeftItemAddress: 00000000
PlayerLeftUseType: -1
PlayerLeftCollisionGroup: -1
PlayerRightItem: It_2H_Sword_Flamberge
PlayerRightItemAddress: E70EAC10
PlayerRightUseType: 3
PlayerRightCollisionGroup: 5
RequestedGroup: 5
BeforeGroup: 7
AfterGroup: 5
Item_EquippedValue: 5
Item_AttackValue: 7
RetiredMarkerExecutionCount: 0
====================================

===== ENGINE SetCollisionGroup =====
ElapsedMs: 153981.435
Entity: It_2H_Sword_Flamberge
ChangedEntityAddress: E70EAC10
PlayerSlotMatch: RIGHT
PlayerAction: 14
PlayerAniPhase: 1
PlayerPrimaryPose: 1
PlayerStateTime: 0.968953
PlayerStatePosition: 0
PlayerCurrentMovementAni: Hero_Parade_None_2H_P0_FinishingAttack_Hit_N_Fwd_00_%_00_P1_100.xmot
PlayerLeftItem: <none>
PlayerLeftItemAddress: 00000000
PlayerLeftUseType: -1
PlayerLeftCollisionGroup: -1
PlayerRightItem: It_2H_Sword_Flamberge
PlayerRightItemAddress: E70EAC10
PlayerRightUseType: 3
PlayerRightCollisionGroup: 7
RequestedGroup: 7
BeforeGroup: 5
AfterGroup: 7
Item_EquippedValue: 5
Item_AttackValue: 7
RetiredMarkerExecutionCount: 0
====================================

===== ENGINE SetCollisionGroup =====
ElapsedMs: 154467.081
Entity: It_2H_Sword_Flamberge
ChangedEntityAddress: E70EAC10
PlayerSlotMatch: RIGHT
PlayerAction: 14
PlayerAniPhase: 3
PlayerPrimaryPose: 2
PlayerStateTime: 1.453230
PlayerStatePosition: 1
PlayerCurrentMovementAni: Hero_Parade_None_2H_P0_FinishingAttack_Hit_N_Fwd_00_%_00_P1_100.xmot
PlayerLeftItem: <none>
PlayerLeftItemAddress: 00000000
PlayerLeftUseType: -1
PlayerLeftCollisionGroup: -1
PlayerRightItem: It_2H_Sword_Flamberge
PlayerRightItemAddress: E70EAC10
PlayerRightUseType: 3
PlayerRightCollisionGroup: 5
RequestedGroup: 5
BeforeGroup: 7
AfterGroup: 5
Item_EquippedValue: 5
Item_AttackValue: 7
RetiredMarkerExecutionCount: 0
====================================

===== ENGINE SetCollisionGroup =====
ElapsedMs: 159832.976
Entity: It_2H_Sword_Flamberge
ChangedEntityAddress: E70EAC10
PlayerSlotMatch: RIGHT
PlayerAction: 14
PlayerAniPhase: 1
PlayerPrimaryPose: 1
PlayerStateTime: 0.967944
PlayerStatePosition: 0
PlayerCurrentMovementAni: Hero_Parade_None_2H_P0_FinishingAttack_Hit_N_Fwd_00_%_00_P1_100.xmot
PlayerLeftItem: <none>
PlayerLeftItemAddress: 00000000
PlayerLeftUseType: -1
PlayerLeftCollisionGroup: -1
PlayerRightItem: It_2H_Sword_Flamberge
PlayerRightItemAddress: E70EAC10
PlayerRightUseType: 3
PlayerRightCollisionGroup: 7
RequestedGroup: 7
BeforeGroup: 5
AfterGroup: 7
Item_EquippedValue: 5
Item_AttackValue: 7
RetiredMarkerExecutionCount: 0
====================================

===== ENGINE SetCollisionGroup =====
ElapsedMs: 160323.962
Entity: It_2H_Sword_Flamberge
ChangedEntityAddress: E70EAC10
PlayerSlotMatch: RIGHT
PlayerAction: 14
PlayerAniPhase: 3
PlayerPrimaryPose: 2
PlayerStateTime: 1.454905
PlayerStatePosition: 1
PlayerCurrentMovementAni: Hero_Parade_None_2H_P0_FinishingAttack_Hit_N_Fwd_00_%_00_P1_100.xmot
PlayerLeftItem: <none>
PlayerLeftItemAddress: 00000000
PlayerLeftUseType: -1
PlayerLeftCollisionGroup: -1
PlayerRightItem: It_2H_Sword_Flamberge
PlayerRightItemAddress: E70EAC10
PlayerRightUseType: 3
PlayerRightCollisionGroup: 5
RequestedGroup: 5
BeforeGroup: 7
AfterGroup: 5
Item_EquippedValue: 5
Item_AttackValue: 7
RetiredMarkerExecutionCount: 0
====================================

===== ENGINE SetCollisionGroup =====
ElapsedMs: 168271.997
Entity: It_2H_Sword_Flamberge
ChangedEntityAddress: E70EAC10
PlayerSlotMatch: RIGHT
PlayerAction: 14
PlayerAniPhase: 1
PlayerPrimaryPose: 1
PlayerStateTime: 0.966939
PlayerStatePosition: 0
PlayerCurrentMovementAni: Hero_Parade_None_2H_P0_FinishingAttack_Hit_N_Fwd_00_%_00_P1_100.xmot
PlayerLeftItem: <none>
PlayerLeftItemAddress: 00000000
PlayerLeftUseType: -1
PlayerLeftCollisionGroup: -1
PlayerRightItem: It_2H_Sword_Flamberge
PlayerRightItemAddress: E70EAC10
PlayerRightUseType: 3
PlayerRightCollisionGroup: 7
RequestedGroup: 7
BeforeGroup: 5
AfterGroup: 7
Item_EquippedValue: 5
Item_AttackValue: 7
RetiredMarkerExecutionCount: 0
====================================

===== ENGINE SetCollisionGroup =====
ElapsedMs: 168759.733
Entity: It_2H_Sword_Flamberge
ChangedEntityAddress: E70EAC10
PlayerSlotMatch: RIGHT
PlayerAction: 14
PlayerAniPhase: 3
PlayerPrimaryPose: 2
PlayerStateTime: 1.453912
PlayerStatePosition: 1
PlayerCurrentMovementAni: Hero_Parade_None_2H_P0_FinishingAttack_Hit_N_Fwd_00_%_00_P1_100.xmot
PlayerLeftItem: <none>
PlayerLeftItemAddress: 00000000
PlayerLeftUseType: -1
PlayerLeftCollisionGroup: -1
PlayerRightItem: It_2H_Sword_Flamberge
PlayerRightItemAddress: E70EAC10
PlayerRightUseType: 3
PlayerRightCollisionGroup: 5
RequestedGroup: 5
BeforeGroup: 7
AfterGroup: 5
Item_EquippedValue: 5
Item_AttackValue: 7
RetiredMarkerExecutionCount: 0
====================================

===== MARKER OWNERSHIP DECISION =====
ElapsedMs: 185329.152
Actor: PC_Hero
CurrentMovementAni: Hero_Stand_1H_1H_P0_QuickAttackR_Hit_N_Fwd_00_%_00_P0_100_R.xmot
MatchingMotionFound: 1
FrameEffectCount: 1
ContainsReservedSourceMarker: 0
RequiredSourceMask: 0
AuthoredRIGHTMarkerCount: 0
FirstRIGHTMarkerFrame: -1
AuthoredLEFTMarkerCount: 0
FirstLEFTMarkerFrame: -1
AuthoredBOTHMarkerCount: 0
FirstBOTHMarkerFrame: -1
AuthoredOFFMarkerCount: 0
FirstOFFMarkerFrame: -1
RightHandSourceResolved: 1
RightHandSource: It_1H_Longsword_01
RightHandSourceAddress: E70EAC10
RightHandSourceUseType: 2
RightHandSourceCollisionGroup: 5
LeftHandSourceResolved: 1
LeftHandSource: It_1H_Longsword_01
LeftHandSourceAddress: E6EB7E10
LeftHandSourceUseType: 2
LeftHandSourceCollisionGroup: 5
Decision: LEGACY/NATIVE - call original timer callback
=====================================

===== ENGINE SetCollisionGroup =====
ElapsedMs: 185426.384
Entity: It_1H_Longsword_01
ChangedEntityAddress: E70EAC10
PlayerSlotMatch: RIGHT
PlayerAction: 4
PlayerAniPhase: 1
PlayerPrimaryPose: 1
PlayerStateTime: 0.100997
PlayerStatePosition: 0
PlayerCurrentMovementAni: Hero_Stand_1H_1H_P0_QuickAttackR_Hit_N_Fwd_00_%_00_P0_100_R.xmot
PlayerLeftItem: It_1H_Longsword_01
PlayerLeftItemAddress: E6EB7E10
PlayerLeftUseType: 2
PlayerLeftCollisionGroup: 5
PlayerRightItem: It_1H_Longsword_01
PlayerRightItemAddress: E70EAC10
PlayerRightUseType: 2
PlayerRightCollisionGroup: 7
RequestedGroup: 7
BeforeGroup: 5
AfterGroup: 7
Item_EquippedValue: 5
Item_AttackValue: 7
RetiredMarkerExecutionCount: 0
====================================

===== ENGINE SetCollisionGroup =====
ElapsedMs: 190873.233
Entity: It_1H_Longsword_01
ChangedEntityAddress: E70EAC10
PlayerSlotMatch: RIGHT
PlayerAction: 4
PlayerAniPhase: 1
PlayerPrimaryPose: 1
PlayerStateTime: 0.100989
PlayerStatePosition: 0
PlayerCurrentMovementAni: Hero_Stand_1H_1H_P0_QuickAttackR_Hit_N_Fwd_00_%_00_P0_100_R.xmot
PlayerLeftItem: It_1H_Longsword_01
PlayerLeftItemAddress: E6EB7E10
PlayerLeftUseType: 2
PlayerLeftCollisionGroup: 5
PlayerRightItem: It_1H_Longsword_01
PlayerRightItemAddress: E70EAC10
PlayerRightUseType: 2
PlayerRightCollisionGroup: 7
RequestedGroup: 7
BeforeGroup: 7
AfterGroup: 7
Item_EquippedValue: 5
Item_AttackValue: 7
RetiredMarkerExecutionCount: 0
====================================

===== ENGINE SetCollisionGroup =====
ElapsedMs: 191184.656
Entity: It_1H_Longsword_01
ChangedEntityAddress: E70EAC10
PlayerSlotMatch: RIGHT
PlayerAction: 4
PlayerAniPhase: 3
PlayerPrimaryPose: 1
PlayerStateTime: 0.409965
PlayerStatePosition: 1
PlayerCurrentMovementAni: Hero_Stand_1H_1H_P0_QuickAttackR_Hit_N_Fwd_00_%_00_P0_100_R.xmot
PlayerLeftItem: It_1H_Longsword_01
PlayerLeftItemAddress: E6EB7E10
PlayerLeftUseType: 2
PlayerLeftCollisionGroup: 5
PlayerRightItem: It_1H_Longsword_01
PlayerRightItemAddress: E70EAC10
PlayerRightUseType: 2
PlayerRightCollisionGroup: 5
RequestedGroup: 5
BeforeGroup: 7
AfterGroup: 5
Item_EquippedValue: 5
Item_AttackValue: 7
RetiredMarkerExecutionCount: 0
====================================

===== MARKER OWNERSHIP DECISION =====
ElapsedMs: 191377.425
Actor: PC_Hero
CurrentMovementAni: Hero_Stand_1H_1H_P0_QuickAttackL_Hit_N_Fwd_00_%_00_P0_100_L.xmot
MatchingMotionFound: 1
FrameEffectCount: 1
ContainsReservedSourceMarker: 0
RequiredSourceMask: 0
AuthoredRIGHTMarkerCount: 0
FirstRIGHTMarkerFrame: -1
AuthoredLEFTMarkerCount: 0
FirstLEFTMarkerFrame: -1
AuthoredBOTHMarkerCount: 0
FirstBOTHMarkerFrame: -1
AuthoredOFFMarkerCount: 0
FirstOFFMarkerFrame: -1
RightHandSourceResolved: 1
RightHandSource: It_1H_Longsword_01
RightHandSourceAddress: E70EAC10
RightHandSourceUseType: 2
RightHandSourceCollisionGroup: 5
LeftHandSourceResolved: 1
LeftHandSource: It_1H_Longsword_01
LeftHandSourceAddress: E6EB7E10
LeftHandSourceUseType: 2
LeftHandSourceCollisionGroup: 5
Decision: LEGACY/NATIVE - call original timer callback
=====================================

===== ENGINE SetCollisionGroup =====
ElapsedMs: 191483.124
Entity: It_1H_Longsword_01
ChangedEntityAddress: E70EAC10
PlayerSlotMatch: RIGHT
PlayerAction: 5
PlayerAniPhase: 1
PlayerPrimaryPose: 1
PlayerStateTime: 0.107004
PlayerStatePosition: 0
PlayerCurrentMovementAni: Hero_Stand_1H_1H_P0_QuickAttackL_Hit_N_Fwd_00_%_00_P0_100_L.xmot
PlayerLeftItem: It_1H_Longsword_01
PlayerLeftItemAddress: E6EB7E10
PlayerLeftUseType: 2
PlayerLeftCollisionGroup: 5
PlayerRightItem: It_1H_Longsword_01
PlayerRightItemAddress: E70EAC10
PlayerRightUseType: 2
PlayerRightCollisionGroup: 7
RequestedGroup: 7
BeforeGroup: 5
AfterGroup: 7
Item_EquippedValue: 5
Item_AttackValue: 7
RetiredMarkerExecutionCount: 0
====================================

===== ENGINE SetCollisionGroup =====
ElapsedMs: 191821.558
Entity: It_1H_Longsword_01
ChangedEntityAddress: E70EAC10
PlayerSlotMatch: RIGHT
PlayerAction: 5
PlayerAniPhase: 3
PlayerPrimaryPose: 1
PlayerStateTime: 0.441992
PlayerStatePosition: 1
PlayerCurrentMovementAni: Hero_Stand_1H_1H_P0_QuickAttackL_Hit_N_Fwd_00_%_00_P0_100_L.xmot
PlayerLeftItem: It_1H_Longsword_01
PlayerLeftItemAddress: E6EB7E10
PlayerLeftUseType: 2
PlayerLeftCollisionGroup: 5
PlayerRightItem: It_1H_Longsword_01
PlayerRightItemAddress: E70EAC10
PlayerRightUseType: 2
PlayerRightCollisionGroup: 5
RequestedGroup: 5
BeforeGroup: 7
AfterGroup: 5
Item_EquippedValue: 5
Item_AttackValue: 7
RetiredMarkerExecutionCount: 0
====================================

===== MARKER OWNERSHIP DECISION =====
ElapsedMs: 194610.517
Actor: PC_Hero
CurrentMovementAni: Hero_Stand_1H_1H_P0_Attack_Hit_N_Fwd_00_%_00_P1_118_R.xmot
MatchingMotionFound: 1
FrameEffectCount: 1
ContainsReservedSourceMarker: 0
RequiredSourceMask: 0
AuthoredRIGHTMarkerCount: 0
FirstRIGHTMarkerFrame: -1
AuthoredLEFTMarkerCount: 0
FirstLEFTMarkerFrame: -1
AuthoredBOTHMarkerCount: 0
FirstBOTHMarkerFrame: -1
AuthoredOFFMarkerCount: 0
FirstOFFMarkerFrame: -1
RightHandSourceResolved: 1
RightHandSource: It_1H_Longsword_01
RightHandSourceAddress: E70EAC10
RightHandSourceUseType: 2
RightHandSourceCollisionGroup: 5
LeftHandSourceResolved: 1
LeftHandSource: It_1H_Longsword_01
LeftHandSourceAddress: E6EB7E10
LeftHandSourceUseType: 2
LeftHandSourceCollisionGroup: 5
Decision: LEGACY/NATIVE - call original timer callback
=====================================

===== ENGINE SetCollisionGroup =====
ElapsedMs: 194858.451
Entity: It_1H_Longsword_01
ChangedEntityAddress: E6EB7E10
PlayerSlotMatch: LEFT
PlayerAction: 1
PlayerAniPhase: 1
PlayerPrimaryPose: 1
PlayerStateTime: 0.252968
PlayerStatePosition: 0
PlayerCurrentMovementAni: Hero_Stand_1H_1H_P0_Attack_Hit_N_Fwd_00_%_00_P1_118_R.xmot
PlayerLeftItem: It_1H_Longsword_01
PlayerLeftItemAddress: E6EB7E10
PlayerLeftUseType: 2
PlayerLeftCollisionGroup: 7
PlayerRightItem: It_1H_Longsword_01
PlayerRightItemAddress: E70EAC10
PlayerRightUseType: 2
PlayerRightCollisionGroup: 5
RequestedGroup: 7
BeforeGroup: 5
AfterGroup: 7
Item_EquippedValue: 5
Item_AttackValue: 7
RetiredMarkerExecutionCount: 0
====================================

===== ENGINE SetCollisionGroup =====
ElapsedMs: 195143.753
Entity: It_1H_Longsword_01
ChangedEntityAddress: E6EB7E10
PlayerSlotMatch: LEFT
PlayerAction: 1
PlayerAniPhase: 3
PlayerPrimaryPose: 2
PlayerStateTime: 0.534977
PlayerStatePosition: 1
PlayerCurrentMovementAni: Hero_Stand_1H_1H_P0_Attack_Hit_N_Fwd_00_%_00_P1_118_R.xmot
PlayerLeftItem: It_1H_Longsword_01
PlayerLeftItemAddress: E6EB7E10
PlayerLeftUseType: 2
PlayerLeftCollisionGroup: 5
PlayerRightItem: It_1H_Longsword_01
PlayerRightItemAddress: E70EAC10
PlayerRightUseType: 2
PlayerRightCollisionGroup: 5
RequestedGroup: 5
BeforeGroup: 7
AfterGroup: 5
Item_EquippedValue: 5
Item_AttackValue: 7
RetiredMarkerExecutionCount: 0
====================================

===== MARKER OWNERSHIP DECISION =====
ElapsedMs: 198521.711
Actor: PC_Hero
CurrentMovementAni: Hero_Stand_1H_1H_P1_QuickAttackL_Hit_N_Fwd_00_%_00_P1_100_L.xmot
MatchingMotionFound: 1
FrameEffectCount: 1
ContainsReservedSourceMarker: 0
RequiredSourceMask: 0
AuthoredRIGHTMarkerCount: 0
FirstRIGHTMarkerFrame: -1
AuthoredLEFTMarkerCount: 0
FirstLEFTMarkerFrame: -1
AuthoredBOTHMarkerCount: 0
FirstBOTHMarkerFrame: -1
AuthoredOFFMarkerCount: 0
FirstOFFMarkerFrame: -1
RightHandSourceResolved: 1
RightHandSource: It_1H_Longsword_01
RightHandSourceAddress: E70EAC10
RightHandSourceUseType: 2
RightHandSourceCollisionGroup: 5
LeftHandSourceResolved: 1
LeftHandSource: It_1H_Longsword_01
LeftHandSourceAddress: E6EB7E10
LeftHandSourceUseType: 2
LeftHandSourceCollisionGroup: 5
Decision: LEGACY/NATIVE - call original timer callback
=====================================

===== ENGINE SetCollisionGroup =====
ElapsedMs: 198620.960
Entity: It_1H_Longsword_01
ChangedEntityAddress: E6EB7E10
PlayerSlotMatch: LEFT
PlayerAction: 5
PlayerAniPhase: 1
PlayerPrimaryPose: 2
PlayerStateTime: 0.102988
PlayerStatePosition: 0
PlayerCurrentMovementAni: Hero_Stand_1H_1H_P1_QuickAttackL_Hit_N_Fwd_00_%_00_P1_100_L.xmot
PlayerLeftItem: It_1H_Longsword_01
PlayerLeftItemAddress: E6EB7E10
PlayerLeftUseType: 2
PlayerLeftCollisionGroup: 7
PlayerRightItem: It_1H_Longsword_01
PlayerRightItemAddress: E70EAC10
PlayerRightUseType: 2
PlayerRightCollisionGroup: 5
RequestedGroup: 7
BeforeGroup: 5
AfterGroup: 7
Item_EquippedValue: 5
Item_AttackValue: 7
RetiredMarkerExecutionCount: 0
====================================

===== ENGINE SetCollisionGroup =====
ElapsedMs: 198969.328
Entity: It_1H_Longsword_01
ChangedEntityAddress: E6EB7E10
PlayerSlotMatch: LEFT
PlayerAction: 5
PlayerAniPhase: 3
PlayerPrimaryPose: 2
PlayerStateTime: 0.446968
PlayerStatePosition: 1
PlayerCurrentMovementAni: Hero_Stand_1H_1H_P1_QuickAttackL_Hit_N_Fwd_00_%_00_P1_100_L.xmot
PlayerLeftItem: It_1H_Longsword_01
PlayerLeftItemAddress: E6EB7E10
PlayerLeftUseType: 2
PlayerLeftCollisionGroup: 5
PlayerRightItem: It_1H_Longsword_01
PlayerRightItemAddress: E70EAC10
PlayerRightUseType: 2
PlayerRightCollisionGroup: 5
RequestedGroup: 5
BeforeGroup: 7
AfterGroup: 5
Item_EquippedValue: 5
Item_AttackValue: 7
RetiredMarkerExecutionCount: 0
====================================

===== MARKER OWNERSHIP DECISION =====
ElapsedMs: 207001.427
Actor: PC_Hero
CurrentMovementAni: Hero_Stand_1H_1H_P1_QuickAttackR_Hit_N_Fwd_00_%_00_P1_100_R.xmot
MatchingMotionFound: 1
FrameEffectCount: 1
ContainsReservedSourceMarker: 0
RequiredSourceMask: 0
AuthoredRIGHTMarkerCount: 0
FirstRIGHTMarkerFrame: -1
AuthoredLEFTMarkerCount: 0
FirstLEFTMarkerFrame: -1
AuthoredBOTHMarkerCount: 0
FirstBOTHMarkerFrame: -1
AuthoredOFFMarkerCount: 0
FirstOFFMarkerFrame: -1
RightHandSourceResolved: 1
RightHandSource: It_1H_Longsword_01
RightHandSourceAddress: E70EAC10
RightHandSourceUseType: 2
RightHandSourceCollisionGroup: 5
LeftHandSourceResolved: 1
LeftHandSource: It_1H_Longsword_01
LeftHandSourceAddress: E6EB7E10
LeftHandSourceUseType: 2
LeftHandSourceCollisionGroup: 5
Decision: LEGACY/NATIVE - call original timer callback
=====================================

===== ENGINE SetCollisionGroup =====
ElapsedMs: 207099.671
Entity: It_1H_Longsword_01
ChangedEntityAddress: E6EB7E10
PlayerSlotMatch: LEFT
PlayerAction: 4
PlayerAniPhase: 1
PlayerPrimaryPose: 2
PlayerStateTime: 0.101986
PlayerStatePosition: 0
PlayerCurrentMovementAni: Hero_Stand_1H_1H_P1_QuickAttackR_Hit_N_Fwd_00_%_00_P1_100_R.xmot
PlayerLeftItem: It_1H_Longsword_01
PlayerLeftItemAddress: E6EB7E10
PlayerLeftUseType: 2
PlayerLeftCollisionGroup: 7
PlayerRightItem: It_1H_Longsword_01
PlayerRightItemAddress: E70EAC10
PlayerRightUseType: 2
PlayerRightCollisionGroup: 5
RequestedGroup: 7
BeforeGroup: 5
AfterGroup: 7
Item_EquippedValue: 5
Item_AttackValue: 7
RetiredMarkerExecutionCount: 0
====================================

===== ENGINE SetCollisionGroup =====
ElapsedMs: 207443.478
Entity: It_1H_Longsword_01
ChangedEntityAddress: E6EB7E10
PlayerSlotMatch: LEFT
PlayerAction: 4
PlayerAniPhase: 3
PlayerPrimaryPose: 2
PlayerStateTime: 0.441959
PlayerStatePosition: 1
PlayerCurrentMovementAni: Hero_Stand_1H_1H_P1_QuickAttackR_Hit_N_Fwd_00_%_00_P1_100_R.xmot
PlayerLeftItem: It_1H_Longsword_01
PlayerLeftItemAddress: E6EB7E10
PlayerLeftUseType: 2
PlayerLeftCollisionGroup: 5
PlayerRightItem: It_1H_Longsword_01
PlayerRightItemAddress: E70EAC10
PlayerRightUseType: 2
PlayerRightCollisionGroup: 5
RequestedGroup: 5
BeforeGroup: 7
AfterGroup: 5
Item_EquippedValue: 5
Item_AttackValue: 7
RetiredMarkerExecutionCount: 0
====================================

===== MARKER OWNERSHIP DECISION =====
ElapsedMs: 213053.093
Actor: PC_Hero
CurrentMovementAni: Hero_Stand_1H_1H_P1_QuickAttackL_Hit_N_Fwd_00_%_00_P1_100_L.xmot
MatchingMotionFound: 1
FrameEffectCount: 1
ContainsReservedSourceMarker: 0
RequiredSourceMask: 0
AuthoredRIGHTMarkerCount: 0
FirstRIGHTMarkerFrame: -1
AuthoredLEFTMarkerCount: 0
FirstLEFTMarkerFrame: -1
AuthoredBOTHMarkerCount: 0
FirstBOTHMarkerFrame: -1
AuthoredOFFMarkerCount: 0
FirstOFFMarkerFrame: -1
RightHandSourceResolved: 1
RightHandSource: It_1H_Longsword_01
RightHandSourceAddress: E70EAC10
RightHandSourceUseType: 2
RightHandSourceCollisionGroup: 5
LeftHandSourceResolved: 1
LeftHandSource: It_1H_Longsword_01
LeftHandSourceAddress: E6EB7E10
LeftHandSourceUseType: 2
LeftHandSourceCollisionGroup: 5
Decision: LEGACY/NATIVE - call original timer callback
=====================================

===== ENGINE SetCollisionGroup =====
ElapsedMs: 213156.676
Entity: It_1H_Longsword_01
ChangedEntityAddress: E6EB7E10
PlayerSlotMatch: LEFT
PlayerAction: 5
PlayerAniPhase: 1
PlayerPrimaryPose: 2
PlayerStateTime: 0.103321
PlayerStatePosition: 0
PlayerCurrentMovementAni: Hero_Stand_1H_1H_P1_QuickAttackL_Hit_N_Fwd_00_%_00_P1_100_L.xmot
PlayerLeftItem: It_1H_Longsword_01
PlayerLeftItemAddress: E6EB7E10
PlayerLeftUseType: 2
PlayerLeftCollisionGroup: 7
PlayerRightItem: It_1H_Longsword_01
PlayerRightItemAddress: E70EAC10
PlayerRightUseType: 2
PlayerRightCollisionGroup: 5
RequestedGroup: 7
BeforeGroup: 5
AfterGroup: 7
Item_EquippedValue: 5
Item_AttackValue: 7
RetiredMarkerExecutionCount: 0
====================================

===== ENGINE SetCollisionGroup =====
ElapsedMs: 213493.465
Entity: It_1H_Longsword_01
ChangedEntityAddress: E6EB7E10
PlayerSlotMatch: LEFT
PlayerAction: 5
PlayerAniPhase: 3
PlayerPrimaryPose: 2
PlayerStateTime: 0.441293
PlayerStatePosition: 1
PlayerCurrentMovementAni: Hero_Stand_1H_1H_P1_QuickAttackL_Hit_N_Fwd_00_%_00_P1_100_L.xmot
PlayerLeftItem: It_1H_Longsword_01
PlayerLeftItemAddress: E6EB7E10
PlayerLeftUseType: 2
PlayerLeftCollisionGroup: 5
PlayerRightItem: It_1H_Longsword_01
PlayerRightItemAddress: E70EAC10
PlayerRightUseType: 2
PlayerRightCollisionGroup: 5
RequestedGroup: 5
BeforeGroup: 7
AfterGroup: 5
Item_EquippedValue: 5
Item_AttackValue: 7
RetiredMarkerExecutionCount: 0
====================================

===== ENGINE SetCollisionGroup =====
ElapsedMs: 217179.375
Entity: It_1H_Longsword_01
ChangedEntityAddress: E6EB7E10
PlayerSlotMatch: LEFT
PlayerAction: 5
PlayerAniPhase: 1
PlayerPrimaryPose: 2
PlayerStateTime: 0.101291
PlayerStatePosition: 0
PlayerCurrentMovementAni: Hero_Stand_1H_1H_P1_QuickAttackL_Hit_N_Fwd_00_%_00_P1_100_L.xmot
PlayerLeftItem: It_1H_Longsword_01
PlayerLeftItemAddress: E6EB7E10
PlayerLeftUseType: 2
PlayerLeftCollisionGroup: 7
PlayerRightItem: It_1H_Longsword_01
PlayerRightItemAddress: E70EAC10
PlayerRightUseType: 2
PlayerRightCollisionGroup: 5
RequestedGroup: 7
BeforeGroup: 5
AfterGroup: 7
Item_EquippedValue: 5
Item_AttackValue: 7
RetiredMarkerExecutionCount: 0
====================================

===== MARKER OWNERSHIP DECISION =====
ElapsedMs: 229951.311
Actor: PC_Hero
CurrentMovementAni: Hero_Stand_1H_1H_P1_QuickAttackR_Hit_N_Fwd_00_%_00_P1_100_R.xmot
MatchingMotionFound: 1
FrameEffectCount: 1
ContainsReservedSourceMarker: 0
RequiredSourceMask: 0
AuthoredRIGHTMarkerCount: 0
FirstRIGHTMarkerFrame: -1
AuthoredLEFTMarkerCount: 0
FirstLEFTMarkerFrame: -1
AuthoredBOTHMarkerCount: 0
FirstBOTHMarkerFrame: -1
AuthoredOFFMarkerCount: 0
FirstOFFMarkerFrame: -1
RightHandSourceResolved: 1
RightHandSource: It_1H_Longsword_01
RightHandSourceAddress: E70EAC10
RightHandSourceUseType: 2
RightHandSourceCollisionGroup: 5
LeftHandSourceResolved: 1
LeftHandSource: It_1H_Longsword_01
LeftHandSourceAddress: E6EB7E10
LeftHandSourceUseType: 2
LeftHandSourceCollisionGroup: 7
Decision: LEGACY/NATIVE - call original timer callback
=====================================

===== ENGINE SetCollisionGroup =====
ElapsedMs: 230059.869
Entity: It_1H_Longsword_01
ChangedEntityAddress: E6EB7E10
PlayerSlotMatch: LEFT
PlayerAction: 4
PlayerAniPhase: 1
PlayerPrimaryPose: 2
PlayerStateTime: 0.108979
PlayerStatePosition: 0
PlayerCurrentMovementAni: Hero_Stand_1H_1H_P1_QuickAttackR_Hit_N_Fwd_00_%_00_P1_100_R.xmot
PlayerLeftItem: It_1H_Longsword_01
PlayerLeftItemAddress: E6EB7E10
PlayerLeftUseType: 2
PlayerLeftCollisionGroup: 7
PlayerRightItem: It_1H_Longsword_01
PlayerRightItemAddress: E70EAC10
PlayerRightUseType: 2
PlayerRightCollisionGroup: 5
RequestedGroup: 7
BeforeGroup: 7
AfterGroup: 7
Item_EquippedValue: 5
Item_AttackValue: 7
RetiredMarkerExecutionCount: 0
====================================

===== ENGINE SetCollisionGroup =====
ElapsedMs: 230399.205
Entity: It_1H_Longsword_01
ChangedEntityAddress: E6EB7E10
PlayerSlotMatch: LEFT
PlayerAction: 4
PlayerAniPhase: 3
PlayerPrimaryPose: 2
PlayerStateTime: 0.446958
PlayerStatePosition: 1
PlayerCurrentMovementAni: Hero_Stand_1H_1H_P1_QuickAttackR_Hit_N_Fwd_00_%_00_P1_100_R.xmot
PlayerLeftItem: It_1H_Longsword_01
PlayerLeftItemAddress: E6EB7E10
PlayerLeftUseType: 2
PlayerLeftCollisionGroup: 5
PlayerRightItem: It_1H_Longsword_01
PlayerRightItemAddress: E70EAC10
PlayerRightUseType: 2
PlayerRightCollisionGroup: 5
RequestedGroup: 5
BeforeGroup: 7
AfterGroup: 5
Item_EquippedValue: 5
Item_AttackValue: 7
RetiredMarkerExecutionCount: 0
====================================

===== MARKER OWNERSHIP DECISION =====
ElapsedMs: 233724.318
Actor: PC_Hero
CurrentMovementAni: Hero_Stand_1H_1H_P1_QuickAttackL_Hit_N_Fwd_00_%_00_P1_100_L.xmot
MatchingMotionFound: 1
FrameEffectCount: 1
ContainsReservedSourceMarker: 0
RequiredSourceMask: 0
AuthoredRIGHTMarkerCount: 0
FirstRIGHTMarkerFrame: -1
AuthoredLEFTMarkerCount: 0
FirstLEFTMarkerFrame: -1
AuthoredBOTHMarkerCount: 0
FirstBOTHMarkerFrame: -1
AuthoredOFFMarkerCount: 0
FirstOFFMarkerFrame: -1
RightHandSourceResolved: 1
RightHandSource: It_1H_Longsword_01
RightHandSourceAddress: E70EAC10
RightHandSourceUseType: 2
RightHandSourceCollisionGroup: 5
LeftHandSourceResolved: 1
LeftHandSource: It_1H_Longsword_01
LeftHandSourceAddress: E6EB7E10
LeftHandSourceUseType: 2
LeftHandSourceCollisionGroup: 5
Decision: LEGACY/NATIVE - call original timer callback
=====================================

===== ENGINE SetCollisionGroup =====
ElapsedMs: 233828.423
Entity: It_1H_Longsword_01
ChangedEntityAddress: E6EB7E10
PlayerSlotMatch: LEFT
PlayerAction: 5
PlayerAniPhase: 1
PlayerPrimaryPose: 2
PlayerStateTime: 0.105005
PlayerStatePosition: 0
PlayerCurrentMovementAni: Hero_Stand_1H_1H_P1_QuickAttackL_Hit_N_Fwd_00_%_00_P1_100_L.xmot
PlayerLeftItem: It_1H_Longsword_01
PlayerLeftItemAddress: E6EB7E10
PlayerLeftUseType: 2
PlayerLeftCollisionGroup: 7
PlayerRightItem: It_1H_Longsword_01
PlayerRightItemAddress: E70EAC10
PlayerRightUseType: 2
PlayerRightCollisionGroup: 5
RequestedGroup: 7
BeforeGroup: 5
AfterGroup: 7
Item_EquippedValue: 5
Item_AttackValue: 7
RetiredMarkerExecutionCount: 0
====================================

Script_FrameCollisionTest unloading.
