Script_FrameCollisionTest diagnostic build loaded.
DiagnosticProfile: CORE
DeepDiagnostics: DISABLED
BehaviorCore: EngineBridge + FrameCollisionMarkers + CollisionSources + CollisionSourceOperations + CollisionLifecycleGuard + RuntimeClock
C1Repair: exact outstanding live equipped Item_Attack source -> Item_Equipped after native AISetState opportunity; no ClearTriggeredList.
MarkerFamilies: Normal Power Quick SimpleWhirl Whirl Pierce Hack
MarkerOpcodes: RIGHT LEFT BOTH OFF FIST
HACK_CALLBACK_IDENTITY TargetRVA=0x433D0 ExactlyOne=1 MatchCount=1 Name=OnAI_HackAttack Source=.\Script\AI\AI_Commands\AI_HackAttack.cpp
Installing behavior hooks...
Hooks installed.

===== FIST TRIGGER STATE SNAPSHOT =====
Boundary: AISETSTATE_BEFORE_ORIGINAL
Actor: PC_Hero
Action: 68
AniPhase: 6
StateTime: 0.773888
CurrentMovementAni: Hero_Stand_None_Fist_P0_HoldRight_End_N_Fwd_00_%_00_P0_0.xmot
FistSourceResolved: 1
FistSourceAddress: E6AAC210
FistUseType: 8
FistCollisionGroup: 0
IsEnabled: 1
ReactToTouch: 1
ResetOnUntouch: 0
DamageDisabled: 0
=======================================

===== FIST TRIGGER STATE SNAPSHOT =====
Boundary: AISETSTATE_AFTER_ORIGINAL
Actor: PC_Hero
Action: 68
AniPhase: 6
StateTime: 0.000000
CurrentMovementAni: Hero_Stand_None_Fist_P0_HoldRight_End_N_Fwd_00_%_00_P0_0.xmot
FistSourceResolved: 1
FistSourceAddress: E6AAC210
FistUseType: 8
FistCollisionGroup: 0
IsEnabled: 1
ReactToTouch: 1
ResetOnUntouch: 0
DamageDisabled: 0
=======================================

===== FIST TRIGGER STATE SNAPSHOT =====
Boundary: AISETSTATE_BEFORE_ORIGINAL
Actor: PC_Hero
Action: 0
AniPhase: 5
StateTime: 3.873564
CurrentMovementAni: Hero_Stand_None_Fist_P0_Ambient_Loop_N_Fwd_00_%_00_P0_0.xmot
FistSourceResolved: 1
FistSourceAddress: E6AAC210
FistUseType: 8
FistCollisionGroup: 0
IsEnabled: 1
ReactToTouch: 1
ResetOnUntouch: 0
DamageDisabled: 0
=======================================

===== FIST TRIGGER STATE SNAPSHOT =====
Boundary: AISETSTATE_AFTER_ORIGINAL
Actor: PC_Hero
Action: 0
AniPhase: 5
StateTime: 0.000000
CurrentMovementAni: Hero_Stand_None_Fist_P0_Ambient_Loop_N_Fwd_00_%_00_P0_0.xmot
FistSourceResolved: 1
FistSourceAddress: E6AAC210
FistUseType: 8
FistCollisionGroup: 0
IsEnabled: 1
ReactToTouch: 1
ResetOnUntouch: 0
DamageDisabled: 0
=======================================

===== FIST TRIGGER STATE SNAPSHOT =====
Boundary: AISETSTATE_BEFORE_ORIGINAL
Actor: PC_Hero
Action: 0
AniPhase: 5
StateTime: 0.000000
CurrentMovementAni: Hero_Stand_None_Fist_P0_Ambient_Loop_N_Fwd_00_%_00_P0_0.xmot
FistSourceResolved: 1
FistSourceAddress: E6AAC210
FistUseType: 8
FistCollisionGroup: 0
IsEnabled: 1
ReactToTouch: 1
ResetOnUntouch: 0
DamageDisabled: 0
=======================================

===== FIST TRIGGER STATE SNAPSHOT =====
Boundary: AISETSTATE_AFTER_ORIGINAL
Actor: PC_Hero
Action: 0
AniPhase: 5
StateTime: 0.000000
CurrentMovementAni: Hero_Stand_None_Fist_P0_Ambient_Loop_N_Fwd_00_%_00_P0_0.xmot
FistSourceResolved: 1
FistSourceAddress: E6AAC210
FistUseType: 8
FistCollisionGroup: 0
IsEnabled: 1
ReactToTouch: 1
ResetOnUntouch: 0
DamageDisabled: 0
=======================================

===== C1 LIFECYCLE START =====
ElapsedMs: 47493.392
Actor: PC_Hero
Generation: 1
Status: CANDIDATE
ReplacedGeneration: 0
ReplacedOutstanding: 0
TrackedSourceCount: 1
Source[0].Address: E6AAC210
Source[0].Side: RIGHT
Source[0].ActualGroup: 0
==============================

===== C1 SCRIPT BINDING =====
ElapsedMs: 47493.402
Event: COMBAT_MOVE_CANDIDATE_BOUND
Actor: PC_Hero
Generation: 1
Status: CANDIDATE
Outstanding: 0
ScriptFunction: _AI_Attack
SourceAddress: 00000000
=============================

===== C1 LIFECYCLE STATUS =====
ElapsedMs: 47493.737
Event: PERSISTED
Actor: PC_Hero
Generation: 1
Status: PERSISTED
Outstanding: 0
===============================

===== MARKER OWNERSHIP DECISION =====
ElapsedMs: 47493.765
Actor: PC_Hero
Family: NORMAL
CurrentMovementAni: Hero_Stand_None_Fist_P0_Attack_Hit_N_Fwd_00_%_00_P1_100_R.xmot
Action: 1
AniPhase: 1
MatchingMotionFound: 1
MarkerScanValid: 1
ContainsReservedSourceMarker: 1
RequiredSourceMask: 0
RequiresFistSource: 1
AuthoredRIGHTCount: 0
FirstRIGHTFrame: -1
AuthoredLEFTCount: 0
FirstLEFTFrame: -1
AuthoredBOTHCount: 0
FirstBOTHFrame: -1
AuthoredOFFCount: 0
FirstOFFFrame: -1
AuthoredFISTCount: 1
FirstFISTFrame: 3
RightSourceResolved: 1
RightSourceName: Fist
RightSourceAddress: E6AAC210
RightSourceUseType: 8
RightSourceCollisionGroup: 0
LeftSourceResolved: 0
FistSourceResolved: 1
FistSourceName: Fist
FistSourceAddress: E6AAC210
FistSourceUseType: 8
FistSourceCollisionGroup: 0
SuppressNativeCallback: 1
=====================================

===== FIST RECEIVED =====
ElapsedMs: 47603.921
Actor: PC_Hero
Action: 1
AniPhase: 1
StateTime: 0.120966
StatePositionBeforeMarker: 0
CurrentMovementAni: Hero_Stand_None_Fist_P0_Attack_Hit_N_Fwd_00_%_00_P1_100_R.xmot
===== FIST COMBAT LATCH RESET PROBE =====
Boundary: FIST_COMBAT_LATCH_RESET_PROBE
AcceptedFistSequenceOrdinal: 1
ProbeMode: SUPPRESS_FIRST
ElapsedMs: 47603.951
Actor: PC_Hero
ActorAddress: EBB66E10
Action: 1
AniPhase: 1
StateTime: 0.120966
CurrentMovementAni: Hero_Stand_None_Fist_P0_Attack_Hit_N_Fwd_00_%_00_P1_100_R.xmot
C1Generation: 1
SPUAddress: EBB67074
LatchOffset: 0x164
LatchBefore: 0
LatchAfter: 1
WriteAttempted: 1
WriteConfirmed: 1
FistSourceAddress: E6AAC210
FistUseType: 8
FistCollisionGroup: 0
=========================================

MarkerName: G3AB_COL_FIST
MarkerOpcode: FIST
StatePositionAfterMarker: 0
C1GenerationValid: 1
C1Generation: 1
MarkerAction: ACCEPTED
AuthoredMarkerOccurrences: 1
AcceptedMarkerOccurrencesBefore: 0
AcceptedMarkerOccurrencesAfter: 1
ExecutionBudgetReset: 1
PreviousSourceMask: 0
DesiredSourceMask: 0
RetiredSourceMask: 0
OwnedMaskAtOff: 0
MarkerOwnedWeaponMask: 0
ActivatedSourceCount: 0
RetiredSourceCount: 0
DeactivatedSourceCount: 0
TriggeredListClearCount: 1
FistSourceResolved: 1
FistSourceAddress: E6AAC210
FistUseType: 8
FistGroupBefore: 0
FistGroupAfter: 0
FistTriggeredListCleared: 1
===========================

===== FIST TRIGGER STATE SNAPSHOT =====
Boundary: AISETSTATE_BEFORE_ORIGINAL
Actor: PC_Hero
Action: 1
AniPhase: 3
StateTime: 0.328956
CurrentMovementAni: Hero_Stand_None_Fist_P0_Attack_Hit_N_Fwd_00_%_00_P1_100_R.xmot
FistSourceResolved: 1
FistSourceAddress: E6AAC210
FistUseType: 8
FistCollisionGroup: 0
IsEnabled: 1
ReactToTouch: 1
ResetOnUntouch: 0
DamageDisabled: 0
=======================================

===== FIST TRIGGER STATE SNAPSHOT =====
Boundary: AISETSTATE_AFTER_ORIGINAL
Actor: PC_Hero
Action: 1
AniPhase: 3
StateTime: 0.000000
CurrentMovementAni: Hero_Stand_None_Fist_P0_Attack_Hit_N_Fwd_00_%_00_P1_100_R.xmot
FistSourceResolved: 1
FistSourceAddress: E6AAC210
FistUseType: 8
FistCollisionGroup: 0
IsEnabled: 1
ReactToTouch: 1
ResetOnUntouch: 0
DamageDisabled: 0
=======================================

===== C1 FINALIZATION =====
ElapsedMs: 47822.148
Reason: AISETSTATE_AFTER_ORIGINAL
Actor: PC_Hero
Generation: 1
Status: PERSISTED
TrackedSourceCount: 1
Source[0].Outcome: NO_OP_NO_OUTSTANDING
Source[0].Address: E6AAC210
Source[0].LivenessEstablished: 1
Source[0].Name: Fist
Source[0].OriginalSide: RIGHT
Source[0].CurrentSideMask: 1
Source[0].OffensiveRequestCount: 0
Source[0].OutstandingBeforeFinalization: 0
Source[0].CleanupObservedBeforeFinalization: 0
Source[0].ActualGroupBeforeRepair: 0
Source[0].RepairAttempted: 0
Source[0].PhysicalCollisionChanged: 0
PhysicalCollisionChanged: 0
===========================

===== FIST TRIGGER STATE SNAPSHOT =====
Boundary: AISETSTATE_BEFORE_ORIGINAL
Actor: PC_Hero
Action: 0
AniPhase: 5
StateTime: 4.824684
CurrentMovementAni: Hero_Stand_None_Fist_P0_Ambient_Loop_N_Fwd_00_%_00_P0_0.xmot
FistSourceResolved: 1
FistSourceAddress: E6AAC210
FistUseType: 8
FistCollisionGroup: 0
IsEnabled: 1
ReactToTouch: 1
ResetOnUntouch: 0
DamageDisabled: 0
=======================================

===== FIST TRIGGER STATE SNAPSHOT =====
Boundary: AISETSTATE_AFTER_ORIGINAL
Actor: PC_Hero
Action: 0
AniPhase: 5
StateTime: 0.000000
CurrentMovementAni: Hero_Stand_None_Fist_P0_Ambient_Loop_N_Fwd_00_%_00_P0_0.xmot
FistSourceResolved: 1
FistSourceAddress: E6AAC210
FistUseType: 8
FistCollisionGroup: 0
IsEnabled: 1
ReactToTouch: 1
ResetOnUntouch: 0
DamageDisabled: 0
=======================================

===== C1 LIFECYCLE START =====
ElapsedMs: 52671.652
Actor: PC_Hero
Generation: 2
Status: CANDIDATE
ReplacedGeneration: 0
ReplacedOutstanding: 0
TrackedSourceCount: 1
Source[0].Address: E6AAC210
Source[0].Side: RIGHT
Source[0].ActualGroup: 0
==============================

===== C1 SCRIPT BINDING =====
ElapsedMs: 52671.664
Event: COMBAT_MOVE_CANDIDATE_BOUND
Actor: PC_Hero
Generation: 2
Status: CANDIDATE
Outstanding: 0
ScriptFunction: _AI_Attack
SourceAddress: 00000000
=============================

===== C1 LIFECYCLE STATUS =====
ElapsedMs: 52671.759
Event: PERSISTED
Actor: PC_Hero
Generation: 2
Status: PERSISTED
Outstanding: 0
===============================

===== FIST RECEIVED =====
ElapsedMs: 52790.033
Actor: PC_Hero
Action: 1
AniPhase: 1
StateTime: 0.128023
StatePositionBeforeMarker: 0
CurrentMovementAni: Hero_Stand_None_Fist_P0_Attack_Hit_N_Fwd_00_%_00_P1_100_R.xmot
===== FIST COMBAT LATCH RESET PROBE =====
Boundary: FIST_COMBAT_LATCH_RESET_PROBE
AcceptedFistSequenceOrdinal: 2
ProbeMode: OBSERVE_SECOND
ElapsedMs: 52790.066
Actor: PC_Hero
ActorAddress: EBB66E10
Action: 1
AniPhase: 1
StateTime: 0.128023
CurrentMovementAni: Hero_Stand_None_Fist_P0_Attack_Hit_N_Fwd_00_%_00_P1_100_R.xmot
C1Generation: 2
SPUAddress: EBB67074
LatchOffset: 0x164
LatchBefore: 0
LatchAfter: 0
WriteAttempted: 0
WriteConfirmed: 0
FistSourceAddress: E6AAC210
FistUseType: 8
FistCollisionGroup: 0
=========================================

MarkerName: G3AB_COL_FIST
MarkerOpcode: FIST
StatePositionAfterMarker: 0
C1GenerationValid: 1
C1Generation: 2
MarkerAction: ACCEPTED
AuthoredMarkerOccurrences: 1
AcceptedMarkerOccurrencesBefore: 0
AcceptedMarkerOccurrencesAfter: 1
ExecutionBudgetReset: 1
PreviousSourceMask: 0
DesiredSourceMask: 0
RetiredSourceMask: 0
OwnedMaskAtOff: 0
MarkerOwnedWeaponMask: 0
ActivatedSourceCount: 0
RetiredSourceCount: 0
DeactivatedSourceCount: 0
TriggeredListClearCount: 1
FistSourceResolved: 1
FistSourceAddress: E6AAC210
FistUseType: 8
FistGroupBefore: 0
FistGroupAfter: 0
FistTriggeredListCleared: 1
===========================

===== ENTITY ONDAMAGE ENTRY =====
Boundary: ENTITY_ON_DAMAGE_ENTRY
ElapsedMs: 52876.245
HookEntryOrdinal: 1
CallerAddress: 00C3E348
CallerModuleResolved: 1
CallerModule: Game.dll
CallerRVA: 0x0016E348
ThisEntityAddress: E6AA4010
ThisEntityName: Golem
EntityArg1Address: E6AAC210
EntityArg1Name: Fist
EntityArg2Address: EBB66E10
EntityArg2Name: PC_Hero
IntArg1: 21
IntArg2: 2
ContactIteratorAddress: 0019E884
PlayerEntityAddress: EBB66E10
PlayerAction: 1
PlayerAniPhase: 1
PlayerStateTime: 0.199996
PlayerCurrentMovementAni: Hero_Stand_None_Fist_P0_Attack_Hit_N_Fwd_00_%_00_P1_100_R.xmot
ExistingResolverFistSourceAddress: E6AAC210
ExistingResolverFistUseType: 8
ExistingResolverFistCollisionGroup: 0
ThisIsPlayer: 0
EntityArg1IsPlayer: 0
EntityArg2IsPlayer: 1
ThisIsResolvedFistSource: 0
EntityArg1IsResolvedFistSource: 1
EntityArg2IsResolvedFistSource: 0
=================================

===== FIST TRIGGER STATE SNAPSHOT =====
Boundary: AISETSTATE_BEFORE_ORIGINAL
Actor: PC_Hero
Action: 1
AniPhase: 3
StateTime: 0.323983
CurrentMovementAni: Hero_Stand_None_Fist_P0_Attack_Hit_N_Fwd_00_%_00_P1_100_R.xmot
FistSourceResolved: 1
FistSourceAddress: E6AAC210
FistUseType: 8
FistCollisionGroup: 0
IsEnabled: 1
ReactToTouch: 1
ResetOnUntouch: 0
DamageDisabled: 0
=======================================

===== FIST TRIGGER STATE SNAPSHOT =====
Boundary: AISETSTATE_AFTER_ORIGINAL
Actor: PC_Hero
Action: 1
AniPhase: 3
StateTime: 0.000000
CurrentMovementAni: Hero_Stand_None_Fist_P0_Attack_Hit_N_Fwd_00_%_00_P1_100_R.xmot
FistSourceResolved: 1
FistSourceAddress: E6AAC210
FistUseType: 8
FistCollisionGroup: 0
IsEnabled: 1
ReactToTouch: 1
ResetOnUntouch: 0
DamageDisabled: 0
=======================================

===== C1 FINALIZATION =====
ElapsedMs: 52996.420
Reason: AISETSTATE_AFTER_ORIGINAL
Actor: PC_Hero
Generation: 2
Status: PERSISTED
TrackedSourceCount: 1
Source[0].Outcome: NO_OP_NO_OUTSTANDING
Source[0].Address: E6AAC210
Source[0].LivenessEstablished: 1
Source[0].Name: Fist
Source[0].OriginalSide: RIGHT
Source[0].CurrentSideMask: 1
Source[0].OffensiveRequestCount: 0
Source[0].OutstandingBeforeFinalization: 0
Source[0].CleanupObservedBeforeFinalization: 0
Source[0].ActualGroupBeforeRepair: 0
Source[0].RepairAttempted: 0
Source[0].PhysicalCollisionChanged: 0
PhysicalCollisionChanged: 0
===========================

===== MARKER OWNERSHIP DECISION =====
ElapsedMs: 54630.392
Actor: Golem
Family: NORMAL
CurrentMovementAni: Golem_Stand_None_Fist_P0_Attack_Hit_N_Fwd_00_%_00_P0_100_R.xmot
Action: 1
AniPhase: 1
MatchingMotionFound: 1
MarkerScanValid: 1
ContainsReservedSourceMarker: 0
RequiredSourceMask: 0
RequiresFistSource: 0
AuthoredRIGHTCount: 0
FirstRIGHTFrame: -1
AuthoredLEFTCount: 0
FirstLEFTFrame: -1
AuthoredBOTHCount: 0
FirstBOTHFrame: -1
AuthoredOFFCount: 0
FirstOFFFrame: -1
AuthoredFISTCount: 0
FirstFISTFrame: -1
RightSourceResolved: 1
RightSourceName: Fist
RightSourceAddress: E6F8B010
RightSourceUseType: 8
RightSourceCollisionGroup: 0
LeftSourceResolved: 0
SuppressNativeCallback: 0
=====================================

===== FIST TRIGGER STATE SNAPSHOT =====
Boundary: NATIVE_ATTACK_BEFORE_ORIGINAL
Actor: Golem
Action: 1
AniPhase: 1
StateTime: 0.000000
CurrentMovementAni: Golem_Stand_None_Fist_P0_Attack_Hit_N_Fwd_00_%_00_P0_100_R.xmot
FistSourceResolved: 1
FistSourceAddress: E6F8B010
FistUseType: 8
FistCollisionGroup: 0
IsEnabled: 1
ReactToTouch: 1
ResetOnUntouch: 0
DamageDisabled: 0
=======================================

===== FIST TRIGGER STATE SNAPSHOT =====
Boundary: NATIVE_ATTACK_AFTER_ORIGINAL
Actor: Golem
Action: 1
AniPhase: 1
StateTime: 0.000000
CurrentMovementAni: Golem_Stand_None_Fist_P0_Attack_Hit_N_Fwd_00_%_00_P0_100_R.xmot
FistSourceResolved: 1
FistSourceAddress: E6F8B010
FistUseType: 8
FistCollisionGroup: 0
IsEnabled: 1
ReactToTouch: 1
ResetOnUntouch: 0
DamageDisabled: 0
=======================================

===== FIST TRIGGER STATE SNAPSHOT =====
Boundary: NATIVE_ATTACK_BEFORE_ORIGINAL
Actor: Golem
Action: 1
AniPhase: 1
StateTime: 0.010011
CurrentMovementAni: Golem_Stand_None_Fist_P0_Attack_Hit_N_Fwd_00_%_00_P0_100_R.xmot
FistSourceResolved: 1
FistSourceAddress: E6F8B010
FistUseType: 8
FistCollisionGroup: 0
IsEnabled: 1
ReactToTouch: 1
ResetOnUntouch: 0
DamageDisabled: 0
=======================================

===== FIST TRIGGER STATE SNAPSHOT =====
Boundary: NATIVE_ATTACK_AFTER_ORIGINAL
Actor: Golem
Action: 1
AniPhase: 1
StateTime: 0.010011
CurrentMovementAni: Golem_Stand_None_Fist_P0_Attack_Hit_N_Fwd_00_%_00_P0_100_R.xmot
FistSourceResolved: 1
FistSourceAddress: E6F8B010
FistUseType: 8
FistCollisionGroup: 0
IsEnabled: 1
ReactToTouch: 1
ResetOnUntouch: 0
DamageDisabled: 0
=======================================

Script_FrameCollisionTest unloading cleanly.
