Script_SpeedCalibrationProbe loaded. Diagnostics only; returned speeds are unchanged.
Unique observations are deduplicated and capped at 2048. NEW rows are flushed immediately; ROW rows form the final summary.
IMPORTANT: Script_G3AnimationBehaviors.dll must be absent during calibration because it may hook the same caller sites.

Installed 18 proven Hit caller hooks (including 3 Finishing/Action15 sites) plus the proven Power Raise observation hook.

NEW|Family=Minecrawler|LeftRaw=None(0)|LeftToken=none|RightRaw=Fist(8)|RightToken=fist|PassedAction=QuickR(4)|CurrentBefore=QuickR(4)|CurrentAfter=QuickR(4)|Phase=Hit(1)|Speed=1.000000|NewBalance=false|G3AB=false|Count=1|Player=0|NPC=1|SampleEntity=Minecrawler|SampleAni=Minecrawler_Stand_None_Fist_P0_HoldRight_Begin_N_Fwd_00_%_00_P0_0.xmot
NEW|Family=Minecrawler|LeftRaw=None(0)|LeftToken=none|RightRaw=Fist(8)|RightToken=fist|PassedAction=QuickL(5)|CurrentBefore=QuickL(5)|CurrentAfter=QuickL(5)|Phase=Hit(1)|Speed=1.000000|NewBalance=false|G3AB=false|Count=1|Player=0|NPC=1|SampleEntity=Minecrawler|SampleAni=Minecrawler_Stand_None_Fist_P0_Move_Stand_N_Fwd_00_%_00_P0_0.xmot
NEW|Family=Minecrawler|LeftRaw=None(0)|LeftToken=none|RightRaw=Fist(8)|RightToken=fist|PassedAction=Power(2)|CurrentBefore=Power(2)|CurrentAfter=Power(2)|Phase=Raise(0)|Speed=1.500000|NewBalance=false|G3AB=false|Count=1|Player=0|NPC=1|SampleEntity=Minecrawler|SampleAni=Minecrawler_Stand_None_Fist_P0_Move_Stand_N_Fwd_00_%_00_P0_0.xmot
NEW|Family=Minecrawler|LeftRaw=None(0)|LeftToken=none|RightRaw=Fist(8)|RightToken=fist|PassedAction=Power(2)|CurrentBefore=Power(2)|CurrentAfter=Power(2)|Phase=Hit(1)|Speed=1.000000|NewBalance=false|G3AB=false|Count=1|Player=0|NPC=1|SampleEntity=Minecrawler|SampleAni=Minecrawler_Stand_None_Fist_P0_PowerAttack_Raise_N_Fwd_00_%_00_P0_0_L.xmot
NEW|Family=Minecrawler|LeftRaw=None(0)|LeftToken=none|RightRaw=Fist(8)|RightToken=fist|PassedAction=Normal(1)|CurrentBefore=Normal(1)|CurrentAfter=Normal(1)|Phase=Hit(1)|Speed=1.000000|NewBalance=false|G3AB=false|Count=1|Player=0|NPC=1|SampleEntity=Minecrawler|SampleAni=Minecrawler_Stand_None_Fist_P0_Move_Stand_N_Fwd_00_%_00_P0_0.xmot
NEW|Family=Hero|LeftRaw=None(0)|LeftToken=none|RightRaw=2H(3)|RightToken=2h|PassedAction=QuickL(5)|CurrentBefore=QuickL(5)|CurrentAfter=QuickL(5)|Phase=Hit(1)|Speed=1.000000|NewBalance=false|G3AB=false|Count=1|Player=1|NPC=0|SampleEntity=PC_Hero|SampleAni=Hero_Stand_None_2H_P1_Parade_Begin_N_Fwd_00_%_00_P0_0.xmot
NEW|Family=Hero|LeftRaw=None(0)|LeftToken=none|RightRaw=2H(3)|RightToken=2h|PassedAction=QuickR(4)|CurrentBefore=QuickR(4)|CurrentAfter=QuickR(4)|Phase=Hit(1)|Speed=1.000000|NewBalance=false|G3AB=false|Count=1|Player=1|NPC=0|SampleEntity=PC_Hero|SampleAni=Hero_Stand_None_2H_P0_QuickAttackL_Recover_N_Fwd_00_%_00_P0_0_L.xmot
NEW|Family=Hero|LeftRaw=None(0)|LeftToken=none|RightRaw=1H(2)|RightToken=1h|PassedAction=QuickL(5)|CurrentBefore=QuickL(5)|CurrentAfter=QuickL(5)|Phase=Hit(1)|Speed=1.000000|NewBalance=false|G3AB=false|Count=1|Player=1|NPC=0|SampleEntity=PC_Hero|SampleAni=Hero_Stand_None_1H_P0_Move_Walk_N_Fwd_00_%_00_P0_160.xmot
NEW|Family=Hero|LeftRaw=None(0)|LeftToken=none|RightRaw=1H(2)|RightToken=1h|PassedAction=QuickR(4)|CurrentBefore=QuickR(4)|CurrentAfter=QuickR(4)|Phase=Hit(1)|Speed=1.000000|NewBalance=false|G3AB=false|Count=1|Player=1|NPC=0|SampleEntity=PC_Hero|SampleAni=Hero_Stand_None_1H_P0_QuickAttackL_Recover_N_Fwd_00_%_00_P0_0_L.xmot
NEW|Family=Hero|LeftRaw=None(0)|LeftToken=none|RightRaw=1H(2)|RightToken=1h|PassedAction=Normal(1)|CurrentBefore=Normal(1)|CurrentAfter=Normal(1)|Phase=Hit(1)|Speed=0.600000|NewBalance=false|G3AB=false|Count=1|Player=1|NPC=0|SampleEntity=PC_Hero|SampleAni=Hero_Stand_None_1H_P3_Ambient_Loop_N_Fwd_00_%_01_P3_0.xmot
NEW|Family=Hero|LeftRaw=None(0)|LeftToken=none|RightRaw=1H(2)|RightToken=1h|PassedAction=Power(2)|CurrentBefore=Power(2)|CurrentAfter=Power(2)|Phase=Raise(0)|Speed=1.500000|NewBalance=false|G3AB=false|Count=1|Player=1|NPC=0|SampleEntity=PC_Hero|SampleAni=Hero_Stand_None_1H_P1_Attack_Recover_N_Fwd_00_%_00_P1_0_R.xmot
NEW|Family=Hero|LeftRaw=None(0)|LeftToken=none|RightRaw=1H(2)|RightToken=1h|PassedAction=Power(2)|CurrentBefore=Power(2)|CurrentAfter=Power(2)|Phase=Hit(1)|Speed=1.000000|NewBalance=false|G3AB=false|Count=1|Player=1|NPC=0|SampleEntity=PC_Hero|SampleAni=Hero_Stand_None_1H_P1_PowerAttack_Raise_N_Fwd_00_%_00_P1_0_L.xmot
NEW|Family=Gargoyle|LeftRaw=None(0)|LeftToken=none|RightRaw=Fist(8)|RightToken=fist|PassedAction=Normal(1)|CurrentBefore=Normal(1)|CurrentAfter=Normal(1)|Phase=Hit(1)|Speed=1.000000|NewBalance=false|G3AB=false|Count=1|Player=0|NPC=1|SampleEntity=Gargoyle|SampleAni=Gargoyle_Stand_None_Fist_P0_HoldRight_End_N_Fwd_00_%_00_P0_0.xmot
NEW|Family=Gargoyle|LeftRaw=None(0)|LeftToken=none|RightRaw=Fist(8)|RightToken=fist|PassedAction=Power(2)|CurrentBefore=Power(2)|CurrentAfter=Power(2)|Phase=Raise(0)|Speed=1.500000|NewBalance=false|G3AB=false|Count=1|Player=0|NPC=1|SampleEntity=Gargoyle|SampleAni=Gargoyle_Stand_None_Fist_P1_Ambient_Loop_N_Fwd_00_%_00_P1_0.xmot
NEW|Family=Gargoyle|LeftRaw=None(0)|LeftToken=none|RightRaw=Fist(8)|RightToken=fist|PassedAction=Power(2)|CurrentBefore=Power(2)|CurrentAfter=Power(2)|Phase=Hit(1)|Speed=1.000000|NewBalance=false|G3AB=false|Count=1|Player=0|NPC=1|SampleEntity=Gargoyle|SampleAni=Gargoyle_Stand_None_Fist_P1_PowerAttack_Raise_N_Fwd_00_%_00_P1_0.xmot
NEW|Family=Hero|LeftRaw=None(0)|LeftToken=none|RightRaw=Staff(12)|RightToken=staff|PassedAction=Normal(1)|CurrentBefore=Normal(1)|CurrentAfter=Normal(1)|Phase=Hit(1)|Speed=0.700000|NewBalance=false|G3AB=false|Count=1|Player=1|NPC=0|SampleEntity=PC_Hero|SampleAni=Hero_Stand_None_Staff_P0_Move_Turn90_N_Left_00_%_00_P0_0.xmot
NEW|Family=Hero|LeftRaw=None(0)|LeftToken=none|RightRaw=Staff(12)|RightToken=staff|PassedAction=QuickL(5)|CurrentBefore=QuickL(5)|CurrentAfter=QuickL(5)|Phase=Hit(1)|Speed=1.000000|NewBalance=false|G3AB=false|Count=1|Player=1|NPC=0|SampleEntity=PC_Hero|SampleAni=Hero_Stand_None_Staff_P1_Attack_Recover_N_Fwd_00_%_00_P1_0_R.xmot
NEW|Family=Hero|LeftRaw=None(0)|LeftToken=none|RightRaw=Staff(12)|RightToken=staff|PassedAction=QuickR(4)|CurrentBefore=QuickR(4)|CurrentAfter=QuickR(4)|Phase=Hit(1)|Speed=1.000000|NewBalance=false|G3AB=false|Count=1|Player=1|NPC=0|SampleEntity=PC_Hero|SampleAni=Hero_Stand_None_Staff_P0_QuickAttackL_Recover_N_Fwd_00_%_00_P0_0_L.xmot
NEW|Family=Golem|LeftRaw=None(0)|LeftToken=none|RightRaw=Fist(8)|RightToken=fist|PassedAction=Power(2)|CurrentBefore=Sprint(9)|CurrentAfter=Sprint(9)|Phase=Raise(0)|Speed=1.500000|NewBalance=false|G3AB=false|Count=1|Player=0|NPC=1|SampleEntity=Golem|SampleAni=Golem_Stand_None_Fist_P0_Move_Stand_N_Fwd_00_%_00_P0_0.xmot
NEW|Family=Golem|LeftRaw=None(0)|LeftToken=none|RightRaw=Fist(8)|RightToken=fist|PassedAction=Power(2)|CurrentBefore=Sprint(9)|CurrentAfter=Sprint(9)|Phase=Hit(1)|Speed=1.500000|NewBalance=false|G3AB=false|Count=1|Player=0|NPC=1|SampleEntity=Golem|SampleAni=Golem_Stand_None_Fist_P0_PowerAttack_Raise_N_Fwd_00_%_00_P0_0_R.xmot
NEW|Family=Golem|LeftRaw=None(0)|LeftToken=none|RightRaw=Fist(8)|RightToken=fist|PassedAction=Normal(1)|CurrentBefore=Normal(1)|CurrentAfter=Normal(1)|Phase=Hit(1)|Speed=1.000000|NewBalance=false|G3AB=false|Count=1|Player=0|NPC=1|SampleEntity=Golem|SampleAni=Golem_Stand_None_Fist_P0_Ambient_Loop_N_Fwd_00_%_00_P0_0.xmot
NEW|Family=Golem|LeftRaw=None(0)|LeftToken=none|RightRaw=Fist(8)|RightToken=fist|PassedAction=Power(2)|CurrentBefore=Power(2)|CurrentAfter=Power(2)|Phase=Raise(0)|Speed=1.500000|NewBalance=false|G3AB=false|Count=1|Player=0|NPC=1|SampleEntity=Golem|SampleAni=Golem_Stand_None_Fist_P1_Move_Walk_N_Back_00_%_00_P1_150.xmot
NEW|Family=Hero|LeftRaw=None(0)|LeftToken=none|RightRaw=Staff(12)|RightToken=staff|PassedAction=Power(2)|CurrentBefore=Power(2)|CurrentAfter=Power(2)|Phase=Raise(0)|Speed=1.500000|NewBalance=false|G3AB=false|Count=1|Player=1|NPC=0|SampleEntity=PC_Hero|SampleAni=Hero_Stand_None_Staff_P1_Attack_Recover_N_Fwd_00_%_00_P1_0_R.xmot
NEW|Family=Golem|LeftRaw=None(0)|LeftToken=none|RightRaw=Fist(8)|RightToken=fist|PassedAction=Power(2)|CurrentBefore=Power(2)|CurrentAfter=Power(2)|Phase=Hit(1)|Speed=1.000000|NewBalance=false|G3AB=false|Count=1|Player=0|NPC=1|SampleEntity=Golem|SampleAni=Golem_Stand_None_Fist_P0_PowerAttack_Raise_N_Fwd_00_%_00_P0_0_R.xmot
NEW|Family=Bison|LeftRaw=None(0)|LeftToken=none|RightRaw=Fist(8)|RightToken=fist|PassedAction=Normal(1)|CurrentBefore=Normal(1)|CurrentAfter=Normal(1)|Phase=Hit(1)|Speed=1.000000|NewBalance=false|G3AB=false|Count=1|Player=0|NPC=1|SampleEntity=Bison|SampleAni=Bison_Stand_None_Fist_P0_Move_Stand_N_Fwd_00_%_00_P0_0.xmot
NEW|Family=Bison|LeftRaw=None(0)|LeftToken=none|RightRaw=Fist(8)|RightToken=fist|PassedAction=Power(2)|CurrentBefore=Power(2)|CurrentAfter=Power(2)|Phase=Raise(0)|Speed=1.500000|NewBalance=false|G3AB=false|Count=1|Player=0|NPC=1|SampleEntity=Bison|SampleAni=Bison_Stand_None_Fist_P0_Move_Stand_N_Fwd_00_%_00_P0_0.xmot
NEW|Family=Bison|LeftRaw=None(0)|LeftToken=none|RightRaw=Fist(8)|RightToken=fist|PassedAction=Power(2)|CurrentBefore=Power(2)|CurrentAfter=Power(2)|Phase=Hit(1)|Speed=1.000000|NewBalance=false|G3AB=false|Count=1|Player=0|NPC=1|SampleEntity=Bison|SampleAni=Bison_Stand_None_Fist_P0_PowerAttack_Raise_N_Fwd_00_%_00_P0_0_R.xmot
NEW|Family=Bison|LeftRaw=None(0)|LeftToken=none|RightRaw=Fist(8)|RightToken=fist|PassedAction=Power(2)|CurrentBefore=Sprint(9)|CurrentAfter=Sprint(9)|Phase=Raise(0)|Speed=1.500000|NewBalance=false|G3AB=false|Count=1|Player=0|NPC=1|SampleEntity=Bison|SampleAni=Bison_Stand_None_Fist_P0_Move_Stand_N_Fwd_00_%_00_P0_0.xmot
NEW|Family=Bison|LeftRaw=None(0)|LeftToken=none|RightRaw=Fist(8)|RightToken=fist|PassedAction=Power(2)|CurrentBefore=Sprint(9)|CurrentAfter=Sprint(9)|Phase=Hit(1)|Speed=1.500000|NewBalance=false|G3AB=false|Count=1|Player=0|NPC=1|SampleEntity=Bison|SampleAni=Bison_Stand_None_Fist_P0_PowerAttack_Raise_N_Fwd_00_%_00_P0_0_R.xmot

===== FINAL SUMMARY =====
InterceptedCalls=463
UniqueObservations=29
DroppedUniqueObservations=0
ROW|Family=Bison|LeftRaw=None(0)|LeftToken=none|RightRaw=Fist(8)|RightToken=fist|PassedAction=Normal(1)|CurrentBefore=Normal(1)|CurrentAfter=Normal(1)|Phase=Hit(1)|Speed=1.000000|NewBalance=false|G3AB=false|Count=19|Player=0|NPC=19|SampleEntity=Bison|SampleAni=Bison_Stand_None_Fist_P0_Move_Stand_N_Fwd_00_%_00_P0_0.xmot
ROW|Family=Bison|LeftRaw=None(0)|LeftToken=none|RightRaw=Fist(8)|RightToken=fist|PassedAction=Power(2)|CurrentBefore=Power(2)|CurrentAfter=Power(2)|Phase=Raise(0)|Speed=1.500000|NewBalance=false|G3AB=false|Count=7|Player=0|NPC=7|SampleEntity=Bison|SampleAni=Bison_Stand_None_Fist_P0_Move_Stand_N_Fwd_00_%_00_P0_0.xmot
ROW|Family=Bison|LeftRaw=None(0)|LeftToken=none|RightRaw=Fist(8)|RightToken=fist|PassedAction=Power(2)|CurrentBefore=Power(2)|CurrentAfter=Power(2)|Phase=Hit(1)|Speed=1.000000|NewBalance=false|G3AB=false|Count=7|Player=0|NPC=7|SampleEntity=Bison|SampleAni=Bison_Stand_None_Fist_P0_PowerAttack_Raise_N_Fwd_00_%_00_P0_0_R.xmot
ROW|Family=Bison|LeftRaw=None(0)|LeftToken=none|RightRaw=Fist(8)|RightToken=fist|PassedAction=Power(2)|CurrentBefore=Sprint(9)|CurrentAfter=Sprint(9)|Phase=Raise(0)|Speed=1.500000|NewBalance=false|G3AB=false|Count=1|Player=0|NPC=1|SampleEntity=Bison|SampleAni=Bison_Stand_None_Fist_P0_Move_Stand_N_Fwd_00_%_00_P0_0.xmot
ROW|Family=Bison|LeftRaw=None(0)|LeftToken=none|RightRaw=Fist(8)|RightToken=fist|PassedAction=Power(2)|CurrentBefore=Sprint(9)|CurrentAfter=Sprint(9)|Phase=Hit(1)|Speed=1.500000|NewBalance=false|G3AB=false|Count=1|Player=0|NPC=1|SampleEntity=Bison|SampleAni=Bison_Stand_None_Fist_P0_PowerAttack_Raise_N_Fwd_00_%_00_P0_0_R.xmot
ROW|Family=Gargoyle|LeftRaw=None(0)|LeftToken=none|RightRaw=Fist(8)|RightToken=fist|PassedAction=Normal(1)|CurrentBefore=Normal(1)|CurrentAfter=Normal(1)|Phase=Hit(1)|Speed=1.000000|NewBalance=false|G3AB=false|Count=28|Player=0|NPC=28|SampleEntity=Gargoyle|SampleAni=Gargoyle_Stand_None_Fist_P0_HoldRight_End_N_Fwd_00_%_00_P0_0.xmot
ROW|Family=Gargoyle|LeftRaw=None(0)|LeftToken=none|RightRaw=Fist(8)|RightToken=fist|PassedAction=Power(2)|CurrentBefore=Power(2)|CurrentAfter=Power(2)|Phase=Raise(0)|Speed=1.500000|NewBalance=false|G3AB=false|Count=18|Player=0|NPC=18|SampleEntity=Gargoyle|SampleAni=Gargoyle_Stand_None_Fist_P1_Ambient_Loop_N_Fwd_00_%_00_P1_0.xmot
ROW|Family=Gargoyle|LeftRaw=None(0)|LeftToken=none|RightRaw=Fist(8)|RightToken=fist|PassedAction=Power(2)|CurrentBefore=Power(2)|CurrentAfter=Power(2)|Phase=Hit(1)|Speed=1.000000|NewBalance=false|G3AB=false|Count=9|Player=0|NPC=9|SampleEntity=Gargoyle|SampleAni=Gargoyle_Stand_None_Fist_P1_PowerAttack_Raise_N_Fwd_00_%_00_P1_0.xmot
ROW|Family=Golem|LeftRaw=None(0)|LeftToken=none|RightRaw=Fist(8)|RightToken=fist|PassedAction=Normal(1)|CurrentBefore=Normal(1)|CurrentAfter=Normal(1)|Phase=Hit(1)|Speed=1.000000|NewBalance=false|G3AB=false|Count=57|Player=0|NPC=57|SampleEntity=Golem|SampleAni=Golem_Stand_None_Fist_P0_Ambient_Loop_N_Fwd_00_%_00_P0_0.xmot
ROW|Family=Golem|LeftRaw=None(0)|LeftToken=none|RightRaw=Fist(8)|RightToken=fist|PassedAction=Power(2)|CurrentBefore=Power(2)|CurrentAfter=Power(2)|Phase=Raise(0)|Speed=1.500000|NewBalance=false|G3AB=false|Count=7|Player=0|NPC=7|SampleEntity=Golem|SampleAni=Golem_Stand_None_Fist_P1_Move_Walk_N_Back_00_%_00_P1_150.xmot
ROW|Family=Golem|LeftRaw=None(0)|LeftToken=none|RightRaw=Fist(8)|RightToken=fist|PassedAction=Power(2)|CurrentBefore=Power(2)|CurrentAfter=Power(2)|Phase=Hit(1)|Speed=1.000000|NewBalance=false|G3AB=false|Count=5|Player=0|NPC=5|SampleEntity=Golem|SampleAni=Golem_Stand_None_Fist_P0_PowerAttack_Raise_N_Fwd_00_%_00_P0_0_R.xmot
ROW|Family=Golem|LeftRaw=None(0)|LeftToken=none|RightRaw=Fist(8)|RightToken=fist|PassedAction=Power(2)|CurrentBefore=Sprint(9)|CurrentAfter=Sprint(9)|Phase=Raise(0)|Speed=1.500000|NewBalance=false|G3AB=false|Count=17|Player=0|NPC=17|SampleEntity=Golem|SampleAni=Golem_Stand_None_Fist_P0_Move_Stand_N_Fwd_00_%_00_P0_0.xmot
ROW|Family=Golem|LeftRaw=None(0)|LeftToken=none|RightRaw=Fist(8)|RightToken=fist|PassedAction=Power(2)|CurrentBefore=Sprint(9)|CurrentAfter=Sprint(9)|Phase=Hit(1)|Speed=1.500000|NewBalance=false|G3AB=false|Count=16|Player=0|NPC=16|SampleEntity=Golem|SampleAni=Golem_Stand_None_Fist_P0_PowerAttack_Raise_N_Fwd_00_%_00_P0_0_R.xmot
ROW|Family=Hero|LeftRaw=None(0)|LeftToken=none|RightRaw=1H(2)|RightToken=1h|PassedAction=Normal(1)|CurrentBefore=Normal(1)|CurrentAfter=Normal(1)|Phase=Hit(1)|Speed=0.600000|NewBalance=false|G3AB=false|Count=52|Player=52|NPC=0|SampleEntity=PC_Hero|SampleAni=Hero_Stand_None_1H_P3_Ambient_Loop_N_Fwd_00_%_01_P3_0.xmot
ROW|Family=Hero|LeftRaw=None(0)|LeftToken=none|RightRaw=1H(2)|RightToken=1h|PassedAction=Power(2)|CurrentBefore=Power(2)|CurrentAfter=Power(2)|Phase=Raise(0)|Speed=1.500000|NewBalance=false|G3AB=false|Count=8|Player=8|NPC=0|SampleEntity=PC_Hero|SampleAni=Hero_Stand_None_1H_P1_Attack_Recover_N_Fwd_00_%_00_P1_0_R.xmot
ROW|Family=Hero|LeftRaw=None(0)|LeftToken=none|RightRaw=1H(2)|RightToken=1h|PassedAction=Power(2)|CurrentBefore=Power(2)|CurrentAfter=Power(2)|Phase=Hit(1)|Speed=1.000000|NewBalance=false|G3AB=false|Count=6|Player=6|NPC=0|SampleEntity=PC_Hero|SampleAni=Hero_Stand_None_1H_P1_PowerAttack_Raise_N_Fwd_00_%_00_P1_0_L.xmot
ROW|Family=Hero|LeftRaw=None(0)|LeftToken=none|RightRaw=1H(2)|RightToken=1h|PassedAction=QuickR(4)|CurrentBefore=QuickR(4)|CurrentAfter=QuickR(4)|Phase=Hit(1)|Speed=1.000000|NewBalance=false|G3AB=false|Count=20|Player=20|NPC=0|SampleEntity=PC_Hero|SampleAni=Hero_Stand_None_1H_P0_QuickAttackL_Recover_N_Fwd_00_%_00_P0_0_L.xmot
ROW|Family=Hero|LeftRaw=None(0)|LeftToken=none|RightRaw=1H(2)|RightToken=1h|PassedAction=QuickL(5)|CurrentBefore=QuickL(5)|CurrentAfter=QuickL(5)|Phase=Hit(1)|Speed=1.000000|NewBalance=false|G3AB=false|Count=22|Player=22|NPC=0|SampleEntity=PC_Hero|SampleAni=Hero_Stand_None_1H_P0_Move_Walk_N_Fwd_00_%_00_P0_160.xmot
ROW|Family=Hero|LeftRaw=None(0)|LeftToken=none|RightRaw=2H(3)|RightToken=2h|PassedAction=QuickR(4)|CurrentBefore=QuickR(4)|CurrentAfter=QuickR(4)|Phase=Hit(1)|Speed=1.000000|NewBalance=false|G3AB=false|Count=5|Player=5|NPC=0|SampleEntity=PC_Hero|SampleAni=Hero_Stand_None_2H_P0_QuickAttackL_Recover_N_Fwd_00_%_00_P0_0_L.xmot
ROW|Family=Hero|LeftRaw=None(0)|LeftToken=none|RightRaw=2H(3)|RightToken=2h|PassedAction=QuickL(5)|CurrentBefore=QuickL(5)|CurrentAfter=QuickL(5)|Phase=Hit(1)|Speed=1.000000|NewBalance=false|G3AB=false|Count=5|Player=5|NPC=0|SampleEntity=PC_Hero|SampleAni=Hero_Stand_None_2H_P1_Parade_Begin_N_Fwd_00_%_00_P0_0.xmot
ROW|Family=Hero|LeftRaw=None(0)|LeftToken=none|RightRaw=Staff(12)|RightToken=staff|PassedAction=Normal(1)|CurrentBefore=Normal(1)|CurrentAfter=Normal(1)|Phase=Hit(1)|Speed=0.700000|NewBalance=false|G3AB=false|Count=58|Player=58|NPC=0|SampleEntity=PC_Hero|SampleAni=Hero_Stand_None_Staff_P0_Move_Turn90_N_Left_00_%_00_P0_0.xmot
ROW|Family=Hero|LeftRaw=None(0)|LeftToken=none|RightRaw=Staff(12)|RightToken=staff|PassedAction=Power(2)|CurrentBefore=Power(2)|CurrentAfter=Power(2)|Phase=Raise(0)|Speed=1.500000|NewBalance=false|G3AB=false|Count=1|Player=1|NPC=0|SampleEntity=PC_Hero|SampleAni=Hero_Stand_None_Staff_P1_Attack_Recover_N_Fwd_00_%_00_P1_0_R.xmot
ROW|Family=Hero|LeftRaw=None(0)|LeftToken=none|RightRaw=Staff(12)|RightToken=staff|PassedAction=QuickR(4)|CurrentBefore=QuickR(4)|CurrentAfter=QuickR(4)|Phase=Hit(1)|Speed=1.000000|NewBalance=false|G3AB=false|Count=4|Player=4|NPC=0|SampleEntity=PC_Hero|SampleAni=Hero_Stand_None_Staff_P0_QuickAttackL_Recover_N_Fwd_00_%_00_P0_0_L.xmot
ROW|Family=Hero|LeftRaw=None(0)|LeftToken=none|RightRaw=Staff(12)|RightToken=staff|PassedAction=QuickL(5)|CurrentBefore=QuickL(5)|CurrentAfter=QuickL(5)|Phase=Hit(1)|Speed=1.000000|NewBalance=false|G3AB=false|Count=9|Player=9|NPC=0|SampleEntity=PC_Hero|SampleAni=Hero_Stand_None_Staff_P1_Attack_Recover_N_Fwd_00_%_00_P1_0_R.xmot
ROW|Family=Minecrawler|LeftRaw=None(0)|LeftToken=none|RightRaw=Fist(8)|RightToken=fist|PassedAction=Normal(1)|CurrentBefore=Normal(1)|CurrentAfter=Normal(1)|Phase=Hit(1)|Speed=1.000000|NewBalance=false|G3AB=false|Count=20|Player=0|NPC=20|SampleEntity=Minecrawler|SampleAni=Minecrawler_Stand_None_Fist_P0_Move_Stand_N_Fwd_00_%_00_P0_0.xmot
ROW|Family=Minecrawler|LeftRaw=None(0)|LeftToken=none|RightRaw=Fist(8)|RightToken=fist|PassedAction=Power(2)|CurrentBefore=Power(2)|CurrentAfter=Power(2)|Phase=Raise(0)|Speed=1.500000|NewBalance=false|G3AB=false|Count=17|Player=0|NPC=17|SampleEntity=Minecrawler|SampleAni=Minecrawler_Stand_None_Fist_P0_Move_Stand_N_Fwd_00_%_00_P0_0.xmot
ROW|Family=Minecrawler|LeftRaw=None(0)|LeftToken=none|RightRaw=Fist(8)|RightToken=fist|PassedAction=Power(2)|CurrentBefore=Power(2)|CurrentAfter=Power(2)|Phase=Hit(1)|Speed=1.000000|NewBalance=false|G3AB=false|Count=16|Player=0|NPC=16|SampleEntity=Minecrawler|SampleAni=Minecrawler_Stand_None_Fist_P0_PowerAttack_Raise_N_Fwd_00_%_00_P0_0_L.xmot
ROW|Family=Minecrawler|LeftRaw=None(0)|LeftToken=none|RightRaw=Fist(8)|RightToken=fist|PassedAction=QuickR(4)|CurrentBefore=QuickR(4)|CurrentAfter=QuickR(4)|Phase=Hit(1)|Speed=1.000000|NewBalance=false|G3AB=false|Count=8|Player=0|NPC=8|SampleEntity=Minecrawler|SampleAni=Minecrawler_Stand_None_Fist_P0_HoldRight_Begin_N_Fwd_00_%_00_P0_0.xmot
ROW|Family=Minecrawler|LeftRaw=None(0)|LeftToken=none|RightRaw=Fist(8)|RightToken=fist|PassedAction=QuickL(5)|CurrentBefore=QuickL(5)|CurrentAfter=QuickL(5)|Phase=Hit(1)|Speed=1.000000|NewBalance=false|G3AB=false|Count=20|Player=0|NPC=20|SampleEntity=Minecrawler|SampleAni=Minecrawler_Stand_None_Fist_P0_Move_Stand_N_Fwd_00_%_00_P0_0.xmot
===== END SUMMARY =====
