Script_FrameCollisionTest diagnostic build loaded.
DiagnosticProfile: CORE
DeepDiagnostics: DISABLED
BehaviorCore: EngineBridge + FrameCollisionMarkers + CollisionSources + CollisionSourceOperations + CollisionLifecycleGuard + RuntimeClock
C1Repair: exact outstanding live equipped Item_Attack source -> Item_Equipped after native AISetState opportunity; no ClearTriggeredList.
MarkerFamilies: Normal Power Quick SimpleWhirl Whirl Pierce Hack
MarkerOpcodes: RIGHT LEFT BOTH OFF FIST
HACK_CALLBACK_IDENTITY TargetRVA=0x433D0 ExactlyOne=1 MatchCount=1 Name=OnAI_HackAttack Source=.\Script\AI\AI_Commands\AI_HackAttack.cpp
Installing behavior hooks...
Hooks installed.

===== C1 LIFECYCLE START =====
ElapsedMs: 60857.877
Actor: PC_Hero
Generation: 1
Status: CANDIDATE
ReplacedGeneration: 0
ReplacedOutstanding: 0
TrackedSourceCount: 1
Source[0].Address: C2D0A210
Source[0].Side: RIGHT
Source[0].ActualGroup: 0
==============================

===== C1 SCRIPT BINDING =====
ElapsedMs: 60857.904
Event: COMBAT_MOVE_CANDIDATE_BOUND
Actor: PC_Hero
Generation: 1
Status: CANDIDATE
Outstanding: 0
ScriptFunction: _AI_Attack
SourceAddress: 00000000
=============================

===== C1 LIFECYCLE STATUS =====
ElapsedMs: 60858.285
Event: PERSISTED
Actor: PC_Hero
Generation: 1
Status: PERSISTED
Outstanding: 0
===============================

===== MARKER OWNERSHIP DECISION =====
ElapsedMs: 60858.314
Actor: PC_Hero
Family: NORMAL
CurrentMovementAni: Hero_Stand_None_Fist_P0_Attack_Hit_N_Fwd_00_%_00_P1_100_R.xmot
Action: 1
AniPhase: 1
MatchingMotionFound: 1
MarkerScanValid: 1
ContainsReservedSourceMarker: 1
RequiredSourceMask: 0
RequiresFistSource: 1
AuthoredRIGHTCount: 0
FirstRIGHTFrame: -1
AuthoredLEFTCount: 0
FirstLEFTFrame: -1
AuthoredBOTHCount: 0
FirstBOTHFrame: -1
AuthoredOFFCount: 0
FirstOFFFrame: -1
AuthoredFISTCount: 1
FirstFISTFrame: 3
RightSourceResolved: 1
RightSourceName: Fist
RightSourceAddress: C2D0A210
RightSourceUseType: 8
RightSourceCollisionGroup: 0
LeftSourceResolved: 0
FistSourceResolved: 1
FistSourceName: Fist
FistSourceAddress: C2D0A210
FistSourceUseType: 8
FistSourceCollisionGroup: 0
SuppressNativeCallback: 1
=====================================

===== FIST RECEIVED =====
ElapsedMs: 60974.869
Actor: PC_Hero
Action: 1
AniPhase: 1
StateTime: 0.129003
StatePositionBeforeMarker: 0
CurrentMovementAni: Hero_Stand_None_Fist_P0_Attack_Hit_N_Fwd_00_%_00_P1_100_R.xmot
MarkerName: G3AB_COL_FIST
MarkerOpcode: FIST
StatePositionAfterMarker: 0
C1GenerationValid: 1
C1Generation: 1
MarkerAction: ACCEPTED
AuthoredMarkerOccurrences: 1
AcceptedMarkerOccurrencesBefore: 0
AcceptedMarkerOccurrencesAfter: 1
ExecutionBudgetReset: 1
PreviousSourceMask: 0
DesiredSourceMask: 0
RetiredSourceMask: 0
OwnedMaskAtOff: 0
MarkerOwnedWeaponMask: 0
ActivatedSourceCount: 0
RetiredSourceCount: 0
DeactivatedSourceCount: 0
TriggeredListClearCount: 1
FistSourceResolved: 1
FistSourceAddress: C2D0A210
FistUseType: 8
FistGroupBefore: 0
FistGroupAfter: 0
FistTriggeredListCleared: 1
===========================

===== C1 FINALIZATION =====
ElapsedMs: 61186.003
Reason: AISETSTATE_AFTER_ORIGINAL
Actor: PC_Hero
Generation: 1
Status: PERSISTED
TrackedSourceCount: 1
Source[0].Outcome: NO_OP_NO_OUTSTANDING
Source[0].Address: C2D0A210
Source[0].LivenessEstablished: 1
Source[0].Name: Fist
Source[0].OriginalSide: RIGHT
Source[0].CurrentSideMask: 1
Source[0].OffensiveRequestCount: 0
Source[0].OutstandingBeforeFinalization: 0
Source[0].CleanupObservedBeforeFinalization: 0
Source[0].ActualGroupBeforeRepair: 0
Source[0].RepairAttempted: 0
Source[0].PhysicalCollisionChanged: 0
PhysicalCollisionChanged: 0
===========================

===== MARKER OWNERSHIP DECISION =====
ElapsedMs: 62636.327
Actor: Golem
Family: NORMAL
CurrentMovementAni: Golem_Stand_None_Fist_P0_Attack_Hit_N_Fwd_00_%_00_P0_100_R.xmot
Action: 1
AniPhase: 1
MatchingMotionFound: 1
MarkerScanValid: 1
ContainsReservedSourceMarker: 0
RequiredSourceMask: 0
RequiresFistSource: 0
AuthoredRIGHTCount: 0
FirstRIGHTFrame: -1
AuthoredLEFTCount: 0
FirstLEFTFrame: -1
AuthoredBOTHCount: 0
FirstBOTHFrame: -1
AuthoredOFFCount: 0
FirstOFFFrame: -1
AuthoredFISTCount: 0
FirstFISTFrame: -1
RightSourceResolved: 1
RightSourceName: Fist
RightSourceAddress: C2D08210
RightSourceUseType: 8
RightSourceCollisionGroup: 0
LeftSourceResolved: 0
SuppressNativeCallback: 0
=====================================

===== C1 LIFECYCLE START =====
ElapsedMs: 62883.893
Actor: PC_Hero
Generation: 4
Status: CANDIDATE
ReplacedGeneration: 0
ReplacedOutstanding: 0
TrackedSourceCount: 1
Source[0].Address: C2D0A210
Source[0].Side: RIGHT
Source[0].ActualGroup: 0
==============================

===== C1 SCRIPT BINDING =====
ElapsedMs: 62883.904
Event: COMBAT_MOVE_CANDIDATE_BOUND
Actor: PC_Hero
Generation: 4
Status: CANDIDATE
Outstanding: 0
ScriptFunction: _AI_Attack
SourceAddress: 00000000
=============================

===== C1 LIFECYCLE STATUS =====
ElapsedMs: 62883.978
Event: PERSISTED
Actor: PC_Hero
Generation: 4
Status: PERSISTED
Outstanding: 0
===============================

===== ENGINE SetCollisionGroup =====
ElapsedMs: 62908.226
Source: Fist
SourceAddress: C2D08210
SlotAssociation: NONE
PlayerAction: 1
PlayerAniPhase: 1
PlayerStateTime: 0.036000
PlayerCurrentMovementAni: Hero_Stand_None_Fist_P0_Attack_Hit_N_Fwd_00_%_00_P1_100_R.xmot
RequestedGroup: 7
BeforeGroup: 0
AfterGroup: 0
RetiredMarkerSourceBitCount: 0
====================================

===== FIST RECEIVED =====
ElapsedMs: 62995.545
Actor: PC_Hero
Action: 1
AniPhase: 1
StateTime: 0.123989
StatePositionBeforeMarker: 0
CurrentMovementAni: Hero_Stand_None_Fist_P0_Attack_Hit_N_Fwd_00_%_00_P1_100_R.xmot
MarkerName: G3AB_COL_FIST
MarkerOpcode: FIST
StatePositionAfterMarker: 0
C1GenerationValid: 1
C1Generation: 4
MarkerAction: ACCEPTED
AuthoredMarkerOccurrences: 1
AcceptedMarkerOccurrencesBefore: 0
AcceptedMarkerOccurrencesAfter: 1
ExecutionBudgetReset: 1
PreviousSourceMask: 0
DesiredSourceMask: 0
RetiredSourceMask: 0
OwnedMaskAtOff: 0
MarkerOwnedWeaponMask: 0
ActivatedSourceCount: 0
RetiredSourceCount: 0
DeactivatedSourceCount: 0
TriggeredListClearCount: 1
FistSourceResolved: 1
FistSourceAddress: C2D0A210
FistUseType: 8
FistGroupBefore: 0
FistGroupAfter: 0
FistTriggeredListCleared: 1
===========================

===== C1 FINALIZATION =====
ElapsedMs: 63212.672
Reason: AISETSTATE_AFTER_ORIGINAL
Actor: PC_Hero
Generation: 4
Status: PERSISTED
TrackedSourceCount: 1
Source[0].Outcome: NO_OP_NO_OUTSTANDING
Source[0].Address: C2D0A210
Source[0].LivenessEstablished: 1
Source[0].Name: Fist
Source[0].OriginalSide: RIGHT
Source[0].CurrentSideMask: 1
Source[0].OffensiveRequestCount: 0
Source[0].OutstandingBeforeFinalization: 0
Source[0].CleanupObservedBeforeFinalization: 0
Source[0].ActualGroupBeforeRepair: 0
Source[0].RepairAttempted: 0
Source[0].PhysicalCollisionChanged: 0
PhysicalCollisionChanged: 0
===========================

===== C1 LIFECYCLE START =====
ElapsedMs: 63888.111
Actor: PC_Hero
Generation: 7
Status: CANDIDATE
ReplacedGeneration: 0
ReplacedOutstanding: 0
TrackedSourceCount: 1
Source[0].Address: C2D0A210
Source[0].Side: RIGHT
Source[0].ActualGroup: 0
==============================

===== C1 SCRIPT BINDING =====
ElapsedMs: 63888.123
Event: COMBAT_MOVE_CANDIDATE_BOUND
Actor: PC_Hero
Generation: 7
Status: CANDIDATE
Outstanding: 0
ScriptFunction: _AI_Attack
SourceAddress: 00000000
=============================

===== C1 LIFECYCLE STATUS =====
ElapsedMs: 63888.514
Event: PERSISTED
Actor: PC_Hero
Generation: 7
Status: PERSISTED
Outstanding: 0
===============================

===== MARKER OWNERSHIP DECISION =====
ElapsedMs: 63888.538
Actor: PC_Hero
Family: NORMAL
CurrentMovementAni: Hero_Stand_None_Fist_P1_Attack_Hit_N_Fwd_00_%_00_P0_100_L.xmot
Action: 1
AniPhase: 1
MatchingMotionFound: 1
MarkerScanValid: 1
ContainsReservedSourceMarker: 0
RequiredSourceMask: 0
RequiresFistSource: 0
AuthoredRIGHTCount: 0
FirstRIGHTFrame: -1
AuthoredLEFTCount: 0
FirstLEFTFrame: -1
AuthoredBOTHCount: 0
FirstBOTHFrame: -1
AuthoredOFFCount: 0
FirstOFFFrame: -1
AuthoredFISTCount: 0
FirstFISTFrame: -1
RightSourceResolved: 1
RightSourceName: Fist
RightSourceAddress: C2D0A210
RightSourceUseType: 8
RightSourceCollisionGroup: 0
LeftSourceResolved: 0
SuppressNativeCallback: 0
=====================================

===== ENGINE SetCollisionGroup =====
ElapsedMs: 64142.045
Source: Fist
SourceAddress: C2D0A210
SlotAssociation: RIGHT
PlayerAction: 1
PlayerAniPhase: 1
PlayerStateTime: 0.253963
PlayerCurrentMovementAni: Hero_Stand_None_Fist_P1_Attack_Hit_N_Fwd_00_%_00_P0_100_L.xmot
RequestedGroup: 7
BeforeGroup: 0
AfterGroup: 0
RetiredMarkerSourceBitCount: 0
====================================

===== C1 FINALIZATION =====
ElapsedMs: 64216.054
Reason: AISETSTATE_AFTER_ORIGINAL
Actor: PC_Hero
Generation: 7
Status: PERSISTED
TrackedSourceCount: 1
Source[0].Outcome: NO_OP_NO_OUTSTANDING
Source[0].Address: C2D0A210
Source[0].LivenessEstablished: 1
Source[0].Name: Fist
Source[0].OriginalSide: RIGHT
Source[0].CurrentSideMask: 1
Source[0].OffensiveRequestCount: 0
Source[0].OutstandingBeforeFinalization: 0
Source[0].CleanupObservedBeforeFinalization: 0
Source[0].ActualGroupBeforeRepair: 0
Source[0].RepairAttempted: 0
Source[0].PhysicalCollisionChanged: 0
PhysicalCollisionChanged: 0
===========================

===== ENGINE SetCollisionGroup =====
ElapsedMs: 64241.314
Source: Fist
SourceAddress: C2D08210
SlotAssociation: NONE
PlayerAction: 0
PlayerAniPhase: 3
PlayerStateTime: 0.024999
PlayerCurrentMovementAni: Hero_Stand_None_Fist_P0_Attack_Recover_N_Fwd_00_%_00_P0_0_L.xmot
RequestedGroup: 7
BeforeGroup: 0
AfterGroup: 0
RetiredMarkerSourceBitCount: 0
====================================

===== C1 LIFECYCLE START =====
ElapsedMs: 64588.862
Actor: PC_Hero
Generation: 9
Status: CANDIDATE
ReplacedGeneration: 0
ReplacedOutstanding: 0
TrackedSourceCount: 1
Source[0].Address: C2D0A210
Source[0].Side: RIGHT
Source[0].ActualGroup: 0
==============================

===== C1 SCRIPT BINDING =====
ElapsedMs: 64588.874
Event: COMBAT_MOVE_CANDIDATE_BOUND
Actor: PC_Hero
Generation: 9
Status: CANDIDATE
Outstanding: 0
ScriptFunction: _AI_Attack
SourceAddress: 00000000
=============================

===== C1 LIFECYCLE STATUS =====
ElapsedMs: 64588.948
Event: PERSISTED
Actor: PC_Hero
Generation: 9
Status: PERSISTED
Outstanding: 0
===============================

===== MARKER OWNERSHIP DECISION =====
ElapsedMs: 64588.967
Actor: PC_Hero
Family: NORMAL
CurrentMovementAni: Hero_Stand_None_Fist_P0_Attack_Hit_N_Fwd_00_%_00_P1_100_R.xmot
Action: 1
AniPhase: 1
MatchingMotionFound: 1
MarkerScanValid: 1
ContainsReservedSourceMarker: 1
RequiredSourceMask: 0
RequiresFistSource: 1
AuthoredRIGHTCount: 0
FirstRIGHTFrame: -1
AuthoredLEFTCount: 0
FirstLEFTFrame: -1
AuthoredBOTHCount: 0
FirstBOTHFrame: -1
AuthoredOFFCount: 0
FirstOFFFrame: -1
AuthoredFISTCount: 1
FirstFISTFrame: 3
RightSourceResolved: 1
RightSourceName: Fist
RightSourceAddress: C2D0A210
RightSourceUseType: 8
RightSourceCollisionGroup: 0
LeftSourceResolved: 0
FistSourceResolved: 1
FistSourceName: Fist
FistSourceAddress: C2D0A210
FistSourceUseType: 8
FistSourceCollisionGroup: 0
SuppressNativeCallback: 1
=====================================

===== FIST RECEIVED =====
ElapsedMs: 64691.787
Actor: PC_Hero
Action: 1
AniPhase: 1
StateTime: 0.120946
StatePositionBeforeMarker: 0
CurrentMovementAni: Hero_Stand_None_Fist_P0_Attack_Hit_N_Fwd_00_%_00_P1_100_R.xmot
MarkerName: G3AB_COL_FIST
MarkerOpcode: FIST
StatePositionAfterMarker: 0
C1GenerationValid: 1
C1Generation: 9
MarkerAction: ACCEPTED
AuthoredMarkerOccurrences: 1
AcceptedMarkerOccurrencesBefore: 0
AcceptedMarkerOccurrencesAfter: 1
ExecutionBudgetReset: 1
PreviousSourceMask: 0
DesiredSourceMask: 0
RetiredSourceMask: 0
OwnedMaskAtOff: 0
MarkerOwnedWeaponMask: 0
ActivatedSourceCount: 0
RetiredSourceCount: 0
DeactivatedSourceCount: 0
TriggeredListClearCount: 1
FistSourceResolved: 1
FistSourceAddress: C2D0A210
FistUseType: 8
FistGroupBefore: 0
FistGroupAfter: 0
FistTriggeredListCleared: 1
===========================

===== C1 FINALIZATION =====
ElapsedMs: 64908.711
Reason: AISETSTATE_AFTER_ORIGINAL
Actor: PC_Hero
Generation: 9
Status: PERSISTED
TrackedSourceCount: 1
Source[0].Outcome: NO_OP_NO_OUTSTANDING
Source[0].Address: C2D0A210
Source[0].LivenessEstablished: 1
Source[0].Name: Fist
Source[0].OriginalSide: RIGHT
Source[0].CurrentSideMask: 1
Source[0].OffensiveRequestCount: 0
Source[0].OutstandingBeforeFinalization: 0
Source[0].CleanupObservedBeforeFinalization: 0
Source[0].ActualGroupBeforeRepair: 0
Source[0].RepairAttempted: 0
Source[0].PhysicalCollisionChanged: 0
PhysicalCollisionChanged: 0
===========================

===== ENGINE SetCollisionGroup =====
ElapsedMs: 64933.300
Source: Fist
SourceAddress: C2D08210
SlotAssociation: NONE
PlayerAction: 0
PlayerAniPhase: 3
PlayerStateTime: 0.024010
PlayerCurrentMovementAni: Hero_Stand_None_Fist_P1_Attack_Recover_N_Fwd_00_%_00_P1_0_R.xmot
RequestedGroup: 7
BeforeGroup: 0
AfterGroup: 0
RetiredMarkerSourceBitCount: 0
====================================

===== C1 LIFECYCLE START =====
ElapsedMs: 65567.803
Actor: PC_Hero
Generation: 12
Status: CANDIDATE
ReplacedGeneration: 0
ReplacedOutstanding: 0
TrackedSourceCount: 1
Source[0].Address: C2D0A210
Source[0].Side: RIGHT
Source[0].ActualGroup: 0
==============================

===== C1 SCRIPT BINDING =====
ElapsedMs: 65567.842
Event: COMBAT_MOVE_CANDIDATE_BOUND
Actor: PC_Hero
Generation: 12
Status: CANDIDATE
Outstanding: 0
ScriptFunction: _AI_Attack
SourceAddress: 00000000
=============================

===== C1 LIFECYCLE STATUS =====
ElapsedMs: 65567.941
Event: PERSISTED
Actor: PC_Hero
Generation: 12
Status: PERSISTED
Outstanding: 0
===============================

===== MARKER OWNERSHIP DECISION =====
ElapsedMs: 65567.973
Actor: PC_Hero
Family: NORMAL
CurrentMovementAni: Hero_Stand_None_Fist_P1_Attack_Hit_N_Fwd_00_%_00_P0_100_L.xmot
Action: 1
AniPhase: 1
MatchingMotionFound: 1
MarkerScanValid: 1
ContainsReservedSourceMarker: 0
RequiredSourceMask: 0
RequiresFistSource: 0
AuthoredRIGHTCount: 0
FirstRIGHTFrame: -1
AuthoredLEFTCount: 0
FirstLEFTFrame: -1
AuthoredBOTHCount: 0
FirstBOTHFrame: -1
AuthoredOFFCount: 0
FirstOFFFrame: -1
AuthoredFISTCount: 0
FirstFISTFrame: -1
RightSourceResolved: 1
RightSourceName: Fist
RightSourceAddress: C2D0A210
RightSourceUseType: 8
RightSourceCollisionGroup: 0
LeftSourceResolved: 0
SuppressNativeCallback: 0
=====================================

===== ENGINE SetCollisionGroup =====
ElapsedMs: 65568.238
Source: Fist
SourceAddress: C2D08210
SlotAssociation: NONE
PlayerAction: 1
PlayerAniPhase: 1
PlayerStateTime: 0.013990
PlayerCurrentMovementAni: Hero_Stand_None_Fist_P1_Attack_Hit_N_Fwd_00_%_00_P0_100_L.xmot
RequestedGroup: 7
BeforeGroup: 0
AfterGroup: 0
RetiredMarkerSourceBitCount: 0
====================================

===== ENGINE SetCollisionGroup =====
ElapsedMs: 65825.313
Source: Fist
SourceAddress: C2D0A210
SlotAssociation: RIGHT
PlayerAction: 1
PlayerAniPhase: 1
PlayerStateTime: 0.257988
PlayerCurrentMovementAni: Hero_Stand_None_Fist_P1_Attack_Hit_N_Fwd_00_%_00_P0_100_L.xmot
RequestedGroup: 7
BeforeGroup: 0
AfterGroup: 0
RetiredMarkerSourceBitCount: 0
====================================

===== C1 FINALIZATION =====
ElapsedMs: 65888.054
Reason: AISETSTATE_AFTER_ORIGINAL
Actor: PC_Hero
Generation: 12
Status: PERSISTED
TrackedSourceCount: 1
Source[0].Outcome: NO_OP_NO_OUTSTANDING
Source[0].Address: C2D0A210
Source[0].LivenessEstablished: 1
Source[0].Name: Fist
Source[0].OriginalSide: RIGHT
Source[0].CurrentSideMask: 1
Source[0].OffensiveRequestCount: 0
Source[0].OutstandingBeforeFinalization: 0
Source[0].CleanupObservedBeforeFinalization: 0
Source[0].ActualGroupBeforeRepair: 0
Source[0].RepairAttempted: 0
Source[0].PhysicalCollisionChanged: 0
PhysicalCollisionChanged: 0
===========================

===== ENGINE SetCollisionGroup =====
ElapsedMs: 66198.406
Source: Fist
SourceAddress: C2D08210
SlotAssociation: NONE
PlayerAction: 0
PlayerAniPhase: 5
PlayerStateTime: 0.000000
PlayerCurrentMovementAni: Hero_Stand_None_Fist_P0_Ambient_Loop_N_Fwd_00_%_00_P0_0.xmot
RequestedGroup: 7
BeforeGroup: 0
AfterGroup: 0
RetiredMarkerSourceBitCount: 0
====================================

===== C1 LIFECYCLE START =====
ElapsedMs: 66215.053
Actor: PC_Hero
Generation: 14
Status: CANDIDATE
ReplacedGeneration: 0
ReplacedOutstanding: 0
TrackedSourceCount: 1
Source[0].Address: C2D0A210
Source[0].Side: RIGHT
Source[0].ActualGroup: 0
==============================

===== C1 SCRIPT BINDING =====
ElapsedMs: 66215.066
Event: COMBAT_MOVE_CANDIDATE_BOUND
Actor: PC_Hero
Generation: 14
Status: CANDIDATE
Outstanding: 0
ScriptFunction: _AI_Attack
SourceAddress: 00000000
=============================

===== C1 LIFECYCLE STATUS =====
ElapsedMs: 66215.130
Event: PERSISTED
Actor: PC_Hero
Generation: 14
Status: PERSISTED
Outstanding: 0
===============================

===== MARKER OWNERSHIP DECISION =====
ElapsedMs: 66215.149
Actor: PC_Hero
Family: NORMAL
CurrentMovementAni: Hero_Stand_None_Fist_P0_Attack_Hit_N_Fwd_00_%_00_P1_100_R.xmot
Action: 1
AniPhase: 1
MatchingMotionFound: 1
MarkerScanValid: 1
ContainsReservedSourceMarker: 1
RequiredSourceMask: 0
RequiresFistSource: 1
AuthoredRIGHTCount: 0
FirstRIGHTFrame: -1
AuthoredLEFTCount: 0
FirstLEFTFrame: -1
AuthoredBOTHCount: 0
FirstBOTHFrame: -1
AuthoredOFFCount: 0
FirstOFFFrame: -1
AuthoredFISTCount: 1
FirstFISTFrame: 3
RightSourceResolved: 1
RightSourceName: Fist
RightSourceAddress: C2D0A210
RightSourceUseType: 8
RightSourceCollisionGroup: 0
LeftSourceResolved: 0
FistSourceResolved: 1
FistSourceName: Fist
FistSourceAddress: C2D0A210
FistSourceUseType: 8
FistSourceCollisionGroup: 0
SuppressNativeCallback: 1
=====================================

===== FIST RECEIVED =====
ElapsedMs: 66318.180
Actor: PC_Hero
Action: 1
AniPhase: 1
StateTime: 0.120995
StatePositionBeforeMarker: 0
CurrentMovementAni: Hero_Stand_None_Fist_P0_Attack_Hit_N_Fwd_00_%_00_P1_100_R.xmot
MarkerName: G3AB_COL_FIST
MarkerOpcode: FIST
StatePositionAfterMarker: 0
C1GenerationValid: 1
C1Generation: 14
MarkerAction: ACCEPTED
AuthoredMarkerOccurrences: 1
AcceptedMarkerOccurrencesBefore: 0
AcceptedMarkerOccurrencesAfter: 1
ExecutionBudgetReset: 1
PreviousSourceMask: 0
DesiredSourceMask: 0
RetiredSourceMask: 0
OwnedMaskAtOff: 0
MarkerOwnedWeaponMask: 0
ActivatedSourceCount: 0
RetiredSourceCount: 0
DeactivatedSourceCount: 0
TriggeredListClearCount: 1
FistSourceResolved: 1
FistSourceAddress: C2D0A210
FistUseType: 8
FistGroupBefore: 0
FistGroupAfter: 0
FistTriggeredListCleared: 1
===========================

===== C1 FINALIZATION =====
ElapsedMs: 66540.470
Reason: AISETSTATE_AFTER_ORIGINAL
Actor: PC_Hero
Generation: 14
Status: PERSISTED
TrackedSourceCount: 1
Source[0].Outcome: NO_OP_NO_OUTSTANDING
Source[0].Address: C2D0A210
Source[0].LivenessEstablished: 1
Source[0].Name: Fist
Source[0].OriginalSide: RIGHT
Source[0].CurrentSideMask: 1
Source[0].OffensiveRequestCount: 0
Source[0].OutstandingBeforeFinalization: 0
Source[0].CleanupObservedBeforeFinalization: 0
Source[0].ActualGroupBeforeRepair: 0
Source[0].RepairAttempted: 0
Source[0].PhysicalCollisionChanged: 0
PhysicalCollisionChanged: 0
===========================

===== ENGINE SetCollisionGroup =====
ElapsedMs: 66845.970
Source: Fist
SourceAddress: C2D08210
SlotAssociation: NONE
PlayerAction: 0
PlayerAniPhase: 3
PlayerStateTime: 0.298986
PlayerCurrentMovementAni: Hero_Stand_None_Fist_P1_Attack_Recover_N_Fwd_00_%_00_P1_0_R.xmot
RequestedGroup: 7
BeforeGroup: 0
AfterGroup: 0
RetiredMarkerSourceBitCount: 0
====================================

===== C1 LIFECYCLE START =====
ElapsedMs: 66886.196
Actor: PC_Hero
Generation: 16
Status: CANDIDATE
ReplacedGeneration: 0
ReplacedOutstanding: 0
TrackedSourceCount: 1
Source[0].Address: C2D0A210
Source[0].Side: RIGHT
Source[0].ActualGroup: 0
==============================

===== C1 SCRIPT BINDING =====
ElapsedMs: 66886.207
Event: COMBAT_MOVE_CANDIDATE_BOUND
Actor: PC_Hero
Generation: 16
Status: CANDIDATE
Outstanding: 0
ScriptFunction: _AI_Attack
SourceAddress: 00000000
=============================

===== C1 LIFECYCLE STATUS =====
ElapsedMs: 66886.285
Event: PERSISTED
Actor: PC_Hero
Generation: 16
Status: PERSISTED
Outstanding: 0
===============================

===== MARKER OWNERSHIP DECISION =====
ElapsedMs: 66886.307
Actor: PC_Hero
Family: NORMAL
CurrentMovementAni: Hero_Stand_None_Fist_P1_Attack_Hit_N_Fwd_00_%_00_P0_100_L.xmot
Action: 1
AniPhase: 1
MatchingMotionFound: 1
MarkerScanValid: 1
ContainsReservedSourceMarker: 0
RequiredSourceMask: 0
RequiresFistSource: 0
AuthoredRIGHTCount: 0
FirstRIGHTFrame: -1
AuthoredLEFTCount: 0
FirstLEFTFrame: -1
AuthoredBOTHCount: 0
FirstBOTHFrame: -1
AuthoredOFFCount: 0
FirstOFFFrame: -1
AuthoredFISTCount: 0
FirstFISTFrame: -1
RightSourceResolved: 1
RightSourceName: Fist
RightSourceAddress: C2D0A210
RightSourceUseType: 8
RightSourceCollisionGroup: 0
LeftSourceResolved: 0
SuppressNativeCallback: 0
=====================================

===== ENGINE SetCollisionGroup =====
ElapsedMs: 67146.214
Source: Fist
SourceAddress: C2D0A210
SlotAssociation: RIGHT
PlayerAction: 1
PlayerAniPhase: 1
PlayerStateTime: 0.261003
PlayerCurrentMovementAni: Hero_Stand_None_Fist_P1_Attack_Hit_N_Fwd_00_%_00_P0_100_L.xmot
RequestedGroup: 7
BeforeGroup: 0
AfterGroup: 0
RetiredMarkerSourceBitCount: 0
====================================

===== C1 FINALIZATION =====
ElapsedMs: 67209.949
Reason: AISETSTATE_AFTER_ORIGINAL
Actor: PC_Hero
Generation: 16
Status: PERSISTED
TrackedSourceCount: 1
Source[0].Outcome: NO_OP_NO_OUTSTANDING
Source[0].Address: C2D0A210
Source[0].LivenessEstablished: 1
Source[0].Name: Fist
Source[0].OriginalSide: RIGHT
Source[0].CurrentSideMask: 1
Source[0].OffensiveRequestCount: 0
Source[0].OutstandingBeforeFinalization: 0
Source[0].CleanupObservedBeforeFinalization: 0
Source[0].ActualGroupBeforeRepair: 0
Source[0].RepairAttempted: 0
Source[0].PhysicalCollisionChanged: 0
PhysicalCollisionChanged: 0
===========================

===== ENGINE SetCollisionGroup =====
ElapsedMs: 67478.409
Source: Fist
SourceAddress: C2D08210
SlotAssociation: NONE
PlayerAction: 0
PlayerAniPhase: 3
PlayerStateTime: 0.267981
PlayerCurrentMovementAni: Hero_Stand_None_Fist_P0_Attack_Recover_N_Fwd_00_%_00_P0_0_L.xmot
RequestedGroup: 7
BeforeGroup: 0
AfterGroup: 0
RetiredMarkerSourceBitCount: 0
====================================

===== C1 LIFECYCLE START =====
ElapsedMs: 67503.720
Actor: PC_Hero
Generation: 18
Status: CANDIDATE
ReplacedGeneration: 0
ReplacedOutstanding: 0
TrackedSourceCount: 1
Source[0].Address: C2D0A210
Source[0].Side: RIGHT
Source[0].ActualGroup: 0
==============================

===== C1 SCRIPT BINDING =====
ElapsedMs: 67503.732
Event: COMBAT_MOVE_CANDIDATE_BOUND
Actor: PC_Hero
Generation: 18
Status: CANDIDATE
Outstanding: 0
ScriptFunction: _AI_Attack
SourceAddress: 00000000
=============================

===== C1 LIFECYCLE STATUS =====
ElapsedMs: 67503.809
Event: PERSISTED
Actor: PC_Hero
Generation: 18
Status: PERSISTED
Outstanding: 0
===============================

===== MARKER OWNERSHIP DECISION =====
ElapsedMs: 67503.827
Actor: PC_Hero
Family: NORMAL
CurrentMovementAni: Hero_Stand_None_Fist_P0_Attack_Hit_N_Fwd_00_%_00_P1_100_R.xmot
Action: 1
AniPhase: 1
MatchingMotionFound: 1
MarkerScanValid: 1
ContainsReservedSourceMarker: 1
RequiredSourceMask: 0
RequiresFistSource: 1
AuthoredRIGHTCount: 0
FirstRIGHTFrame: -1
AuthoredLEFTCount: 0
FirstLEFTFrame: -1
AuthoredBOTHCount: 0
FirstBOTHFrame: -1
AuthoredOFFCount: 0
FirstOFFFrame: -1
AuthoredFISTCount: 1
FirstFISTFrame: 3
RightSourceResolved: 1
RightSourceName: Fist
RightSourceAddress: C2D0A210
RightSourceUseType: 8
RightSourceCollisionGroup: 0
LeftSourceResolved: 0
FistSourceResolved: 1
FistSourceName: Fist
FistSourceAddress: C2D0A210
FistSourceUseType: 8
FistSourceCollisionGroup: 0
SuppressNativeCallback: 1
=====================================

===== FIST RECEIVED =====
ElapsedMs: 67613.437
Actor: PC_Hero
Action: 1
AniPhase: 1
StateTime: 0.122007
StatePositionBeforeMarker: 0
CurrentMovementAni: Hero_Stand_None_Fist_P0_Attack_Hit_N_Fwd_00_%_00_P1_100_R.xmot
MarkerName: G3AB_COL_FIST
MarkerOpcode: FIST
StatePositionAfterMarker: 0
C1GenerationValid: 1
C1Generation: 18
MarkerAction: ACCEPTED
AuthoredMarkerOccurrences: 1
AcceptedMarkerOccurrencesBefore: 0
AcceptedMarkerOccurrencesAfter: 1
ExecutionBudgetReset: 1
PreviousSourceMask: 0
DesiredSourceMask: 0
RetiredSourceMask: 0
OwnedMaskAtOff: 0
MarkerOwnedWeaponMask: 0
ActivatedSourceCount: 0
RetiredSourceCount: 0
DeactivatedSourceCount: 0
TriggeredListClearCount: 1
FistSourceResolved: 1
FistSourceAddress: C2D0A210
FistUseType: 8
FistGroupBefore: 0
FistGroupAfter: 0
FistTriggeredListCleared: 1
===========================

===== C1 FINALIZATION =====
ElapsedMs: 67832.299
Reason: AISETSTATE_AFTER_ORIGINAL
Actor: PC_Hero
Generation: 18
Status: PERSISTED
TrackedSourceCount: 1
Source[0].Outcome: NO_OP_NO_OUTSTANDING
Source[0].Address: C2D0A210
Source[0].LivenessEstablished: 1
Source[0].Name: Fist
Source[0].OriginalSide: RIGHT
Source[0].CurrentSideMask: 1
Source[0].OffensiveRequestCount: 0
Source[0].OutstandingBeforeFinalization: 0
Source[0].CleanupObservedBeforeFinalization: 0
Source[0].ActualGroupBeforeRepair: 0
Source[0].RepairAttempted: 0
Source[0].PhysicalCollisionChanged: 0
PhysicalCollisionChanged: 0
===========================

===== C1 LIFECYCLE START =====
ElapsedMs: 68122.105
Actor: PC_Hero
Generation: 20
Status: CANDIDATE
ReplacedGeneration: 0
ReplacedOutstanding: 0
TrackedSourceCount: 1
Source[0].Address: C2D0A210
Source[0].Side: RIGHT
Source[0].ActualGroup: 0
==============================

===== C1 SCRIPT BINDING =====
ElapsedMs: 68122.117
Event: COMBAT_MOVE_CANDIDATE_BOUND
Actor: PC_Hero
Generation: 20
Status: CANDIDATE
Outstanding: 0
ScriptFunction: _AI_Attack
SourceAddress: 00000000
=============================

===== C1 LIFECYCLE STATUS =====
ElapsedMs: 68122.190
Event: PERSISTED
Actor: PC_Hero
Generation: 20
Status: PERSISTED
Outstanding: 0
===============================

===== MARKER OWNERSHIP DECISION =====
ElapsedMs: 68122.209
Actor: PC_Hero
Family: NORMAL
CurrentMovementAni: Hero_Stand_None_Fist_P1_Attack_Hit_N_Fwd_00_%_00_P0_100_L.xmot
Action: 1
AniPhase: 1
MatchingMotionFound: 1
MarkerScanValid: 1
ContainsReservedSourceMarker: 0
RequiredSourceMask: 0
RequiresFistSource: 0
AuthoredRIGHTCount: 0
FirstRIGHTFrame: -1
AuthoredLEFTCount: 0
FirstLEFTFrame: -1
AuthoredBOTHCount: 0
FirstBOTHFrame: -1
AuthoredOFFCount: 0
FirstOFFFrame: -1
AuthoredFISTCount: 0
FirstFISTFrame: -1
RightSourceResolved: 1
RightSourceName: Fist
RightSourceAddress: C2D0A210
RightSourceUseType: 8
RightSourceCollisionGroup: 0
LeftSourceResolved: 0
SuppressNativeCallback: 0
=====================================

===== ENGINE SetCollisionGroup =====
ElapsedMs: 68122.599
Source: Fist
SourceAddress: C2D08210
SlotAssociation: NONE
PlayerAction: 1
PlayerAniPhase: 1
PlayerStateTime: 0.013000
PlayerCurrentMovementAni: Hero_Stand_None_Fist_P1_Attack_Hit_N_Fwd_00_%_00_P0_100_L.xmot
RequestedGroup: 7
BeforeGroup: 0
AfterGroup: 0
RetiredMarkerSourceBitCount: 0
====================================

===== ENGINE SetCollisionGroup =====
ElapsedMs: 68372.194
Source: Fist
SourceAddress: C2D0A210
SlotAssociation: RIGHT
PlayerAction: 1
PlayerAniPhase: 1
PlayerStateTime: 0.251000
PlayerCurrentMovementAni: Hero_Stand_None_Fist_P1_Attack_Hit_N_Fwd_00_%_00_P0_100_L.xmot
RequestedGroup: 7
BeforeGroup: 0
AfterGroup: 0
RetiredMarkerSourceBitCount: 0
====================================

===== C1 FINALIZATION =====
ElapsedMs: 68447.780
Reason: AISETSTATE_AFTER_ORIGINAL
Actor: PC_Hero
Generation: 20
Status: PERSISTED
TrackedSourceCount: 1
Source[0].Outcome: NO_OP_NO_OUTSTANDING
Source[0].Address: C2D0A210
Source[0].LivenessEstablished: 1
Source[0].Name: Fist
Source[0].OriginalSide: RIGHT
Source[0].CurrentSideMask: 1
Source[0].OffensiveRequestCount: 0
Source[0].OutstandingBeforeFinalization: 0
Source[0].CleanupObservedBeforeFinalization: 0
Source[0].ActualGroupBeforeRepair: 0
Source[0].RepairAttempted: 0
Source[0].PhysicalCollisionChanged: 0
PhysicalCollisionChanged: 0
===========================

===== C1 LIFECYCLE START =====
ElapsedMs: 68713.954
Actor: PC_Hero
Generation: 22
Status: CANDIDATE
ReplacedGeneration: 0
ReplacedOutstanding: 0
TrackedSourceCount: 1
Source[0].Address: C2D0A210
Source[0].Side: RIGHT
Source[0].ActualGroup: 0
==============================

===== C1 SCRIPT BINDING =====
ElapsedMs: 68713.966
Event: COMBAT_MOVE_CANDIDATE_BOUND
Actor: PC_Hero
Generation: 22
Status: CANDIDATE
Outstanding: 0
ScriptFunction: _AI_Attack
SourceAddress: 00000000
=============================

===== C1 LIFECYCLE STATUS =====
ElapsedMs: 68714.038
Event: PERSISTED
Actor: PC_Hero
Generation: 22
Status: PERSISTED
Outstanding: 0
===============================

===== MARKER OWNERSHIP DECISION =====
ElapsedMs: 68714.057
Actor: PC_Hero
Family: NORMAL
CurrentMovementAni: Hero_Stand_None_Fist_P0_Attack_Hit_N_Fwd_00_%_00_P1_100_R.xmot
Action: 1
AniPhase: 1
MatchingMotionFound: 1
MarkerScanValid: 1
ContainsReservedSourceMarker: 1
RequiredSourceMask: 0
RequiresFistSource: 1
AuthoredRIGHTCount: 0
FirstRIGHTFrame: -1
AuthoredLEFTCount: 0
FirstLEFTFrame: -1
AuthoredBOTHCount: 0
FirstBOTHFrame: -1
AuthoredOFFCount: 0
FirstOFFFrame: -1
AuthoredFISTCount: 1
FirstFISTFrame: 3
RightSourceResolved: 1
RightSourceName: Fist
RightSourceAddress: C2D0A210
RightSourceUseType: 8
RightSourceCollisionGroup: 0
LeftSourceResolved: 0
FistSourceResolved: 1
FistSourceName: Fist
FistSourceAddress: C2D0A210
FistSourceUseType: 8
FistSourceCollisionGroup: 0
SuppressNativeCallback: 1
=====================================

===== ENGINE SetCollisionGroup =====
ElapsedMs: 68763.931
Source: Fist
SourceAddress: C2D08210
SlotAssociation: NONE
PlayerAction: 1
PlayerAniPhase: 1
PlayerStateTime: 0.062004
PlayerCurrentMovementAni: Hero_Stand_None_Fist_P0_Attack_Hit_N_Fwd_00_%_00_P1_100_R.xmot
RequestedGroup: 7
BeforeGroup: 0
AfterGroup: 0
RetiredMarkerSourceBitCount: 0
====================================

===== FIST RECEIVED =====
ElapsedMs: 68830.201
Actor: PC_Hero
Action: 1
AniPhase: 1
StateTime: 0.128006
StatePositionBeforeMarker: 0
CurrentMovementAni: Hero_Stand_None_Fist_P0_Attack_Hit_N_Fwd_00_%_00_P1_100_R.xmot
MarkerName: G3AB_COL_FIST
MarkerOpcode: FIST
StatePositionAfterMarker: 0
C1GenerationValid: 1
C1Generation: 22
MarkerAction: ACCEPTED
AuthoredMarkerOccurrences: 1
AcceptedMarkerOccurrencesBefore: 0
AcceptedMarkerOccurrencesAfter: 1
ExecutionBudgetReset: 1
PreviousSourceMask: 0
DesiredSourceMask: 0
RetiredSourceMask: 0
OwnedMaskAtOff: 0
MarkerOwnedWeaponMask: 0
ActivatedSourceCount: 0
RetiredSourceCount: 0
DeactivatedSourceCount: 0
TriggeredListClearCount: 1
FistSourceResolved: 1
FistSourceAddress: C2D0A210
FistUseType: 8
FistGroupBefore: 0
FistGroupAfter: 0
FistTriggeredListCleared: 1
===========================

===== C1 FINALIZATION =====
ElapsedMs: 69036.366
Reason: AISETSTATE_AFTER_ORIGINAL
Actor: PC_Hero
Generation: 22
Status: PERSISTED
TrackedSourceCount: 1
Source[0].Outcome: NO_OP_NO_OUTSTANDING
Source[0].Address: C2D0A210
Source[0].LivenessEstablished: 1
Source[0].Name: Fist
Source[0].OriginalSide: RIGHT
Source[0].CurrentSideMask: 1
Source[0].OffensiveRequestCount: 0
Source[0].OutstandingBeforeFinalization: 0
Source[0].CleanupObservedBeforeFinalization: 0
Source[0].ActualGroupBeforeRepair: 0
Source[0].RepairAttempted: 0
Source[0].PhysicalCollisionChanged: 0
PhysicalCollisionChanged: 0
===========================

===== C1 LIFECYCLE START =====
ElapsedMs: 69286.986
Actor: PC_Hero
Generation: 24
Status: CANDIDATE
ReplacedGeneration: 0
ReplacedOutstanding: 0
TrackedSourceCount: 1
Source[0].Address: C2D0A210
Source[0].Side: RIGHT
Source[0].ActualGroup: 0
==============================

===== C1 SCRIPT BINDING =====
ElapsedMs: 69287.011
Event: COMBAT_MOVE_CANDIDATE_BOUND
Actor: PC_Hero
Generation: 24
Status: CANDIDATE
Outstanding: 0
ScriptFunction: _AI_Attack
SourceAddress: 00000000
=============================

===== C1 LIFECYCLE STATUS =====
ElapsedMs: 69287.176
Event: PERSISTED
Actor: PC_Hero
Generation: 24
Status: PERSISTED
Outstanding: 0
===============================

===== MARKER OWNERSHIP DECISION =====
ElapsedMs: 69287.227
Actor: PC_Hero
Family: NORMAL
CurrentMovementAni: Hero_Stand_None_Fist_P1_Attack_Hit_N_Fwd_00_%_00_P0_100_L.xmot
Action: 1
AniPhase: 1
MatchingMotionFound: 1
MarkerScanValid: 1
ContainsReservedSourceMarker: 0
RequiredSourceMask: 0
RequiresFistSource: 0
AuthoredRIGHTCount: 0
FirstRIGHTFrame: -1
AuthoredLEFTCount: 0
FirstLEFTFrame: -1
AuthoredBOTHCount: 0
FirstBOTHFrame: -1
AuthoredOFFCount: 0
FirstOFFFrame: -1
AuthoredFISTCount: 0
FirstFISTFrame: -1
RightSourceResolved: 1
RightSourceName: Fist
RightSourceAddress: C2D0A210
RightSourceUseType: 8
RightSourceCollisionGroup: 0
LeftSourceResolved: 0
SuppressNativeCallback: 0
=====================================

===== ENGINE SetCollisionGroup =====
ElapsedMs: 69399.617
Source: Fist
SourceAddress: C2D08210
SlotAssociation: NONE
PlayerAction: 1
PlayerAniPhase: 1
PlayerStateTime: 0.125006
PlayerCurrentMovementAni: Hero_Stand_None_Fist_P1_Attack_Hit_N_Fwd_00_%_00_P0_100_L.xmot
RequestedGroup: 7
BeforeGroup: 0
AfterGroup: 0
RetiredMarkerSourceBitCount: 0
====================================

===== ENGINE SetCollisionGroup =====
ElapsedMs: 69539.731
Source: Fist
SourceAddress: C2D0A210
SlotAssociation: RIGHT
PlayerAction: 1
PlayerAniPhase: 1
PlayerStateTime: 0.251001
PlayerCurrentMovementAni: Hero_Stand_None_Fist_P1_Attack_Hit_N_Fwd_00_%_00_P0_100_L.xmot
RequestedGroup: 7
BeforeGroup: 0
AfterGroup: 0
RetiredMarkerSourceBitCount: 0
====================================

===== C1 FINALIZATION =====
ElapsedMs: 69615.618
Reason: AISETSTATE_AFTER_ORIGINAL
Actor: PC_Hero
Generation: 24
Status: PERSISTED
TrackedSourceCount: 1
Source[0].Outcome: NO_OP_NO_OUTSTANDING
Source[0].Address: C2D0A210
Source[0].LivenessEstablished: 1
Source[0].Name: Fist
Source[0].OriginalSide: RIGHT
Source[0].CurrentSideMask: 1
Source[0].OffensiveRequestCount: 0
Source[0].OutstandingBeforeFinalization: 0
Source[0].CleanupObservedBeforeFinalization: 0
Source[0].ActualGroupBeforeRepair: 0
Source[0].RepairAttempted: 0
Source[0].PhysicalCollisionChanged: 0
PhysicalCollisionChanged: 0
===========================

===== C1 LIFECYCLE START =====
ElapsedMs: 69867.883
Actor: PC_Hero
Generation: 26
Status: CANDIDATE
ReplacedGeneration: 0
ReplacedOutstanding: 0
TrackedSourceCount: 1
Source[0].Address: C2D0A210
Source[0].Side: RIGHT
Source[0].ActualGroup: 0
==============================

===== C1 SCRIPT BINDING =====
ElapsedMs: 69867.894
Event: COMBAT_MOVE_CANDIDATE_BOUND
Actor: PC_Hero
Generation: 26
Status: CANDIDATE
Outstanding: 0
ScriptFunction: _AI_Attack
SourceAddress: 00000000
=============================

===== C1 LIFECYCLE STATUS =====
ElapsedMs: 69867.961
Event: PERSISTED
Actor: PC_Hero
Generation: 26
Status: PERSISTED
Outstanding: 0
===============================

===== MARKER OWNERSHIP DECISION =====
ElapsedMs: 69867.978
Actor: PC_Hero
Family: NORMAL
CurrentMovementAni: Hero_Stand_None_Fist_P0_Attack_Hit_N_Fwd_00_%_00_P1_100_R.xmot
Action: 1
AniPhase: 1
MatchingMotionFound: 1
MarkerScanValid: 1
ContainsReservedSourceMarker: 1
RequiredSourceMask: 0
RequiresFistSource: 1
AuthoredRIGHTCount: 0
FirstRIGHTFrame: -1
AuthoredLEFTCount: 0
FirstLEFTFrame: -1
AuthoredBOTHCount: 0
FirstBOTHFrame: -1
AuthoredOFFCount: 0
FirstOFFFrame: -1
AuthoredFISTCount: 1
FirstFISTFrame: 3
RightSourceResolved: 1
RightSourceName: Fist
RightSourceAddress: C2D0A210
RightSourceUseType: 8
RightSourceCollisionGroup: 0
LeftSourceResolved: 0
FistSourceResolved: 1
FistSourceName: Fist
FistSourceAddress: C2D0A210
FistSourceUseType: 8
FistSourceCollisionGroup: 0
SuppressNativeCallback: 1
=====================================

===== FIST RECEIVED =====
ElapsedMs: 69980.635
Actor: PC_Hero
Action: 1
AniPhase: 1
StateTime: 0.125987
StatePositionBeforeMarker: 0
CurrentMovementAni: Hero_Stand_None_Fist_P0_Attack_Hit_N_Fwd_00_%_00_P1_100_R.xmot
MarkerName: G3AB_COL_FIST
MarkerOpcode: FIST
StatePositionAfterMarker: 0
C1GenerationValid: 1
C1Generation: 26
MarkerAction: ACCEPTED
AuthoredMarkerOccurrences: 1
AcceptedMarkerOccurrencesBefore: 0
AcceptedMarkerOccurrencesAfter: 1
ExecutionBudgetReset: 1
PreviousSourceMask: 0
DesiredSourceMask: 0
RetiredSourceMask: 0
OwnedMaskAtOff: 0
MarkerOwnedWeaponMask: 0
ActivatedSourceCount: 0
RetiredSourceCount: 0
DeactivatedSourceCount: 0
TriggeredListClearCount: 1
FistSourceResolved: 1
FistSourceAddress: C2D0A210
FistUseType: 8
FistGroupBefore: 0
FistGroupAfter: 0
FistTriggeredListCleared: 1
===========================

===== ENGINE SetCollisionGroup =====
ElapsedMs: 70045.356
Source: Fist
SourceAddress: C2D08210
SlotAssociation: NONE
PlayerAction: 1
PlayerAniPhase: 1
PlayerStateTime: 0.189995
PlayerCurrentMovementAni: Hero_Stand_None_Fist_P0_Attack_Hit_N_Fwd_00_%_00_P1_100_R.xmot
RequestedGroup: 7
BeforeGroup: 0
AfterGroup: 0
RetiredMarkerSourceBitCount: 0
====================================

===== C1 FINALIZATION =====
ElapsedMs: 70195.850
Reason: AISETSTATE_AFTER_ORIGINAL
Actor: PC_Hero
Generation: 26
Status: PERSISTED
TrackedSourceCount: 1
Source[0].Outcome: NO_OP_NO_OUTSTANDING
Source[0].Address: C2D0A210
Source[0].LivenessEstablished: 1
Source[0].Name: Fist
Source[0].OriginalSide: RIGHT
Source[0].CurrentSideMask: 1
Source[0].OffensiveRequestCount: 0
Source[0].OutstandingBeforeFinalization: 0
Source[0].CleanupObservedBeforeFinalization: 0
Source[0].ActualGroupBeforeRepair: 0
Source[0].RepairAttempted: 0
Source[0].PhysicalCollisionChanged: 0
PhysicalCollisionChanged: 0
===========================

===== C1 LIFECYCLE START =====
ElapsedMs: 70486.235
Actor: PC_Hero
Generation: 28
Status: CANDIDATE
ReplacedGeneration: 0
ReplacedOutstanding: 0
TrackedSourceCount: 1
Source[0].Address: C2D0A210
Source[0].Side: RIGHT
Source[0].ActualGroup: 0
==============================

===== C1 SCRIPT BINDING =====
ElapsedMs: 70486.246
Event: COMBAT_MOVE_CANDIDATE_BOUND
Actor: PC_Hero
Generation: 28
Status: CANDIDATE
Outstanding: 0
ScriptFunction: _AI_Attack
SourceAddress: 00000000
=============================

===== C1 LIFECYCLE STATUS =====
ElapsedMs: 70486.358
Event: PERSISTED
Actor: PC_Hero
Generation: 28
Status: PERSISTED
Outstanding: 0
===============================

===== MARKER OWNERSHIP DECISION =====
ElapsedMs: 70486.389
Actor: PC_Hero
Family: NORMAL
CurrentMovementAni: Hero_Stand_None_Fist_P1_Attack_Hit_N_Fwd_00_%_00_P0_100_L.xmot
Action: 1
AniPhase: 1
MatchingMotionFound: 1
MarkerScanValid: 1
ContainsReservedSourceMarker: 0
RequiredSourceMask: 0
RequiresFistSource: 0
AuthoredRIGHTCount: 0
FirstRIGHTFrame: -1
AuthoredLEFTCount: 0
FirstLEFTFrame: -1
AuthoredBOTHCount: 0
FirstBOTHFrame: -1
AuthoredOFFCount: 0
FirstOFFFrame: -1
AuthoredFISTCount: 0
FirstFISTFrame: -1
RightSourceResolved: 1
RightSourceName: Fist
RightSourceAddress: C2D0A210
RightSourceUseType: 8
RightSourceCollisionGroup: 0
LeftSourceResolved: 0
SuppressNativeCallback: 0
=====================================

===== ENGINE SetCollisionGroup =====
ElapsedMs: 70688.389
Source: Fist
SourceAddress: C2D08210
SlotAssociation: NONE
PlayerAction: 1
PlayerAniPhase: 1
PlayerStateTime: 0.212998
PlayerCurrentMovementAni: Hero_Stand_None_Fist_P1_Attack_Hit_N_Fwd_00_%_00_P0_100_L.xmot
RequestedGroup: 7
BeforeGroup: 0
AfterGroup: 0
RetiredMarkerSourceBitCount: 0
====================================

===== ENGINE SetCollisionGroup =====
ElapsedMs: 70739.054
Source: Fist
SourceAddress: C2D0A210
SlotAssociation: RIGHT
PlayerAction: 1
PlayerAniPhase: 1
PlayerStateTime: 0.250995
PlayerCurrentMovementAni: Hero_Stand_None_Fist_P1_Attack_Hit_N_Fwd_00_%_00_P0_100_L.xmot
RequestedGroup: 7
BeforeGroup: 0
AfterGroup: 0
RetiredMarkerSourceBitCount: 0
====================================

===== C1 FINALIZATION =====
ElapsedMs: 70812.545
Reason: AISETSTATE_AFTER_ORIGINAL
Actor: PC_Hero
Generation: 28
Status: PERSISTED
TrackedSourceCount: 1
Source[0].Outcome: NO_OP_NO_OUTSTANDING
Source[0].Address: C2D0A210
Source[0].LivenessEstablished: 1
Source[0].Name: Fist
Source[0].OriginalSide: RIGHT
Source[0].CurrentSideMask: 1
Source[0].OffensiveRequestCount: 0
Source[0].OutstandingBeforeFinalization: 0
Source[0].CleanupObservedBeforeFinalization: 0
Source[0].ActualGroupBeforeRepair: 0
Source[0].RepairAttempted: 0
Source[0].PhysicalCollisionChanged: 0
PhysicalCollisionChanged: 0
===========================

===== ENGINE SetCollisionGroup =====
ElapsedMs: 71331.598
Source: Fist
SourceAddress: C2D08210
SlotAssociation: NONE
PlayerAction: 0
PlayerAniPhase: 8
PlayerStateTime: 0.517970
PlayerCurrentMovementAni: Hero_Stand_None_Fist_P0_Move_Walk_N_Back_00_%_00_P0_160.xmot
RequestedGroup: 7
BeforeGroup: 0
AfterGroup: 0
RetiredMarkerSourceBitCount: 0
====================================

===== C1 LIFECYCLE START =====
ElapsedMs: 71473.290
Actor: PC_Hero
Generation: 30
Status: CANDIDATE
ReplacedGeneration: 0
ReplacedOutstanding: 0
TrackedSourceCount: 1
Source[0].Address: C2D0A210
Source[0].Side: RIGHT
Source[0].ActualGroup: 0
==============================

===== C1 SCRIPT BINDING =====
ElapsedMs: 71473.302
Event: COMBAT_MOVE_CANDIDATE_BOUND
Actor: PC_Hero
Generation: 30
Status: CANDIDATE
Outstanding: 0
ScriptFunction: _AI_Attack
SourceAddress: 00000000
=============================

===== C1 LIFECYCLE STATUS =====
ElapsedMs: 71473.373
Event: PERSISTED
Actor: PC_Hero
Generation: 30
Status: PERSISTED
Outstanding: 0
===============================

===== MARKER OWNERSHIP DECISION =====
ElapsedMs: 71473.391
Actor: PC_Hero
Family: NORMAL
CurrentMovementAni: Hero_Stand_None_Fist_P0_Attack_Hit_N_Fwd_00_%_00_P1_100_R.xmot
Action: 1
AniPhase: 1
MatchingMotionFound: 1
MarkerScanValid: 1
ContainsReservedSourceMarker: 1
RequiredSourceMask: 0
RequiresFistSource: 1
AuthoredRIGHTCount: 0
FirstRIGHTFrame: -1
AuthoredLEFTCount: 0
FirstLEFTFrame: -1
AuthoredBOTHCount: 0
FirstBOTHFrame: -1
AuthoredOFFCount: 0
FirstOFFFrame: -1
AuthoredFISTCount: 1
FirstFISTFrame: 3
RightSourceResolved: 1
RightSourceName: Fist
RightSourceAddress: C2D0A210
RightSourceUseType: 8
RightSourceCollisionGroup: 0
LeftSourceResolved: 0
FistSourceResolved: 1
FistSourceName: Fist
FistSourceAddress: C2D0A210
FistSourceUseType: 8
FistSourceCollisionGroup: 0
SuppressNativeCallback: 1
=====================================

===== FIST RECEIVED =====
ElapsedMs: 71586.205
Actor: PC_Hero
Action: 1
AniPhase: 1
StateTime: 0.124997
StatePositionBeforeMarker: 0
CurrentMovementAni: Hero_Stand_None_Fist_P0_Attack_Hit_N_Fwd_00_%_00_P1_100_R.xmot
MarkerName: G3AB_COL_FIST
MarkerOpcode: FIST
StatePositionAfterMarker: 0
C1GenerationValid: 1
C1Generation: 30
MarkerAction: ACCEPTED
AuthoredMarkerOccurrences: 1
AcceptedMarkerOccurrencesBefore: 0
AcceptedMarkerOccurrencesAfter: 1
ExecutionBudgetReset: 1
PreviousSourceMask: 0
DesiredSourceMask: 0
RetiredSourceMask: 0
OwnedMaskAtOff: 0
MarkerOwnedWeaponMask: 0
ActivatedSourceCount: 0
RetiredSourceCount: 0
DeactivatedSourceCount: 0
TriggeredListClearCount: 1
FistSourceResolved: 1
FistSourceAddress: C2D0A210
FistUseType: 8
FistGroupBefore: 0
FistGroupAfter: 0
FistTriggeredListCleared: 1
===========================

===== C1 FINALIZATION =====
ElapsedMs: 71800.974
Reason: AISETSTATE_AFTER_ORIGINAL
Actor: PC_Hero
Generation: 30
Status: PERSISTED
TrackedSourceCount: 1
Source[0].Outcome: NO_OP_NO_OUTSTANDING
Source[0].Address: C2D0A210
Source[0].LivenessEstablished: 1
Source[0].Name: Fist
Source[0].OriginalSide: RIGHT
Source[0].CurrentSideMask: 1
Source[0].OffensiveRequestCount: 0
Source[0].OutstandingBeforeFinalization: 0
Source[0].CleanupObservedBeforeFinalization: 0
Source[0].ActualGroupBeforeRepair: 0
Source[0].RepairAttempted: 0
Source[0].PhysicalCollisionChanged: 0
PhysicalCollisionChanged: 0
===========================

===== ENGINE SetCollisionGroup =====
ElapsedMs: 71964.054
Source: Fist
SourceAddress: C2D08210
SlotAssociation: NONE
PlayerAction: 0
PlayerAniPhase: 5
PlayerStateTime: 0.162997
PlayerCurrentMovementAni: Hero_Stand_None_Fist_P1_Ambient_Loop_N_Fwd_00_%_00_P1_0.xmot
RequestedGroup: 7
BeforeGroup: 0
AfterGroup: 0
RetiredMarkerSourceBitCount: 0
====================================

===== C1 LIFECYCLE START =====
ElapsedMs: 72142.475
Actor: PC_Hero
Generation: 32
Status: CANDIDATE
ReplacedGeneration: 0
ReplacedOutstanding: 0
TrackedSourceCount: 1
Source[0].Address: C2D0A210
Source[0].Side: RIGHT
Source[0].ActualGroup: 0
==============================

===== C1 SCRIPT BINDING =====
ElapsedMs: 72142.487
Event: COMBAT_MOVE_CANDIDATE_BOUND
Actor: PC_Hero
Generation: 32
Status: CANDIDATE
Outstanding: 0
ScriptFunction: _AI_Attack
SourceAddress: 00000000
=============================

===== C1 LIFECYCLE STATUS =====
ElapsedMs: 72142.568
Event: PERSISTED
Actor: PC_Hero
Generation: 32
Status: PERSISTED
Outstanding: 0
===============================

===== MARKER OWNERSHIP DECISION =====
ElapsedMs: 72142.587
Actor: PC_Hero
Family: NORMAL
CurrentMovementAni: Hero_Stand_None_Fist_P1_Attack_Hit_N_Fwd_00_%_00_P0_100_L.xmot
Action: 1
AniPhase: 1
MatchingMotionFound: 1
MarkerScanValid: 1
ContainsReservedSourceMarker: 0
RequiredSourceMask: 0
RequiresFistSource: 0
AuthoredRIGHTCount: 0
FirstRIGHTFrame: -1
AuthoredLEFTCount: 0
FirstLEFTFrame: -1
AuthoredBOTHCount: 0
FirstBOTHFrame: -1
AuthoredOFFCount: 0
FirstOFFFrame: -1
AuthoredFISTCount: 0
FirstFISTFrame: -1
RightSourceResolved: 1
RightSourceName: Fist
RightSourceAddress: C2D0A210
RightSourceUseType: 8
RightSourceCollisionGroup: 0
LeftSourceResolved: 0
SuppressNativeCallback: 0
=====================================

===== ENGINE SetCollisionGroup =====
ElapsedMs: 72400.339
Source: Fist
SourceAddress: C2D0A210
SlotAssociation: RIGHT
PlayerAction: 1
PlayerAniPhase: 1
PlayerStateTime: 0.258001
PlayerCurrentMovementAni: Hero_Stand_None_Fist_P1_Attack_Hit_N_Fwd_00_%_00_P0_100_L.xmot
RequestedGroup: 7
BeforeGroup: 0
AfterGroup: 0
RetiredMarkerSourceBitCount: 0
====================================

===== C1 FINALIZATION =====
ElapsedMs: 72464.397
Reason: AISETSTATE_AFTER_ORIGINAL
Actor: PC_Hero
Generation: 32
Status: PERSISTED
TrackedSourceCount: 1
Source[0].Outcome: NO_OP_NO_OUTSTANDING
Source[0].Address: C2D0A210
Source[0].LivenessEstablished: 1
Source[0].Name: Fist
Source[0].OriginalSide: RIGHT
Source[0].CurrentSideMask: 1
Source[0].OffensiveRequestCount: 0
Source[0].OutstandingBeforeFinalization: 0
Source[0].CleanupObservedBeforeFinalization: 0
Source[0].ActualGroupBeforeRepair: 0
Source[0].RepairAttempted: 0
Source[0].PhysicalCollisionChanged: 0
PhysicalCollisionChanged: 0
===========================

===== ENGINE SetCollisionGroup =====
ElapsedMs: 72597.668
Source: Fist
SourceAddress: C2D08210
SlotAssociation: NONE
PlayerAction: 0
PlayerAniPhase: 3
PlayerStateTime: 0.132990
PlayerCurrentMovementAni: Hero_Stand_None_Fist_P0_Attack_Recover_N_Fwd_00_%_00_P0_0_L.xmot
RequestedGroup: 7
BeforeGroup: 0
AfterGroup: 0
RetiredMarkerSourceBitCount: 0
====================================

===== C1 LIFECYCLE START =====
ElapsedMs: 72714.596
Actor: PC_Hero
Generation: 34
Status: CANDIDATE
ReplacedGeneration: 0
ReplacedOutstanding: 0
TrackedSourceCount: 1
Source[0].Address: C2D0A210
Source[0].Side: RIGHT
Source[0].ActualGroup: 0
==============================

===== C1 SCRIPT BINDING =====
ElapsedMs: 72714.608
Event: COMBAT_MOVE_CANDIDATE_BOUND
Actor: PC_Hero
Generation: 34
Status: CANDIDATE
Outstanding: 0
ScriptFunction: _AI_Attack
SourceAddress: 00000000
=============================

===== C1 LIFECYCLE STATUS =====
ElapsedMs: 72714.678
Event: PERSISTED
Actor: PC_Hero
Generation: 34
Status: PERSISTED
Outstanding: 0
===============================

===== MARKER OWNERSHIP DECISION =====
ElapsedMs: 72714.700
Actor: PC_Hero
Family: NORMAL
CurrentMovementAni: Hero_Stand_None_Fist_P0_Attack_Hit_N_Fwd_00_%_00_P1_100_R.xmot
Action: 1
AniPhase: 1
MatchingMotionFound: 1
MarkerScanValid: 1
ContainsReservedSourceMarker: 1
RequiredSourceMask: 0
RequiresFistSource: 1
AuthoredRIGHTCount: 0
FirstRIGHTFrame: -1
AuthoredLEFTCount: 0
FirstLEFTFrame: -1
AuthoredBOTHCount: 0
FirstBOTHFrame: -1
AuthoredOFFCount: 0
FirstOFFFrame: -1
AuthoredFISTCount: 1
FirstFISTFrame: 3
RightSourceResolved: 1
RightSourceName: Fist
RightSourceAddress: C2D0A210
RightSourceUseType: 8
RightSourceCollisionGroup: 0
LeftSourceResolved: 0
FistSourceResolved: 1
FistSourceName: Fist
FistSourceAddress: C2D0A210
FistSourceUseType: 8
FistSourceCollisionGroup: 0
SuppressNativeCallback: 1
=====================================

===== FIST RECEIVED =====
ElapsedMs: 72829.730
Actor: PC_Hero
Action: 1
AniPhase: 1
StateTime: 0.128007
StatePositionBeforeMarker: 0
CurrentMovementAni: Hero_Stand_None_Fist_P0_Attack_Hit_N_Fwd_00_%_00_P1_100_R.xmot
MarkerName: G3AB_COL_FIST
MarkerOpcode: FIST
StatePositionAfterMarker: 0
C1GenerationValid: 1
C1Generation: 34
MarkerAction: ACCEPTED
AuthoredMarkerOccurrences: 1
AcceptedMarkerOccurrencesBefore: 0
AcceptedMarkerOccurrencesAfter: 1
ExecutionBudgetReset: 1
PreviousSourceMask: 0
DesiredSourceMask: 0
RetiredSourceMask: 0
OwnedMaskAtOff: 0
MarkerOwnedWeaponMask: 0
ActivatedSourceCount: 0
RetiredSourceCount: 0
DeactivatedSourceCount: 0
TriggeredListClearCount: 1
FistSourceResolved: 1
FistSourceAddress: C2D0A210
FistUseType: 8
FistGroupBefore: 0
FistGroupAfter: 0
FistTriggeredListCleared: 1
===========================

===== C1 FINALIZATION =====
ElapsedMs: 73043.875
Reason: AISETSTATE_AFTER_ORIGINAL
Actor: PC_Hero
Generation: 34
Status: PERSISTED
TrackedSourceCount: 1
Source[0].Outcome: NO_OP_NO_OUTSTANDING
Source[0].Address: C2D0A210
Source[0].LivenessEstablished: 1
Source[0].Name: Fist
Source[0].OriginalSide: RIGHT
Source[0].CurrentSideMask: 1
Source[0].OffensiveRequestCount: 0
Source[0].OutstandingBeforeFinalization: 0
Source[0].CleanupObservedBeforeFinalization: 0
Source[0].ActualGroupBeforeRepair: 0
Source[0].RepairAttempted: 0
Source[0].PhysicalCollisionChanged: 0
PhysicalCollisionChanged: 0
===========================

===== ENGINE SetCollisionGroup =====
ElapsedMs: 73231.833
Source: Fist
SourceAddress: C2D08210
SlotAssociation: NONE
PlayerAction: 0
PlayerAniPhase: 3
PlayerStateTime: 0.185994
PlayerCurrentMovementAni: Hero_Stand_None_Fist_P1_Attack_Recover_N_Fwd_00_%_00_P1_0_R.xmot
RequestedGroup: 7
BeforeGroup: 0
AfterGroup: 0
RetiredMarkerSourceBitCount: 0
====================================

===== C1 LIFECYCLE START =====
ElapsedMs: 73296.634
Actor: PC_Hero
Generation: 36
Status: CANDIDATE
ReplacedGeneration: 0
ReplacedOutstanding: 0
TrackedSourceCount: 1
Source[0].Address: C2D0A210
Source[0].Side: RIGHT
Source[0].ActualGroup: 0
==============================

===== C1 SCRIPT BINDING =====
ElapsedMs: 73296.646
Event: COMBAT_MOVE_CANDIDATE_BOUND
Actor: PC_Hero
Generation: 36
Status: CANDIDATE
Outstanding: 0
ScriptFunction: _AI_Attack
SourceAddress: 00000000
=============================

===== C1 LIFECYCLE STATUS =====
ElapsedMs: 73296.711
Event: PERSISTED
Actor: PC_Hero
Generation: 36
Status: PERSISTED
Outstanding: 0
===============================

===== MARKER OWNERSHIP DECISION =====
ElapsedMs: 73296.729
Actor: PC_Hero
Family: NORMAL
CurrentMovementAni: Hero_Stand_None_Fist_P1_Attack_Hit_N_Fwd_00_%_00_P0_100_L.xmot
Action: 1
AniPhase: 1
MatchingMotionFound: 1
MarkerScanValid: 1
ContainsReservedSourceMarker: 0
RequiredSourceMask: 0
RequiresFistSource: 0
AuthoredRIGHTCount: 0
FirstRIGHTFrame: -1
AuthoredLEFTCount: 0
FirstLEFTFrame: -1
AuthoredBOTHCount: 0
FirstBOTHFrame: -1
AuthoredOFFCount: 0
FirstOFFFrame: -1
AuthoredFISTCount: 0
FirstFISTFrame: -1
RightSourceResolved: 1
RightSourceName: Fist
RightSourceAddress: C2D0A210
RightSourceUseType: 8
RightSourceCollisionGroup: 0
LeftSourceResolved: 0
SuppressNativeCallback: 0
=====================================

===== ENGINE SetCollisionGroup =====
ElapsedMs: 73555.623
Source: Fist
SourceAddress: C2D0A210
SlotAssociation: RIGHT
PlayerAction: 1
PlayerAniPhase: 1
PlayerStateTime: 0.260995
PlayerCurrentMovementAni: Hero_Stand_None_Fist_P1_Attack_Hit_N_Fwd_00_%_00_P0_100_L.xmot
RequestedGroup: 7
BeforeGroup: 0
AfterGroup: 0
RetiredMarkerSourceBitCount: 0
====================================

===== C1 FINALIZATION =====
ElapsedMs: 73619.561
Reason: AISETSTATE_AFTER_ORIGINAL
Actor: PC_Hero
Generation: 36
Status: PERSISTED
TrackedSourceCount: 1
Source[0].Outcome: NO_OP_NO_OUTSTANDING
Source[0].Address: C2D0A210
Source[0].LivenessEstablished: 1
Source[0].Name: Fist
Source[0].OriginalSide: RIGHT
Source[0].CurrentSideMask: 1
Source[0].OffensiveRequestCount: 0
Source[0].OutstandingBeforeFinalization: 0
Source[0].CleanupObservedBeforeFinalization: 0
Source[0].ActualGroupBeforeRepair: 0
Source[0].RepairAttempted: 0
Source[0].PhysicalCollisionChanged: 0
PhysicalCollisionChanged: 0
===========================

===== ENGINE SetCollisionGroup =====
ElapsedMs: 73867.556
Source: Fist
SourceAddress: C2D08210
SlotAssociation: NONE
PlayerAction: 0
PlayerAniPhase: 3
PlayerStateTime: 0.246999
PlayerCurrentMovementAni: Hero_Stand_None_Fist_P0_Attack_Recover_N_Fwd_00_%_00_P0_0_L.xmot
RequestedGroup: 7
BeforeGroup: 0
AfterGroup: 0
RetiredMarkerSourceBitCount: 0
====================================

===== C1 LIFECYCLE START =====
ElapsedMs: 73928.888
Actor: PC_Hero
Generation: 38
Status: CANDIDATE
ReplacedGeneration: 0
ReplacedOutstanding: 0
TrackedSourceCount: 1
Source[0].Address: C2D0A210
Source[0].Side: RIGHT
Source[0].ActualGroup: 0
==============================

===== C1 SCRIPT BINDING =====
ElapsedMs: 73928.900
Event: COMBAT_MOVE_CANDIDATE_BOUND
Actor: PC_Hero
Generation: 38
Status: CANDIDATE
Outstanding: 0
ScriptFunction: _AI_Attack
SourceAddress: 00000000
=============================

===== C1 LIFECYCLE STATUS =====
ElapsedMs: 73928.969
Event: PERSISTED
Actor: PC_Hero
Generation: 38
Status: PERSISTED
Outstanding: 0
===============================

===== MARKER OWNERSHIP DECISION =====
ElapsedMs: 73928.987
Actor: PC_Hero
Family: NORMAL
CurrentMovementAni: Hero_Stand_None_Fist_P0_Attack_Hit_N_Fwd_00_%_00_P1_100_R.xmot
Action: 1
AniPhase: 1
MatchingMotionFound: 1
MarkerScanValid: 1
ContainsReservedSourceMarker: 1
RequiredSourceMask: 0
RequiresFistSource: 1
AuthoredRIGHTCount: 0
FirstRIGHTFrame: -1
AuthoredLEFTCount: 0
FirstLEFTFrame: -1
AuthoredBOTHCount: 0
FirstBOTHFrame: -1
AuthoredOFFCount: 0
FirstOFFFrame: -1
AuthoredFISTCount: 1
FirstFISTFrame: 3
RightSourceResolved: 1
RightSourceName: Fist
RightSourceAddress: C2D0A210
RightSourceUseType: 8
RightSourceCollisionGroup: 0
LeftSourceResolved: 0
FistSourceResolved: 1
FistSourceName: Fist
FistSourceAddress: C2D0A210
FistSourceUseType: 8
FistSourceCollisionGroup: 0
SuppressNativeCallback: 1
=====================================

===== FIST RECEIVED =====
ElapsedMs: 74041.392
Actor: PC_Hero
Action: 1
AniPhase: 1
StateTime: 0.124995
StatePositionBeforeMarker: 0
CurrentMovementAni: Hero_Stand_None_Fist_P0_Attack_Hit_N_Fwd_00_%_00_P1_100_R.xmot
MarkerName: G3AB_COL_FIST
MarkerOpcode: FIST
StatePositionAfterMarker: 0
C1GenerationValid: 1
C1Generation: 38
MarkerAction: ACCEPTED
AuthoredMarkerOccurrences: 1
AcceptedMarkerOccurrencesBefore: 0
AcceptedMarkerOccurrencesAfter: 1
ExecutionBudgetReset: 1
PreviousSourceMask: 0
DesiredSourceMask: 0
RetiredSourceMask: 0
OwnedMaskAtOff: 0
MarkerOwnedWeaponMask: 0
ActivatedSourceCount: 0
RetiredSourceCount: 0
DeactivatedSourceCount: 0
TriggeredListClearCount: 1
FistSourceResolved: 1
FistSourceAddress: C2D0A210
FistUseType: 8
FistGroupBefore: 0
FistGroupAfter: 0
FistTriggeredListCleared: 1
===========================

===== C1 FINALIZATION =====
ElapsedMs: 74253.200
Reason: AISETSTATE_AFTER_ORIGINAL
Actor: PC_Hero
Generation: 38
Status: PERSISTED
TrackedSourceCount: 1
Source[0].Outcome: NO_OP_NO_OUTSTANDING
Source[0].Address: C2D0A210
Source[0].LivenessEstablished: 1
Source[0].Name: Fist
Source[0].OriginalSide: RIGHT
Source[0].CurrentSideMask: 1
Source[0].OffensiveRequestCount: 0
Source[0].OutstandingBeforeFinalization: 0
Source[0].CleanupObservedBeforeFinalization: 0
Source[0].ActualGroupBeforeRepair: 0
Source[0].RepairAttempted: 0
Source[0].PhysicalCollisionChanged: 0
PhysicalCollisionChanged: 0
===========================

===== ENGINE SetCollisionGroup =====
ElapsedMs: 74504.485
Source: Fist
SourceAddress: C2D08210
SlotAssociation: NONE
PlayerAction: 0
PlayerAniPhase: 3
PlayerStateTime: 0.250959
PlayerCurrentMovementAni: Hero_Stand_None_Fist_P1_Attack_Recover_N_Fwd_00_%_00_P1_0_R.xmot
RequestedGroup: 7
BeforeGroup: 0
AfterGroup: 0
RetiredMarkerSourceBitCount: 0
====================================

===== C1 LIFECYCLE START =====
ElapsedMs: 74531.217
Actor: PC_Hero
Generation: 40
Status: CANDIDATE
ReplacedGeneration: 0
ReplacedOutstanding: 0
TrackedSourceCount: 1
Source[0].Address: C2D0A210
Source[0].Side: RIGHT
Source[0].ActualGroup: 0
==============================

===== C1 SCRIPT BINDING =====
ElapsedMs: 74531.228
Event: COMBAT_MOVE_CANDIDATE_BOUND
Actor: PC_Hero
Generation: 40
Status: CANDIDATE
Outstanding: 0
ScriptFunction: _AI_Attack
SourceAddress: 00000000
=============================

===== C1 LIFECYCLE STATUS =====
ElapsedMs: 74531.294
Event: PERSISTED
Actor: PC_Hero
Generation: 40
Status: PERSISTED
Outstanding: 0
===============================

===== MARKER OWNERSHIP DECISION =====
ElapsedMs: 74531.313
Actor: PC_Hero
Family: NORMAL
CurrentMovementAni: Hero_Stand_None_Fist_P1_Attack_Hit_N_Fwd_00_%_00_P0_100_L.xmot
Action: 1
AniPhase: 1
MatchingMotionFound: 1
MarkerScanValid: 1
ContainsReservedSourceMarker: 0
RequiredSourceMask: 0
RequiresFistSource: 0
AuthoredRIGHTCount: 0
FirstRIGHTFrame: -1
AuthoredLEFTCount: 0
FirstLEFTFrame: -1
AuthoredBOTHCount: 0
FirstBOTHFrame: -1
AuthoredOFFCount: 0
FirstOFFFrame: -1
AuthoredFISTCount: 0
FirstFISTFrame: -1
RightSourceResolved: 1
RightSourceName: Fist
RightSourceAddress: C2D0A210
RightSourceUseType: 8
RightSourceCollisionGroup: 0
LeftSourceResolved: 0
SuppressNativeCallback: 0
=====================================

===== ENGINE SetCollisionGroup =====
ElapsedMs: 74788.454
Source: Fist
SourceAddress: C2D0A210
SlotAssociation: RIGHT
PlayerAction: 1
PlayerAniPhase: 1
PlayerStateTime: 0.257011
PlayerCurrentMovementAni: Hero_Stand_None_Fist_P1_Attack_Hit_N_Fwd_00_%_00_P0_100_L.xmot
RequestedGroup: 7
BeforeGroup: 0
AfterGroup: 0
RetiredMarkerSourceBitCount: 0
====================================

===== C1 FINALIZATION =====
ElapsedMs: 74850.768
Reason: AISETSTATE_AFTER_ORIGINAL
Actor: PC_Hero
Generation: 40
Status: PERSISTED
TrackedSourceCount: 1
Source[0].Outcome: NO_OP_NO_OUTSTANDING
Source[0].Address: C2D0A210
Source[0].LivenessEstablished: 1
Source[0].Name: Fist
Source[0].OriginalSide: RIGHT
Source[0].CurrentSideMask: 1
Source[0].OffensiveRequestCount: 0
Source[0].OutstandingBeforeFinalization: 0
Source[0].CleanupObservedBeforeFinalization: 0
Source[0].ActualGroupBeforeRepair: 0
Source[0].RepairAttempted: 0
Source[0].PhysicalCollisionChanged: 0
PhysicalCollisionChanged: 0
===========================

===== C1 LIFECYCLE START =====
ElapsedMs: 75005.317
Actor: PC_Hero
Generation: 42
Status: CANDIDATE
ReplacedGeneration: 0
ReplacedOutstanding: 0
TrackedSourceCount: 1
Source[0].Address: C2D0A210
Source[0].Side: RIGHT
Source[0].ActualGroup: 0
==============================

===== C1 SCRIPT BINDING =====
ElapsedMs: 75005.329
Event: COMBAT_MOVE_CANDIDATE_BOUND
Actor: PC_Hero
Generation: 42
Status: CANDIDATE
Outstanding: 0
ScriptFunction: _AI_Attack
SourceAddress: 00000000
=============================

===== C1 LIFECYCLE STATUS =====
ElapsedMs: 75005.404
Event: PERSISTED
Actor: PC_Hero
Generation: 42
Status: PERSISTED
Outstanding: 0
===============================

===== MARKER OWNERSHIP DECISION =====
ElapsedMs: 75005.426
Actor: PC_Hero
Family: NORMAL
CurrentMovementAni: Hero_Stand_None_Fist_P0_Attack_Hit_N_Fwd_00_%_00_P1_100_R.xmot
Action: 1
AniPhase: 1
MatchingMotionFound: 1
MarkerScanValid: 1
ContainsReservedSourceMarker: 1
RequiredSourceMask: 0
RequiresFistSource: 1
AuthoredRIGHTCount: 0
FirstRIGHTFrame: -1
AuthoredLEFTCount: 0
FirstLEFTFrame: -1
AuthoredBOTHCount: 0
FirstBOTHFrame: -1
AuthoredOFFCount: 0
FirstOFFFrame: -1
AuthoredFISTCount: 1
FirstFISTFrame: 3
RightSourceResolved: 1
RightSourceName: Fist
RightSourceAddress: C2D0A210
RightSourceUseType: 8
RightSourceCollisionGroup: 0
LeftSourceResolved: 0
FistSourceResolved: 1
FistSourceName: Fist
FistSourceAddress: C2D0A210
FistSourceUseType: 8
FistSourceCollisionGroup: 0
SuppressNativeCallback: 1
=====================================

===== FIST RECEIVED =====
ElapsedMs: 75118.721
Actor: PC_Hero
Action: 1
AniPhase: 1
StateTime: 0.126995
StatePositionBeforeMarker: 0
CurrentMovementAni: Hero_Stand_None_Fist_P0_Attack_Hit_N_Fwd_00_%_00_P1_100_R.xmot
MarkerName: G3AB_COL_FIST
MarkerOpcode: FIST
StatePositionAfterMarker: 0
C1GenerationValid: 1
C1Generation: 42
MarkerAction: ACCEPTED
AuthoredMarkerOccurrences: 1
AcceptedMarkerOccurrencesBefore: 0
AcceptedMarkerOccurrencesAfter: 1
ExecutionBudgetReset: 1
PreviousSourceMask: 0
DesiredSourceMask: 0
RetiredSourceMask: 0
OwnedMaskAtOff: 0
MarkerOwnedWeaponMask: 0
ActivatedSourceCount: 0
RetiredSourceCount: 0
DeactivatedSourceCount: 0
TriggeredListClearCount: 1
FistSourceResolved: 1
FistSourceAddress: C2D0A210
FistUseType: 8
FistGroupBefore: 0
FistGroupAfter: 0
FistTriggeredListCleared: 1
===========================

===== ENGINE SetCollisionGroup =====
ElapsedMs: 75145.109
Source: Fist
SourceAddress: C2D08210
SlotAssociation: NONE
PlayerAction: 1
PlayerAniPhase: 1
PlayerStateTime: 0.152985
PlayerCurrentMovementAni: Hero_Stand_None_Fist_P0_Attack_Hit_N_Fwd_00_%_00_P1_100_R.xmot
RequestedGroup: 7
BeforeGroup: 0
AfterGroup: 0
RetiredMarkerSourceBitCount: 0
====================================

===== C1 FINALIZATION =====
ElapsedMs: 75326.154
Reason: AISETSTATE_AFTER_ORIGINAL
Actor: PC_Hero
Generation: 42
Status: PERSISTED
TrackedSourceCount: 1
Source[0].Outcome: NO_OP_NO_OUTSTANDING
Source[0].Address: C2D0A210
Source[0].LivenessEstablished: 1
Source[0].Name: Fist
Source[0].OriginalSide: RIGHT
Source[0].CurrentSideMask: 1
Source[0].OffensiveRequestCount: 0
Source[0].OutstandingBeforeFinalization: 0
Source[0].CleanupObservedBeforeFinalization: 0
Source[0].ActualGroupBeforeRepair: 0
Source[0].RepairAttempted: 0
Source[0].PhysicalCollisionChanged: 0
PhysicalCollisionChanged: 0
===========================

===== C1 LIFECYCLE START =====
ElapsedMs: 75663.510
Actor: PC_Hero
Generation: 44
Status: CANDIDATE
ReplacedGeneration: 0
ReplacedOutstanding: 0
TrackedSourceCount: 1
Source[0].Address: C2D0A210
Source[0].Side: RIGHT
Source[0].ActualGroup: 0
==============================

===== C1 SCRIPT BINDING =====
ElapsedMs: 75663.522
Event: COMBAT_MOVE_CANDIDATE_BOUND
Actor: PC_Hero
Generation: 44
Status: CANDIDATE
Outstanding: 0
ScriptFunction: _AI_Attack
SourceAddress: 00000000
=============================

===== C1 LIFECYCLE STATUS =====
ElapsedMs: 75663.590
Event: PERSISTED
Actor: PC_Hero
Generation: 44
Status: PERSISTED
Outstanding: 0
===============================

===== MARKER OWNERSHIP DECISION =====
ElapsedMs: 75663.608
Actor: PC_Hero
Family: NORMAL
CurrentMovementAni: Hero_Stand_None_Fist_P1_Attack_Hit_N_Fwd_00_%_00_P0_100_L.xmot
Action: 1
AniPhase: 1
MatchingMotionFound: 1
MarkerScanValid: 1
ContainsReservedSourceMarker: 0
RequiredSourceMask: 0
RequiresFistSource: 0
AuthoredRIGHTCount: 0
FirstRIGHTFrame: -1
AuthoredLEFTCount: 0
FirstLEFTFrame: -1
AuthoredBOTHCount: 0
FirstBOTHFrame: -1
AuthoredOFFCount: 0
FirstOFFFrame: -1
AuthoredFISTCount: 0
FirstFISTFrame: -1
RightSourceResolved: 1
RightSourceName: Fist
RightSourceAddress: C2D0A210
RightSourceUseType: 8
RightSourceCollisionGroup: 0
LeftSourceResolved: 0
SuppressNativeCallback: 0
=====================================

===== ENGINE SetCollisionGroup =====
ElapsedMs: 75778.200
Source: Fist
SourceAddress: C2D08210
SlotAssociation: NONE
PlayerAction: 1
PlayerAniPhase: 1
PlayerStateTime: 0.127998
PlayerCurrentMovementAni: Hero_Stand_None_Fist_P1_Attack_Hit_N_Fwd_00_%_00_P0_100_L.xmot
RequestedGroup: 7
BeforeGroup: 0
AfterGroup: 0
RetiredMarkerSourceBitCount: 0
====================================

===== ENGINE SetCollisionGroup =====
ElapsedMs: 75920.568
Source: Fist
SourceAddress: C2D0A210
SlotAssociation: RIGHT
PlayerAction: 1
PlayerAniPhase: 1
PlayerStateTime: 0.257982
PlayerCurrentMovementAni: Hero_Stand_None_Fist_P1_Attack_Hit_N_Fwd_00_%_00_P0_100_L.xmot
RequestedGroup: 7
BeforeGroup: 0
AfterGroup: 0
RetiredMarkerSourceBitCount: 0
====================================

===== C1 FINALIZATION =====
ElapsedMs: 75984.065
Reason: AISETSTATE_AFTER_ORIGINAL
Actor: PC_Hero
Generation: 44
Status: PERSISTED
TrackedSourceCount: 1
Source[0].Outcome: NO_OP_NO_OUTSTANDING
Source[0].Address: C2D0A210
Source[0].LivenessEstablished: 1
Source[0].Name: Fist
Source[0].OriginalSide: RIGHT
Source[0].CurrentSideMask: 1
Source[0].OffensiveRequestCount: 0
Source[0].OutstandingBeforeFinalization: 0
Source[0].CleanupObservedBeforeFinalization: 0
Source[0].ActualGroupBeforeRepair: 0
Source[0].RepairAttempted: 0
Source[0].PhysicalCollisionChanged: 0
PhysicalCollisionChanged: 0
===========================

===== C1 LIFECYCLE START =====
ElapsedMs: 76199.137
Actor: PC_Hero
Generation: 46
Status: CANDIDATE
ReplacedGeneration: 0
ReplacedOutstanding: 0
TrackedSourceCount: 1
Source[0].Address: C2D0A210
Source[0].Side: RIGHT
Source[0].ActualGroup: 0
==============================

===== C1 SCRIPT BINDING =====
ElapsedMs: 76199.149
Event: COMBAT_MOVE_CANDIDATE_BOUND
Actor: PC_Hero
Generation: 46
Status: CANDIDATE
Outstanding: 0
ScriptFunction: _AI_Attack
SourceAddress: 00000000
=============================

===== C1 LIFECYCLE STATUS =====
ElapsedMs: 76199.213
Event: PERSISTED
Actor: PC_Hero
Generation: 46
Status: PERSISTED
Outstanding: 0
===============================

===== MARKER OWNERSHIP DECISION =====
ElapsedMs: 76199.230
Actor: PC_Hero
Family: NORMAL
CurrentMovementAni: Hero_Stand_None_Fist_P0_Attack_Hit_N_Fwd_00_%_00_P1_100_R.xmot
Action: 1
AniPhase: 1
MatchingMotionFound: 1
MarkerScanValid: 1
ContainsReservedSourceMarker: 1
RequiredSourceMask: 0
RequiresFistSource: 1
AuthoredRIGHTCount: 0
FirstRIGHTFrame: -1
AuthoredLEFTCount: 0
FirstLEFTFrame: -1
AuthoredBOTHCount: 0
FirstBOTHFrame: -1
AuthoredOFFCount: 0
FirstOFFFrame: -1
AuthoredFISTCount: 1
FirstFISTFrame: 3
RightSourceResolved: 1
RightSourceName: Fist
RightSourceAddress: C2D0A210
RightSourceUseType: 8
RightSourceCollisionGroup: 0
LeftSourceResolved: 0
FistSourceResolved: 1
FistSourceName: Fist
FistSourceAddress: C2D0A210
FistSourceUseType: 8
FistSourceCollisionGroup: 0
SuppressNativeCallback: 1
=====================================

===== FIST RECEIVED =====
ElapsedMs: 76314.093
Actor: PC_Hero
Action: 1
AniPhase: 1
StateTime: 0.127974
StatePositionBeforeMarker: 0
CurrentMovementAni: Hero_Stand_None_Fist_P0_Attack_Hit_N_Fwd_00_%_00_P1_100_R.xmot
MarkerName: G3AB_COL_FIST
MarkerOpcode: FIST
StatePositionAfterMarker: 0
C1GenerationValid: 1
C1Generation: 46
MarkerAction: ACCEPTED
AuthoredMarkerOccurrences: 1
AcceptedMarkerOccurrencesBefore: 0
AcceptedMarkerOccurrencesAfter: 1
ExecutionBudgetReset: 1
PreviousSourceMask: 0
DesiredSourceMask: 0
RetiredSourceMask: 0
OwnedMaskAtOff: 0
MarkerOwnedWeaponMask: 0
ActivatedSourceCount: 0
RetiredSourceCount: 0
DeactivatedSourceCount: 0
TriggeredListClearCount: 1
FistSourceResolved: 1
FistSourceAddress: C2D0A210
FistUseType: 8
FistGroupBefore: 0
FistGroupAfter: 0
FistTriggeredListCleared: 1
===========================

===== ENGINE SetCollisionGroup =====
ElapsedMs: 76413.928
Source: Fist
SourceAddress: C2D08210
SlotAssociation: NONE
PlayerAction: 1
PlayerAniPhase: 1
PlayerStateTime: 0.227980
PlayerCurrentMovementAni: Hero_Stand_None_Fist_P0_Attack_Hit_N_Fwd_00_%_00_P1_100_R.xmot
RequestedGroup: 7
BeforeGroup: 0
AfterGroup: 0
RetiredMarkerSourceBitCount: 0
====================================

===== C1 FINALIZATION =====
ElapsedMs: 76519.243
Reason: AISETSTATE_AFTER_ORIGINAL
Actor: PC_Hero
Generation: 46
Status: PERSISTED
TrackedSourceCount: 1
Source[0].Outcome: NO_OP_NO_OUTSTANDING
Source[0].Address: C2D0A210
Source[0].LivenessEstablished: 1
Source[0].Name: Fist
Source[0].OriginalSide: RIGHT
Source[0].CurrentSideMask: 1
Source[0].OffensiveRequestCount: 0
Source[0].OutstandingBeforeFinalization: 0
Source[0].CleanupObservedBeforeFinalization: 0
Source[0].ActualGroupBeforeRepair: 0
Source[0].RepairAttempted: 0
Source[0].PhysicalCollisionChanged: 0
PhysicalCollisionChanged: 0
===========================

===== C1 LIFECYCLE START =====
ElapsedMs: 76855.454
Actor: PC_Hero
Generation: 48
Status: CANDIDATE
ReplacedGeneration: 0
ReplacedOutstanding: 0
TrackedSourceCount: 1
Source[0].Address: C2D0A210
Source[0].Side: RIGHT
Source[0].ActualGroup: 0
==============================

===== C1 SCRIPT BINDING =====
ElapsedMs: 76855.466
Event: COMBAT_MOVE_CANDIDATE_BOUND
Actor: PC_Hero
Generation: 48
Status: CANDIDATE
Outstanding: 0
ScriptFunction: _AI_Attack
SourceAddress: 00000000
=============================

===== C1 LIFECYCLE STATUS =====
ElapsedMs: 76855.540
Event: PERSISTED
Actor: PC_Hero
Generation: 48
Status: PERSISTED
Outstanding: 0
===============================

===== MARKER OWNERSHIP DECISION =====
ElapsedMs: 76855.559
Actor: PC_Hero
Family: NORMAL
CurrentMovementAni: Hero_Stand_None_Fist_P1_Attack_Hit_N_Fwd_00_%_00_P0_100_L.xmot
Action: 1
AniPhase: 1
MatchingMotionFound: 1
MarkerScanValid: 1
ContainsReservedSourceMarker: 0
RequiredSourceMask: 0
RequiresFistSource: 0
AuthoredRIGHTCount: 0
FirstRIGHTFrame: -1
AuthoredLEFTCount: 0
FirstLEFTFrame: -1
AuthoredBOTHCount: 0
FirstBOTHFrame: -1
AuthoredOFFCount: 0
FirstOFFFrame: -1
AuthoredFISTCount: 0
FirstFISTFrame: -1
RightSourceResolved: 1
RightSourceName: Fist
RightSourceAddress: C2D0A210
RightSourceUseType: 8
RightSourceCollisionGroup: 0
LeftSourceResolved: 0
SuppressNativeCallback: 0
=====================================

===== ENGINE SetCollisionGroup =====
ElapsedMs: 77058.361
Source: Fist
SourceAddress: C2D08210
SlotAssociation: NONE
PlayerAction: 1
PlayerAniPhase: 1
PlayerStateTime: 0.215980
PlayerCurrentMovementAni: Hero_Stand_None_Fist_P1_Attack_Hit_N_Fwd_00_%_00_P0_100_L.xmot
RequestedGroup: 7
BeforeGroup: 0
AfterGroup: 0
RetiredMarkerSourceBitCount: 0
====================================

===== ENGINE SetCollisionGroup =====
ElapsedMs: 77109.102
Source: Fist
SourceAddress: C2D0A210
SlotAssociation: RIGHT
PlayerAction: 1
PlayerAniPhase: 1
PlayerStateTime: 0.253990
PlayerCurrentMovementAni: Hero_Stand_None_Fist_P1_Attack_Hit_N_Fwd_00_%_00_P0_100_L.xmot
RequestedGroup: 7
BeforeGroup: 0
AfterGroup: 0
RetiredMarkerSourceBitCount: 0
====================================

===== C1 FINALIZATION =====
ElapsedMs: 77185.749
Reason: AISETSTATE_AFTER_ORIGINAL
Actor: PC_Hero
Generation: 48
Status: PERSISTED
TrackedSourceCount: 1
Source[0].Outcome: NO_OP_NO_OUTSTANDING
Source[0].Address: C2D0A210
Source[0].LivenessEstablished: 1
Source[0].Name: Fist
Source[0].OriginalSide: RIGHT
Source[0].CurrentSideMask: 1
Source[0].OffensiveRequestCount: 0
Source[0].OutstandingBeforeFinalization: 0
Source[0].CleanupObservedBeforeFinalization: 0
Source[0].ActualGroupBeforeRepair: 0
Source[0].RepairAttempted: 0
Source[0].PhysicalCollisionChanged: 0
PhysicalCollisionChanged: 0
===========================

===== C1 LIFECYCLE START =====
ElapsedMs: 77533.124
Actor: PC_Hero
Generation: 50
Status: CANDIDATE
ReplacedGeneration: 0
ReplacedOutstanding: 0
TrackedSourceCount: 1
Source[0].Address: C2D0A210
Source[0].Side: RIGHT
Source[0].ActualGroup: 0
==============================

===== C1 SCRIPT BINDING =====
ElapsedMs: 77533.135
Event: COMBAT_MOVE_CANDIDATE_BOUND
Actor: PC_Hero
Generation: 50
Status: CANDIDATE
Outstanding: 0
ScriptFunction: _AI_Attack
SourceAddress: 00000000
=============================

===== C1 LIFECYCLE STATUS =====
ElapsedMs: 77533.205
Event: PERSISTED
Actor: PC_Hero
Generation: 50
Status: PERSISTED
Outstanding: 0
===============================

===== MARKER OWNERSHIP DECISION =====
ElapsedMs: 77533.222
Actor: PC_Hero
Family: NORMAL
CurrentMovementAni: Hero_Stand_None_Fist_P0_Attack_Hit_N_Fwd_00_%_00_P1_100_R.xmot
Action: 1
AniPhase: 1
MatchingMotionFound: 1
MarkerScanValid: 1
ContainsReservedSourceMarker: 1
RequiredSourceMask: 0
RequiresFistSource: 1
AuthoredRIGHTCount: 0
FirstRIGHTFrame: -1
AuthoredLEFTCount: 0
FirstLEFTFrame: -1
AuthoredBOTHCount: 0
FirstBOTHFrame: -1
AuthoredOFFCount: 0
FirstOFFFrame: -1
AuthoredFISTCount: 1
FirstFISTFrame: 3
RightSourceResolved: 1
RightSourceName: Fist
RightSourceAddress: C2D0A210
RightSourceUseType: 8
RightSourceCollisionGroup: 0
LeftSourceResolved: 0
FistSourceResolved: 1
FistSourceName: Fist
FistSourceAddress: C2D0A210
FistSourceUseType: 8
FistSourceCollisionGroup: 0
SuppressNativeCallback: 1
=====================================

===== FIST RECEIVED =====
ElapsedMs: 77650.079
Actor: PC_Hero
Action: 1
AniPhase: 1
StateTime: 0.129999
StatePositionBeforeMarker: 0
CurrentMovementAni: Hero_Stand_None_Fist_P0_Attack_Hit_N_Fwd_00_%_00_P1_100_R.xmot
MarkerName: G3AB_COL_FIST
MarkerOpcode: FIST
StatePositionAfterMarker: 0
C1GenerationValid: 1
C1Generation: 50
MarkerAction: ACCEPTED
AuthoredMarkerOccurrences: 1
AcceptedMarkerOccurrencesBefore: 0
AcceptedMarkerOccurrencesAfter: 1
ExecutionBudgetReset: 1
PreviousSourceMask: 0
DesiredSourceMask: 0
RetiredSourceMask: 0
OwnedMaskAtOff: 0
MarkerOwnedWeaponMask: 0
ActivatedSourceCount: 0
RetiredSourceCount: 0
DeactivatedSourceCount: 0
TriggeredListClearCount: 1
FistSourceResolved: 1
FistSourceAddress: C2D0A210
FistUseType: 8
FistGroupBefore: 0
FistGroupAfter: 0
FistTriggeredListCleared: 1
===========================

===== ENGINE SetCollisionGroup =====
ElapsedMs: 77689.770
Source: Fist
SourceAddress: C2D08210
SlotAssociation: NONE
PlayerAction: 1
PlayerAniPhase: 1
PlayerStateTime: 0.170007
PlayerCurrentMovementAni: Hero_Stand_None_Fist_P0_Attack_Hit_N_Fwd_00_%_00_P1_100_R.xmot
RequestedGroup: 7
BeforeGroup: 0
AfterGroup: 0
RetiredMarkerSourceBitCount: 0
====================================

===== C1 FINALIZATION =====
ElapsedMs: 77857.696
Reason: AISETSTATE_AFTER_ORIGINAL
Actor: PC_Hero
Generation: 50
Status: PERSISTED
TrackedSourceCount: 1
Source[0].Outcome: NO_OP_NO_OUTSTANDING
Source[0].Address: C2D0A210
Source[0].LivenessEstablished: 1
Source[0].Name: Fist
Source[0].OriginalSide: RIGHT
Source[0].CurrentSideMask: 1
Source[0].OffensiveRequestCount: 0
Source[0].OutstandingBeforeFinalization: 0
Source[0].CleanupObservedBeforeFinalization: 0
Source[0].ActualGroupBeforeRepair: 0
Source[0].RepairAttempted: 0
Source[0].PhysicalCollisionChanged: 0
PhysicalCollisionChanged: 0
===========================

===== C1 LIFECYCLE START =====
ElapsedMs: 78200.208
Actor: PC_Hero
Generation: 52
Status: CANDIDATE
ReplacedGeneration: 0
ReplacedOutstanding: 0
TrackedSourceCount: 1
Source[0].Address: C2D0A210
Source[0].Side: RIGHT
Source[0].ActualGroup: 0
==============================

===== C1 SCRIPT BINDING =====
ElapsedMs: 78200.220
Event: COMBAT_MOVE_CANDIDATE_BOUND
Actor: PC_Hero
Generation: 52
Status: CANDIDATE
Outstanding: 0
ScriptFunction: _AI_Attack
SourceAddress: 00000000
=============================

===== C1 LIFECYCLE STATUS =====
ElapsedMs: 78200.291
Event: PERSISTED
Actor: PC_Hero
Generation: 52
Status: PERSISTED
Outstanding: 0
===============================

===== MARKER OWNERSHIP DECISION =====
ElapsedMs: 78200.327
Actor: PC_Hero
Family: NORMAL
CurrentMovementAni: Hero_Stand_None_Fist_P1_Attack_Hit_N_Fwd_00_%_00_P0_100_L.xmot
Action: 1
AniPhase: 1
MatchingMotionFound: 1
MarkerScanValid: 1
ContainsReservedSourceMarker: 0
RequiredSourceMask: 0
RequiresFistSource: 0
AuthoredRIGHTCount: 0
FirstRIGHTFrame: -1
AuthoredLEFTCount: 0
FirstLEFTFrame: -1
AuthoredBOTHCount: 0
FirstBOTHFrame: -1
AuthoredOFFCount: 0
FirstOFFFrame: -1
AuthoredFISTCount: 0
FirstFISTFrame: -1
RightSourceResolved: 1
RightSourceName: Fist
RightSourceAddress: C2D0A210
RightSourceUseType: 8
RightSourceCollisionGroup: 0
LeftSourceResolved: 0
SuppressNativeCallback: 0
=====================================

===== ENGINE SetCollisionGroup =====
ElapsedMs: 78325.898
Source: Fist
SourceAddress: C2D08210
SlotAssociation: NONE
PlayerAction: 1
PlayerAniPhase: 1
PlayerStateTime: 0.138011
PlayerCurrentMovementAni: Hero_Stand_None_Fist_P1_Attack_Hit_N_Fwd_00_%_00_P0_100_L.xmot
RequestedGroup: 7
BeforeGroup: 0
AfterGroup: 0
RetiredMarkerSourceBitCount: 0
====================================

===== ENGINE SetCollisionGroup =====
ElapsedMs: 78454.378
Source: Fist
SourceAddress: C2D0A210
SlotAssociation: RIGHT
PlayerAction: 1
PlayerAniPhase: 1
PlayerStateTime: 0.253007
PlayerCurrentMovementAni: Hero_Stand_None_Fist_P1_Attack_Hit_N_Fwd_00_%_00_P0_100_L.xmot
RequestedGroup: 7
BeforeGroup: 0
AfterGroup: 0
RetiredMarkerSourceBitCount: 0
====================================

===== C1 FINALIZATION =====
ElapsedMs: 78534.537
Reason: AISETSTATE_AFTER_ORIGINAL
Actor: PC_Hero
Generation: 52
Status: PERSISTED
TrackedSourceCount: 1
Source[0].Outcome: NO_OP_NO_OUTSTANDING
Source[0].Address: C2D0A210
Source[0].LivenessEstablished: 1
Source[0].Name: Fist
Source[0].OriginalSide: RIGHT
Source[0].CurrentSideMask: 1
Source[0].OffensiveRequestCount: 0
Source[0].OutstandingBeforeFinalization: 0
Source[0].CleanupObservedBeforeFinalization: 0
Source[0].ActualGroupBeforeRepair: 0
Source[0].RepairAttempted: 0
Source[0].PhysicalCollisionChanged: 0
PhysicalCollisionChanged: 0
===========================

===== C1 LIFECYCLE START =====
ElapsedMs: 78866.458
Actor: PC_Hero
Generation: 54
Status: CANDIDATE
ReplacedGeneration: 0
ReplacedOutstanding: 0
TrackedSourceCount: 1
Source[0].Address: C2D0A210
Source[0].Side: RIGHT
Source[0].ActualGroup: 0
==============================

===== C1 SCRIPT BINDING =====
ElapsedMs: 78866.470
Event: COMBAT_MOVE_CANDIDATE_BOUND
Actor: PC_Hero
Generation: 54
Status: CANDIDATE
Outstanding: 0
ScriptFunction: _AI_Attack
SourceAddress: 00000000
=============================

===== C1 LIFECYCLE STATUS =====
ElapsedMs: 78866.535
Event: PERSISTED
Actor: PC_Hero
Generation: 54
Status: PERSISTED
Outstanding: 0
===============================

===== MARKER OWNERSHIP DECISION =====
ElapsedMs: 78866.552
Actor: PC_Hero
Family: NORMAL
CurrentMovementAni: Hero_Stand_None_Fist_P0_Attack_Hit_N_Fwd_00_%_00_P1_100_R.xmot
Action: 1
AniPhase: 1
MatchingMotionFound: 1
MarkerScanValid: 1
ContainsReservedSourceMarker: 1
RequiredSourceMask: 0
RequiresFistSource: 1
AuthoredRIGHTCount: 0
FirstRIGHTFrame: -1
AuthoredLEFTCount: 0
FirstLEFTFrame: -1
AuthoredBOTHCount: 0
FirstBOTHFrame: -1
AuthoredOFFCount: 0
FirstOFFFrame: -1
AuthoredFISTCount: 1
FirstFISTFrame: 3
RightSourceResolved: 1
RightSourceName: Fist
RightSourceAddress: C2D0A210
RightSourceUseType: 8
RightSourceCollisionGroup: 0
LeftSourceResolved: 0
FistSourceResolved: 1
FistSourceName: Fist
FistSourceAddress: C2D0A210
FistSourceUseType: 8
FistSourceCollisionGroup: 0
SuppressNativeCallback: 1
=====================================

===== ENGINE SetCollisionGroup =====
ElapsedMs: 78967.082
Source: Fist
SourceAddress: C2D08210
SlotAssociation: NONE
PlayerAction: 1
PlayerAniPhase: 1
PlayerStateTime: 0.113983
PlayerCurrentMovementAni: Hero_Stand_None_Fist_P0_Attack_Hit_N_Fwd_00_%_00_P1_100_R.xmot
RequestedGroup: 7
BeforeGroup: 0
AfterGroup: 0
RetiredMarkerSourceBitCount: 0
====================================

===== FIST RECEIVED =====
ElapsedMs: 78980.478
Actor: PC_Hero
Action: 1
AniPhase: 1
StateTime: 0.127962
StatePositionBeforeMarker: 0
CurrentMovementAni: Hero_Stand_None_Fist_P0_Attack_Hit_N_Fwd_00_%_00_P1_100_R.xmot
MarkerName: G3AB_COL_FIST
MarkerOpcode: FIST
StatePositionAfterMarker: 0
C1GenerationValid: 1
C1Generation: 54
MarkerAction: ACCEPTED
AuthoredMarkerOccurrences: 1
AcceptedMarkerOccurrencesBefore: 0
AcceptedMarkerOccurrencesAfter: 1
ExecutionBudgetReset: 1
PreviousSourceMask: 0
DesiredSourceMask: 0
RetiredSourceMask: 0
OwnedMaskAtOff: 0
MarkerOwnedWeaponMask: 0
ActivatedSourceCount: 0
RetiredSourceCount: 0
DeactivatedSourceCount: 0
TriggeredListClearCount: 1
FistSourceResolved: 1
FistSourceAddress: C2D0A210
FistUseType: 8
FistGroupBefore: 0
FistGroupAfter: 0
FistTriggeredListCleared: 1
===========================

===== C1 FINALIZATION =====
ElapsedMs: 79194.955
Reason: AISETSTATE_AFTER_ORIGINAL
Actor: PC_Hero
Generation: 54
Status: PERSISTED
TrackedSourceCount: 1
Source[0].Outcome: NO_OP_NO_OUTSTANDING
Source[0].Address: C2D0A210
Source[0].LivenessEstablished: 1
Source[0].Name: Fist
Source[0].OriginalSide: RIGHT
Source[0].CurrentSideMask: 1
Source[0].OffensiveRequestCount: 0
Source[0].OutstandingBeforeFinalization: 0
Source[0].CleanupObservedBeforeFinalization: 0
Source[0].ActualGroupBeforeRepair: 0
Source[0].RepairAttempted: 0
Source[0].PhysicalCollisionChanged: 0
PhysicalCollisionChanged: 0
===========================

===== C1 LIFECYCLE START =====
ElapsedMs: 79514.317
Actor: PC_Hero
Generation: 56
Status: CANDIDATE
ReplacedGeneration: 0
ReplacedOutstanding: 0
TrackedSourceCount: 1
Source[0].Address: C2D0A210
Source[0].Side: RIGHT
Source[0].ActualGroup: 0
==============================

===== C1 SCRIPT BINDING =====
ElapsedMs: 79514.329
Event: COMBAT_MOVE_CANDIDATE_BOUND
Actor: PC_Hero
Generation: 56
Status: CANDIDATE
Outstanding: 0
ScriptFunction: _AI_Attack
SourceAddress: 00000000
=============================

===== C1 LIFECYCLE STATUS =====
ElapsedMs: 79514.400
Event: PERSISTED
Actor: PC_Hero
Generation: 56
Status: PERSISTED
Outstanding: 0
===============================

===== MARKER OWNERSHIP DECISION =====
ElapsedMs: 79514.419
Actor: PC_Hero
Family: NORMAL
CurrentMovementAni: Hero_Stand_None_Fist_P1_Attack_Hit_N_Fwd_00_%_00_P0_100_L.xmot
Action: 1
AniPhase: 1
MatchingMotionFound: 1
MarkerScanValid: 1
ContainsReservedSourceMarker: 0
RequiredSourceMask: 0
RequiresFistSource: 0
AuthoredRIGHTCount: 0
FirstRIGHTFrame: -1
AuthoredLEFTCount: 0
FirstLEFTFrame: -1
AuthoredBOTHCount: 0
FirstBOTHFrame: -1
AuthoredOFFCount: 0
FirstOFFFrame: -1
AuthoredFISTCount: 0
FirstFISTFrame: -1
RightSourceResolved: 1
RightSourceName: Fist
RightSourceAddress: C2D0A210
RightSourceUseType: 8
RightSourceCollisionGroup: 0
LeftSourceResolved: 0
SuppressNativeCallback: 0
=====================================

===== ENGINE SetCollisionGroup =====
ElapsedMs: 79605.836
Source: Fist
SourceAddress: C2D08210
SlotAssociation: NONE
PlayerAction: 1
PlayerAniPhase: 1
PlayerStateTime: 0.107001
PlayerCurrentMovementAni: Hero_Stand_None_Fist_P1_Attack_Hit_N_Fwd_00_%_00_P0_100_L.xmot
RequestedGroup: 7
BeforeGroup: 0
AfterGroup: 0
RetiredMarkerSourceBitCount: 0
====================================

===== ENGINE SetCollisionGroup =====
ElapsedMs: 79763.030
Source: Fist
SourceAddress: C2D0A210
SlotAssociation: RIGHT
PlayerAction: 1
PlayerAniPhase: 1
PlayerStateTime: 0.250976
PlayerCurrentMovementAni: Hero_Stand_None_Fist_P1_Attack_Hit_N_Fwd_00_%_00_P0_100_L.xmot
RequestedGroup: 7
BeforeGroup: 0
AfterGroup: 0
RetiredMarkerSourceBitCount: 0
====================================

===== C1 FINALIZATION =====
ElapsedMs: 79839.152
Reason: AISETSTATE_AFTER_ORIGINAL
Actor: PC_Hero
Generation: 56
Status: PERSISTED
TrackedSourceCount: 1
Source[0].Outcome: NO_OP_NO_OUTSTANDING
Source[0].Address: C2D0A210
Source[0].LivenessEstablished: 1
Source[0].Name: Fist
Source[0].OriginalSide: RIGHT
Source[0].CurrentSideMask: 1
Source[0].OffensiveRequestCount: 0
Source[0].OutstandingBeforeFinalization: 0
Source[0].CleanupObservedBeforeFinalization: 0
Source[0].ActualGroupBeforeRepair: 0
Source[0].RepairAttempted: 0
Source[0].PhysicalCollisionChanged: 0
PhysicalCollisionChanged: 0
===========================

===== C1 LIFECYCLE START =====
ElapsedMs: 80179.124
Actor: PC_Hero
Generation: 58
Status: CANDIDATE
ReplacedGeneration: 0
ReplacedOutstanding: 0
TrackedSourceCount: 1
Source[0].Address: C2D0A210
Source[0].Side: RIGHT
Source[0].ActualGroup: 0
==============================

===== C1 SCRIPT BINDING =====
ElapsedMs: 80179.162
Event: COMBAT_MOVE_CANDIDATE_BOUND
Actor: PC_Hero
Generation: 58
Status: CANDIDATE
Outstanding: 0
ScriptFunction: _AI_Attack
SourceAddress: 00000000
=============================

===== C1 LIFECYCLE STATUS =====
ElapsedMs: 80179.340
Event: PERSISTED
Actor: PC_Hero
Generation: 58
Status: PERSISTED
Outstanding: 0
===============================

===== MARKER OWNERSHIP DECISION =====
ElapsedMs: 80179.360
Actor: PC_Hero
Family: NORMAL
CurrentMovementAni: Hero_Stand_None_Fist_P0_Attack_Hit_N_Fwd_00_%_00_P1_100_R.xmot
Action: 1
AniPhase: 1
MatchingMotionFound: 1
MarkerScanValid: 1
ContainsReservedSourceMarker: 1
RequiredSourceMask: 0
RequiresFistSource: 1
AuthoredRIGHTCount: 0
FirstRIGHTFrame: -1
AuthoredLEFTCount: 0
FirstLEFTFrame: -1
AuthoredBOTHCount: 0
FirstBOTHFrame: -1
AuthoredOFFCount: 0
FirstOFFFrame: -1
AuthoredFISTCount: 1
FirstFISTFrame: 3
RightSourceResolved: 1
RightSourceName: Fist
RightSourceAddress: C2D0A210
RightSourceUseType: 8
RightSourceCollisionGroup: 0
LeftSourceResolved: 0
FistSourceResolved: 1
FistSourceName: Fist
FistSourceAddress: C2D0A210
FistSourceUseType: 8
FistSourceCollisionGroup: 0
SuppressNativeCallback: 1
=====================================

===== ENGINE SetCollisionGroup =====
ElapsedMs: 80241.880
Source: Fist
SourceAddress: C2D08210
SlotAssociation: NONE
PlayerAction: 1
PlayerAniPhase: 1
PlayerStateTime: 0.075976
PlayerCurrentMovementAni: Hero_Stand_None_Fist_P0_Attack_Hit_N_Fwd_00_%_00_P1_100_R.xmot
RequestedGroup: 7
BeforeGroup: 0
AfterGroup: 0
RetiredMarkerSourceBitCount: 0
====================================

===== FIST RECEIVED =====
ElapsedMs: 80292.635
Actor: PC_Hero
Action: 1
AniPhase: 1
StateTime: 0.126985
StatePositionBeforeMarker: 0
CurrentMovementAni: Hero_Stand_None_Fist_P0_Attack_Hit_N_Fwd_00_%_00_P1_100_R.xmot
MarkerName: G3AB_COL_FIST
MarkerOpcode: FIST
StatePositionAfterMarker: 0
C1GenerationValid: 1
C1Generation: 58
MarkerAction: ACCEPTED
AuthoredMarkerOccurrences: 1
AcceptedMarkerOccurrencesBefore: 0
AcceptedMarkerOccurrencesAfter: 1
ExecutionBudgetReset: 1
PreviousSourceMask: 0
DesiredSourceMask: 0
RetiredSourceMask: 0
OwnedMaskAtOff: 0
MarkerOwnedWeaponMask: 0
ActivatedSourceCount: 0
RetiredSourceCount: 0
DeactivatedSourceCount: 0
TriggeredListClearCount: 1
FistSourceResolved: 1
FistSourceAddress: C2D0A210
FistUseType: 8
FistGroupBefore: 0
FistGroupAfter: 0
FistTriggeredListCleared: 1
===========================

===== C1 FINALIZATION =====
ElapsedMs: 80506.801
Reason: AISETSTATE_AFTER_ORIGINAL
Actor: PC_Hero
Generation: 58
Status: PERSISTED
TrackedSourceCount: 1
Source[0].Outcome: NO_OP_NO_OUTSTANDING
Source[0].Address: C2D0A210
Source[0].LivenessEstablished: 1
Source[0].Name: Fist
Source[0].OriginalSide: RIGHT
Source[0].CurrentSideMask: 1
Source[0].OffensiveRequestCount: 0
Source[0].OutstandingBeforeFinalization: 0
Source[0].CleanupObservedBeforeFinalization: 0
Source[0].ActualGroupBeforeRepair: 0
Source[0].RepairAttempted: 0
Source[0].PhysicalCollisionChanged: 0
PhysicalCollisionChanged: 0
===========================

===== ENGINE SetCollisionGroup =====
ElapsedMs: 80884.499
Source: Fist
SourceAddress: C2D08210
SlotAssociation: NONE
PlayerAction: 0
PlayerAniPhase: 5
PlayerStateTime: 0.376962
PlayerCurrentMovementAni: Hero_Stand_None_Fist_P1_Ambient_Loop_N_Fwd_00_%_00_P1_0.xmot
RequestedGroup: 7
BeforeGroup: 0
AfterGroup: 0
RetiredMarkerSourceBitCount: 0
====================================

Script_FrameCollisionTest unloading cleanly.
