Script_SpeedSprintProbe loaded. Diagnostics only; no speed composition.
Logging player control calls plus all observed Sprint/Action9 actors.

Hook installed at Script_Game+0x47F6C.

===== SprintSharedPowerHit =====
Entity=PC_Hero
IsPlayer=true
PassedAction=2
CurrentActionBefore=2
RequestedPhase=Hit (1)
CompatibleSpeed=1.000000
CurrentActionAfter=2
CurrentMovementAni=Hero_Stand_None_1H_P0_PowerAttack_Raise_N_Fwd_00_%_00_P0_0_R.xmot
===============================

===== SprintSharedPowerHit =====
Entity=PC_Hero
IsPlayer=true
PassedAction=2
CurrentActionBefore=2
RequestedPhase=Hit (1)
CompatibleSpeed=1.000000
CurrentActionAfter=2
CurrentMovementAni=Hero_Stand_None_1H_P1_PowerAttack_Raise_N_Fwd_00_%_00_P1_0_L.xmot
===============================

===== SprintSharedPowerHit =====
Entity=PC_Hero
IsPlayer=true
PassedAction=2
CurrentActionBefore=2
RequestedPhase=Hit (1)
CompatibleSpeed=1.000000
CurrentActionAfter=2
CurrentMovementAni=Hero_Stand_None_Staff_P0_PowerAttack_Raise_N_Fwd_00_%_00_P0_0_R.xmot
===============================

===== SprintSharedPowerHit =====
Entity=PC_Hero
IsPlayer=true
PassedAction=2
CurrentActionBefore=2
RequestedPhase=Hit (1)
CompatibleSpeed=1.000000
CurrentActionAfter=2
CurrentMovementAni=Hero_Stand_None_Staff_P1_PowerAttack_Raise_N_Fwd_00_%_00_P1_0_L.xmot
===============================

===== SprintSharedPowerHit =====
Entity=PC_Hero
IsPlayer=true
PassedAction=2
CurrentActionBefore=2
RequestedPhase=Hit (1)
CompatibleSpeed=1.000000
CurrentActionAfter=2
CurrentMovementAni=Hero_Stand_None_2H_P0_PowerAttack_Raise_N_Fwd_00_%_00_P0_0_R.xmot
===============================

===== SprintSharedPowerHit =====
Entity=PC_Hero
IsPlayer=true
PassedAction=2
CurrentActionBefore=2
RequestedPhase=Hit (1)
CompatibleSpeed=1.000000
CurrentActionAfter=2
CurrentMovementAni=Hero_Stand_None_2H_P1_PowerAttack_Raise_N_Fwd_00_%_00_P1_0_R.xmot
===============================

===== SprintSharedPowerHit =====
Entity=Transform_Sabertooth_Potion
IsPlayer=true
PassedAction=2
CurrentActionBefore=2
RequestedPhase=Hit (1)
CompatibleSpeed=1.000000
CurrentActionAfter=2
CurrentMovementAni=Sabertooth_Stand_None_Fist_P0_PowerAttack_Raise_N_Fwd_00_%_00_P0_0.xmot
===============================

===== SprintSharedPowerHit =====
Entity=Transform_Sabertooth_Potion
IsPlayer=true
PassedAction=2
CurrentActionBefore=2
RequestedPhase=Hit (1)
CompatibleSpeed=1.000000
CurrentActionAfter=2
CurrentMovementAni=Sabertooth_Stand_None_Fist_P0_PowerAttack_Raise_N_Fwd_00_%_00_P0_0.xmot
===============================

===== SprintSharedPowerHit =====
Entity=Transform_Sabertooth_Potion
IsPlayer=true
PassedAction=2
CurrentActionBefore=2
RequestedPhase=Hit (1)
CompatibleSpeed=1.000000
CurrentActionAfter=2
CurrentMovementAni=Sabertooth_Stand_None_Fist_P0_PowerAttack_Raise_N_Fwd_00_%_00_P0_0.xmot
===============================

===== SprintSharedPowerHit =====
Entity=PC_Hero
IsPlayer=true
PassedAction=2
CurrentActionBefore=2
RequestedPhase=Hit (1)
CompatibleSpeed=0.800000
CurrentActionAfter=2
CurrentMovementAni=Hero_Stand_None_Fist_P0_PowerAttack_Raise_N_Fwd_00_%_00_P0_0_R.xmot
===============================

===== SprintSharedPowerHit =====
Entity=PC_Hero
IsPlayer=true
PassedAction=2
CurrentActionBefore=2
RequestedPhase=Hit (1)
CompatibleSpeed=0.800000
CurrentActionAfter=2
CurrentMovementAni=Hero_Stand_None_Fist_P1_PowerAttack_Raise_N_Fwd_00_%_00_P1_0_L.xmot
===============================

Script_SpeedSprintProbe unloading.
