Script_SpeedCalibrationProbe loaded. Diagnostics only; returned speeds are unchanged.
Unique observations are deduplicated and capped at 2048. NEW rows are flushed immediately; ROW rows form the final summary.
IMPORTANT: Script_G3AnimationBehaviors.dll must be absent during calibration because it may hook the same caller sites.

Installed 18 proven Hit caller hooks (including 3 Finishing/Action15 sites) plus the proven Power Raise observation hook.

NEW|Family=Hero|LeftRaw=None(0)|LeftToken=none|RightRaw=Axe(52)|RightToken=2h|PassedAction=Normal(1)|CurrentBefore=Normal(1)|CurrentAfter=Normal(1)|Phase=Hit(1)|Speed=0.700000|NewBalance=false|G3AB=false|Count=1|Player=1|NPC=0|SampleEntity=PC_Hero|SampleAni=Hero_Stand_None_2H_P0_HoldRight_End_N_Fwd_00_%_00_P0_0.xmot
NEW|Family=Hero|LeftRaw=None(0)|LeftToken=none|RightRaw=Axe(52)|RightToken=2h|PassedAction=QuickR(4)|CurrentBefore=QuickR(4)|CurrentAfter=QuickR(4)|Phase=Hit(1)|Speed=1.000000|NewBalance=false|G3AB=false|Count=1|Player=1|NPC=0|SampleEntity=PC_Hero|SampleAni=Hero_Stand_None_2H_P0_Ambient_Loop_N_Fwd_00_%_00_P0_0.xmot
NEW|Family=Hero|LeftRaw=None(0)|LeftToken=none|RightRaw=Axe(52)|RightToken=2h|PassedAction=QuickL(5)|CurrentBefore=QuickL(5)|CurrentAfter=QuickL(5)|Phase=Hit(1)|Speed=1.000000|NewBalance=false|G3AB=false|Count=1|Player=1|NPC=0|SampleEntity=PC_Hero|SampleAni=Hero_Stand_None_2H_P1_Parade_Begin_N_Fwd_00_%_00_P0_0.xmot
NEW|Family=Hero|LeftRaw=None(0)|LeftToken=none|RightRaw=Axe(52)|RightToken=2h|PassedAction=Power(2)|CurrentBefore=Power(2)|CurrentAfter=Power(2)|Phase=Raise(0)|Speed=1.500000|NewBalance=false|G3AB=false|Count=1|Player=1|NPC=0|SampleEntity=PC_Hero|SampleAni=Hero_Stand_None_2H_P0_QuickAttackL_Recover_N_Fwd_00_%_00_P0_0_L.xmot
NEW|Family=Hero|LeftRaw=None(0)|LeftToken=none|RightRaw=Axe(52)|RightToken=2h|PassedAction=Power(2)|CurrentBefore=Power(2)|CurrentAfter=Power(2)|Phase=Hit(1)|Speed=1.000000|NewBalance=false|G3AB=false|Count=1|Player=1|NPC=0|SampleEntity=PC_Hero|SampleAni=Hero_Stand_None_2H_P0_PowerAttack_Raise_N_Fwd_00_%_00_P0_0_R.xmot
NEW|Family=Hero|LeftRaw=None(0)|LeftToken=none|RightRaw=Axe(52)|RightToken=2h|PassedAction=Hack(14)|CurrentBefore=Hack(14)|CurrentAfter=Hack(14)|Phase=Hit(1)|Speed=1.000000|NewBalance=false|G3AB=false|Count=1|Player=1|NPC=0|SampleEntity=PC_Hero|SampleAni=Hero_Parade_None_2H_P0_Ambient_Loop_N_Fwd_00_%_00_P0_0.xmot
NEW|Family=Hero|LeftRaw=None(0)|LeftToken=none|RightRaw=Axe(52)|RightToken=2h|PassedAction=Whirl(10)|CurrentBefore=Whirl(10)|CurrentAfter=Whirl(10)|Phase=Hit(1)|Speed=1.000000|NewBalance=false|G3AB=false|Count=1|Player=1|NPC=0|SampleEntity=PC_Hero|SampleAni=Hero_Parade_None_2H_P0_FinishingAttack_Raise_N_Fwd_00_%_00_P0_0.xmot
NEW|Family=Hero|LeftRaw=None(0)|LeftToken=none|RightRaw=Unknown(15)|RightToken=unsupported|PassedAction=Other(48)|CurrentBefore=Other(48)|CurrentAfter=Other(48)|Phase=Hit(1)|Speed=1.500000|NewBalance=false|G3AB=false|Count=1|Player=1|NPC=0|SampleEntity=PC_Hero|SampleAni=Hero_Stand_None_Cast_P0_Move_Turn90_N_Left_00_%_00_P0_0.xmot
NEW|Family=Hero|LeftRaw=None(0)|LeftToken=none|RightRaw=Halberd(51)|RightToken=staff|PassedAction=Normal(1)|CurrentBefore=Normal(1)|CurrentAfter=Normal(1)|Phase=Hit(1)|Speed=0.700000|NewBalance=false|G3AB=false|Count=1|Player=1|NPC=0|SampleEntity=PC_Hero|SampleAni=Hero_Stand_None_Staff_P0_HoldRight_End_N_Fwd_00_%_00_P0_0.xmot
NEW|Family=Hero|LeftRaw=None(0)|LeftToken=none|RightRaw=Halberd(51)|RightToken=staff|PassedAction=QuickR(4)|CurrentBefore=QuickR(4)|CurrentAfter=QuickR(4)|Phase=Hit(1)|Speed=1.000000|NewBalance=false|G3AB=false|Count=1|Player=1|NPC=0|SampleEntity=PC_Hero|SampleAni=Hero_Stand_None_Staff_P0_Attack_Recover_N_Fwd_00_%_00_P0_0_L.xmot
NEW|Family=Hero|LeftRaw=None(0)|LeftToken=none|RightRaw=Halberd(51)|RightToken=staff|PassedAction=QuickL(5)|CurrentBefore=QuickL(5)|CurrentAfter=QuickL(5)|Phase=Hit(1)|Speed=1.000000|NewBalance=false|G3AB=false|Count=1|Player=1|NPC=0|SampleEntity=PC_Hero|SampleAni=Hero_Stand_None_Staff_P1_Parade_Begin_N_Fwd_00_%_00_P0_0.xmot
NEW|Family=Hero|LeftRaw=None(0)|LeftToken=none|RightRaw=Halberd(51)|RightToken=staff|PassedAction=Power(2)|CurrentBefore=Power(2)|CurrentAfter=Power(2)|Phase=Raise(0)|Speed=1.500000|NewBalance=false|G3AB=false|Count=1|Player=1|NPC=0|SampleEntity=PC_Hero|SampleAni=Hero_Stand_None_Staff_P0_QuickAttackL_Recover_N_Fwd_00_%_00_P0_0_L.xmot
NEW|Family=Hero|LeftRaw=None(0)|LeftToken=none|RightRaw=Halberd(51)|RightToken=staff|PassedAction=Power(2)|CurrentBefore=Power(2)|CurrentAfter=Power(2)|Phase=Hit(1)|Speed=1.000000|NewBalance=false|G3AB=false|Count=1|Player=1|NPC=0|SampleEntity=PC_Hero|SampleAni=Hero_Stand_None_Staff_P0_PowerAttack_Raise_N_Fwd_00_%_00_P0_0_R.xmot
NEW|Family=Hero|LeftRaw=None(0)|LeftToken=none|RightRaw=Halberd(51)|RightToken=staff|PassedAction=Whirl(10)|CurrentBefore=Whirl(10)|CurrentAfter=Whirl(10)|Phase=Hit(1)|Speed=1.000000|NewBalance=false|G3AB=false|Count=1|Player=1|NPC=0|SampleEntity=PC_Hero|SampleAni=Hero_Parade_None_Staff_P0_Ambient_Loop_N_Fwd_00_%_00_P0_0.xmot
NEW|Family=Hero|LeftRaw=None(0)|LeftToken=none|RightRaw=Halberd(51)|RightToken=staff|PassedAction=Hack(14)|CurrentBefore=Hack(14)|CurrentAfter=Hack(14)|Phase=Hit(1)|Speed=1.000000|NewBalance=false|G3AB=false|Count=1|Player=1|NPC=0|SampleEntity=PC_Hero|SampleAni=Hero_Parade_None_Staff_P0_Ambient_Loop_N_Fwd_00_%_00_P0_0.xmot

===== FINAL SUMMARY =====
InterceptedCalls=33
UniqueObservations=15
DroppedUniqueObservations=0
ROW|Family=Hero|LeftRaw=None(0)|LeftToken=none|RightRaw=Unknown(15)|RightToken=unsupported|PassedAction=Other(48)|CurrentBefore=Other(48)|CurrentAfter=Other(48)|Phase=Hit(1)|Speed=1.500000|NewBalance=false|G3AB=false|Count=4|Player=4|NPC=0|SampleEntity=PC_Hero|SampleAni=Hero_Stand_None_Cast_P0_Move_Turn90_N_Left_00_%_00_P0_0.xmot
ROW|Family=Hero|LeftRaw=None(0)|LeftToken=none|RightRaw=Halberd(51)|RightToken=staff|PassedAction=Normal(1)|CurrentBefore=Normal(1)|CurrentAfter=Normal(1)|Phase=Hit(1)|Speed=0.700000|NewBalance=false|G3AB=false|Count=2|Player=2|NPC=0|SampleEntity=PC_Hero|SampleAni=Hero_Stand_None_Staff_P0_HoldRight_End_N_Fwd_00_%_00_P0_0.xmot
ROW|Family=Hero|LeftRaw=None(0)|LeftToken=none|RightRaw=Halberd(51)|RightToken=staff|PassedAction=Power(2)|CurrentBefore=Power(2)|CurrentAfter=Power(2)|Phase=Raise(0)|Speed=1.500000|NewBalance=false|G3AB=false|Count=2|Player=2|NPC=0|SampleEntity=PC_Hero|SampleAni=Hero_Stand_None_Staff_P0_QuickAttackL_Recover_N_Fwd_00_%_00_P0_0_L.xmot
ROW|Family=Hero|LeftRaw=None(0)|LeftToken=none|RightRaw=Halberd(51)|RightToken=staff|PassedAction=Power(2)|CurrentBefore=Power(2)|CurrentAfter=Power(2)|Phase=Hit(1)|Speed=1.000000|NewBalance=false|G3AB=false|Count=2|Player=2|NPC=0|SampleEntity=PC_Hero|SampleAni=Hero_Stand_None_Staff_P0_PowerAttack_Raise_N_Fwd_00_%_00_P0_0_R.xmot
ROW|Family=Hero|LeftRaw=None(0)|LeftToken=none|RightRaw=Halberd(51)|RightToken=staff|PassedAction=QuickR(4)|CurrentBefore=QuickR(4)|CurrentAfter=QuickR(4)|Phase=Hit(1)|Speed=1.000000|NewBalance=false|G3AB=false|Count=1|Player=1|NPC=0|SampleEntity=PC_Hero|SampleAni=Hero_Stand_None_Staff_P0_Attack_Recover_N_Fwd_00_%_00_P0_0_L.xmot
ROW|Family=Hero|LeftRaw=None(0)|LeftToken=none|RightRaw=Halberd(51)|RightToken=staff|PassedAction=QuickL(5)|CurrentBefore=QuickL(5)|CurrentAfter=QuickL(5)|Phase=Hit(1)|Speed=1.000000|NewBalance=false|G3AB=false|Count=1|Player=1|NPC=0|SampleEntity=PC_Hero|SampleAni=Hero_Stand_None_Staff_P1_Parade_Begin_N_Fwd_00_%_00_P0_0.xmot
ROW|Family=Hero|LeftRaw=None(0)|LeftToken=none|RightRaw=Halberd(51)|RightToken=staff|PassedAction=Whirl(10)|CurrentBefore=Whirl(10)|CurrentAfter=Whirl(10)|Phase=Hit(1)|Speed=1.000000|NewBalance=false|G3AB=false|Count=1|Player=1|NPC=0|SampleEntity=PC_Hero|SampleAni=Hero_Parade_None_Staff_P0_Ambient_Loop_N_Fwd_00_%_00_P0_0.xmot
ROW|Family=Hero|LeftRaw=None(0)|LeftToken=none|RightRaw=Halberd(51)|RightToken=staff|PassedAction=Hack(14)|CurrentBefore=Hack(14)|CurrentAfter=Hack(14)|Phase=Hit(1)|Speed=1.000000|NewBalance=false|G3AB=false|Count=3|Player=3|NPC=0|SampleEntity=PC_Hero|SampleAni=Hero_Parade_None_Staff_P0_Ambient_Loop_N_Fwd_00_%_00_P0_0.xmot
ROW|Family=Hero|LeftRaw=None(0)|LeftToken=none|RightRaw=Axe(52)|RightToken=2h|PassedAction=Normal(1)|CurrentBefore=Normal(1)|CurrentAfter=Normal(1)|Phase=Hit(1)|Speed=0.700000|NewBalance=false|G3AB=false|Count=2|Player=2|NPC=0|SampleEntity=PC_Hero|SampleAni=Hero_Stand_None_2H_P0_HoldRight_End_N_Fwd_00_%_00_P0_0.xmot
ROW|Family=Hero|LeftRaw=None(0)|LeftToken=none|RightRaw=Axe(52)|RightToken=2h|PassedAction=Power(2)|CurrentBefore=Power(2)|CurrentAfter=Power(2)|Phase=Raise(0)|Speed=1.500000|NewBalance=false|G3AB=false|Count=2|Player=2|NPC=0|SampleEntity=PC_Hero|SampleAni=Hero_Stand_None_2H_P0_QuickAttackL_Recover_N_Fwd_00_%_00_P0_0_L.xmot
ROW|Family=Hero|LeftRaw=None(0)|LeftToken=none|RightRaw=Axe(52)|RightToken=2h|PassedAction=Power(2)|CurrentBefore=Power(2)|CurrentAfter=Power(2)|Phase=Hit(1)|Speed=1.000000|NewBalance=false|G3AB=false|Count=2|Player=2|NPC=0|SampleEntity=PC_Hero|SampleAni=Hero_Stand_None_2H_P0_PowerAttack_Raise_N_Fwd_00_%_00_P0_0_R.xmot
ROW|Family=Hero|LeftRaw=None(0)|LeftToken=none|RightRaw=Axe(52)|RightToken=2h|PassedAction=QuickR(4)|CurrentBefore=QuickR(4)|CurrentAfter=QuickR(4)|Phase=Hit(1)|Speed=1.000000|NewBalance=false|G3AB=false|Count=3|Player=3|NPC=0|SampleEntity=PC_Hero|SampleAni=Hero_Stand_None_2H_P0_Ambient_Loop_N_Fwd_00_%_00_P0_0.xmot
ROW|Family=Hero|LeftRaw=None(0)|LeftToken=none|RightRaw=Axe(52)|RightToken=2h|PassedAction=QuickL(5)|CurrentBefore=QuickL(5)|CurrentAfter=QuickL(5)|Phase=Hit(1)|Speed=1.000000|NewBalance=false|G3AB=false|Count=3|Player=3|NPC=0|SampleEntity=PC_Hero|SampleAni=Hero_Stand_None_2H_P1_Parade_Begin_N_Fwd_00_%_00_P0_0.xmot
ROW|Family=Hero|LeftRaw=None(0)|LeftToken=none|RightRaw=Axe(52)|RightToken=2h|PassedAction=Whirl(10)|CurrentBefore=Whirl(10)|CurrentAfter=Whirl(10)|Phase=Hit(1)|Speed=1.000000|NewBalance=false|G3AB=false|Count=1|Player=1|NPC=0|SampleEntity=PC_Hero|SampleAni=Hero_Parade_None_2H_P0_FinishingAttack_Raise_N_Fwd_00_%_00_P0_0.xmot
ROW|Family=Hero|LeftRaw=None(0)|LeftToken=none|RightRaw=Axe(52)|RightToken=2h|PassedAction=Hack(14)|CurrentBefore=Hack(14)|CurrentAfter=Hack(14)|Phase=Hit(1)|Speed=1.000000|NewBalance=false|G3AB=false|Count=4|Player=4|NPC=0|SampleEntity=PC_Hero|SampleAni=Hero_Parade_None_2H_P0_Ambient_Loop_N_Fwd_00_%_00_P0_0.xmot
===== END SUMMARY =====
