Script_FrameCollisionTest v0.9 loaded.
GENERALIZED ACTOR / WEAPON-SLOT PROTOTYPE.
NO IsPlayer restriction.
NO 2H / Staff / 1H use-type restriction.
NO P0/P1/P2 restriction.
Normal eligibility: current animation contains _Attack_Hit_ and G3AB_COL_TEST.
Quick eligibility: OnAI_QuickAttack + exact Quick/QuickR/QuickL action + Hit phase + G3AB_COL_TEST.
Accepted Quick marker completes one-shot callback bookkeeping: StatePosition -> 1.
FIST CAUSAL TEST: raw Fist/PhysicalFist skips SetCollisionGroup(Item_Attack).
FIST CAUSAL TEST: ClearTriggeredList remains active.
Prototype source resolver: current actor RIGHT-HAND equipped item.
If a marked animation has no right-hand item, its original attack callback is NOT suppressed.
This protects unarmed/monster attacks until body-source resolution is implemented.
Marker action: non-Fist -> Item_Attack + ClearTriggeredList; Fist -> ClearTriggeredList only.
No custom collision-OFF cleanup; Gothic 3 owns Hit->Recover reset.
Known collision groups: Item_Equipped=5, Item_Attack=7.

Installing hooks...
Hooks installed.

===== MARKER OWNERSHIP DECISION =====
ElapsedMs: 68291.799
Actor: PC_Hero
CurrentMovementAni: Hero_Stand_None_Fist_P0_Attack_Hit_N_Fwd_00_%_00_P1_100_R.xmot
MatchingMotionFound: 1
FrameEffectCount: 2
Contains_G3AB_COL_TEST: 1
MarkerFrame: 3
RightHandSourceResolved: 1
ResolvedSource: Fist
ResolvedSourceUseType: 8
ResolvedSourceCollisionGroup: 0
Decision: FRAME-CONTROLLED - suppress original timer callback
=====================================

===== G3AB_COL_TEST RECEIVED =====
ElapsedMs: 68400.796
Actor: PC_Hero
Action: 1
AniPhase: 1
StateTime: 0.120992
StatePosition: 0
CurrentMovementAni: Hero_Stand_None_Fist_P0_Attack_Hit_N_Fwd_00_%_00_P1_100_R.xmot
RightHandSourceResolved: 1
ResolvedSource: Fist
ResolvedSourceUseType: 8
ResolvedSourceCollisionGroup: 0
MarkerAction: ACCEPTED
AuthoredMarkerFrame: 3
CollisionGroupBeforeMarker: 0
CollisionGroupAfterMarker: 0
ResolvedSourceUseTypeAtMarker: 8
SetCollisionGroupAction: SKIPPED_FOR_FIST_CAUSAL_TEST
TriggeredDamageList: CLEARED
Original StartEffect for marker: NOT CALLED
=================================

===== MARKER OWNERSHIP DECISION =====
ElapsedMs: 71284.556
Actor: PC_Hero
CurrentMovementAni: Hero_Stand_None_Fist_P1_Attack_Hit_N_Fwd_00_%_00_P0_100_L.xmot
MatchingMotionFound: 1
FrameEffectCount: 1
Contains_G3AB_COL_TEST: 0
MarkerFrame: -1
RightHandSourceResolved: 1
ResolvedSource: Fist
ResolvedSourceUseType: 8
ResolvedSourceCollisionGroup: 0
Decision: LEGACY/NATIVE - call original timer callback
=====================================

===== ENGINE SetCollisionGroup =====
ElapsedMs: 71539.883
Entity: Fist
RequestedGroup: 7
BeforeGroup: 0
AfterGroup: 0
Item_EquippedValue: 5
Item_AttackValue: 7
====================================

===== MARKER OWNERSHIP DECISION =====
ElapsedMs: 73125.809
Actor: PC_Hero
CurrentMovementAni: Hero_Stand_None_Fist_P0_Attack_Hit_N_Fwd_00_%_00_P1_100_R.xmot
MatchingMotionFound: 1
FrameEffectCount: 2
Contains_G3AB_COL_TEST: 1
MarkerFrame: 3
RightHandSourceResolved: 1
ResolvedSource: Fist
ResolvedSourceUseType: 8
ResolvedSourceCollisionGroup: 0
Decision: FRAME-CONTROLLED - suppress original timer callback
=====================================

===== G3AB_COL_TEST RECEIVED =====
ElapsedMs: 73241.362
Actor: PC_Hero
Action: 1
AniPhase: 1
StateTime: 0.128976
StatePosition: 0
CurrentMovementAni: Hero_Stand_None_Fist_P0_Attack_Hit_N_Fwd_00_%_00_P1_100_R.xmot
RightHandSourceResolved: 1
ResolvedSource: Fist
ResolvedSourceUseType: 8
ResolvedSourceCollisionGroup: 0
MarkerAction: ACCEPTED
AuthoredMarkerFrame: 3
CollisionGroupBeforeMarker: 0
CollisionGroupAfterMarker: 0
ResolvedSourceUseTypeAtMarker: 8
SetCollisionGroupAction: SKIPPED_FOR_FIST_CAUSAL_TEST
TriggeredDamageList: CLEARED
Original StartEffect for marker: NOT CALLED
=================================

===== MARKER OWNERSHIP DECISION =====
ElapsedMs: 74184.269
Actor: PC_Hero
CurrentMovementAni: Hero_Stand_None_Fist_P1_Attack_Hit_N_Fwd_00_%_00_P0_100_L.xmot
MatchingMotionFound: 1
FrameEffectCount: 1
Contains_G3AB_COL_TEST: 0
MarkerFrame: -1
RightHandSourceResolved: 1
ResolvedSource: Fist
ResolvedSourceUseType: 8
ResolvedSourceCollisionGroup: 0
Decision: LEGACY/NATIVE - call original timer callback
=====================================

===== ENGINE SetCollisionGroup =====
ElapsedMs: 74434.687
Entity: Fist
RequestedGroup: 7
BeforeGroup: 0
AfterGroup: 0
Item_EquippedValue: 5
Item_AttackValue: 7
====================================

===== MARKER OWNERSHIP DECISION =====
ElapsedMs: 75091.267
Actor: PC_Hero
CurrentMovementAni: Hero_Stand_None_Fist_P0_Attack_Hit_N_Fwd_00_%_00_P1_100_R.xmot
MatchingMotionFound: 1
FrameEffectCount: 2
Contains_G3AB_COL_TEST: 1
MarkerFrame: 3
RightHandSourceResolved: 1
ResolvedSource: Fist
ResolvedSourceUseType: 8
ResolvedSourceCollisionGroup: 0
Decision: FRAME-CONTROLLED - suppress original timer callback
=====================================

===== G3AB_COL_TEST RECEIVED =====
ElapsedMs: 75211.715
Actor: PC_Hero
Action: 1
AniPhase: 1
StateTime: 0.131958
StatePosition: 0
CurrentMovementAni: Hero_Stand_None_Fist_P0_Attack_Hit_N_Fwd_00_%_00_P1_100_R.xmot
RightHandSourceResolved: 1
ResolvedSource: Fist
ResolvedSourceUseType: 8
ResolvedSourceCollisionGroup: 0
MarkerAction: ACCEPTED
AuthoredMarkerFrame: 3
CollisionGroupBeforeMarker: 0
CollisionGroupAfterMarker: 0
ResolvedSourceUseTypeAtMarker: 8
SetCollisionGroupAction: SKIPPED_FOR_FIST_CAUSAL_TEST
TriggeredDamageList: CLEARED
Original StartEffect for marker: NOT CALLED
=================================

===== MARKER OWNERSHIP DECISION =====
ElapsedMs: 75876.921
Actor: PC_Hero
CurrentMovementAni: Hero_Stand_None_Fist_P1_Attack_Hit_N_Fwd_00_%_00_P0_100_L.xmot
MatchingMotionFound: 1
FrameEffectCount: 1
Contains_G3AB_COL_TEST: 0
MarkerFrame: -1
RightHandSourceResolved: 1
ResolvedSource: Fist
ResolvedSourceUseType: 8
ResolvedSourceCollisionGroup: 0
Decision: LEGACY/NATIVE - call original timer callback
=====================================

===== ENGINE SetCollisionGroup =====
ElapsedMs: 76134.302
Entity: Fist
RequestedGroup: 7
BeforeGroup: 0
AfterGroup: 0
Item_EquippedValue: 5
Item_AttackValue: 7
====================================

===== MARKER OWNERSHIP DECISION =====
ElapsedMs: 76700.731
Actor: PC_Hero
CurrentMovementAni: Hero_Stand_None_Fist_P0_Attack_Hit_N_Fwd_00_%_00_P1_100_R.xmot
MatchingMotionFound: 1
FrameEffectCount: 2
Contains_G3AB_COL_TEST: 1
MarkerFrame: 3
RightHandSourceResolved: 1
ResolvedSource: Fist
ResolvedSourceUseType: 8
ResolvedSourceCollisionGroup: 0
Decision: FRAME-CONTROLLED - suppress original timer callback
=====================================

===== G3AB_COL_TEST RECEIVED =====
ElapsedMs: 76816.024
Actor: PC_Hero
Action: 1
AniPhase: 1
StateTime: 0.127998
StatePosition: 0
CurrentMovementAni: Hero_Stand_None_Fist_P0_Attack_Hit_N_Fwd_00_%_00_P1_100_R.xmot
RightHandSourceResolved: 1
ResolvedSource: Fist
ResolvedSourceUseType: 8
ResolvedSourceCollisionGroup: 0
MarkerAction: ACCEPTED
AuthoredMarkerFrame: 3
CollisionGroupBeforeMarker: 0
CollisionGroupAfterMarker: 0
ResolvedSourceUseTypeAtMarker: 8
SetCollisionGroupAction: SKIPPED_FOR_FIST_CAUSAL_TEST
TriggeredDamageList: CLEARED
Original StartEffect for marker: NOT CALLED
=================================

===== G3AB_COL_TEST RECEIVED =====
ElapsedMs: 78909.229
Actor: PC_Hero
Action: 1
AniPhase: 1
StateTime: 0.127990
StatePosition: 0
CurrentMovementAni: Hero_Stand_None_Fist_P0_Attack_Hit_N_Fwd_00_%_00_P1_100_R.xmot
RightHandSourceResolved: 1
ResolvedSource: Fist
ResolvedSourceUseType: 8
ResolvedSourceCollisionGroup: 0
MarkerAction: ACCEPTED
AuthoredMarkerFrame: 3
CollisionGroupBeforeMarker: 0
CollisionGroupAfterMarker: 0
ResolvedSourceUseTypeAtMarker: 8
SetCollisionGroupAction: SKIPPED_FOR_FIST_CAUSAL_TEST
TriggeredDamageList: CLEARED
Original StartEffect for marker: NOT CALLED
=================================

Script_FrameCollisionTest unloading.
