===== PRIMARYFIRST PlayMotion =====
OwnerEntityAddress: EBB66E10
OwnerEntity: PC_Hero
MotionType: 0
Stage: REQUEST_BEFORE_ORIGINAL
ElapsedMs: 34637.812
PrimarySnapshotAvailable: 1
PrimaryMotionName: 
PrimaryHasMotionInstance: 0
PrimaryMotionRunning: 0
PrimaryPlayTime: 0.000000
PrimaryMaxTime: 0.000000
PrimaryPlaySpeed: 0.000000
Stage: RESULT_AFTER_ORIGINAL
ElapsedMs: 34637.825
PrimarySnapshotAvailable: 1
PrimaryMotionName: Hero_Stand_None_2H_P0_Attack_Hit_N_Fwd_00_%_00_P1_90_R.xmot
PrimaryHasMotionInstance: 1
PrimaryMotionRunning: 1
PrimaryPlayTime: 0.000000
PrimaryMaxTime: 0.480000
PrimaryPlaySpeed: 0.700000
CleanupBehaviorChanged: 0
=====================================

===== G3AB_COL_RIGHT RECEIVED =====
ElapsedMs: 35030.330
Actor: PC_Hero
Action: 1
AniPhase: 1
StateTime: 0.409902
StatePosition: 0
CurrentMovementAni: Hero_Stand_None_2H_P0_Attack_Hit_N_Fwd_00_%_00_P1_90_R.xmot
MarkerOpcode: RIGHT
RightHandSourceResolved: 1
RightHandSource: It_2H_Sword_Flamberge
RightHandSourceAddress: E70E8610
RightHandSourceUseType: 3
RightHandSourceCollisionGroup: 5
LeftHandSourceResolved: 0
===== ENGINE SetCollisionGroup =====
ElapsedMs: 35030.361
Entity: It_2H_Sword_Flamberge
ChangedEntityAddress: E70E8610
PlayerSlotMatch: RIGHT
PlayerAction: 1
PlayerAniPhase: 1
PlayerPrimaryPose: 2
PlayerStateTime: 0.409902
PlayerStatePosition: 0
PlayerCurrentMovementAni: Hero_Stand_None_2H_P0_Attack_Hit_N_Fwd_00_%_00_P1_90_R.xmot
PlayerLeftItem: <none>
PlayerLeftItemAddress: 00000000
PlayerLeftUseType: -1
PlayerLeftCollisionGroup: -1
PlayerRightItem: It_2H_Sword_Flamberge
PlayerRightItemAddress: E70E8610
PlayerRightUseType: 3
PlayerRightCollisionGroup: 7
RequestedGroup: 7
BeforeGroup: 5
AfterGroup: 7
Item_EquippedValue: 5
Item_AttackValue: 7
RetiredMarkerExecutionCount: 0
====================================

===== PRIMARYFIRST PlayMotion =====
OwnerEntityAddress: EBB66E10
OwnerEntity: PC_Hero
MotionType: 0
Stage: REQUEST_BEFORE_ORIGINAL
ElapsedMs: 35327.728
PrimarySnapshotAvailable: 1
PrimaryMotionName: 
PrimaryHasMotionInstance: 0
PrimaryMotionRunning: 0
PrimaryPlayTime: 0.000000
PrimaryMaxTime: 0.000000
PrimaryPlaySpeed: 0.000000
Stage: RESULT_AFTER_ORIGINAL
ElapsedMs: 35327.741
PrimarySnapshotAvailable: 1
PrimaryMotionName: Hero_Stand_None_2H_P1_Attack_Recover_N_Fwd_00_%_00_P1_0_R.xmot
PrimaryHasMotionInstance: 1
PrimaryMotionRunning: 1
PrimaryPlayTime: 0.000000
PrimaryMaxTime: 0.880000
PrimaryPlaySpeed: 0.700000
CleanupBehaviorChanged: 0
=====================================

===== ENGINE SetCollisionGroup =====
ElapsedMs: 35327.820
Entity: It_2H_Sword_Flamberge
ChangedEntityAddress: E70E8610
PlayerSlotMatch: RIGHT
PlayerAction: 1
PlayerAniPhase: 3
PlayerPrimaryPose: 2
PlayerStateTime: 0.689907
PlayerStatePosition: 0
PlayerCurrentMovementAni: Hero_Stand_None_2H_P0_Attack_Hit_N_Fwd_00_%_00_P1_90_R.xmot
PlayerLeftItem: <none>
PlayerLeftItemAddress: 00000000
PlayerLeftUseType: -1
PlayerLeftCollisionGroup: -1
PlayerRightItem: It_2H_Sword_Flamberge
PlayerRightItemAddress: E70E8610
PlayerRightUseType: 3
PlayerRightCollisionGroup: 5
RequestedGroup: 5
BeforeGroup: 7
AfterGroup: 5
Item_EquippedValue: 5
Item_AttackValue: 7
RetiredMarkerExecutionCount: 1
====================================

===== PRIMARYFIRST PlayMotion =====
OwnerEntityAddress: EBB66E10
OwnerEntity: PC_Hero
MotionType: 0
Stage: REQUEST_BEFORE_ORIGINAL
ElapsedMs: 38552.358
PrimarySnapshotAvailable: 1
PrimaryMotionName: 
PrimaryHasMotionInstance: 0
PrimaryMotionRunning: 0
PrimaryPlayTime: 0.000000
PrimaryMaxTime: 0.000000
PrimaryPlaySpeed: 0.000000
Stage: RESULT_AFTER_ORIGINAL
ElapsedMs: 38552.371
PrimarySnapshotAvailable: 1
PrimaryMotionName: Hero_Stand_None_2H_P1_Attack_Hit_N_Fwd_00_%_00_P0_90_L.xmot
PrimaryHasMotionInstance: 1
PrimaryMotionRunning: 1
PrimaryPlayTime: 0.000000
PrimaryMaxTime: 0.480000
PrimaryPlaySpeed: 0.700000
CleanupBehaviorChanged: 0
=====================================

===== G3AB_COL_RIGHT RECEIVED =====
ElapsedMs: 38943.601
Actor: PC_Hero
Action: 1
AniPhase: 1
StateTime: 0.407937
StatePosition: 0
CurrentMovementAni: Hero_Stand_None_2H_P1_Attack_Hit_N_Fwd_00_%_00_P0_90_L.xmot
MarkerOpcode: RIGHT
RightHandSourceResolved: 1
RightHandSource: It_2H_Sword_Flamberge
RightHandSourceAddress: E70E8610
RightHandSourceUseType: 3
RightHandSourceCollisionGroup: 5
LeftHandSourceResolved: 0
===== ENGINE SetCollisionGroup =====
ElapsedMs: 38943.633
Entity: It_2H_Sword_Flamberge
ChangedEntityAddress: E70E8610
PlayerSlotMatch: RIGHT
PlayerAction: 1
PlayerAniPhase: 1
PlayerPrimaryPose: 1
PlayerStateTime: 0.407937
PlayerStatePosition: 0
PlayerCurrentMovementAni: Hero_Stand_None_2H_P1_Attack_Hit_N_Fwd_00_%_00_P0_90_L.xmot
PlayerLeftItem: <none>
PlayerLeftItemAddress: 00000000
PlayerLeftUseType: -1
PlayerLeftCollisionGroup: -1
PlayerRightItem: It_2H_Sword_Flamberge
PlayerRightItemAddress: E70E8610
PlayerRightUseType: 3
PlayerRightCollisionGroup: 7
RequestedGroup: 7
BeforeGroup: 5
AfterGroup: 7
Item_EquippedValue: 5
Item_AttackValue: 7
RetiredMarkerExecutionCount: 0
====================================

===== MARKER-OWNED PRIMARY MOTION LIFETIME =====
ElapsedMs: 38970.066
Actor: PC_Hero
OwnedAnimation: Hero_Stand_None_2H_P1_Attack_Hit_N_Fwd_00_%_00_P0_90_L.xmot
OwnedAction: 1
OwnedPhase: 1
ActiveSourceMask: 1
CurrentMovementAni: Hero_Stand_None_2H_P1_Attack_Hit_N_Fwd_00_%_00_P0_90_L.xmot
CurrentAction: 1
CurrentAniPhase: 1
PrimarySnapshotAvailable: 1
PrimaryHasMotionInstance: 1
PrimaryMotionRunning: 1
PrimaryMotionName: Hero_Stand_None_2H_P1_Attack_Hit_N_Fwd_00_%_00_P0_90_L.xmot
PrimaryPlayTime: 0.299556
PrimaryMaxTime: 0.480000
PrimaryPlaySpeed: 0.700000
CurrentMovementMatchesOwned: 1
PrimaryMotionMatchesOwned: 1
CurrentActionPhaseMatchesOwned: 1
FirstLifetimeSnapshot: 1
MovementChanged: 0
ActionChanged: 0
PhaseChanged: 0
PrimaryInstanceChanged: 0
PrimaryRunningChanged: 0
PrimaryNameChanged: 0
PrimaryPlayTimeRolledBack: 0
PrimaryCrossedMotionEnd: 0
CleanupBehaviorChanged: 0
=====================================

===== PRIMARYFIRST PlayMotion =====
OwnerEntityAddress: EBB66E10
OwnerEntity: PC_Hero
MotionType: 0
Stage: REQUEST_BEFORE_ORIGINAL
ElapsedMs: 39241.753
PrimarySnapshotAvailable: 1
PrimaryMotionName: 
PrimaryHasMotionInstance: 0
PrimaryMotionRunning: 0
PrimaryPlayTime: 0.000000
PrimaryMaxTime: 0.000000
PrimaryPlaySpeed: 0.000000
Stage: RESULT_AFTER_ORIGINAL
ElapsedMs: 39241.767
PrimarySnapshotAvailable: 1
PrimaryMotionName: Hero_Stand_None_2H_P0_Attack_Recover_N_Fwd_00_%_00_P0_0_L.xmot
PrimaryHasMotionInstance: 1
PrimaryMotionRunning: 1
PrimaryPlayTime: 0.000000
PrimaryMaxTime: 0.880000
PrimaryPlaySpeed: 0.700000
CleanupBehaviorChanged: 0
=====================================

===== ENGINE SetCollisionGroup =====
ElapsedMs: 39241.854
Entity: It_2H_Sword_Flamberge
ChangedEntityAddress: E70E8610
PlayerSlotMatch: RIGHT
PlayerAction: 1
PlayerAniPhase: 3
PlayerPrimaryPose: 1
PlayerStateTime: 0.688899
PlayerStatePosition: 0
PlayerCurrentMovementAni: Hero_Stand_None_2H_P1_Attack_Hit_N_Fwd_00_%_00_P0_90_L.xmot
PlayerLeftItem: <none>
PlayerLeftItemAddress: 00000000
PlayerLeftUseType: -1
PlayerLeftCollisionGroup: -1
PlayerRightItem: It_2H_Sword_Flamberge
PlayerRightItemAddress: E70E8610
PlayerRightUseType: 3
PlayerRightCollisionGroup: 5
RequestedGroup: 5
BeforeGroup: 7
AfterGroup: 5
Item_EquippedValue: 5
Item_AttackValue: 7
RetiredMarkerExecutionCount: 1
====================================

===== G3AB_COL_RIGHT RECEIVED =====
ElapsedMs: 42568.776
Actor: PC_Hero
Action: 4
AniPhase: 1
StateTime: 0.282951
StatePosition: 0
CurrentMovementAni: Hero_Stand_None_2H_P0_QuickAttackR_Hit_N_Fwd_00_%_00_P1_90_R.xmot
MarkerOpcode: RIGHT
RightHandSourceResolved: 1
RightHandSource: It_2H_Sword_Flamberge
RightHandSourceAddress: E70E8610
RightHandSourceUseType: 3
RightHandSourceCollisionGroup: 5
LeftHandSourceResolved: 0
===== ENGINE SetCollisionGroup =====
ElapsedMs: 42568.805
Entity: It_2H_Sword_Flamberge
ChangedEntityAddress: E70E8610
PlayerSlotMatch: RIGHT
PlayerAction: 4
PlayerAniPhase: 1
PlayerPrimaryPose: 2
PlayerStateTime: 0.282951
PlayerStatePosition: 0
PlayerCurrentMovementAni: Hero_Stand_None_2H_P0_QuickAttackR_Hit_N_Fwd_00_%_00_P1_90_R.xmot
PlayerLeftItem: <none>
PlayerLeftItemAddress: 00000000
PlayerLeftUseType: -1
PlayerLeftCollisionGroup: -1
PlayerRightItem: It_2H_Sword_Flamberge
PlayerRightItemAddress: E70E8610
PlayerRightUseType: 3
PlayerRightCollisionGroup: 7
RequestedGroup: 7
BeforeGroup: 5
AfterGroup: 7
Item_EquippedValue: 5
Item_AttackValue: 7
RetiredMarkerExecutionCount: 0
====================================

===== PRIMARYFIRST PlayMotion =====
OwnerEntityAddress: EBB66E10
OwnerEntity: PC_Hero
MotionType: 0
Stage: REQUEST_BEFORE_ORIGINAL
ElapsedMs: 42792.989
PrimarySnapshotAvailable: 1
PrimaryMotionName: 
PrimaryHasMotionInstance: 0
PrimaryMotionRunning: 0
PrimaryPlayTime: 0.000000
PrimaryMaxTime: 0.000000
PrimaryPlaySpeed: 0.000000
Stage: RESULT_AFTER_ORIGINAL
ElapsedMs: 42793.002
PrimarySnapshotAvailable: 1
PrimaryMotionName: Hero_Stand_None_2H_P1_QuickAttackR_Recover_N_Fwd_00_%_00_P1_0_R.xmot
PrimaryHasMotionInstance: 1
PrimaryMotionRunning: 1
PrimaryPlayTime: 0.000000
PrimaryMaxTime: 0.880000
PrimaryPlaySpeed: 1.000000
CleanupBehaviorChanged: 0
=====================================

===== ENGINE SetCollisionGroup =====
ElapsedMs: 42793.187
Entity: It_2H_Sword_Flamberge
ChangedEntityAddress: E70E8610
PlayerSlotMatch: RIGHT
PlayerAction: 4
PlayerAniPhase: 3
PlayerPrimaryPose: 2
PlayerStateTime: 0.488922
PlayerStatePosition: 1
PlayerCurrentMovementAni: Hero_Stand_None_2H_P0_QuickAttackR_Hit_N_Fwd_00_%_00_P1_90_R.xmot
PlayerLeftItem: <none>
PlayerLeftItemAddress: 00000000
PlayerLeftUseType: -1
PlayerLeftCollisionGroup: -1
PlayerRightItem: It_2H_Sword_Flamberge
PlayerRightItemAddress: E70E8610
PlayerRightUseType: 3
PlayerRightCollisionGroup: 5
RequestedGroup: 5
BeforeGroup: 7
AfterGroup: 5
Item_EquippedValue: 5
Item_AttackValue: 7
RetiredMarkerExecutionCount: 1
====================================

===== ORIGINAL ATTACK CALLBACK Quick BEGIN =====
ActorAddress: EBB66E10
Actor: PC_Hero
CallbackFamily: Quick
Boundary: BEGIN
CurrentAction: 4
CurrentAniPhase: 3
CurrentMovementAni: Hero_Stand_None_2H_P0_QuickAttackR_Hit_N_Fwd_00_%_00_P1_90_R.xmot
Stage: BEGIN
ElapsedMs: 42793.219
PrimarySnapshotAvailable: 1
PrimaryMotionName: Hero_Stand_None_2H_P1_QuickAttackR_Recover_N_Fwd_00_%_00_P1_0_R.xmot
PrimaryHasMotionInstance: 1
PrimaryMotionRunning: 1
PrimaryPlayTime: 0.000000
PrimaryMaxTime: 0.880000
PrimaryPlaySpeed: 1.000000
CleanupBehaviorChanged: 0
==========================================

===== ORIGINAL ATTACK CALLBACK Quick END =====
ActorAddress: EBB66E10
Actor: PC_Hero
CallbackFamily: Quick
Boundary: END
CurrentAction: 4
CurrentAniPhase: 3
CurrentMovementAni: Hero_Stand_None_2H_P0_QuickAttackR_Hit_N_Fwd_00_%_00_P1_90_R.xmot
Stage: END
ElapsedMs: 42793.289
PrimarySnapshotAvailable: 1
PrimaryMotionName: Hero_Stand_None_2H_P1_QuickAttackR_Recover_N_Fwd_00_%_00_P1_0_R.xmot
PrimaryHasMotionInstance: 1
PrimaryMotionRunning: 1
PrimaryPlayTime: 0.000000
PrimaryMaxTime: 0.880000
PrimaryPlaySpeed: 1.000000
CleanupBehaviorChanged: 0
==========================================

===== ORIGINAL ATTACK CALLBACK Quick BEGIN =====
ActorAddress: EBB66E10
Actor: PC_Hero
CallbackFamily: Quick
Boundary: BEGIN
CurrentAction: 4
CurrentAniPhase: 3
CurrentMovementAni: Hero_Stand_None_2H_P1_QuickAttackR_Recover_N_Fwd_00_%_00_P1_0_R.xmot
Stage: BEGIN
ElapsedMs: 42804.191
PrimarySnapshotAvailable: 1
PrimaryMotionName: Hero_Stand_None_2H_P1_QuickAttackR_Recover_N_Fwd_00_%_00_P1_0_R.xmot
PrimaryHasMotionInstance: 1
PrimaryMotionRunning: 1
PrimaryPlayTime: 0.010000
PrimaryMaxTime: 0.880000
PrimaryPlaySpeed: 1.000000
CleanupBehaviorChanged: 0
==========================================

===== ORIGINAL ATTACK CALLBACK Quick END =====
ActorAddress: EBB66E10
Actor: PC_Hero
CallbackFamily: Quick
Boundary: END
CurrentAction: 4
CurrentAniPhase: 3
CurrentMovementAni: Hero_Stand_None_2H_P1_QuickAttackR_Recover_N_Fwd_00_%_00_P1_0_R.xmot
Stage: END
ElapsedMs: 42804.290
PrimarySnapshotAvailable: 1
PrimaryMotionName: Hero_Stand_None_2H_P1_QuickAttackR_Recover_N_Fwd_00_%_00_P1_0_R.xmot
PrimaryHasMotionInstance: 1
PrimaryMotionRunning: 1
PrimaryPlayTime: 0.010000
PrimaryMaxTime: 0.880000
PrimaryPlaySpeed: 1.000000
CleanupBehaviorChanged: 0
==========================================

===== ORIGINAL ATTACK CALLBACK Quick BEGIN =====
ActorAddress: EBB66E10
Actor: PC_Hero
CallbackFamily: Quick
Boundary: BEGIN
CurrentAction: 4
CurrentAniPhase: 3
CurrentMovementAni: Hero_Stand_None_2H_P1_QuickAttackR_Recover_N_Fwd_00_%_00_P1_0_R.xmot
Stage: BEGIN
ElapsedMs: 42813.910
PrimarySnapshotAvailable: 1
PrimaryMotionName: Hero_Stand_None_2H_P1_QuickAttackR_Recover_N_Fwd_00_%_00_P1_0_R.xmot
PrimaryHasMotionInstance: 1
PrimaryMotionRunning: 1
PrimaryPlayTime: 0.029877
PrimaryMaxTime: 0.880000
PrimaryPlaySpeed: 1.000000
CleanupBehaviorChanged: 0
==========================================

===== ORIGINAL ATTACK CALLBACK Quick END =====
ActorAddress: EBB66E10
Actor: PC_Hero
CallbackFamily: Quick
Boundary: END
CurrentAction: 4
CurrentAniPhase: 3
CurrentMovementAni: Hero_Stand_None_2H_P1_QuickAttackR_Recover_N_Fwd_00_%_00_P1_0_R.xmot
Stage: END
ElapsedMs: 42813.966
PrimarySnapshotAvailable: 1
PrimaryMotionName: Hero_Stand_None_2H_P1_QuickAttackR_Recover_N_Fwd_00_%_00_P1_0_R.xmot
PrimaryHasMotionInstance: 1
PrimaryMotionRunning: 1
PrimaryPlayTime: 0.029877
PrimaryMaxTime: 0.880000
PrimaryPlaySpeed: 1.000000
CleanupBehaviorChanged: 0
==========================================

===== ORIGINAL ATTACK CALLBACK Quick BEGIN =====
ActorAddress: EBB66E10
Actor: PC_Hero
CallbackFamily: Quick
Boundary: BEGIN
CurrentAction: 4
CurrentAniPhase: 3
CurrentMovementAni: Hero_Stand_None_2H_P1_QuickAttackR_Recover_N_Fwd_00_%_00_P1_0_R.xmot
Stage: BEGIN
ElapsedMs: 42824.037
PrimarySnapshotAvailable: 1
PrimaryMotionName: Hero_Stand_None_2H_P1_QuickAttackR_Recover_N_Fwd_00_%_00_P1_0_R.xmot
PrimaryHasMotionInstance: 1
PrimaryMotionRunning: 1
PrimaryPlayTime: 0.040932
PrimaryMaxTime: 0.880000
PrimaryPlaySpeed: 1.000000
CleanupBehaviorChanged: 0
==========================================

===== ORIGINAL ATTACK CALLBACK Quick END =====
ActorAddress: EBB66E10
Actor: PC_Hero
CallbackFamily: Quick
Boundary: END
CurrentAction: 4
CurrentAniPhase: 3
CurrentMovementAni: Hero_Stand_None_2H_P1_QuickAttackR_Recover_N_Fwd_00_%_00_P1_0_R.xmot
Stage: END
ElapsedMs: 42824.082
PrimarySnapshotAvailable: 1
PrimaryMotionName: Hero_Stand_None_2H_P1_QuickAttackR_Recover_N_Fwd_00_%_00_P1_0_R.xmot
PrimaryHasMotionInstance: 1
PrimaryMotionRunning: 1
PrimaryPlayTime: 0.040932
PrimaryMaxTime: 0.880000
PrimaryPlaySpeed: 1.000000
CleanupBehaviorChanged: 0
==========================================

===== ORIGINAL ATTACK CALLBACK Quick BEGIN =====
ActorAddress: EBB66E10
Actor: PC_Hero
CallbackFamily: Quick
Boundary: BEGIN
CurrentAction: 4
CurrentAniPhase: 3
CurrentMovementAni: Hero_Stand_None_2H_P1_QuickAttackR_Recover_N_Fwd_00_%_00_P1_0_R.xmot
Stage: BEGIN
ElapsedMs: 42833.836
PrimarySnapshotAvailable: 1
PrimaryMotionName: Hero_Stand_None_2H_P1_QuickAttackR_Recover_N_Fwd_00_%_00_P1_0_R.xmot
PrimaryHasMotionInstance: 1
PrimaryMotionRunning: 1
PrimaryPlayTime: 0.049955
PrimaryMaxTime: 0.880000
PrimaryPlaySpeed: 1.000000
CleanupBehaviorChanged: 0
==========================================

===== ORIGINAL ATTACK CALLBACK Quick END =====
ActorAddress: EBB66E10
Actor: PC_Hero
CallbackFamily: Quick
Boundary: END
CurrentAction: 4
CurrentAniPhase: 3
CurrentMovementAni: Hero_Stand_None_2H_P1_QuickAttackR_Recover_N_Fwd_00_%_00_P1_0_R.xmot
Stage: END
ElapsedMs: 42833.897
PrimarySnapshotAvailable: 1
PrimaryMotionName: Hero_Stand_None_2H_P1_QuickAttackR_Recover_N_Fwd_00_%_00_P1_0_R.xmot
PrimaryHasMotionInstance: 1
PrimaryMotionRunning: 1
PrimaryPlayTime: 0.049955
PrimaryMaxTime: 0.880000
PrimaryPlaySpeed: 1.000000
CleanupBehaviorChanged: 0
==========================================

===== ORIGINAL ATTACK CALLBACK Quick BEGIN =====
ActorAddress: EBB66E10
Actor: PC_Hero
CallbackFamily: Quick
Boundary: BEGIN
CurrentAction: 4
CurrentAniPhase: 3
CurrentMovementAni: Hero_Stand_None_2H_P1_QuickAttackR_Recover_N_Fwd_00_%_00_P1_0_R.xmot
Stage: BEGIN
ElapsedMs: 42844.529
PrimarySnapshotAvailable: 1
PrimaryMotionName: Hero_Stand_None_2H_P1_QuickAttackR_Recover_N_Fwd_00_%_00_P1_0_R.xmot
PrimaryHasMotionInstance: 1
PrimaryMotionRunning: 1
PrimaryPlayTime: 0.059942
PrimaryMaxTime: 0.880000
PrimaryPlaySpeed: 1.000000
CleanupBehaviorChanged: 0
==========================================

===== ORIGINAL ATTACK CALLBACK Quick END =====
ActorAddress: EBB66E10
Actor: PC_Hero
CallbackFamily: Quick
Boundary: END
CurrentAction: 4
CurrentAniPhase: 3
CurrentMovementAni: Hero_Stand_None_2H_P1_QuickAttackR_Recover_N_Fwd_00_%_00_P1_0_R.xmot
Stage: END
ElapsedMs: 42844.575
PrimarySnapshotAvailable: 1
PrimaryMotionName: Hero_Stand_None_2H_P1_QuickAttackR_Recover_N_Fwd_00_%_00_P1_0_R.xmot
PrimaryHasMotionInstance: 1
PrimaryMotionRunning: 1
PrimaryPlayTime: 0.059942
PrimaryMaxTime: 0.880000
PrimaryPlaySpeed: 1.000000
CleanupBehaviorChanged: 0
==========================================

===== ORIGINAL ATTACK CALLBACK Quick BEGIN =====
ActorAddress: EBB66E10
Actor: PC_Hero
CallbackFamily: Quick
Boundary: BEGIN
CurrentAction: 4
CurrentAniPhase: 3
CurrentMovementAni: Hero_Stand_None_2H_P1_QuickAttackR_Recover_N_Fwd_00_%_00_P1_0_R.xmot
Stage: BEGIN
ElapsedMs: 42854.566
PrimarySnapshotAvailable: 1
PrimaryMotionName: Hero_Stand_None_2H_P1_QuickAttackR_Recover_N_Fwd_00_%_00_P1_0_R.xmot
PrimaryHasMotionInstance: 1
PrimaryMotionRunning: 1
PrimaryPlayTime: 0.069941
PrimaryMaxTime: 0.880000
PrimaryPlaySpeed: 1.000000
CleanupBehaviorChanged: 0
==========================================

===== ORIGINAL ATTACK CALLBACK Quick END =====
ActorAddress: EBB66E10
Actor: PC_Hero
CallbackFamily: Quick
Boundary: END
CurrentAction: 4
CurrentAniPhase: 3
CurrentMovementAni: Hero_Stand_None_2H_P1_QuickAttackR_Recover_N_Fwd_00_%_00_P1_0_R.xmot
Stage: END
ElapsedMs: 42854.625
PrimarySnapshotAvailable: 1
PrimaryMotionName: Hero_Stand_None_2H_P1_QuickAttackR_Recover_N_Fwd_00_%_00_P1_0_R.xmot
PrimaryHasMotionInstance: 1
PrimaryMotionRunning: 1
PrimaryPlayTime: 0.069941
PrimaryMaxTime: 0.880000
PrimaryPlaySpeed: 1.000000
CleanupBehaviorChanged: 0
==========================================

===== ORIGINAL ATTACK CALLBACK Quick BEGIN =====
ActorAddress: EBB66E10
Actor: PC_Hero
CallbackFamily: Quick
Boundary: BEGIN
CurrentAction: 4
CurrentAniPhase: 3
CurrentMovementAni: Hero_Stand_None_2H_P1_QuickAttackR_Recover_N_Fwd_00_%_00_P1_0_R.xmot
Stage: BEGIN
ElapsedMs: 42864.183
PrimarySnapshotAvailable: 1
PrimaryMotionName: Hero_Stand_None_2H_P1_QuickAttackR_Recover_N_Fwd_00_%_00_P1_0_R.xmot
PrimaryHasMotionInstance: 1
PrimaryMotionRunning: 1
PrimaryPlayTime: 0.080929
PrimaryMaxTime: 0.880000
PrimaryPlaySpeed: 1.000000
CleanupBehaviorChanged: 0
==========================================

===== ORIGINAL ATTACK CALLBACK Quick END =====
ActorAddress: EBB66E10
Actor: PC_Hero
CallbackFamily: Quick
Boundary: END
CurrentAction: 4
CurrentAniPhase: 3
CurrentMovementAni: Hero_Stand_None_2H_P1_QuickAttackR_Recover_N_Fwd_00_%_00_P1_0_R.xmot
Stage: END
ElapsedMs: 42864.225
PrimarySnapshotAvailable: 1
PrimaryMotionName: Hero_Stand_None_2H_P1_QuickAttackR_Recover_N_Fwd_00_%_00_P1_0_R.xmot
PrimaryHasMotionInstance: 1
PrimaryMotionRunning: 1
PrimaryPlayTime: 0.080929
PrimaryMaxTime: 0.880000
PrimaryPlaySpeed: 1.000000
CleanupBehaviorChanged: 0
==========================================

===== ORIGINAL ATTACK CALLBACK Quick BEGIN =====
ActorAddress: EBB66E10
Actor: PC_Hero
CallbackFamily: Quick
Boundary: BEGIN
CurrentAction: 4
CurrentAniPhase: 3
CurrentMovementAni: Hero_Stand_None_2H_P1_QuickAttackR_Recover_N_Fwd_00_%_00_P1_0_R.xmot
Stage: BEGIN
ElapsedMs: 42873.988
PrimarySnapshotAvailable: 1
PrimaryMotionName: Hero_Stand_None_2H_P1_QuickAttackR_Recover_N_Fwd_00_%_00_P1_0_R.xmot
PrimaryHasMotionInstance: 1
PrimaryMotionRunning: 1
PrimaryPlayTime: 0.090940
PrimaryMaxTime: 0.880000
PrimaryPlaySpeed: 1.000000
CleanupBehaviorChanged: 0
==========================================

===== ORIGINAL ATTACK CALLBACK Quick END =====
ActorAddress: EBB66E10
Actor: PC_Hero
CallbackFamily: Quick
Boundary: END
CurrentAction: 4
CurrentAniPhase: 3
CurrentMovementAni: Hero_Stand_None_2H_P1_QuickAttackR_Recover_N_Fwd_00_%_00_P1_0_R.xmot
Stage: END
ElapsedMs: 42874.049
PrimarySnapshotAvailable: 1
PrimaryMotionName: Hero_Stand_None_2H_P1_QuickAttackR_Recover_N_Fwd_00_%_00_P1_0_R.xmot
PrimaryHasMotionInstance: 1
PrimaryMotionRunning: 1
PrimaryPlayTime: 0.090940
PrimaryMaxTime: 0.880000
PrimaryPlaySpeed: 1.000000
CleanupBehaviorChanged: 0
==========================================

===== ORIGINAL ATTACK CALLBACK Quick BEGIN =====
ActorAddress: EBB66E10
Actor: PC_Hero
CallbackFamily: Quick
Boundary: BEGIN
CurrentAction: 4
CurrentAniPhase: 3
CurrentMovementAni: Hero_Stand_None_2H_P1_QuickAttackR_Recover_N_Fwd_00_%_00_P1_0_R.xmot
Stage: BEGIN
ElapsedMs: 42884.670
PrimarySnapshotAvailable: 1
PrimaryMotionName: Hero_Stand_None_2H_P1_QuickAttackR_Recover_N_Fwd_00_%_00_P1_0_R.xmot
PrimaryHasMotionInstance: 1
PrimaryMotionRunning: 1
PrimaryPlayTime: 0.100940
PrimaryMaxTime: 0.880000
PrimaryPlaySpeed: 1.000000
CleanupBehaviorChanged: 0
==========================================

===== ORIGINAL ATTACK CALLBACK Quick END =====
ActorAddress: EBB66E10
Actor: PC_Hero
CallbackFamily: Quick
Boundary: END
CurrentAction: 4
CurrentAniPhase: 3
CurrentMovementAni: Hero_Stand_None_2H_P1_QuickAttackR_Recover_N_Fwd_00_%_00_P1_0_R.xmot
Stage: END
ElapsedMs: 42884.717
PrimarySnapshotAvailable: 1
PrimaryMotionName: Hero_Stand_None_2H_P1_QuickAttackR_Recover_N_Fwd_00_%_00_P1_0_R.xmot
PrimaryHasMotionInstance: 1
PrimaryMotionRunning: 1
PrimaryPlayTime: 0.100940
PrimaryMaxTime: 0.880000
PrimaryPlaySpeed: 1.000000
CleanupBehaviorChanged: 0
==========================================

===== G3AB_COL_RIGHT RECEIVED =====
ElapsedMs: 46474.428
Actor: PC_Hero
Action: 5
AniPhase: 1
StateTime: 0.280958
StatePosition: 0
CurrentMovementAni: Hero_Stand_None_2H_P1_QuickAttackL_Hit_N_Fwd_00_%_00_P0_90_L.xmot
MarkerOpcode: RIGHT
RightHandSourceResolved: 1
RightHandSource: It_2H_Sword_Flamberge
RightHandSourceAddress: E70E8610
RightHandSourceUseType: 3
RightHandSourceCollisionGroup: 5
LeftHandSourceResolved: 0
===== ENGINE SetCollisionGroup =====
ElapsedMs: 46474.456
Entity: It_2H_Sword_Flamberge
ChangedEntityAddress: E70E8610
PlayerSlotMatch: RIGHT
PlayerAction: 5
PlayerAniPhase: 1
PlayerPrimaryPose: 1
PlayerStateTime: 0.280958
PlayerStatePosition: 0
PlayerCurrentMovementAni: Hero_Stand_None_2H_P1_QuickAttackL_Hit_N_Fwd_00_%_00_P0_90_L.xmot
PlayerLeftItem: <none>
PlayerLeftItemAddress: 00000000
PlayerLeftUseType: -1
PlayerLeftCollisionGroup: -1
PlayerRightItem: It_2H_Sword_Flamberge
PlayerRightItemAddress: E70E8610
PlayerRightUseType: 3
PlayerRightCollisionGroup: 7
RequestedGroup: 7
BeforeGroup: 5
AfterGroup: 7
Item_EquippedValue: 5
Item_AttackValue: 7
RetiredMarkerExecutionCount: 0
====================================

===== PRIMARYFIRST PlayMotion =====
OwnerEntityAddress: EBB66E10
OwnerEntity: PC_Hero
MotionType: 0
Stage: REQUEST_BEFORE_ORIGINAL
ElapsedMs: 46693.480
PrimarySnapshotAvailable: 1
PrimaryMotionName: 
PrimaryHasMotionInstance: 0
PrimaryMotionRunning: 0
PrimaryPlayTime: 0.000000
PrimaryMaxTime: 0.000000
PrimaryPlaySpeed: 0.000000
Stage: RESULT_AFTER_ORIGINAL
ElapsedMs: 46693.493
PrimarySnapshotAvailable: 1
PrimaryMotionName: Hero_Stand_None_2H_P0_QuickAttackL_Recover_N_Fwd_00_%_00_P0_0_L.xmot
PrimaryHasMotionInstance: 1
PrimaryMotionRunning: 1
PrimaryPlayTime: 0.000000
PrimaryMaxTime: 0.880000
PrimaryPlaySpeed: 1.000000
CleanupBehaviorChanged: 0
=====================================

===== ENGINE SetCollisionGroup =====
ElapsedMs: 46693.574
Entity: It_2H_Sword_Flamberge
ChangedEntityAddress: E70E8610
PlayerSlotMatch: RIGHT
PlayerAction: 5
PlayerAniPhase: 3
PlayerPrimaryPose: 1
PlayerStateTime: 0.481954
PlayerStatePosition: 1
PlayerCurrentMovementAni: Hero_Stand_None_2H_P1_QuickAttackL_Hit_N_Fwd_00_%_00_P0_90_L.xmot
PlayerLeftItem: <none>
PlayerLeftItemAddress: 00000000
PlayerLeftUseType: -1
PlayerLeftCollisionGroup: -1
PlayerRightItem: It_2H_Sword_Flamberge
PlayerRightItemAddress: E70E8610
PlayerRightUseType: 3
PlayerRightCollisionGroup: 5
RequestedGroup: 5
BeforeGroup: 7
AfterGroup: 5
Item_EquippedValue: 5
Item_AttackValue: 7
RetiredMarkerExecutionCount: 1
====================================

===== ORIGINAL ATTACK CALLBACK Quick BEGIN =====
ActorAddress: EBB66E10
Actor: PC_Hero
CallbackFamily: Quick
Boundary: BEGIN
CurrentAction: 5
CurrentAniPhase: 3
CurrentMovementAni: Hero_Stand_None_2H_P1_QuickAttackL_Hit_N_Fwd_00_%_00_P0_90_L.xmot
Stage: BEGIN
ElapsedMs: 46693.607
PrimarySnapshotAvailable: 1
PrimaryMotionName: Hero_Stand_None_2H_P0_QuickAttackL_Recover_N_Fwd_00_%_00_P0_0_L.xmot
PrimaryHasMotionInstance: 1
PrimaryMotionRunning: 1
PrimaryPlayTime: 0.000000
PrimaryMaxTime: 0.880000
PrimaryPlaySpeed: 1.000000
CleanupBehaviorChanged: 0
==========================================

===== ORIGINAL ATTACK CALLBACK Quick END =====
ActorAddress: EBB66E10
Actor: PC_Hero
CallbackFamily: Quick
Boundary: END
CurrentAction: 5
CurrentAniPhase: 3
CurrentMovementAni: Hero_Stand_None_2H_P1_QuickAttackL_Hit_N_Fwd_00_%_00_P0_90_L.xmot
Stage: END
ElapsedMs: 46693.649
PrimarySnapshotAvailable: 1
PrimaryMotionName: Hero_Stand_None_2H_P0_QuickAttackL_Recover_N_Fwd_00_%_00_P0_0_L.xmot
PrimaryHasMotionInstance: 1
PrimaryMotionRunning: 1
PrimaryPlayTime: 0.000000
PrimaryMaxTime: 0.880000
PrimaryPlaySpeed: 1.000000
CleanupBehaviorChanged: 0
==========================================

===== ORIGINAL ATTACK CALLBACK Quick BEGIN =====
ActorAddress: EBB66E10
Actor: PC_Hero
CallbackFamily: Quick
Boundary: BEGIN
CurrentAction: 5
CurrentAniPhase: 3
CurrentMovementAni: Hero_Stand_None_2H_P0_QuickAttackL_Recover_N_Fwd_00_%_00_P0_0_L.xmot
Stage: BEGIN
ElapsedMs: 46703.883
PrimarySnapshotAvailable: 1
PrimaryMotionName: Hero_Stand_None_2H_P0_QuickAttackL_Recover_N_Fwd_00_%_00_P0_0_L.xmot
PrimaryHasMotionInstance: 1
PrimaryMotionRunning: 1
PrimaryPlayTime: 0.009012
PrimaryMaxTime: 0.880000
PrimaryPlaySpeed: 1.000000
CleanupBehaviorChanged: 0
==========================================

===== ORIGINAL ATTACK CALLBACK Quick END =====
ActorAddress: EBB66E10
Actor: PC_Hero
CallbackFamily: Quick
Boundary: END
CurrentAction: 5
CurrentAniPhase: 3
CurrentMovementAni: Hero_Stand_None_2H_P0_QuickAttackL_Recover_N_Fwd_00_%_00_P0_0_L.xmot
Stage: END
ElapsedMs: 46703.924
PrimarySnapshotAvailable: 1
PrimaryMotionName: Hero_Stand_None_2H_P0_QuickAttackL_Recover_N_Fwd_00_%_00_P0_0_L.xmot
PrimaryHasMotionInstance: 1
PrimaryMotionRunning: 1
PrimaryPlayTime: 0.009012
PrimaryMaxTime: 0.880000
PrimaryPlaySpeed: 1.000000
CleanupBehaviorChanged: 0
==========================================

===== ORIGINAL ATTACK CALLBACK Quick BEGIN =====
ActorAddress: EBB66E10
Actor: PC_Hero
CallbackFamily: Quick
Boundary: BEGIN
CurrentAction: 5
CurrentAniPhase: 3
CurrentMovementAni: Hero_Stand_None_2H_P0_QuickAttackL_Recover_N_Fwd_00_%_00_P0_0_L.xmot
Stage: BEGIN
ElapsedMs: 46713.586
PrimarySnapshotAvailable: 1
PrimaryMotionName: Hero_Stand_None_2H_P0_QuickAttackL_Recover_N_Fwd_00_%_00_P0_0_L.xmot
PrimaryHasMotionInstance: 1
PrimaryMotionRunning: 1
PrimaryPlayTime: 0.027876
PrimaryMaxTime: 0.880000
PrimaryPlaySpeed: 1.000000
CleanupBehaviorChanged: 0
==========================================

===== ORIGINAL ATTACK CALLBACK Quick END =====
ActorAddress: EBB66E10
Actor: PC_Hero
CallbackFamily: Quick
Boundary: END
CurrentAction: 5
CurrentAniPhase: 3
CurrentMovementAni: Hero_Stand_None_2H_P0_QuickAttackL_Recover_N_Fwd_00_%_00_P0_0_L.xmot
Stage: END
ElapsedMs: 46713.647
PrimarySnapshotAvailable: 1
PrimaryMotionName: Hero_Stand_None_2H_P0_QuickAttackL_Recover_N_Fwd_00_%_00_P0_0_L.xmot
PrimaryHasMotionInstance: 1
PrimaryMotionRunning: 1
PrimaryPlayTime: 0.027876
PrimaryMaxTime: 0.880000
PrimaryPlaySpeed: 1.000000
CleanupBehaviorChanged: 0
==========================================

===== ORIGINAL ATTACK CALLBACK Quick BEGIN =====
ActorAddress: EBB66E10
Actor: PC_Hero
CallbackFamily: Quick
Boundary: BEGIN
CurrentAction: 5
CurrentAniPhase: 3
CurrentMovementAni: Hero_Stand_None_2H_P0_QuickAttackL_Recover_N_Fwd_00_%_00_P0_0_L.xmot
Stage: BEGIN
ElapsedMs: 46724.285
PrimarySnapshotAvailable: 1
PrimaryMotionName: Hero_Stand_None_2H_P0_QuickAttackL_Recover_N_Fwd_00_%_00_P0_0_L.xmot
PrimaryHasMotionInstance: 1
PrimaryMotionRunning: 1
PrimaryPlayTime: 0.037934
PrimaryMaxTime: 0.880000
PrimaryPlaySpeed: 1.000000
CleanupBehaviorChanged: 0
==========================================

===== ORIGINAL ATTACK CALLBACK Quick END =====
ActorAddress: EBB66E10
Actor: PC_Hero
CallbackFamily: Quick
Boundary: END
CurrentAction: 5
CurrentAniPhase: 3
CurrentMovementAni: Hero_Stand_None_2H_P0_QuickAttackL_Recover_N_Fwd_00_%_00_P0_0_L.xmot
Stage: END
ElapsedMs: 46724.328
PrimarySnapshotAvailable: 1
PrimaryMotionName: Hero_Stand_None_2H_P0_QuickAttackL_Recover_N_Fwd_00_%_00_P0_0_L.xmot
PrimaryHasMotionInstance: 1
PrimaryMotionRunning: 1
PrimaryPlayTime: 0.037934
PrimaryMaxTime: 0.880000
PrimaryPlaySpeed: 1.000000
CleanupBehaviorChanged: 0
==========================================

===== ORIGINAL ATTACK CALLBACK Quick BEGIN =====
ActorAddress: EBB66E10
Actor: PC_Hero
CallbackFamily: Quick
Boundary: BEGIN
CurrentAction: 5
CurrentAniPhase: 3
CurrentMovementAni: Hero_Stand_None_2H_P0_QuickAttackL_Recover_N_Fwd_00_%_00_P0_0_L.xmot
Stage: BEGIN
ElapsedMs: 46734.658
PrimarySnapshotAvailable: 1
PrimaryMotionName: Hero_Stand_None_2H_P0_QuickAttackL_Recover_N_Fwd_00_%_00_P0_0_L.xmot
PrimaryHasMotionInstance: 1
PrimaryMotionRunning: 1
PrimaryPlayTime: 0.047935
PrimaryMaxTime: 0.880000
PrimaryPlaySpeed: 1.000000
CleanupBehaviorChanged: 0
==========================================

===== ORIGINAL ATTACK CALLBACK Quick END =====
ActorAddress: EBB66E10
Actor: PC_Hero
CallbackFamily: Quick
Boundary: END
CurrentAction: 5
CurrentAniPhase: 3
CurrentMovementAni: Hero_Stand_None_2H_P0_QuickAttackL_Recover_N_Fwd_00_%_00_P0_0_L.xmot
Stage: END
ElapsedMs: 46734.714
PrimarySnapshotAvailable: 1
PrimaryMotionName: Hero_Stand_None_2H_P0_QuickAttackL_Recover_N_Fwd_00_%_00_P0_0_L.xmot
PrimaryHasMotionInstance: 1
PrimaryMotionRunning: 1
PrimaryPlayTime: 0.047935
PrimaryMaxTime: 0.880000
PrimaryPlaySpeed: 1.000000
CleanupBehaviorChanged: 0
==========================================

===== ORIGINAL ATTACK CALLBACK Quick BEGIN =====
ActorAddress: EBB66E10
Actor: PC_Hero
CallbackFamily: Quick
Boundary: BEGIN
CurrentAction: 5
CurrentAniPhase: 3
CurrentMovementAni: Hero_Stand_None_2H_P0_QuickAttackL_Recover_N_Fwd_00_%_00_P0_0_L.xmot
Stage: BEGIN
ElapsedMs: 46744.421
PrimarySnapshotAvailable: 1
PrimaryMotionName: Hero_Stand_None_2H_P0_QuickAttackL_Recover_N_Fwd_00_%_00_P0_0_L.xmot
PrimaryHasMotionInstance: 1
PrimaryMotionRunning: 1
PrimaryPlayTime: 0.058922
PrimaryMaxTime: 0.880000
PrimaryPlaySpeed: 1.000000
CleanupBehaviorChanged: 0
==========================================

===== ORIGINAL ATTACK CALLBACK Quick END =====
ActorAddress: EBB66E10
Actor: PC_Hero
CallbackFamily: Quick
Boundary: END
CurrentAction: 5
CurrentAniPhase: 3
CurrentMovementAni: Hero_Stand_None_2H_P0_QuickAttackL_Recover_N_Fwd_00_%_00_P0_0_L.xmot
Stage: END
ElapsedMs: 46744.467
PrimarySnapshotAvailable: 1
PrimaryMotionName: Hero_Stand_None_2H_P0_QuickAttackL_Recover_N_Fwd_00_%_00_P0_0_L.xmot
PrimaryHasMotionInstance: 1
PrimaryMotionRunning: 1
PrimaryPlayTime: 0.058922
PrimaryMaxTime: 0.880000
PrimaryPlaySpeed: 1.000000
CleanupBehaviorChanged: 0
==========================================

===== ORIGINAL ATTACK CALLBACK Quick BEGIN =====
ActorAddress: EBB66E10
Actor: PC_Hero
CallbackFamily: Quick
Boundary: BEGIN
CurrentAction: 5
CurrentAniPhase: 3
CurrentMovementAni: Hero_Stand_None_2H_P0_QuickAttackL_Recover_N_Fwd_00_%_00_P0_0_L.xmot
Stage: BEGIN
ElapsedMs: 46754.503
PrimarySnapshotAvailable: 1
PrimaryMotionName: Hero_Stand_None_2H_P0_QuickAttackL_Recover_N_Fwd_00_%_00_P0_0_L.xmot
PrimaryHasMotionInstance: 1
PrimaryMotionRunning: 1
PrimaryPlayTime: 0.068934
PrimaryMaxTime: 0.880000
PrimaryPlaySpeed: 1.000000
CleanupBehaviorChanged: 0
==========================================

===== ORIGINAL ATTACK CALLBACK Quick END =====
ActorAddress: EBB66E10
Actor: PC_Hero
CallbackFamily: Quick
Boundary: END
CurrentAction: 5
CurrentAniPhase: 3
CurrentMovementAni: Hero_Stand_None_2H_P0_QuickAttackL_Recover_N_Fwd_00_%_00_P0_0_L.xmot
Stage: END
ElapsedMs: 46754.560
PrimarySnapshotAvailable: 1
PrimaryMotionName: Hero_Stand_None_2H_P0_QuickAttackL_Recover_N_Fwd_00_%_00_P0_0_L.xmot
PrimaryHasMotionInstance: 1
PrimaryMotionRunning: 1
PrimaryPlayTime: 0.068934
PrimaryMaxTime: 0.880000
PrimaryPlaySpeed: 1.000000
CleanupBehaviorChanged: 0
==========================================

===== ORIGINAL ATTACK CALLBACK Quick BEGIN =====
ActorAddress: EBB66E10
Actor: PC_Hero
CallbackFamily: Quick
Boundary: BEGIN
CurrentAction: 5
CurrentAniPhase: 3
CurrentMovementAni: Hero_Stand_None_2H_P0_QuickAttackL_Recover_N_Fwd_00_%_00_P0_0_L.xmot
Stage: BEGIN
ElapsedMs: 46765.106
PrimarySnapshotAvailable: 1
PrimaryMotionName: Hero_Stand_None_2H_P0_QuickAttackL_Recover_N_Fwd_00_%_00_P0_0_L.xmot
PrimaryHasMotionInstance: 1
PrimaryMotionRunning: 1
PrimaryPlayTime: 0.078934
PrimaryMaxTime: 0.880000
PrimaryPlaySpeed: 1.000000
CleanupBehaviorChanged: 0
==========================================

===== ORIGINAL ATTACK CALLBACK Quick END =====
ActorAddress: EBB66E10
Actor: PC_Hero
CallbackFamily: Quick
Boundary: END
CurrentAction: 5
CurrentAniPhase: 3
CurrentMovementAni: Hero_Stand_None_2H_P0_QuickAttackL_Recover_N_Fwd_00_%_00_P0_0_L.xmot
Stage: END
ElapsedMs: 46765.167
PrimarySnapshotAvailable: 1
PrimaryMotionName: Hero_Stand_None_2H_P0_QuickAttackL_Recover_N_Fwd_00_%_00_P0_0_L.xmot
PrimaryHasMotionInstance: 1
PrimaryMotionRunning: 1
PrimaryPlayTime: 0.078934
PrimaryMaxTime: 0.880000
PrimaryPlaySpeed: 1.000000
CleanupBehaviorChanged: 0
==========================================

===== ORIGINAL ATTACK CALLBACK Quick BEGIN =====
ActorAddress: EBB66E10
Actor: PC_Hero
CallbackFamily: Quick
Boundary: BEGIN
CurrentAction: 5
CurrentAniPhase: 3
CurrentMovementAni: Hero_Stand_None_2H_P0_QuickAttackL_Recover_N_Fwd_00_%_00_P0_0_L.xmot
Stage: BEGIN
ElapsedMs: 46775.053
PrimarySnapshotAvailable: 1
PrimaryMotionName: Hero_Stand_None_2H_P0_QuickAttackL_Recover_N_Fwd_00_%_00_P0_0_L.xmot
PrimaryHasMotionInstance: 1
PrimaryMotionRunning: 1
PrimaryPlayTime: 0.088934
PrimaryMaxTime: 0.880000
PrimaryPlaySpeed: 1.000000
CleanupBehaviorChanged: 0
==========================================

===== ORIGINAL ATTACK CALLBACK Quick END =====
ActorAddress: EBB66E10
Actor: PC_Hero
CallbackFamily: Quick
Boundary: END
CurrentAction: 5
CurrentAniPhase: 3
CurrentMovementAni: Hero_Stand_None_2H_P0_QuickAttackL_Recover_N_Fwd_00_%_00_P0_0_L.xmot
Stage: END
ElapsedMs: 46775.111
PrimarySnapshotAvailable: 1
PrimaryMotionName: Hero_Stand_None_2H_P0_QuickAttackL_Recover_N_Fwd_00_%_00_P0_0_L.xmot
PrimaryHasMotionInstance: 1
PrimaryMotionRunning: 1
PrimaryPlayTime: 0.088934
PrimaryMaxTime: 0.880000
PrimaryPlaySpeed: 1.000000
CleanupBehaviorChanged: 0
==========================================

===== ORIGINAL ATTACK CALLBACK Quick BEGIN =====
ActorAddress: EBB66E10
Actor: PC_Hero
CallbackFamily: Quick
Boundary: BEGIN
CurrentAction: 5
CurrentAniPhase: 3
CurrentMovementAni: Hero_Stand_None_2H_P0_QuickAttackL_Recover_N_Fwd_00_%_00_P0_0_L.xmot
Stage: BEGIN
ElapsedMs: 46784.970
PrimarySnapshotAvailable: 1
PrimaryMotionName: Hero_Stand_None_2H_P0_QuickAttackL_Recover_N_Fwd_00_%_00_P0_0_L.xmot
PrimaryHasMotionInstance: 1
PrimaryMotionRunning: 1
PrimaryPlayTime: 0.099921
PrimaryMaxTime: 0.880000
PrimaryPlaySpeed: 1.000000
CleanupBehaviorChanged: 0
==========================================

===== ORIGINAL ATTACK CALLBACK Quick END =====
ActorAddress: EBB66E10
Actor: PC_Hero
CallbackFamily: Quick
Boundary: END
CurrentAction: 5
CurrentAniPhase: 3
CurrentMovementAni: Hero_Stand_None_2H_P0_QuickAttackL_Recover_N_Fwd_00_%_00_P0_0_L.xmot
Stage: END
ElapsedMs: 46785.015
PrimarySnapshotAvailable: 1
PrimaryMotionName: Hero_Stand_None_2H_P0_QuickAttackL_Recover_N_Fwd_00_%_00_P0_0_L.xmot
PrimaryHasMotionInstance: 1
PrimaryMotionRunning: 1
PrimaryPlayTime: 0.099921
PrimaryMaxTime: 0.880000
PrimaryPlaySpeed: 1.000000
CleanupBehaviorChanged: 0
==========================================

===== PRIMARYFIRST PlayMotion =====
OwnerEntityAddress: EBB66E10
OwnerEntity: PC_Hero
MotionType: 0
Stage: REQUEST_BEFORE_ORIGINAL
ElapsedMs: 51915.698
PrimarySnapshotAvailable: 1
PrimaryMotionName: 
PrimaryHasMotionInstance: 0
PrimaryMotionRunning: 0
PrimaryPlayTime: 0.000000
PrimaryMaxTime: 0.000000
PrimaryPlaySpeed: 0.000000
Stage: RESULT_AFTER_ORIGINAL
ElapsedMs: 51915.712
PrimarySnapshotAvailable: 1
PrimaryMotionName: Hero_Parade_None_2H_P0_WhirlAttack_Hit_N_Fwd_00_%_00_P0_150_R.xmot
PrimaryHasMotionInstance: 1
PrimaryMotionRunning: 1
PrimaryPlayTime: 0.000000
PrimaryMaxTime: 0.800000
PrimaryPlaySpeed: 1.000000
CleanupBehaviorChanged: 0
=====================================

===== G3AB_COL_RIGHT RECEIVED =====
ElapsedMs: 52058.106
Actor: PC_Hero
Action: 10
AniPhase: 1
StateTime: 0.160927
StatePosition: 0
CurrentMovementAni: Hero_Parade_None_2H_P0_WhirlAttack_Hit_N_Fwd_00_%_00_P0_150_R.xmot
MarkerOpcode: RIGHT
RightHandSourceResolved: 1
RightHandSource: It_2H_Sword_Flamberge
RightHandSourceAddress: E70E8610
RightHandSourceUseType: 3
RightHandSourceCollisionGroup: 5
LeftHandSourceResolved: 0
===== ENGINE SetCollisionGroup =====
ElapsedMs: 52058.138
Entity: It_2H_Sword_Flamberge
ChangedEntityAddress: E70E8610
PlayerSlotMatch: RIGHT
PlayerAction: 10
PlayerAniPhase: 1
PlayerPrimaryPose: 1
PlayerStateTime: 0.160927
PlayerStatePosition: 0
PlayerCurrentMovementAni: Hero_Parade_None_2H_P0_WhirlAttack_Hit_N_Fwd_00_%_00_P0_150_R.xmot
PlayerLeftItem: <none>
PlayerLeftItemAddress: 00000000
PlayerLeftUseType: -1
PlayerLeftCollisionGroup: -1
PlayerRightItem: It_2H_Sword_Flamberge
PlayerRightItemAddress: E70E8610
PlayerRightUseType: 3
PlayerRightCollisionGroup: 7
RequestedGroup: 7
BeforeGroup: 5
AfterGroup: 7
Item_EquippedValue: 5
Item_AttackValue: 7
RetiredMarkerExecutionCount: 0
====================================

===== G3AB_COL_OFF RECEIVED =====
ElapsedMs: 52300.962
Actor: PC_Hero
Action: 10
AniPhase: 1
StateTime: 0.402941
StatePosition: 1
CurrentMovementAni: Hero_Parade_None_2H_P0_WhirlAttack_Hit_N_Fwd_00_%_00_P0_150_R.xmot
MarkerOpcode: OFF
RightHandSourceResolved: 1
RightHandSource: It_2H_Sword_Flamberge
RightHandSourceAddress: E70E8610
RightHandSourceUseType: 3
RightHandSourceCollisionGroup: 7
LeftHandSourceResolved: 0
===== ENGINE SetCollisionGroup =====
ElapsedMs: 52300.989
Entity: It_2H_Sword_Flamberge
ChangedEntityAddress: E70E8610
PlayerSlotMatch: RIGHT
PlayerAction: 10
PlayerAniPhase: 1
PlayerPrimaryPose: 1
PlayerStateTime: 0.402941
PlayerStatePosition: 1
PlayerCurrentMovementAni: Hero_Parade_None_2H_P0_WhirlAttack_Hit_N_Fwd_00_%_00_P0_150_R.xmot
PlayerLeftItem: <none>
PlayerLeftItemAddress: 00000000
PlayerLeftUseType: -1
PlayerLeftCollisionGroup: -1
PlayerRightItem: It_2H_Sword_Flamberge
PlayerRightItemAddress: E70E8610
PlayerRightUseType: 3
PlayerRightCollisionGroup: 5
RequestedGroup: 5
BeforeGroup: 7
AfterGroup: 5
Item_EquippedValue: 5
Item_AttackValue: 7
RetiredMarkerExecutionCount: 0
====================================

===== G3AB_COL_RIGHT RECEIVED =====
ElapsedMs: 52498.314
Actor: PC_Hero
Action: 10
AniPhase: 1
StateTime: 0.600919
StatePosition: 1
CurrentMovementAni: Hero_Parade_None_2H_P0_WhirlAttack_Hit_N_Fwd_00_%_00_P0_150_R.xmot
MarkerOpcode: RIGHT
RightHandSourceResolved: 1
RightHandSource: It_2H_Sword_Flamberge
RightHandSourceAddress: E70E8610
RightHandSourceUseType: 3
RightHandSourceCollisionGroup: 5
LeftHandSourceResolved: 0
===== ENGINE SetCollisionGroup =====
ElapsedMs: 52498.342
Entity: It_2H_Sword_Flamberge
ChangedEntityAddress: E70E8610
PlayerSlotMatch: RIGHT
PlayerAction: 10
PlayerAniPhase: 1
PlayerPrimaryPose: 1
PlayerStateTime: 0.600919
PlayerStatePosition: 1
PlayerCurrentMovementAni: Hero_Parade_None_2H_P0_WhirlAttack_Hit_N_Fwd_00_%_00_P0_150_R.xmot
PlayerLeftItem: <none>
PlayerLeftItemAddress: 00000000
PlayerLeftUseType: -1
PlayerLeftCollisionGroup: -1
PlayerRightItem: It_2H_Sword_Flamberge
PlayerRightItemAddress: E70E8610
PlayerRightUseType: 3
PlayerRightCollisionGroup: 7
RequestedGroup: 7
BeforeGroup: 5
AfterGroup: 7
Item_EquippedValue: 5
Item_AttackValue: 7
RetiredMarkerExecutionCount: 0
====================================

===== PRIMARYFIRST PlayMotion =====
OwnerEntityAddress: EBB66E10
OwnerEntity: PC_Hero
MotionType: 0
Stage: REQUEST_BEFORE_ORIGINAL
ElapsedMs: 52723.932
PrimarySnapshotAvailable: 1
PrimaryMotionName: 
PrimaryHasMotionInstance: 0
PrimaryMotionRunning: 0
PrimaryPlayTime: 0.000000
PrimaryMaxTime: 0.000000
PrimaryPlaySpeed: 0.000000
Stage: RESULT_AFTER_ORIGINAL
ElapsedMs: 52723.945
PrimarySnapshotAvailable: 1
PrimaryMotionName: Hero_Parade_None_2H_P0_WhirlAttack_Recover_N_Fwd_00_%_00_P0_0_R.xmot
PrimaryHasMotionInstance: 1
PrimaryMotionRunning: 1
PrimaryPlayTime: 0.000000
PrimaryMaxTime: 0.800000
PrimaryPlaySpeed: 1.000000
CleanupBehaviorChanged: 0
=====================================

===== ENGINE SetCollisionGroup =====
ElapsedMs: 52724.024
Entity: It_2H_Sword_Flamberge
ChangedEntityAddress: E70E8610
PlayerSlotMatch: RIGHT
PlayerAction: 10
PlayerAniPhase: 3
PlayerPrimaryPose: 1
PlayerStateTime: 0.808903
PlayerStatePosition: 1
PlayerCurrentMovementAni: Hero_Parade_None_2H_P0_WhirlAttack_Hit_N_Fwd_00_%_00_P0_150_R.xmot
PlayerLeftItem: <none>
PlayerLeftItemAddress: 00000000
PlayerLeftUseType: -1
PlayerLeftCollisionGroup: -1
PlayerRightItem: It_2H_Sword_Flamberge
PlayerRightItemAddress: E70E8610
PlayerRightUseType: 3
PlayerRightCollisionGroup: 5
RequestedGroup: 5
BeforeGroup: 7
AfterGroup: 5
Item_EquippedValue: 5
Item_AttackValue: 7
RetiredMarkerExecutionCount: 1
====================================

===== PRIMARYFIRST PlayMotion =====
OwnerEntityAddress: EBB66E10
OwnerEntity: PC_Hero
MotionType: 0
Stage: REQUEST_BEFORE_ORIGINAL
ElapsedMs: 57566.995
PrimarySnapshotAvailable: 1
PrimaryMotionName: 
PrimaryHasMotionInstance: 0
PrimaryMotionRunning: 0
PrimaryPlayTime: 0.000000
PrimaryMaxTime: 0.000000
PrimaryPlaySpeed: 0.000000
Stage: RESULT_AFTER_ORIGINAL
ElapsedMs: 57567.007
PrimarySnapshotAvailable: 1
PrimaryMotionName: Hero_Parade_None_2H_P0_WhirlAttack_Hit_N_Fwd_00_%_00_P0_150_R.xmot
PrimaryHasMotionInstance: 1
PrimaryMotionRunning: 1
PrimaryPlayTime: 0.000000
PrimaryMaxTime: 0.800000
PrimaryPlaySpeed: 1.000000
CleanupBehaviorChanged: 0
=====================================

===== G3AB_COL_RIGHT RECEIVED =====
ElapsedMs: 57723.531
Actor: PC_Hero
Action: 10
AniPhase: 1
StateTime: 0.164988
StatePosition: 0
CurrentMovementAni: Hero_Parade_None_2H_P0_WhirlAttack_Hit_N_Fwd_00_%_00_P0_150_R.xmot
MarkerOpcode: RIGHT
RightHandSourceResolved: 1
RightHandSource: It_2H_Sword_Flamberge
RightHandSourceAddress: E70E8610
RightHandSourceUseType: 3
RightHandSourceCollisionGroup: 5
LeftHandSourceResolved: 0
===== ENGINE SetCollisionGroup =====
ElapsedMs: 57723.563
Entity: It_2H_Sword_Flamberge
ChangedEntityAddress: E70E8610
PlayerSlotMatch: RIGHT
PlayerAction: 10
PlayerAniPhase: 1
PlayerPrimaryPose: 1
PlayerStateTime: 0.164988
PlayerStatePosition: 0
PlayerCurrentMovementAni: Hero_Parade_None_2H_P0_WhirlAttack_Hit_N_Fwd_00_%_00_P0_150_R.xmot
PlayerLeftItem: <none>
PlayerLeftItemAddress: 00000000
PlayerLeftUseType: -1
PlayerLeftCollisionGroup: -1
PlayerRightItem: It_2H_Sword_Flamberge
PlayerRightItemAddress: E70E8610
PlayerRightUseType: 3
PlayerRightCollisionGroup: 7
RequestedGroup: 7
BeforeGroup: 5
AfterGroup: 7
Item_EquippedValue: 5
Item_AttackValue: 7
RetiredMarkerExecutionCount: 0
====================================

===== G3AB_COL_OFF RECEIVED =====
ElapsedMs: 57969.775
Actor: PC_Hero
Action: 10
AniPhase: 1
StateTime: 0.412887
StatePosition: 1
CurrentMovementAni: Hero_Parade_None_2H_P0_WhirlAttack_Hit_N_Fwd_00_%_00_P0_150_R.xmot
MarkerOpcode: OFF
RightHandSourceResolved: 1
RightHandSource: It_2H_Sword_Flamberge
RightHandSourceAddress: E70E8610
RightHandSourceUseType: 3
RightHandSourceCollisionGroup: 7
LeftHandSourceResolved: 0
===== ENGINE SetCollisionGroup =====
ElapsedMs: 57969.802
Entity: It_2H_Sword_Flamberge
ChangedEntityAddress: E70E8610
PlayerSlotMatch: RIGHT
PlayerAction: 10
PlayerAniPhase: 1
PlayerPrimaryPose: 1
PlayerStateTime: 0.412887
PlayerStatePosition: 1
PlayerCurrentMovementAni: Hero_Parade_None_2H_P0_WhirlAttack_Hit_N_Fwd_00_%_00_P0_150_R.xmot
PlayerLeftItem: <none>
PlayerLeftItemAddress: 00000000
PlayerLeftUseType: -1
PlayerLeftCollisionGroup: -1
PlayerRightItem: It_2H_Sword_Flamberge
PlayerRightItemAddress: E70E8610
PlayerRightUseType: 3
PlayerRightCollisionGroup: 5
RequestedGroup: 5
BeforeGroup: 7
AfterGroup: 5
Item_EquippedValue: 5
Item_AttackValue: 7
RetiredMarkerExecutionCount: 0
====================================

===== G3AB_COL_RIGHT RECEIVED =====
ElapsedMs: 58169.578
Actor: PC_Hero
Action: 10
AniPhase: 1
StateTime: 0.608846
StatePosition: 1
CurrentMovementAni: Hero_Parade_None_2H_P0_WhirlAttack_Hit_N_Fwd_00_%_00_P0_150_R.xmot
MarkerOpcode: RIGHT
RightHandSourceResolved: 1
RightHandSource: It_2H_Sword_Flamberge
RightHandSourceAddress: E70E8610
RightHandSourceUseType: 3
RightHandSourceCollisionGroup: 5
LeftHandSourceResolved: 0
===== ENGINE SetCollisionGroup =====
ElapsedMs: 58169.606
Entity: It_2H_Sword_Flamberge
ChangedEntityAddress: E70E8610
PlayerSlotMatch: RIGHT
PlayerAction: 10
PlayerAniPhase: 1
PlayerPrimaryPose: 1
PlayerStateTime: 0.608846
PlayerStatePosition: 1
PlayerCurrentMovementAni: Hero_Parade_None_2H_P0_WhirlAttack_Hit_N_Fwd_00_%_00_P0_150_R.xmot
PlayerLeftItem: <none>
PlayerLeftItemAddress: 00000000
PlayerLeftUseType: -1
PlayerLeftCollisionGroup: -1
PlayerRightItem: It_2H_Sword_Flamberge
PlayerRightItemAddress: E70E8610
PlayerRightUseType: 3
PlayerRightCollisionGroup: 7
RequestedGroup: 7
BeforeGroup: 5
AfterGroup: 7
Item_EquippedValue: 5
Item_AttackValue: 7
RetiredMarkerExecutionCount: 0
====================================

===== PRIMARYFIRST PlayMotion =====
OwnerEntityAddress: EBB66E10
OwnerEntity: PC_Hero
MotionType: 0
Stage: REQUEST_BEFORE_ORIGINAL
ElapsedMs: 58379.602
PrimarySnapshotAvailable: 1
PrimaryMotionName: 
PrimaryHasMotionInstance: 0
PrimaryMotionRunning: 0
PrimaryPlayTime: 0.000000
PrimaryMaxTime: 0.000000
PrimaryPlaySpeed: 0.000000
Stage: RESULT_AFTER_ORIGINAL
ElapsedMs: 58379.613
PrimarySnapshotAvailable: 1
PrimaryMotionName: Hero_Parade_None_2H_P0_WhirlAttack_Recover_N_Fwd_00_%_00_P0_0_R.xmot
PrimaryHasMotionInstance: 1
PrimaryMotionRunning: 1
PrimaryPlayTime: 0.000000
PrimaryMaxTime: 0.800000
PrimaryPlaySpeed: 1.000000
CleanupBehaviorChanged: 0
=====================================

===== ENGINE SetCollisionGroup =====
ElapsedMs: 58379.677
Entity: It_2H_Sword_Flamberge
ChangedEntityAddress: E70E8610
PlayerSlotMatch: RIGHT
PlayerAction: 10
PlayerAniPhase: 3
PlayerPrimaryPose: 1
PlayerStateTime: 0.809825
PlayerStatePosition: 1
PlayerCurrentMovementAni: Hero_Parade_None_2H_P0_WhirlAttack_Hit_N_Fwd_00_%_00_P0_150_R.xmot
PlayerLeftItem: <none>
PlayerLeftItemAddress: 00000000
PlayerLeftUseType: -1
PlayerLeftCollisionGroup: -1
PlayerRightItem: It_2H_Sword_Flamberge
PlayerRightItemAddress: E70E8610
PlayerRightUseType: 3
PlayerRightCollisionGroup: 5
RequestedGroup: 5
BeforeGroup: 7
AfterGroup: 5
Item_EquippedValue: 5
Item_AttackValue: 7
RetiredMarkerExecutionCount: 1
====================================

===== PRIMARYFIRST PlayMotion =====
OwnerEntityAddress: EBB66E10
OwnerEntity: PC_Hero
MotionType: 0
Stage: REQUEST_BEFORE_ORIGINAL
ElapsedMs: 62753.709
PrimarySnapshotAvailable: 1
PrimaryMotionName: 
PrimaryHasMotionInstance: 0
PrimaryMotionRunning: 0
PrimaryPlayTime: 0.000000
PrimaryMaxTime: 0.000000
PrimaryPlaySpeed: 0.000000
Stage: RESULT_AFTER_ORIGINAL
ElapsedMs: 62753.720
PrimarySnapshotAvailable: 1
PrimaryMotionName: Hero_Parade_None_2H_P0_WhirlAttack_Hit_N_Fwd_00_%_00_P0_150_R.xmot
PrimaryHasMotionInstance: 1
PrimaryMotionRunning: 1
PrimaryPlayTime: 0.000000
PrimaryMaxTime: 0.800000
PrimaryPlaySpeed: 1.000000
CleanupBehaviorChanged: 0
=====================================

===== G3AB_COL_RIGHT RECEIVED =====
ElapsedMs: 62906.151
Actor: PC_Hero
Action: 10
AniPhase: 1
StateTime: 0.163007
StatePosition: 0
CurrentMovementAni: Hero_Parade_None_2H_P0_WhirlAttack_Hit_N_Fwd_00_%_00_P0_150_R.xmot
MarkerOpcode: RIGHT
RightHandSourceResolved: 1
RightHandSource: It_2H_Sword_Flamberge
RightHandSourceAddress: E70E8610
RightHandSourceUseType: 3
RightHandSourceCollisionGroup: 5
LeftHandSourceResolved: 0
===== ENGINE SetCollisionGroup =====
ElapsedMs: 62906.179
Entity: It_2H_Sword_Flamberge
ChangedEntityAddress: E70E8610
PlayerSlotMatch: RIGHT
PlayerAction: 10
PlayerAniPhase: 1
PlayerPrimaryPose: 1
PlayerStateTime: 0.163007
PlayerStatePosition: 0
PlayerCurrentMovementAni: Hero_Parade_None_2H_P0_WhirlAttack_Hit_N_Fwd_00_%_00_P0_150_R.xmot
PlayerLeftItem: <none>
PlayerLeftItemAddress: 00000000
PlayerLeftUseType: -1
PlayerLeftCollisionGroup: -1
PlayerRightItem: It_2H_Sword_Flamberge
PlayerRightItemAddress: E70E8610
PlayerRightUseType: 3
PlayerRightCollisionGroup: 7
RequestedGroup: 7
BeforeGroup: 5
AfterGroup: 7
Item_EquippedValue: 5
Item_AttackValue: 7
RetiredMarkerExecutionCount: 0
====================================

===== MARKER-OWNED PRIMARY MOTION LIFETIME =====
ElapsedMs: 63095.033
Actor: PC_Hero
OwnedAnimation: Hero_Parade_None_2H_P0_WhirlAttack_Hit_N_Fwd_00_%_00_P0_150_R.xmot
OwnedAction: 10
OwnedPhase: 1
ActiveSourceMask: 1
CurrentMovementAni: Hero_Parade_None_2H_P0_WhirlAttack_Hit_N_Fwd_00_%_00_P0_150_R.xmot
CurrentAction: 10
CurrentAniPhase: 1
PrimarySnapshotAvailable: 1
PrimaryHasMotionInstance: 1
PrimaryMotionRunning: 1
PrimaryMotionName: Hero_Parade_None_2H_P0_WhirlAttack_Hit_N_Fwd_00_%_00_P0_150_R.xmot
PrimaryPlayTime: 0.342993
PrimaryMaxTime: 0.800000
PrimaryPlaySpeed: 1.000000
CurrentMovementMatchesOwned: 1
PrimaryMotionMatchesOwned: 1
CurrentActionPhaseMatchesOwned: 1
FirstLifetimeSnapshot: 1
MovementChanged: 0
ActionChanged: 0
PhaseChanged: 0
PrimaryInstanceChanged: 0
PrimaryRunningChanged: 0
PrimaryNameChanged: 0
PrimaryPlayTimeRolledBack: 0
PrimaryCrossedMotionEnd: 0
CleanupBehaviorChanged: 0
=====================================

===== G3AB_COL_OFF RECEIVED =====
ElapsedMs: 63149.247
Actor: PC_Hero
Action: 10
AniPhase: 1
StateTime: 0.405990
StatePosition: 1
CurrentMovementAni: Hero_Parade_None_2H_P0_WhirlAttack_Hit_N_Fwd_00_%_00_P0_150_R.xmot
MarkerOpcode: OFF
RightHandSourceResolved: 1
RightHandSource: It_2H_Sword_Flamberge
RightHandSourceAddress: E70E8610
RightHandSourceUseType: 3
RightHandSourceCollisionGroup: 7
LeftHandSourceResolved: 0
===== ENGINE SetCollisionGroup =====
ElapsedMs: 63149.275
Entity: It_2H_Sword_Flamberge
ChangedEntityAddress: E70E8610
PlayerSlotMatch: RIGHT
PlayerAction: 10
PlayerAniPhase: 1
PlayerPrimaryPose: 1
PlayerStateTime: 0.405990
PlayerStatePosition: 1
PlayerCurrentMovementAni: Hero_Parade_None_2H_P0_WhirlAttack_Hit_N_Fwd_00_%_00_P0_150_R.xmot
PlayerLeftItem: <none>
PlayerLeftItemAddress: 00000000
PlayerLeftUseType: -1
PlayerLeftCollisionGroup: -1
PlayerRightItem: It_2H_Sword_Flamberge
PlayerRightItemAddress: E70E8610
PlayerRightUseType: 3
PlayerRightCollisionGroup: 5
RequestedGroup: 5
BeforeGroup: 7
AfterGroup: 5
Item_EquippedValue: 5
Item_AttackValue: 7
RetiredMarkerExecutionCount: 0
====================================

===== PRIMARYFIRST PlayMotion =====
OwnerEntityAddress: EBB66E10
OwnerEntity: PC_Hero
MotionType: 0
Stage: REQUEST_BEFORE_ORIGINAL
ElapsedMs: 69163.096
PrimarySnapshotAvailable: 1
PrimaryMotionName: 
PrimaryHasMotionInstance: 0
PrimaryMotionRunning: 0
PrimaryPlayTime: 0.000000
PrimaryMaxTime: 0.000000
PrimaryPlaySpeed: 0.000000
Stage: RESULT_AFTER_ORIGINAL
ElapsedMs: 69163.108
PrimarySnapshotAvailable: 1
PrimaryMotionName: Hero_Parade_None_2H_P0_WhirlAttack_Hit_N_Fwd_00_%_00_P0_150_R.xmot
PrimaryHasMotionInstance: 1
PrimaryMotionRunning: 1
PrimaryPlayTime: 0.000000
PrimaryMaxTime: 0.800000
PrimaryPlaySpeed: 1.000000
CleanupBehaviorChanged: 0
=====================================

===== G3AB_COL_RIGHT RECEIVED =====
ElapsedMs: 69319.358
Actor: PC_Hero
Action: 10
AniPhase: 1
StateTime: 0.165990
StatePosition: 0
CurrentMovementAni: Hero_Parade_None_2H_P0_WhirlAttack_Hit_N_Fwd_00_%_00_P0_150_R.xmot
MarkerOpcode: RIGHT
RightHandSourceResolved: 1
RightHandSource: It_2H_Sword_Flamberge
RightHandSourceAddress: E70E8610
RightHandSourceUseType: 3
RightHandSourceCollisionGroup: 5
LeftHandSourceResolved: 0
===== ENGINE SetCollisionGroup =====
ElapsedMs: 69319.388
Entity: It_2H_Sword_Flamberge
ChangedEntityAddress: E70E8610
PlayerSlotMatch: RIGHT
PlayerAction: 10
PlayerAniPhase: 1
PlayerPrimaryPose: 1
PlayerStateTime: 0.165990
PlayerStatePosition: 0
PlayerCurrentMovementAni: Hero_Parade_None_2H_P0_WhirlAttack_Hit_N_Fwd_00_%_00_P0_150_R.xmot
PlayerLeftItem: <none>
PlayerLeftItemAddress: 00000000
PlayerLeftUseType: -1
PlayerLeftCollisionGroup: -1
PlayerRightItem: It_2H_Sword_Flamberge
PlayerRightItemAddress: E70E8610
PlayerRightUseType: 3
PlayerRightCollisionGroup: 7
RequestedGroup: 7
BeforeGroup: 5
AfterGroup: 7
Item_EquippedValue: 5
Item_AttackValue: 7
RetiredMarkerExecutionCount: 0
====================================

===== G3AB_COL_OFF RECEIVED =====
ElapsedMs: 69564.680
Actor: PC_Hero
Action: 10
AniPhase: 1
StateTime: 0.409943
StatePosition: 1
CurrentMovementAni: Hero_Parade_None_2H_P0_WhirlAttack_Hit_N_Fwd_00_%_00_P0_150_R.xmot
MarkerOpcode: OFF
RightHandSourceResolved: 1
RightHandSource: It_2H_Sword_Flamberge
RightHandSourceAddress: E70E8610
RightHandSourceUseType: 3
RightHandSourceCollisionGroup: 7
LeftHandSourceResolved: 0
===== ENGINE SetCollisionGroup =====
ElapsedMs: 69564.739
Entity: It_2H_Sword_Flamberge
ChangedEntityAddress: E70E8610
PlayerSlotMatch: RIGHT
PlayerAction: 10
PlayerAniPhase: 1
PlayerPrimaryPose: 1
PlayerStateTime: 0.409943
PlayerStatePosition: 1
PlayerCurrentMovementAni: Hero_Parade_None_2H_P0_WhirlAttack_Hit_N_Fwd_00_%_00_P0_150_R.xmot
PlayerLeftItem: <none>
PlayerLeftItemAddress: 00000000
PlayerLeftUseType: -1
PlayerLeftCollisionGroup: -1
PlayerRightItem: It_2H_Sword_Flamberge
PlayerRightItemAddress: E70E8610
PlayerRightUseType: 3
PlayerRightCollisionGroup: 5
RequestedGroup: 5
BeforeGroup: 7
AfterGroup: 5
Item_EquippedValue: 5
Item_AttackValue: 7
RetiredMarkerExecutionCount: 0
====================================
