Script_SpeedIdentityProbe loaded.
Loading production BehaviorProfiles implementation.

CombatMove identity hook installed.

===== SpeedIdentity =====
Action=1
ActionProfile=Normal
RequestedPhaseName=Hit
AnimationResourceName=G3_Hero_Skeleton
RawLeftUseType=0
RawRightUseType=2
RuntimeKeyBuilt=true
Key.AnimationFamily=g3_hero_skeleton
Key.LeftAnimationUseType=none
Key.RightAnimationUseType=1h
ProfileMatch=false
=========================

===== SpeedIdentity =====
Action=1
ActionProfile=Normal
RequestedPhaseName=Hit
AnimationResourceName=G3_Hero_Skeleton
RawLeftUseType=0
RawRightUseType=2
RuntimeKeyBuilt=true
Key.AnimationFamily=g3_hero_skeleton
Key.LeftAnimationUseType=none
Key.RightAnimationUseType=1h
ProfileMatch=false
=========================

===== SpeedIdentity =====
Action=1
ActionProfile=Normal
RequestedPhaseName=Hit
AnimationResourceName=G3_Hero_Skeleton
RawLeftUseType=0
RawRightUseType=2
RuntimeKeyBuilt=true
Key.AnimationFamily=g3_hero_skeleton
Key.LeftAnimationUseType=none
Key.RightAnimationUseType=1h
ProfileMatch=false
=========================

===== SpeedIdentity =====
Action=1
ActionProfile=Normal
RequestedPhaseName=Hit
AnimationResourceName=G3_Hero_Skeleton
RawLeftUseType=0
RawRightUseType=2
RuntimeKeyBuilt=true
Key.AnimationFamily=g3_hero_skeleton
Key.LeftAnimationUseType=none
Key.RightAnimationUseType=1h
ProfileMatch=false
=========================

===== SpeedIdentity =====
Action=4
ActionProfile=Quick
RequestedPhaseName=Hit
AnimationResourceName=G3_Hero_Skeleton
RawLeftUseType=0
RawRightUseType=2
RuntimeKeyBuilt=true
Key.AnimationFamily=g3_hero_skeleton
Key.LeftAnimationUseType=none
Key.RightAnimationUseType=1h
ProfileMatch=false
=========================

===== SpeedIdentity =====
Action=5
ActionProfile=Quick
RequestedPhaseName=Hit
AnimationResourceName=G3_Hero_Skeleton
RawLeftUseType=0
RawRightUseType=2
RuntimeKeyBuilt=true
Key.AnimationFamily=g3_hero_skeleton
Key.LeftAnimationUseType=none
Key.RightAnimationUseType=1h
ProfileMatch=false
=========================

===== SpeedIdentity =====
Action=4
ActionProfile=Quick
RequestedPhaseName=Hit
AnimationResourceName=G3_Hero_Skeleton
RawLeftUseType=0
RawRightUseType=2
RuntimeKeyBuilt=true
Key.AnimationFamily=g3_hero_skeleton
Key.LeftAnimationUseType=none
Key.RightAnimationUseType=1h
ProfileMatch=false
=========================

===== SpeedIdentity =====
Action=5
ActionProfile=Quick
RequestedPhaseName=Hit
AnimationResourceName=G3_Hero_Skeleton
RawLeftUseType=0
RawRightUseType=2
RuntimeKeyBuilt=true
Key.AnimationFamily=g3_hero_skeleton
Key.LeftAnimationUseType=none
Key.RightAnimationUseType=1h
ProfileMatch=false
=========================

Script_SpeedIdentityProbe unloading.
