Script_G3AB_BadBlockResearch loaded.
Mode: CONTROL (observe only; native raw preserved).
Research only: overdue player Quick R/L and full Whirl Hit seam.
Production Script_G3AnimationBehaviors.dll is intentionally independent.
Player timeout seam +0x633BF: installed.
Episode start id=1 mode=CONTROL raw=2502 effective=2502 action=10 phase=1 actor=EBB76010 player=EBB76010
Episode start id=2 mode=CONTROL raw=2504 effective=2504 action=10 phase=1 actor=EBB76010 player=EBB76010
Episode start id=3 mode=CONTROL raw=2511 effective=2511 action=5 phase=1 actor=EBB76010 player=EBB76010
Episode start id=4 mode=CONTROL raw=2504 effective=2504 action=5 phase=1 actor=EBB76010 player=EBB76010
Episode start id=5 mode=CONTROL raw=2508 effective=2508 action=5 phase=1 actor=EBB76010 player=EBB76010
Episode start id=6 mode=CONTROL raw=2510 effective=2510 action=4 phase=1 actor=EBB76010 player=EBB76010
Episode start id=7 mode=CONTROL raw=2506 effective=2506 action=5 phase=1 actor=EBB76010 player=EBB76010
Episode start id=8 mode=CONTROL raw=2504 effective=2504 action=4 phase=1 actor=EBB76010 player=EBB76010
Episode start id=9 mode=CONTROL raw=2503 effective=2503 action=5 phase=1 actor=EBB76010 player=EBB76010
Episode start id=10 mode=CONTROL raw=2505 effective=2505 action=5 phase=1 actor=EBB76010 player=EBB76010
Episode start id=11 mode=CONTROL raw=2510 effective=2510 action=5 phase=1 actor=EBB76010 player=EBB76010
Episode start id=12 mode=CONTROL raw=2510 effective=2510 action=4 phase=1 actor=EBB76010 player=EBB76010
Episode start id=13 mode=CONTROL raw=2503 effective=2503 action=5 phase=1 actor=EBB76010 player=EBB76010
Episode start id=14 mode=CONTROL raw=2510 effective=2510 action=5 phase=1 actor=EBB76010 player=EBB76010
Episode start id=15 mode=CONTROL raw=2507 effective=2507 action=5 phase=1 actor=EBB76010 player=EBB76010
Episode start id=16 mode=CONTROL raw=2506 effective=2506 action=5 phase=1 actor=EBB76010 player=EBB76010
Episode start id=17 mode=CONTROL raw=2504 effective=2504 action=10 phase=1 actor=EBB76010 player=EBB76010
Script_G3AB_BadBlockResearch unloading.
