Script_FrameCollisionTest v0.10 loaded.
GENERALIZED ACTOR / WEAPON-SLOT PROTOTYPE.
NO IsPlayer restriction.
NO 2H / Staff / 1H use-type restriction.
NO P0/P1/P2 restriction.
Normal eligibility: current animation contains _Attack_Hit_ and G3AB_COL_TEST.
Quick eligibility: OnAI_QuickAttack + exact Quick/QuickR/QuickL action + Hit phase + G3AB_COL_TEST.
Accepted Quick marker completes one-shot callback bookkeeping: StatePosition -> 1.
FIST CAUSAL TEST: raw Fist/PhysicalFist skips SetCollisionGroup(Item_Attack).
FIST CAUSAL TEST: ClearTriggeredList remains active.
Prototype source resolver: current actor RIGHT-HAND equipped item.
If a marked animation has no right-hand item, its original attack callback is NOT suppressed.
This protects unarmed/monster attacks until body-source resolution is implemented.
Marker action: non-Fist -> Item_Attack + ClearTriggeredList; Fist -> ClearTriggeredList only.
No custom collision-OFF cleanup; Gothic 3 owns Hit->Recover reset.
Known collision groups: Item_Equipped=5, Item_Attack=7.
PASSIVE DUAL DISCOVERY: Item_Attack transitions are labelled by exact player LEFT/RIGHT slot entity identity.
A Dual both-weapon activation normally appears as separate LEFT and RIGHT transition records.
Marked Normal/Quick collision behavior remains the validated v0.9 behavior.

Installing hooks...
Hooks installed.

===== ENGINE SetCollisionGroup =====
ElapsedMs: 44852.793
Entity: Fist
ChangedEntityAddress: E6AB2210
PlayerSlotMatch: NONE
PlayerAction: 0
PlayerAniPhase: 5
PlayerPrimaryPose: 1
PlayerStateTime: 25.442320
PlayerStatePosition: 0
PlayerCurrentMovementAni: Hero_Stand_None_None_P0_Ambient_Loop_N_Fwd_02_%_00_P0_0.xmot
PlayerLeftItem: <none>
PlayerLeftItemAddress: 00000000
PlayerLeftUseType: -1
PlayerLeftCollisionGroup: -1
PlayerRightItem: <none>
PlayerRightItemAddress: 00000000
PlayerRightUseType: -1
PlayerRightCollisionGroup: -1
RequestedGroup: 7
BeforeGroup: 0
AfterGroup: 0
Item_EquippedValue: 5
Item_AttackValue: 7
====================================

===== MARKER OWNERSHIP DECISION =====
ElapsedMs: 45905.046
Actor: Wolf
CurrentMovementAni: Wolf_Stand_None_Fist_P0_Attack_Hit_N_Fwd_00_%_00_P0_200_L.xmot
MatchingMotionFound: 1
FrameEffectCount: 2
Contains_G3AB_COL_TEST: 0
MarkerFrame: -1
RightHandSourceResolved: 1
ResolvedSource: Fist
ResolvedSourceUseType: 8
ResolvedSourceCollisionGroup: 0
Decision: LEGACY/NATIVE - call original timer callback
=====================================

===== ENGINE SetCollisionGroup =====
ElapsedMs: 46152.896
Entity: Fist
ChangedEntityAddress: E6E64E10
PlayerSlotMatch: NONE
PlayerAction: 68
PlayerAniPhase: 4
PlayerPrimaryPose: 1
PlayerStateTime: 0.177067
PlayerStatePosition: 0
PlayerCurrentMovementAni: Hero_Stand_None_2H_P0_HoldRight_Begin_N_Fwd_00_%_00_P0_0.xmot
PlayerLeftItem: <none>
PlayerLeftItemAddress: 00000000
PlayerLeftUseType: -1
PlayerLeftCollisionGroup: -1
PlayerRightItem: <none>
PlayerRightItemAddress: 00000000
PlayerRightUseType: -1
PlayerRightCollisionGroup: -1
RequestedGroup: 7
BeforeGroup: 0
AfterGroup: 0
Item_EquippedValue: 5
Item_AttackValue: 7
====================================

===== MARKER OWNERSHIP DECISION =====
ElapsedMs: 46642.855
Actor: Wolf
CurrentMovementAni: Wolf_Stand_None_Fist_P0_Attack_Hit_N_Fwd_00_%_00_P0_200_L.xmot
MatchingMotionFound: 1
FrameEffectCount: 2
Contains_G3AB_COL_TEST: 0
MarkerFrame: -1
RightHandSourceResolved: 1
ResolvedSource: Fist
ResolvedSourceUseType: 8
ResolvedSourceCollisionGroup: 0
Decision: LEGACY/NATIVE - call original timer callback
=====================================

===== ENGINE SetCollisionGroup =====
ElapsedMs: 46910.009
Entity: Fist
ChangedEntityAddress: E6EA1E10
PlayerSlotMatch: NONE
PlayerAction: 0
PlayerAniPhase: 12
PlayerPrimaryPose: 1
PlayerStateTime: 0.137040
PlayerStatePosition: 0
PlayerCurrentMovementAni: Hero_Stand_None_2H_P0_Move_Turn90_N_Right_00_%_00_P0_0.xmot
PlayerLeftItem: <none>
PlayerLeftItemAddress: 00000000
PlayerLeftUseType: -1
PlayerLeftCollisionGroup: -1
PlayerRightItem: It_2H_Sword_Flamberge
PlayerRightItemAddress: E70EA010
PlayerRightUseType: 3
PlayerRightCollisionGroup: 5
RequestedGroup: 7
BeforeGroup: 0
AfterGroup: 0
Item_EquippedValue: 5
Item_AttackValue: 7
====================================

===== MARKER OWNERSHIP DECISION =====
ElapsedMs: 47266.232
Actor: Wolf
CurrentMovementAni: Wolf_Stand_None_Fist_P0_Attack_Hit_N_Fwd_00_%_00_P0_200_L.xmot
MatchingMotionFound: 1
FrameEffectCount: 2
Contains_G3AB_COL_TEST: 0
MarkerFrame: -1
RightHandSourceResolved: 1
ResolvedSource: Fist
ResolvedSourceUseType: 8
ResolvedSourceCollisionGroup: 0
Decision: LEGACY/NATIVE - call original timer callback
=====================================

===== ENGINE SetCollisionGroup =====
ElapsedMs: 47524.549
Entity: Fist
ChangedEntityAddress: E6AB2210
PlayerSlotMatch: NONE
PlayerAction: 0
PlayerAniPhase: 5
PlayerPrimaryPose: 1
PlayerStateTime: 0.754712
PlayerStatePosition: 0
PlayerCurrentMovementAni: Hero_Stand_None_2H_P0_Ambient_Loop_N_Fwd_00_%_00_P0_0.xmot
PlayerLeftItem: <none>
PlayerLeftItemAddress: 00000000
PlayerLeftUseType: -1
PlayerLeftCollisionGroup: -1
PlayerRightItem: It_2H_Sword_Flamberge
PlayerRightItemAddress: E70EA010
PlayerRightUseType: 3
PlayerRightCollisionGroup: 5
RequestedGroup: 7
BeforeGroup: 0
AfterGroup: 0
Item_EquippedValue: 5
Item_AttackValue: 7
====================================

===== ENGINE SetCollisionGroup =====
ElapsedMs: 48658.632
Entity: Fist
ChangedEntityAddress: E6EA1E10
PlayerSlotMatch: NONE
PlayerAction: 0
PlayerAniPhase: 0
PlayerPrimaryPose: 1
PlayerStateTime: 0.038999
PlayerStatePosition: 0
PlayerCurrentMovementAni: Hero_Stand_None_2H_P0_Attack_Raise_N_Fwd_00_%_00_P0_0_R.xmot
PlayerLeftItem: <none>
PlayerLeftItemAddress: 00000000
PlayerLeftUseType: -1
PlayerLeftCollisionGroup: -1
PlayerRightItem: It_2H_Sword_Flamberge
PlayerRightItemAddress: E70EA010
PlayerRightUseType: 3
PlayerRightCollisionGroup: 5
RequestedGroup: 7
BeforeGroup: 0
AfterGroup: 0
Item_EquippedValue: 5
Item_AttackValue: 7
====================================

===== ENGINE SetCollisionGroup =====
ElapsedMs: 48733.020
Entity: Fist
ChangedEntityAddress: E6E64E10
PlayerSlotMatch: NONE
PlayerAction: 0
PlayerAniPhase: 0
PlayerPrimaryPose: 1
PlayerStateTime: 0.113010
PlayerStatePosition: 0
PlayerCurrentMovementAni: Hero_Stand_None_2H_P0_Attack_Raise_N_Fwd_00_%_00_P0_0_R.xmot
PlayerLeftItem: <none>
PlayerLeftItemAddress: 00000000
PlayerLeftUseType: -1
PlayerLeftCollisionGroup: -1
PlayerRightItem: It_2H_Sword_Flamberge
PlayerRightItemAddress: E70EA010
PlayerRightUseType: 3
PlayerRightCollisionGroup: 5
RequestedGroup: 7
BeforeGroup: 0
AfterGroup: 0
Item_EquippedValue: 5
Item_AttackValue: 7
====================================

===== MARKER OWNERSHIP DECISION =====
ElapsedMs: 48782.874
Actor: PC_Hero
CurrentMovementAni: Hero_Stand_None_2H_P0_Attack_Hit_N_Fwd_00_%_00_P1_90_R.xmot
MatchingMotionFound: 1
FrameEffectCount: 2
Contains_G3AB_COL_TEST: 1
MarkerFrame: 7
RightHandSourceResolved: 1
ResolvedSource: It_2H_Sword_Flamberge
ResolvedSourceUseType: 3
ResolvedSourceCollisionGroup: 5
Decision: FRAME-CONTROLLED - suppress original timer callback
=====================================

===== G3AB_COL_TEST RECEIVED =====
ElapsedMs: 49053.720
Actor: PC_Hero
Action: 1
AniPhase: 1
StateTime: 0.441275
StatePosition: 0
CurrentMovementAni: Hero_Stand_None_2H_P0_Attack_Hit_N_Fwd_00_%_00_P1_90_R.xmot
RightHandSourceResolved: 1
ResolvedSource: It_2H_Sword_Flamberge
ResolvedSourceUseType: 3
ResolvedSourceCollisionGroup: 5
===== ENGINE SetCollisionGroup =====
ElapsedMs: 49053.745
Entity: It_2H_Sword_Flamberge
ChangedEntityAddress: E70EA010
PlayerSlotMatch: RIGHT
PlayerAction: 1
PlayerAniPhase: 1
PlayerPrimaryPose: 2
PlayerStateTime: 0.441275
PlayerStatePosition: 0
PlayerCurrentMovementAni: Hero_Stand_None_2H_P0_Attack_Hit_N_Fwd_00_%_00_P1_90_R.xmot
PlayerLeftItem: <none>
PlayerLeftItemAddress: 00000000
PlayerLeftUseType: -1
PlayerLeftCollisionGroup: -1
PlayerRightItem: It_2H_Sword_Flamberge
PlayerRightItemAddress: E70EA010
PlayerRightUseType: 3
PlayerRightCollisionGroup: 7
RequestedGroup: 7
BeforeGroup: 5
AfterGroup: 7
Item_EquippedValue: 5
Item_AttackValue: 7
====================================

MarkerAction: ACCEPTED
AuthoredMarkerFrame: 7
CollisionGroupBeforeMarker: 5
CollisionGroupAfterMarker: 7
ResolvedSourceUseTypeAtMarker: 3
SetCollisionGroupAction: REQUESTED_ITEM_ATTACK
TriggeredDamageList: CLEARED
Original StartEffect for marker: NOT CALLED
=================================

===== ENGINE SetCollisionGroup =====
ElapsedMs: 49273.936
Entity: It_2H_Sword_Flamberge
ChangedEntityAddress: E70EA010
PlayerSlotMatch: RIGHT
PlayerAction: 1
PlayerAniPhase: 3
PlayerPrimaryPose: 2
PlayerStateTime: 0.648192
PlayerStatePosition: 0
PlayerCurrentMovementAni: Hero_Stand_None_2H_P0_Attack_Hit_N_Fwd_00_%_00_P1_90_R.xmot
PlayerLeftItem: <none>
PlayerLeftItemAddress: 00000000
PlayerLeftUseType: -1
PlayerLeftCollisionGroup: -1
PlayerRightItem: It_2H_Sword_Flamberge
PlayerRightItemAddress: E70EA010
PlayerRightUseType: 3
PlayerRightCollisionGroup: 5
RequestedGroup: 5
BeforeGroup: 7
AfterGroup: 5
Item_EquippedValue: 5
Item_AttackValue: 7
====================================

===== ENGINE SetCollisionGroup =====
ElapsedMs: 50155.238
Entity: Fist
ChangedEntityAddress: E6AB2210
PlayerSlotMatch: NONE
PlayerAction: 0
PlayerAniPhase: 12
PlayerPrimaryPose: 2
PlayerStateTime: 0.873929
PlayerStatePosition: 0
PlayerCurrentMovementAni: Hero_Stand_None_2H_P1_Move_Stand_N_Fwd_00_%_00_P1_0.xmot
PlayerLeftItem: <none>
PlayerLeftItemAddress: 00000000
PlayerLeftUseType: -1
PlayerLeftCollisionGroup: -1
PlayerRightItem: It_2H_Sword_Flamberge
PlayerRightItemAddress: E70EA010
PlayerRightUseType: 3
PlayerRightCollisionGroup: 5
RequestedGroup: 7
BeforeGroup: 0
AfterGroup: 0
Item_EquippedValue: 5
Item_AttackValue: 7
====================================

===== ENGINE SetCollisionGroup =====
ElapsedMs: 50287.249
Entity: Fist
ChangedEntityAddress: E6EA1E10
PlayerSlotMatch: NONE
PlayerAction: 0
PlayerAniPhase: 8
PlayerPrimaryPose: 2
PlayerStateTime: 1.004926
PlayerStatePosition: 0
PlayerCurrentMovementAni: Hero_Stand_None_2H_P1_Move_Walk_N_Back_00_%_00_P0_160.xmot
PlayerLeftItem: <none>
PlayerLeftItemAddress: 00000000
PlayerLeftUseType: -1
PlayerLeftCollisionGroup: -1
PlayerRightItem: It_2H_Sword_Flamberge
PlayerRightItemAddress: E70EA010
PlayerRightUseType: 3
PlayerRightCollisionGroup: 5
RequestedGroup: 7
BeforeGroup: 0
AfterGroup: 0
Item_EquippedValue: 5
Item_AttackValue: 7
====================================

===== ENGINE SetCollisionGroup =====
ElapsedMs: 50373.361
Entity: Fist
ChangedEntityAddress: E6E64E10
PlayerSlotMatch: NONE
PlayerAction: 0
PlayerAniPhase: 8
PlayerPrimaryPose: 2
PlayerStateTime: 1.091388
PlayerStatePosition: 0
PlayerCurrentMovementAni: Hero_Stand_None_2H_P1_Move_Walk_N_Back_00_%_00_P0_160.xmot
PlayerLeftItem: <none>
PlayerLeftItemAddress: 00000000
PlayerLeftUseType: -1
PlayerLeftCollisionGroup: -1
PlayerRightItem: It_2H_Sword_Flamberge
PlayerRightItemAddress: E70EA010
PlayerRightUseType: 3
PlayerRightCollisionGroup: 5
RequestedGroup: 7
BeforeGroup: 0
AfterGroup: 0
Item_EquippedValue: 5
Item_AttackValue: 7
====================================

===== MARKER OWNERSHIP DECISION =====
ElapsedMs: 51059.797
Actor: PC_Hero
CurrentMovementAni: Hero_Stand_None_2H_P1_Attack_Hit_N_Fwd_00_%_00_P0_90_L.xmot
MatchingMotionFound: 1
FrameEffectCount: 2
Contains_G3AB_COL_TEST: 1
MarkerFrame: 7
RightHandSourceResolved: 1
ResolvedSource: It_2H_Sword_Flamberge
ResolvedSourceUseType: 3
ResolvedSourceCollisionGroup: 5
Decision: FRAME-CONTROLLED - suppress original timer callback
=====================================

===== G3AB_COL_TEST RECEIVED =====
ElapsedMs: 51332.631
Actor: PC_Hero
Action: 1
AniPhase: 1
StateTime: 0.448819
StatePosition: 0
CurrentMovementAni: Hero_Stand_None_2H_P1_Attack_Hit_N_Fwd_00_%_00_P0_90_L.xmot
RightHandSourceResolved: 1
ResolvedSource: It_2H_Sword_Flamberge
ResolvedSourceUseType: 3
ResolvedSourceCollisionGroup: 5
===== ENGINE SetCollisionGroup =====
ElapsedMs: 51332.658
Entity: It_2H_Sword_Flamberge
ChangedEntityAddress: E70EA010
PlayerSlotMatch: RIGHT
PlayerAction: 1
PlayerAniPhase: 1
PlayerPrimaryPose: 1
PlayerStateTime: 0.448819
PlayerStatePosition: 0
PlayerCurrentMovementAni: Hero_Stand_None_2H_P1_Attack_Hit_N_Fwd_00_%_00_P0_90_L.xmot
PlayerLeftItem: <none>
PlayerLeftItemAddress: 00000000
PlayerLeftUseType: -1
PlayerLeftCollisionGroup: -1
PlayerRightItem: It_2H_Sword_Flamberge
PlayerRightItemAddress: E70EA010
PlayerRightUseType: 3
PlayerRightCollisionGroup: 7
RequestedGroup: 7
BeforeGroup: 5
AfterGroup: 7
Item_EquippedValue: 5
Item_AttackValue: 7
====================================

MarkerAction: ACCEPTED
AuthoredMarkerFrame: 7
CollisionGroupBeforeMarker: 5
CollisionGroupAfterMarker: 7
ResolvedSourceUseTypeAtMarker: 3
SetCollisionGroupAction: REQUESTED_ITEM_ATTACK
TriggeredDamageList: CLEARED
Original StartEffect for marker: NOT CALLED
=================================

===== ENGINE SetCollisionGroup =====
ElapsedMs: 51549.014
Entity: It_2H_Sword_Flamberge
ChangedEntityAddress: E70EA010
PlayerSlotMatch: RIGHT
PlayerAction: 1
PlayerAniPhase: 3
PlayerPrimaryPose: 1
PlayerStateTime: 0.655101
PlayerStatePosition: 0
PlayerCurrentMovementAni: Hero_Stand_None_2H_P1_Attack_Hit_N_Fwd_00_%_00_P0_90_L.xmot
PlayerLeftItem: <none>
PlayerLeftItemAddress: 00000000
PlayerLeftUseType: -1
PlayerLeftCollisionGroup: -1
PlayerRightItem: It_2H_Sword_Flamberge
PlayerRightItemAddress: E70EA010
PlayerRightUseType: 3
PlayerRightCollisionGroup: 5
RequestedGroup: 5
BeforeGroup: 7
AfterGroup: 5
Item_EquippedValue: 5
Item_AttackValue: 7
====================================

===== ENGINE SetCollisionGroup =====
ElapsedMs: 52624.125
Entity: Fist
ChangedEntityAddress: E6E64E10
PlayerSlotMatch: NONE
PlayerAction: 0
PlayerAniPhase: 12
PlayerPrimaryPose: 1
PlayerStateTime: 1.078500
PlayerStatePosition: 0
PlayerCurrentMovementAni: Hero_Stand_None_2H_P0_Move_Stand_N_Fwd_00_%_00_P0_0.xmot
PlayerLeftItem: <none>
PlayerLeftItemAddress: 00000000
PlayerLeftUseType: -1
PlayerLeftCollisionGroup: -1
PlayerRightItem: It_2H_Sword_Flamberge
PlayerRightItemAddress: E70EA010
PlayerRightUseType: 3
PlayerRightCollisionGroup: 5
RequestedGroup: 7
BeforeGroup: 0
AfterGroup: 0
Item_EquippedValue: 5
Item_AttackValue: 7
====================================

===== MARKER OWNERSHIP DECISION =====
ElapsedMs: 53330.365
Actor: PC_Hero
CurrentMovementAni: Hero_Stand_None_2H_P0_Attack_Hit_N_Fwd_00_%_00_P1_90_R.xmot
MatchingMotionFound: 1
FrameEffectCount: 2
Contains_G3AB_COL_TEST: 1
MarkerFrame: 7
RightHandSourceResolved: 1
ResolvedSource: It_2H_Sword_Flamberge
ResolvedSourceUseType: 3
ResolvedSourceCollisionGroup: 5
Decision: FRAME-CONTROLLED - suppress original timer callback
=====================================

===== G3AB_COL_TEST RECEIVED =====
ElapsedMs: 53608.126
Actor: PC_Hero
Action: 1
AniPhase: 1
StateTime: 0.451923
StatePosition: 0
CurrentMovementAni: Hero_Stand_None_2H_P0_Attack_Hit_N_Fwd_00_%_00_P1_90_R.xmot
RightHandSourceResolved: 1
ResolvedSource: It_2H_Sword_Flamberge
ResolvedSourceUseType: 3
ResolvedSourceCollisionGroup: 5
===== ENGINE SetCollisionGroup =====
ElapsedMs: 53608.152
Entity: It_2H_Sword_Flamberge
ChangedEntityAddress: E70EA010
PlayerSlotMatch: RIGHT
PlayerAction: 1
PlayerAniPhase: 1
PlayerPrimaryPose: 2
PlayerStateTime: 0.451923
PlayerStatePosition: 0
PlayerCurrentMovementAni: Hero_Stand_None_2H_P0_Attack_Hit_N_Fwd_00_%_00_P1_90_R.xmot
PlayerLeftItem: <none>
PlayerLeftItemAddress: 00000000
PlayerLeftUseType: -1
PlayerLeftCollisionGroup: -1
PlayerRightItem: It_2H_Sword_Flamberge
PlayerRightItemAddress: E70EA010
PlayerRightUseType: 3
PlayerRightCollisionGroup: 7
RequestedGroup: 7
BeforeGroup: 5
AfterGroup: 7
Item_EquippedValue: 5
Item_AttackValue: 7
====================================

MarkerAction: ACCEPTED
AuthoredMarkerFrame: 7
CollisionGroupBeforeMarker: 5
CollisionGroupAfterMarker: 7
ResolvedSourceUseTypeAtMarker: 3
SetCollisionGroupAction: REQUESTED_ITEM_ATTACK
TriggeredDamageList: CLEARED
Original StartEffect for marker: NOT CALLED
=================================

===== ENGINE SetCollisionGroup =====
ElapsedMs: 53808.680
Entity: It_2H_Sword_Flamberge
ChangedEntityAddress: E70EA010
PlayerSlotMatch: RIGHT
PlayerAction: 1
PlayerAniPhase: 3
PlayerPrimaryPose: 2
PlayerStateTime: 0.645149
PlayerStatePosition: 0
PlayerCurrentMovementAni: Hero_Stand_None_2H_P0_Attack_Hit_N_Fwd_00_%_00_P1_90_R.xmot
PlayerLeftItem: <none>
PlayerLeftItemAddress: 00000000
PlayerLeftUseType: -1
PlayerLeftCollisionGroup: -1
PlayerRightItem: It_2H_Sword_Flamberge
PlayerRightItemAddress: E70EA010
PlayerRightUseType: 3
PlayerRightCollisionGroup: 5
RequestedGroup: 5
BeforeGroup: 7
AfterGroup: 5
Item_EquippedValue: 5
Item_AttackValue: 7
====================================

===== ENGINE SetCollisionGroup =====
ElapsedMs: 54379.954
Entity: Fist
ChangedEntityAddress: E6E64E10
PlayerSlotMatch: NONE
PlayerAction: 0
PlayerAniPhase: 3
PlayerPrimaryPose: 2
PlayerStateTime: 0.564282
PlayerStatePosition: 0
PlayerCurrentMovementAni: Hero_Stand_None_2H_P1_Attack_Recover_N_Fwd_00_%_00_P1_0_R.xmot
PlayerLeftItem: <none>
PlayerLeftItemAddress: 00000000
PlayerLeftUseType: -1
PlayerLeftCollisionGroup: -1
PlayerRightItem: It_2H_Sword_Flamberge
PlayerRightItemAddress: E70EA010
PlayerRightUseType: 3
PlayerRightCollisionGroup: 5
RequestedGroup: 7
BeforeGroup: 0
AfterGroup: 0
Item_EquippedValue: 5
Item_AttackValue: 7
====================================

===== MARKER OWNERSHIP DECISION =====
ElapsedMs: 55062.227
Actor: PC_Hero
CurrentMovementAni: Hero_Stand_None_2H_P1_Attack_Hit_N_Fwd_00_%_00_P0_90_L.xmot
MatchingMotionFound: 1
FrameEffectCount: 2
Contains_G3AB_COL_TEST: 1
MarkerFrame: 7
RightHandSourceResolved: 1
ResolvedSource: It_2H_Sword_Flamberge
ResolvedSourceUseType: 3
ResolvedSourceCollisionGroup: 5
Decision: FRAME-CONTROLLED - suppress original timer callback
=====================================

===== G3AB_COL_TEST RECEIVED =====
ElapsedMs: 55337.371
Actor: PC_Hero
Action: 1
AniPhase: 1
StateTime: 0.452265
StatePosition: 0
CurrentMovementAni: Hero_Stand_None_2H_P1_Attack_Hit_N_Fwd_00_%_00_P0_90_L.xmot
RightHandSourceResolved: 1
ResolvedSource: It_2H_Sword_Flamberge
ResolvedSourceUseType: 3
ResolvedSourceCollisionGroup: 5
===== ENGINE SetCollisionGroup =====
ElapsedMs: 55337.397
Entity: It_2H_Sword_Flamberge
ChangedEntityAddress: E70EA010
PlayerSlotMatch: RIGHT
PlayerAction: 1
PlayerAniPhase: 1
PlayerPrimaryPose: 1
PlayerStateTime: 0.452265
PlayerStatePosition: 0
PlayerCurrentMovementAni: Hero_Stand_None_2H_P1_Attack_Hit_N_Fwd_00_%_00_P0_90_L.xmot
PlayerLeftItem: <none>
PlayerLeftItemAddress: 00000000
PlayerLeftUseType: -1
PlayerLeftCollisionGroup: -1
PlayerRightItem: It_2H_Sword_Flamberge
PlayerRightItemAddress: E70EA010
PlayerRightUseType: 3
PlayerRightCollisionGroup: 7
RequestedGroup: 7
BeforeGroup: 5
AfterGroup: 7
Item_EquippedValue: 5
Item_AttackValue: 7
====================================

MarkerAction: ACCEPTED
AuthoredMarkerFrame: 7
CollisionGroupBeforeMarker: 5
CollisionGroupAfterMarker: 7
ResolvedSourceUseTypeAtMarker: 3
SetCollisionGroupAction: REQUESTED_ITEM_ATTACK
TriggeredDamageList: CLEARED
Original StartEffect for marker: NOT CALLED
=================================

===== ENGINE SetCollisionGroup =====
ElapsedMs: 55547.197
Entity: It_2H_Sword_Flamberge
ChangedEntityAddress: E70EA010
PlayerSlotMatch: RIGHT
PlayerAction: 1
PlayerAniPhase: 3
PlayerPrimaryPose: 1
PlayerStateTime: 0.653531
PlayerStatePosition: 0
PlayerCurrentMovementAni: Hero_Stand_None_2H_P1_Attack_Hit_N_Fwd_00_%_00_P0_90_L.xmot
PlayerLeftItem: <none>
PlayerLeftItemAddress: 00000000
PlayerLeftUseType: -1
PlayerLeftCollisionGroup: -1
PlayerRightItem: It_2H_Sword_Flamberge
PlayerRightItemAddress: E70EA010
PlayerRightUseType: 3
PlayerRightCollisionGroup: 5
RequestedGroup: 5
BeforeGroup: 7
AfterGroup: 5
Item_EquippedValue: 5
Item_AttackValue: 7
====================================

Script_FrameCollisionTest unloading.
