Script_FrameCollisionTest diagnostic build loaded.
DiagnosticProfile: CORE
DeepDiagnostics: DISABLED
BehaviorCore: EngineBridge + FrameCollisionMarkers + CollisionSources + CollisionSourceOperations + CollisionLifecycleGuard + RuntimeClock
C1Repair: exact outstanding live equipped Item_Attack source -> Item_Equipped after native AISetState opportunity; no ClearTriggeredList.
MarkerFamilies: Normal Quick Whirl
MarkerOpcodes: RIGHT LEFT BOTH OFF
Installing behavior hooks...
Hooks installed.

===== C1 LIFECYCLE START =====
ElapsedMs: 32388.282
Actor: PC_Hero
Generation: 1
Status: CANDIDATE
ReplacedGeneration: 0
ReplacedOutstanding: 0
TrackedSourceCount: 1
Source[0].Address: E70E8A10
Source[0].Side: RIGHT
Source[0].ActualGroup: 5
==============================

===== C1 LIFECYCLE STATUS =====
ElapsedMs: 32398.730
Event: PERSISTED
Actor: PC_Hero
Generation: 1
Status: PERSISTED
Outstanding: 0
===============================

===== C1 LIFECYCLE START =====
ElapsedMs: 32552.946
Actor: PC_Hero
Generation: 2
Status: CANDIDATE
ReplacedGeneration: 1
ReplacedOutstanding: 0
TrackedSourceCount: 1
Source[0].Address: E70E8A10
Source[0].Side: RIGHT
Source[0].ActualGroup: 5
==============================

===== C1 SCRIPT BINDING =====
ElapsedMs: 32552.959
Event: COMBAT_MOVE_CANDIDATE_BOUND
Actor: PC_Hero
Generation: 2
Status: CANDIDATE
Outstanding: 0
ScriptFunction: _AI_Attack
SourceAddress: 00000000
=============================

===== C1 LIFECYCLE STATUS =====
ElapsedMs: 32561.697
Event: PERSISTED
Actor: PC_Hero
Generation: 2
Status: PERSISTED
Outstanding: 0
===============================

===== MARKER OWNERSHIP DECISION =====
ElapsedMs: 32561.734
Actor: PC_Hero
Family: NORMAL
CurrentMovementAni: Hero_Stand_None_2H_P0_Attack_Hit_N_Fwd_00_%_00_P1_90_R.xmot
Action: 1
AniPhase: 1
MatchingMotionFound: 1
MarkerScanValid: 1
ContainsReservedSourceMarker: 1
RequiredSourceMask: 1
AuthoredRIGHTCount: 1
FirstRIGHTFrame: 7
AuthoredLEFTCount: 0
FirstLEFTFrame: -1
AuthoredBOTHCount: 0
FirstBOTHFrame: -1
AuthoredOFFCount: 0
FirstOFFFrame: -1
RightSourceResolved: 1
RightSourceName: It_2H_Sword_Flamberge
RightSourceAddress: E70E8A10
RightSourceUseType: 3
RightSourceCollisionGroup: 5
LeftSourceResolved: 0
SuppressNativeCallback: 1
=====================================

===== RIGHT RECEIVED =====
ElapsedMs: 32825.900
Actor: PC_Hero
Action: 1
AniPhase: 1
StateTime: 0.448745
CurrentMovementAni: Hero_Stand_None_2H_P0_Attack_Hit_N_Fwd_00_%_00_P1_90_R.xmot
===== ENGINE SetCollisionGroup =====
ElapsedMs: 32825.973
Source: It_2H_Sword_Flamberge
SourceAddress: E70E8A10
SlotAssociation: RIGHT
RequestedGroup: 7
BeforeGroup: 5
AfterGroup: 7
RetiredMarkerExecutionCount: 0
====================================

===== C1 OFFENSE REQUEST =====
ElapsedMs: 32825.999
Actor: PC_Hero
Generation: 2
Status: PERSISTED
Source: It_2H_Sword_Flamberge
SourceAddress: E70E8A10
Side: RIGHT
OffensiveRequestCount: 1
Outstanding: 1
CleanupObserved: 0
ActualGroup: 7
==============================

MarkerName: G3AB_COL_RIGHT
MarkerOpcode: RIGHT
MarkerAction: ACCEPTED
AuthoredMarkerOccurrences: 1
AcceptedMarkerOccurrencesBefore: 0
AcceptedMarkerOccurrencesAfter: 1
ExecutionBudgetReset: 1
PreviousSourceMask: 0
DesiredSourceMask: 1
RetiredSourceMask: 0
OwnedMaskAtOff: 0
MarkerOwnedWeaponMask: 1
ActivatedSourceCount: 1
RetiredSourceCount: 0
DeactivatedSourceCount: 0
TriggeredListClearCount: 1
RightGroupBefore: 5
RightGroupAfter: 7
RightUseType: 3
RightGroupRequested: 1
RightFistGroupSkip: 0
RightTriggeredListCleared: 1
===========================

===== ENGINE SetCollisionGroup =====
ElapsedMs: 33045.329
Source: It_2H_Sword_Flamberge
SourceAddress: E70E8A10
SlotAssociation: RIGHT
RequestedGroup: 5
BeforeGroup: 7
AfterGroup: 5
RetiredMarkerExecutionCount: 1
====================================

===== C1 CLEANUP FULFILLED =====
ElapsedMs: 33045.351
Actor: PC_Hero
Generation: 2
Status: PERSISTED
Source: It_2H_Sword_Flamberge
SourceAddress: E70E8A10
Side: RIGHT
OffensiveRequestCount: 1
Outstanding: 0
CleanupObserved: 1
ActualGroup: 5
==============================

===== C1 FINALIZATION =====
ElapsedMs: 33045.411
Reason: AISETSTATE_AFTER_ORIGINAL
Actor: PC_Hero
Generation: 2
Status: PERSISTED
TrackedSourceCount: 1
Source[0].Outcome: NO_OP_NO_OUTSTANDING
Source[0].Address: E70E8A10
Source[0].LivenessEstablished: 1
Source[0].Name: It_2H_Sword_Flamberge
Source[0].OriginalSide: RIGHT
Source[0].CurrentSideMask: 1
Source[0].OffensiveRequestCount: 1
Source[0].OutstandingBeforeFinalization: 0
Source[0].CleanupObservedBeforeFinalization: 1
Source[0].ActualGroupBeforeRepair: 5
Source[0].RepairAttempted: 0
Source[0].PhysicalCollisionChanged: 0
PhysicalCollisionChanged: 0
===========================

===== C1 LIFECYCLE START =====
ElapsedMs: 34162.374
Actor: PC_Hero
Generation: 3
Status: CANDIDATE
ReplacedGeneration: 0
ReplacedOutstanding: 0
TrackedSourceCount: 1
Source[0].Address: E70E8A10
Source[0].Side: RIGHT
Source[0].ActualGroup: 5
==============================

===== C1 LIFECYCLE STATUS =====
ElapsedMs: 34171.003
Event: PERSISTED
Actor: PC_Hero
Generation: 3
Status: PERSISTED
Outstanding: 0
===============================

===== C1 LIFECYCLE START =====
ElapsedMs: 34328.095
Actor: PC_Hero
Generation: 4
Status: CANDIDATE
ReplacedGeneration: 3
ReplacedOutstanding: 0
TrackedSourceCount: 1
Source[0].Address: E70E8A10
Source[0].Side: RIGHT
Source[0].ActualGroup: 5
==============================

===== C1 SCRIPT BINDING =====
ElapsedMs: 34328.108
Event: COMBAT_MOVE_CANDIDATE_BOUND
Actor: PC_Hero
Generation: 4
Status: CANDIDATE
Outstanding: 0
ScriptFunction: _AI_Attack
SourceAddress: 00000000
=============================

===== C1 LIFECYCLE STATUS =====
ElapsedMs: 34335.309
Event: PERSISTED
Actor: PC_Hero
Generation: 4
Status: PERSISTED
Outstanding: 0
===============================

===== MARKER OWNERSHIP DECISION =====
ElapsedMs: 34335.343
Actor: PC_Hero
Family: NORMAL
CurrentMovementAni: Hero_Stand_None_2H_P1_Attack_Hit_N_Fwd_00_%_00_P0_90_L.xmot
Action: 1
AniPhase: 1
MatchingMotionFound: 1
MarkerScanValid: 1
ContainsReservedSourceMarker: 1
RequiredSourceMask: 1
AuthoredRIGHTCount: 1
FirstRIGHTFrame: 7
AuthoredLEFTCount: 0
FirstLEFTFrame: -1
AuthoredBOTHCount: 0
FirstBOTHFrame: -1
AuthoredOFFCount: 0
FirstOFFFrame: -1
RightSourceResolved: 1
RightSourceName: It_2H_Sword_Flamberge
RightSourceAddress: E70E8A10
RightSourceUseType: 3
RightSourceCollisionGroup: 5
LeftSourceResolved: 0
SuppressNativeCallback: 1
=====================================

===== RIGHT RECEIVED =====
ElapsedMs: 34601.274
Actor: PC_Hero
Action: 1
AniPhase: 1
StateTime: 0.448199
CurrentMovementAni: Hero_Stand_None_2H_P1_Attack_Hit_N_Fwd_00_%_00_P0_90_L.xmot
===== ENGINE SetCollisionGroup =====
ElapsedMs: 34601.302
Source: It_2H_Sword_Flamberge
SourceAddress: E70E8A10
SlotAssociation: RIGHT
RequestedGroup: 7
BeforeGroup: 5
AfterGroup: 7
RetiredMarkerExecutionCount: 0
====================================

===== C1 OFFENSE REQUEST =====
ElapsedMs: 34601.328
Actor: PC_Hero
Generation: 4
Status: PERSISTED
Source: It_2H_Sword_Flamberge
SourceAddress: E70E8A10
Side: RIGHT
OffensiveRequestCount: 1
Outstanding: 1
CleanupObserved: 0
ActualGroup: 7
==============================

MarkerName: G3AB_COL_RIGHT
MarkerOpcode: RIGHT
MarkerAction: ACCEPTED
AuthoredMarkerOccurrences: 1
AcceptedMarkerOccurrencesBefore: 0
AcceptedMarkerOccurrencesAfter: 1
ExecutionBudgetReset: 1
PreviousSourceMask: 0
DesiredSourceMask: 1
RetiredSourceMask: 0
OwnedMaskAtOff: 0
MarkerOwnedWeaponMask: 1
ActivatedSourceCount: 1
RetiredSourceCount: 0
DeactivatedSourceCount: 0
TriggeredListClearCount: 1
RightGroupBefore: 5
RightGroupAfter: 7
RightUseType: 3
RightGroupRequested: 1
RightFistGroupSkip: 0
RightTriggeredListCleared: 1
===========================

===== ENGINE SetCollisionGroup =====
ElapsedMs: 34824.239
Source: It_2H_Sword_Flamberge
SourceAddress: E70E8A10
SlotAssociation: RIGHT
RequestedGroup: 5
BeforeGroup: 7
AfterGroup: 5
RetiredMarkerExecutionCount: 1
====================================

===== C1 CLEANUP FULFILLED =====
ElapsedMs: 34824.302
Actor: PC_Hero
Generation: 4
Status: PERSISTED
Source: It_2H_Sword_Flamberge
SourceAddress: E70E8A10
Side: RIGHT
OffensiveRequestCount: 1
Outstanding: 0
CleanupObserved: 1
ActualGroup: 5
==============================

===== C1 FINALIZATION =====
ElapsedMs: 34824.332
Reason: AISETSTATE_AFTER_ORIGINAL
Actor: PC_Hero
Generation: 4
Status: PERSISTED
TrackedSourceCount: 1
Source[0].Outcome: NO_OP_NO_OUTSTANDING
Source[0].Address: E70E8A10
Source[0].LivenessEstablished: 1
Source[0].Name: It_2H_Sword_Flamberge
Source[0].OriginalSide: RIGHT
Source[0].CurrentSideMask: 1
Source[0].OffensiveRequestCount: 1
Source[0].OutstandingBeforeFinalization: 0
Source[0].CleanupObservedBeforeFinalization: 1
Source[0].ActualGroupBeforeRepair: 5
Source[0].RepairAttempted: 0
Source[0].PhysicalCollisionChanged: 0
PhysicalCollisionChanged: 0
===========================

===== C1 LIFECYCLE START =====
ElapsedMs: 44292.973
Actor: PC_Hero
Generation: 5
Status: CANDIDATE
ReplacedGeneration: 0
ReplacedOutstanding: 0
TrackedSourceCount: 1
Source[0].Address: E70E8A10
Source[0].Side: RIGHT
Source[0].ActualGroup: 5
==============================

===== C1 SCRIPT BINDING =====
ElapsedMs: 44292.985
Event: COMBAT_MOVE_CANDIDATE_BOUND
Actor: PC_Hero
Generation: 5
Status: CANDIDATE
Outstanding: 0
ScriptFunction: _AI_WhirlAttack
SourceAddress: 00000000
=============================

===== C1 LIFECYCLE STATUS =====
ElapsedMs: 44300.135
Event: PERSISTED
Actor: PC_Hero
Generation: 5
Status: PERSISTED
Outstanding: 0
===============================

===== MARKER OWNERSHIP DECISION =====
ElapsedMs: 44300.167
Actor: PC_Hero
Family: WHIRL
CurrentMovementAni: Hero_Parade_None_2H_P0_WhirlAttack_Hit_N_Fwd_00_%_00_P0_150_R.xmot
Action: 10
AniPhase: 1
MatchingMotionFound: 1
MarkerScanValid: 1
ContainsReservedSourceMarker: 1
RequiredSourceMask: 1
AuthoredRIGHTCount: 2
FirstRIGHTFrame: 4
AuthoredLEFTCount: 0
FirstLEFTFrame: -1
AuthoredBOTHCount: 0
FirstBOTHFrame: -1
AuthoredOFFCount: 1
FirstOFFFrame: 10
RightSourceResolved: 1
RightSourceName: It_2H_Sword_Flamberge
RightSourceAddress: E70E8A10
RightSourceUseType: 3
RightSourceCollisionGroup: 5
LeftSourceResolved: 0
SuppressNativeCallback: 1
=====================================

===== RIGHT RECEIVED =====
ElapsedMs: 44448.173
Actor: PC_Hero
Action: 10
AniPhase: 1
StateTime: 0.163960
CurrentMovementAni: Hero_Parade_None_2H_P0_WhirlAttack_Hit_N_Fwd_00_%_00_P0_150_R.xmot
===== ENGINE SetCollisionGroup =====
ElapsedMs: 44448.203
Source: It_2H_Sword_Flamberge
SourceAddress: E70E8A10
SlotAssociation: RIGHT
RequestedGroup: 7
BeforeGroup: 5
AfterGroup: 7
RetiredMarkerExecutionCount: 0
====================================

===== C1 OFFENSE REQUEST =====
ElapsedMs: 44448.223
Actor: PC_Hero
Generation: 5
Status: PERSISTED
Source: It_2H_Sword_Flamberge
SourceAddress: E70E8A10
Side: RIGHT
OffensiveRequestCount: 1
Outstanding: 1
CleanupObserved: 0
ActualGroup: 7
==============================

MarkerName: G3AB_COL_RIGHT
MarkerOpcode: RIGHT
MarkerAction: ACCEPTED
AuthoredMarkerOccurrences: 2
AcceptedMarkerOccurrencesBefore: 0
AcceptedMarkerOccurrencesAfter: 1
ExecutionBudgetReset: 1
PreviousSourceMask: 0
DesiredSourceMask: 1
RetiredSourceMask: 0
OwnedMaskAtOff: 0
MarkerOwnedWeaponMask: 1
ActivatedSourceCount: 1
RetiredSourceCount: 0
DeactivatedSourceCount: 0
TriggeredListClearCount: 1
RightGroupBefore: 5
RightGroupAfter: 7
RightUseType: 3
RightGroupRequested: 1
RightFistGroupSkip: 0
RightTriggeredListCleared: 1
WhirlStatePositionBefore: 0
WhirlStatePositionAfter: 1
===========================

===== ENGINE SetCollisionGroup =====
ElapsedMs: 44547.808
Source: It_2H_Sword_Flamberge
SourceAddress: E70E8A10
SlotAssociation: RIGHT
RequestedGroup: 5
BeforeGroup: 7
AfterGroup: 5
RetiredMarkerExecutionCount: 1
====================================

===== C1 CLEANUP FULFILLED =====
ElapsedMs: 44547.856
Actor: PC_Hero
Generation: 5
Status: PERSISTED
Source: It_2H_Sword_Flamberge
SourceAddress: E70E8A10
Side: RIGHT
OffensiveRequestCount: 1
Outstanding: 0
CleanupObserved: 1
ActualGroup: 5
==============================

===== C1 FINALIZATION =====
ElapsedMs: 44547.899
Reason: AISETSTATE_AFTER_ORIGINAL
Actor: PC_Hero
Generation: 5
Status: PERSISTED
TrackedSourceCount: 1
Source[0].Outcome: REPAIRED_TO_ITEM_EQUIPPED
Source[0].Address: E70E8A10
Source[0].LivenessEstablished: 1
Source[0].Name: It_2H_Sword_Flamberge
Source[0].OriginalSide: RIGHT
Source[0].CurrentSideMask: 1
Source[0].OffensiveRequestCount: 1
Source[0].OutstandingBeforeFinalization: 1
Source[0].CleanupObservedBeforeFinalization: 0
Source[0].ActualGroupBeforeRepair: 7
Source[0].RepairAttempted: 1
Source[0].RepairRequestedGroup: 5
Source[0].ActualGroupAfterRepair: 5
Source[0].PhysicalCollisionChanged: 1
PhysicalCollisionChanged: 1
===========================

===== OFF RECEIVED =====
ElapsedMs: 44690.308
Actor: PC_Hero
Action: 0
AniPhase: 1
StateTime: 0.152973
CurrentMovementAni: Hero_Parade_None_2H_P0_WhirlAttack_Hit_N_Fwd_00_%_00_P0_150_R.xmot
MarkerName: G3AB_COL_OFF
MarkerOpcode: OFF
MarkerAction: REJECTED_UNSUPPORTED_HIT
AuthoredMarkerOccurrences: 0
AcceptedMarkerOccurrencesBefore: 0
AcceptedMarkerOccurrencesAfter: 0
ExecutionBudgetReset: 0
PreviousSourceMask: 0
DesiredSourceMask: 0
RetiredSourceMask: 0
OwnedMaskAtOff: 0
MarkerOwnedWeaponMask: 0
ActivatedSourceCount: 0
RetiredSourceCount: 0
DeactivatedSourceCount: 0
TriggeredListClearCount: 0
===========================

===== RIGHT RECEIVED =====
ElapsedMs: 44886.701
Actor: PC_Hero
Action: 0
AniPhase: 1
StateTime: 0.348943
CurrentMovementAni: Hero_Parade_None_2H_P0_WhirlAttack_Hit_N_Fwd_00_%_00_P0_150_R.xmot
MarkerName: G3AB_COL_RIGHT
MarkerOpcode: RIGHT
MarkerAction: REJECTED_UNSUPPORTED_HIT
AuthoredMarkerOccurrences: 0
AcceptedMarkerOccurrencesBefore: 0
AcceptedMarkerOccurrencesAfter: 0
ExecutionBudgetReset: 0
PreviousSourceMask: 0
DesiredSourceMask: 0
RetiredSourceMask: 0
OwnedMaskAtOff: 0
MarkerOwnedWeaponMask: 0
ActivatedSourceCount: 0
RetiredSourceCount: 0
DeactivatedSourceCount: 0
TriggeredListClearCount: 0
===========================

===== OFF RECEIVED =====
ElapsedMs: 44886.748
Actor: PC_Hero
Action: 0
AniPhase: 1
StateTime: 0.348943
CurrentMovementAni: Hero_Parade_None_2H_P0_WhirlAttack_Hit_N_Fwd_00_%_00_P0_150_R.xmot
MarkerName: G3AB_COL_OFF
MarkerOpcode: OFF
MarkerAction: REJECTED_UNSUPPORTED_HIT
AuthoredMarkerOccurrences: 0
AcceptedMarkerOccurrencesBefore: 0
AcceptedMarkerOccurrencesAfter: 0
ExecutionBudgetReset: 0
PreviousSourceMask: 0
DesiredSourceMask: 0
RetiredSourceMask: 0
OwnedMaskAtOff: 0
MarkerOwnedWeaponMask: 0
ActivatedSourceCount: 0
RetiredSourceCount: 0
DeactivatedSourceCount: 0
TriggeredListClearCount: 0
===========================

===== RIGHT RECEIVED =====
ElapsedMs: 44886.769
Actor: PC_Hero
Action: 0
AniPhase: 1
StateTime: 0.348943
CurrentMovementAni: Hero_Parade_None_2H_P0_WhirlAttack_Hit_N_Fwd_00_%_00_P0_150_R.xmot
MarkerName: G3AB_COL_RIGHT
MarkerOpcode: RIGHT
MarkerAction: REJECTED_UNSUPPORTED_HIT
AuthoredMarkerOccurrences: 0
AcceptedMarkerOccurrencesBefore: 0
AcceptedMarkerOccurrencesAfter: 0
ExecutionBudgetReset: 0
PreviousSourceMask: 0
DesiredSourceMask: 0
RetiredSourceMask: 0
OwnedMaskAtOff: 0
MarkerOwnedWeaponMask: 0
ActivatedSourceCount: 0
RetiredSourceCount: 0
DeactivatedSourceCount: 0
TriggeredListClearCount: 0
===========================

===== C1 LIFECYCLE START =====
ElapsedMs: 48847.038
Actor: PC_Hero
Generation: 6
Status: CANDIDATE
ReplacedGeneration: 0
ReplacedOutstanding: 0
TrackedSourceCount: 1
Source[0].Address: E70E8A10
Source[0].Side: RIGHT
Source[0].ActualGroup: 5
==============================

===== C1 SCRIPT BINDING =====
ElapsedMs: 48847.051
Event: COMBAT_MOVE_CANDIDATE_BOUND
Actor: PC_Hero
Generation: 6
Status: CANDIDATE
Outstanding: 0
ScriptFunction: _AI_WhirlAttack
SourceAddress: 00000000
=============================

===== C1 LIFECYCLE STATUS =====
ElapsedMs: 48847.181
Event: PERSISTED
Actor: PC_Hero
Generation: 6
Status: PERSISTED
Outstanding: 0
===============================

===== RIGHT RECEIVED =====
ElapsedMs: 49002.202
Actor: PC_Hero
Action: 10
AniPhase: 1
StateTime: 0.166991
CurrentMovementAni: Hero_Parade_None_2H_P0_WhirlAttack_Hit_N_Fwd_00_%_00_P0_150_R.xmot
===== ENGINE SetCollisionGroup =====
ElapsedMs: 49002.231
Source: It_2H_Sword_Flamberge
SourceAddress: E70E8A10
SlotAssociation: RIGHT
RequestedGroup: 7
BeforeGroup: 5
AfterGroup: 7
RetiredMarkerExecutionCount: 0
====================================

===== C1 OFFENSE REQUEST =====
ElapsedMs: 49002.259
Actor: PC_Hero
Generation: 6
Status: PERSISTED
Source: It_2H_Sword_Flamberge
SourceAddress: E70E8A10
Side: RIGHT
OffensiveRequestCount: 1
Outstanding: 1
CleanupObserved: 0
ActualGroup: 7
==============================

MarkerName: G3AB_COL_RIGHT
MarkerOpcode: RIGHT
MarkerAction: ACCEPTED
AuthoredMarkerOccurrences: 2
AcceptedMarkerOccurrencesBefore: 0
AcceptedMarkerOccurrencesAfter: 1
ExecutionBudgetReset: 1
PreviousSourceMask: 0
DesiredSourceMask: 1
RetiredSourceMask: 0
OwnedMaskAtOff: 0
MarkerOwnedWeaponMask: 1
ActivatedSourceCount: 1
RetiredSourceCount: 0
DeactivatedSourceCount: 0
TriggeredListClearCount: 1
RightGroupBefore: 5
RightGroupAfter: 7
RightUseType: 3
RightGroupRequested: 1
RightFistGroupSkip: 0
RightTriggeredListCleared: 1
WhirlStatePositionBefore: 0
WhirlStatePositionAfter: 1
===========================

===== OFF RECEIVED =====
ElapsedMs: 49239.642
Actor: PC_Hero
Action: 10
AniPhase: 1
StateTime: 0.403790
CurrentMovementAni: Hero_Parade_None_2H_P0_WhirlAttack_Hit_N_Fwd_00_%_00_P0_150_R.xmot
===== ENGINE SetCollisionGroup =====
ElapsedMs: 49239.670
Source: It_2H_Sword_Flamberge
SourceAddress: E70E8A10
SlotAssociation: RIGHT
RequestedGroup: 5
BeforeGroup: 7
AfterGroup: 5
RetiredMarkerExecutionCount: 0
====================================

===== C1 CLEANUP FULFILLED =====
ElapsedMs: 49239.696
Actor: PC_Hero
Generation: 6
Status: PERSISTED
Source: It_2H_Sword_Flamberge
SourceAddress: E70E8A10
Side: RIGHT
OffensiveRequestCount: 1
Outstanding: 0
CleanupObserved: 1
ActualGroup: 5
==============================

MarkerName: G3AB_COL_OFF
MarkerOpcode: OFF
MarkerAction: OFF_ACCEPTED
AuthoredMarkerOccurrences: 1
AcceptedMarkerOccurrencesBefore: 0
AcceptedMarkerOccurrencesAfter: 1
ExecutionBudgetReset: 0
PreviousSourceMask: 0
DesiredSourceMask: 0
RetiredSourceMask: 0
OwnedMaskAtOff: 1
MarkerOwnedWeaponMask: 0
ActivatedSourceCount: 0
RetiredSourceCount: 0
DeactivatedSourceCount: 1
TriggeredListClearCount: 0
===========================

===== RIGHT RECEIVED =====
ElapsedMs: 49443.365
Actor: PC_Hero
Action: 10
AniPhase: 1
StateTime: 0.607770
CurrentMovementAni: Hero_Parade_None_2H_P0_WhirlAttack_Hit_N_Fwd_00_%_00_P0_150_R.xmot
===== ENGINE SetCollisionGroup =====
ElapsedMs: 49443.394
Source: It_2H_Sword_Flamberge
SourceAddress: E70E8A10
SlotAssociation: RIGHT
RequestedGroup: 7
BeforeGroup: 5
AfterGroup: 7
RetiredMarkerExecutionCount: 0
====================================

===== C1 OFFENSE REQUEST =====
ElapsedMs: 49443.420
Actor: PC_Hero
Generation: 6
Status: PERSISTED
Source: It_2H_Sword_Flamberge
SourceAddress: E70E8A10
Side: RIGHT
OffensiveRequestCount: 2
Outstanding: 1
CleanupObserved: 0
ActualGroup: 7
==============================

MarkerName: G3AB_COL_RIGHT
MarkerOpcode: RIGHT
MarkerAction: ACCEPTED
AuthoredMarkerOccurrences: 2
AcceptedMarkerOccurrencesBefore: 1
AcceptedMarkerOccurrencesAfter: 2
ExecutionBudgetReset: 0
PreviousSourceMask: 0
DesiredSourceMask: 1
RetiredSourceMask: 0
OwnedMaskAtOff: 0
MarkerOwnedWeaponMask: 1
ActivatedSourceCount: 1
RetiredSourceCount: 0
DeactivatedSourceCount: 0
TriggeredListClearCount: 1
RightGroupBefore: 5
RightGroupAfter: 7
RightUseType: 3
RightGroupRequested: 1
RightFistGroupSkip: 0
RightTriggeredListCleared: 1
WhirlStatePositionBefore: 1
WhirlStatePositionAfter: 1
===========================

===== OFF RECEIVED =====
ElapsedMs: 49443.456
Actor: PC_Hero
Action: 10
AniPhase: 1
StateTime: 0.607770
CurrentMovementAni: Hero_Parade_None_2H_P0_WhirlAttack_Hit_N_Fwd_00_%_00_P0_150_R.xmot
MarkerName: G3AB_COL_OFF
MarkerOpcode: OFF
MarkerAction: AUTHORED_OCCURRENCE_BUDGET_IGNORED
AuthoredMarkerOccurrences: 1
AcceptedMarkerOccurrencesBefore: 1
AcceptedMarkerOccurrencesAfter: 1
ExecutionBudgetReset: 0
PreviousSourceMask: 0
DesiredSourceMask: 0
RetiredSourceMask: 0
OwnedMaskAtOff: 0
MarkerOwnedWeaponMask: 0
ActivatedSourceCount: 0
RetiredSourceCount: 0
DeactivatedSourceCount: 0
TriggeredListClearCount: 0
===========================

===== RIGHT RECEIVED =====
ElapsedMs: 49443.482
Actor: PC_Hero
Action: 10
AniPhase: 1
StateTime: 0.607770
CurrentMovementAni: Hero_Parade_None_2H_P0_WhirlAttack_Hit_N_Fwd_00_%_00_P0_150_R.xmot
MarkerName: G3AB_COL_RIGHT
MarkerOpcode: RIGHT
MarkerAction: DUPLICATE_SAME_UPDATE_IGNORED
DuplicateStateTimeDelta: 0.000000000
DuplicateElapsedMsDelta: 0.112000
AuthoredMarkerOccurrences: 0
AcceptedMarkerOccurrencesBefore: 0
AcceptedMarkerOccurrencesAfter: 0
ExecutionBudgetReset: 0
PreviousSourceMask: 0
DesiredSourceMask: 0
RetiredSourceMask: 0
OwnedMaskAtOff: 0
MarkerOwnedWeaponMask: 0
ActivatedSourceCount: 0
RetiredSourceCount: 0
DeactivatedSourceCount: 0
TriggeredListClearCount: 0
===========================

===== ENGINE SetCollisionGroup =====
ElapsedMs: 49662.101
Source: It_2H_Sword_Flamberge
SourceAddress: E70E8A10
SlotAssociation: RIGHT
RequestedGroup: 5
BeforeGroup: 7
AfterGroup: 5
RetiredMarkerExecutionCount: 1
====================================

===== C1 CLEANUP FULFILLED =====
ElapsedMs: 49662.124
Actor: PC_Hero
Generation: 6
Status: PERSISTED
Source: It_2H_Sword_Flamberge
SourceAddress: E70E8A10
Side: RIGHT
OffensiveRequestCount: 2
Outstanding: 0
CleanupObserved: 1
ActualGroup: 5
==============================

===== C1 FINALIZATION =====
ElapsedMs: 49662.143
Reason: AISETSTATE_AFTER_ORIGINAL
Actor: PC_Hero
Generation: 6
Status: PERSISTED
TrackedSourceCount: 1
Source[0].Outcome: NO_OP_NO_OUTSTANDING
Source[0].Address: E70E8A10
Source[0].LivenessEstablished: 1
Source[0].Name: It_2H_Sword_Flamberge
Source[0].OriginalSide: RIGHT
Source[0].CurrentSideMask: 1
Source[0].OffensiveRequestCount: 2
Source[0].OutstandingBeforeFinalization: 0
Source[0].CleanupObservedBeforeFinalization: 1
Source[0].ActualGroupBeforeRepair: 5
Source[0].RepairAttempted: 0
Source[0].PhysicalCollisionChanged: 0
PhysicalCollisionChanged: 0
===========================

===== C1 LIFECYCLE START =====
ElapsedMs: 51372.549
Actor: PC_Hero
Generation: 7
Status: CANDIDATE
ReplacedGeneration: 0
ReplacedOutstanding: 0
TrackedSourceCount: 1
Source[0].Address: E70E8A10
Source[0].Side: RIGHT
Source[0].ActualGroup: 5
==============================

===== C1 SCRIPT BINDING =====
ElapsedMs: 51372.560
Event: COMBAT_MOVE_CANDIDATE_BOUND
Actor: PC_Hero
Generation: 7
Status: CANDIDATE
Outstanding: 0
ScriptFunction: _AI_HackAttack
SourceAddress: 00000000
=============================

===== C1 LIFECYCLE STATUS =====
ElapsedMs: 51394.412
Event: PERSISTED
Actor: PC_Hero
Generation: 7
Status: PERSISTED
Outstanding: 0
===============================

===== C1 FINALIZATION =====
ElapsedMs: 51400.166
Reason: AISETSTATE_AFTER_ORIGINAL
Actor: PC_Hero
Generation: 7
Status: PERSISTED
TrackedSourceCount: 1
Source[0].Outcome: NO_OP_NO_OUTSTANDING
Source[0].Address: E70E8A10
Source[0].LivenessEstablished: 1
Source[0].Name: It_2H_Sword_Flamberge
Source[0].OriginalSide: RIGHT
Source[0].CurrentSideMask: 1
Source[0].OffensiveRequestCount: 0
Source[0].OutstandingBeforeFinalization: 0
Source[0].CleanupObservedBeforeFinalization: 0
Source[0].ActualGroupBeforeRepair: 5
Source[0].RepairAttempted: 0
Source[0].PhysicalCollisionChanged: 0
PhysicalCollisionChanged: 0
===========================

===== C1 LIFECYCLE START =====
ElapsedMs: 51404.658
Actor: PC_Hero
Generation: 8
Status: CANDIDATE
ReplacedGeneration: 0
ReplacedOutstanding: 0
TrackedSourceCount: 1
Source[0].Address: E70E8A10
Source[0].Side: RIGHT
Source[0].ActualGroup: 5
==============================

===== C1 SCRIPT BINDING =====
ElapsedMs: 51404.669
Event: COMBAT_MOVE_CANDIDATE_BOUND
Actor: PC_Hero
Generation: 8
Status: CANDIDATE
Outstanding: 0
ScriptFunction: _AI_WhirlAttack
SourceAddress: 00000000
=============================

===== C1 LIFECYCLE STATUS =====
ElapsedMs: 51404.731
Event: PERSISTED
Actor: PC_Hero
Generation: 8
Status: PERSISTED
Outstanding: 0
===============================

===== RIGHT RECEIVED =====
ElapsedMs: 51541.297
Actor: PC_Hero
Action: 10
AniPhase: 1
StateTime: 0.168819
CurrentMovementAni: Hero_Parade_None_2H_P0_WhirlAttack_Hit_N_Fwd_00_%_00_P0_150_R.xmot
===== ENGINE SetCollisionGroup =====
ElapsedMs: 51541.325
Source: It_2H_Sword_Flamberge
SourceAddress: E70E8A10
SlotAssociation: RIGHT
RequestedGroup: 7
BeforeGroup: 5
AfterGroup: 7
RetiredMarkerExecutionCount: 0
====================================

===== C1 OFFENSE REQUEST =====
ElapsedMs: 51541.351
Actor: PC_Hero
Generation: 8
Status: PERSISTED
Source: It_2H_Sword_Flamberge
SourceAddress: E70E8A10
Side: RIGHT
OffensiveRequestCount: 1
Outstanding: 1
CleanupObserved: 0
ActualGroup: 7
==============================

MarkerName: G3AB_COL_RIGHT
MarkerOpcode: RIGHT
MarkerAction: ACCEPTED
AuthoredMarkerOccurrences: 2
AcceptedMarkerOccurrencesBefore: 0
AcceptedMarkerOccurrencesAfter: 1
ExecutionBudgetReset: 1
PreviousSourceMask: 0
DesiredSourceMask: 1
RetiredSourceMask: 0
OwnedMaskAtOff: 0
MarkerOwnedWeaponMask: 1
ActivatedSourceCount: 1
RetiredSourceCount: 0
DeactivatedSourceCount: 0
TriggeredListClearCount: 1
RightGroupBefore: 5
RightGroupAfter: 7
RightUseType: 3
RightGroupRequested: 1
RightFistGroupSkip: 0
RightTriggeredListCleared: 1
WhirlStatePositionBefore: 0
WhirlStatePositionAfter: 1
===========================

===== OFF RECEIVED =====
ElapsedMs: 51780.407
Actor: PC_Hero
Action: 10
AniPhase: 1
StateTime: 0.407820
CurrentMovementAni: Hero_Parade_None_2H_P0_WhirlAttack_Hit_N_Fwd_00_%_00_P0_150_R.xmot
===== ENGINE SetCollisionGroup =====
ElapsedMs: 51780.433
Source: It_2H_Sword_Flamberge
SourceAddress: E70E8A10
SlotAssociation: RIGHT
RequestedGroup: 5
BeforeGroup: 7
AfterGroup: 5
RetiredMarkerExecutionCount: 0
====================================

===== C1 CLEANUP FULFILLED =====
ElapsedMs: 51780.460
Actor: PC_Hero
Generation: 8
Status: PERSISTED
Source: It_2H_Sword_Flamberge
SourceAddress: E70E8A10
Side: RIGHT
OffensiveRequestCount: 1
Outstanding: 0
CleanupObserved: 1
ActualGroup: 5
==============================

MarkerName: G3AB_COL_OFF
MarkerOpcode: OFF
MarkerAction: OFF_ACCEPTED
AuthoredMarkerOccurrences: 1
AcceptedMarkerOccurrencesBefore: 0
AcceptedMarkerOccurrencesAfter: 1
ExecutionBudgetReset: 0
PreviousSourceMask: 0
DesiredSourceMask: 0
RetiredSourceMask: 0
OwnedMaskAtOff: 1
MarkerOwnedWeaponMask: 0
ActivatedSourceCount: 0
RetiredSourceCount: 0
DeactivatedSourceCount: 1
TriggeredListClearCount: 0
===========================

===== RIGHT RECEIVED =====
ElapsedMs: 51978.456
Actor: PC_Hero
Action: 10
AniPhase: 1
StateTime: 0.606113
CurrentMovementAni: Hero_Parade_None_2H_P0_WhirlAttack_Hit_N_Fwd_00_%_00_P0_150_R.xmot
===== ENGINE SetCollisionGroup =====
ElapsedMs: 51978.499
Source: It_2H_Sword_Flamberge
SourceAddress: E70E8A10
SlotAssociation: RIGHT
RequestedGroup: 7
BeforeGroup: 5
AfterGroup: 7
RetiredMarkerExecutionCount: 0
====================================

===== C1 OFFENSE REQUEST =====
ElapsedMs: 51978.525
Actor: PC_Hero
Generation: 8
Status: PERSISTED
Source: It_2H_Sword_Flamberge
SourceAddress: E70E8A10
Side: RIGHT
OffensiveRequestCount: 2
Outstanding: 1
CleanupObserved: 0
ActualGroup: 7
==============================

MarkerName: G3AB_COL_RIGHT
MarkerOpcode: RIGHT
MarkerAction: ACCEPTED
AuthoredMarkerOccurrences: 2
AcceptedMarkerOccurrencesBefore: 1
AcceptedMarkerOccurrencesAfter: 2
ExecutionBudgetReset: 0
PreviousSourceMask: 0
DesiredSourceMask: 1
RetiredSourceMask: 0
OwnedMaskAtOff: 0
MarkerOwnedWeaponMask: 1
ActivatedSourceCount: 1
RetiredSourceCount: 0
DeactivatedSourceCount: 0
TriggeredListClearCount: 1
RightGroupBefore: 5
RightGroupAfter: 7
RightUseType: 3
RightGroupRequested: 1
RightFistGroupSkip: 0
RightTriggeredListCleared: 1
WhirlStatePositionBefore: 1
WhirlStatePositionAfter: 1
===========================

===== OFF RECEIVED =====
ElapsedMs: 51978.559
Actor: PC_Hero
Action: 10
AniPhase: 1
StateTime: 0.606113
CurrentMovementAni: Hero_Parade_None_2H_P0_WhirlAttack_Hit_N_Fwd_00_%_00_P0_150_R.xmot
MarkerName: G3AB_COL_OFF
MarkerOpcode: OFF
MarkerAction: AUTHORED_OCCURRENCE_BUDGET_IGNORED
AuthoredMarkerOccurrences: 1
AcceptedMarkerOccurrencesBefore: 1
AcceptedMarkerOccurrencesAfter: 1
ExecutionBudgetReset: 0
PreviousSourceMask: 0
DesiredSourceMask: 0
RetiredSourceMask: 0
OwnedMaskAtOff: 0
MarkerOwnedWeaponMask: 0
ActivatedSourceCount: 0
RetiredSourceCount: 0
DeactivatedSourceCount: 0
TriggeredListClearCount: 0
===========================

===== RIGHT RECEIVED =====
ElapsedMs: 51978.583
Actor: PC_Hero
Action: 10
AniPhase: 1
StateTime: 0.606113
CurrentMovementAni: Hero_Parade_None_2H_P0_WhirlAttack_Hit_N_Fwd_00_%_00_P0_150_R.xmot
MarkerName: G3AB_COL_RIGHT
MarkerOpcode: RIGHT
MarkerAction: DUPLICATE_SAME_UPDATE_IGNORED
DuplicateStateTimeDelta: 0.000000000
DuplicateElapsedMsDelta: 0.108100
AuthoredMarkerOccurrences: 0
AcceptedMarkerOccurrencesBefore: 0
AcceptedMarkerOccurrencesAfter: 0
ExecutionBudgetReset: 0
PreviousSourceMask: 0
DesiredSourceMask: 0
RetiredSourceMask: 0
OwnedMaskAtOff: 0
MarkerOwnedWeaponMask: 0
ActivatedSourceCount: 0
RetiredSourceCount: 0
DeactivatedSourceCount: 0
TriggeredListClearCount: 0
===========================

===== ENGINE SetCollisionGroup =====
ElapsedMs: 52181.804
Source: It_2H_Sword_Flamberge
SourceAddress: E70E8A10
SlotAssociation: RIGHT
RequestedGroup: 5
BeforeGroup: 7
AfterGroup: 5
RetiredMarkerExecutionCount: 1
====================================

===== C1 CLEANUP FULFILLED =====
ElapsedMs: 52181.834
Actor: PC_Hero
Generation: 8
Status: PERSISTED
Source: It_2H_Sword_Flamberge
SourceAddress: E70E8A10
Side: RIGHT
OffensiveRequestCount: 2
Outstanding: 0
CleanupObserved: 1
ActualGroup: 5
==============================

===== C1 FINALIZATION =====
ElapsedMs: 52181.853
Reason: AISETSTATE_AFTER_ORIGINAL
Actor: PC_Hero
Generation: 8
Status: PERSISTED
TrackedSourceCount: 1
Source[0].Outcome: NO_OP_NO_OUTSTANDING
Source[0].Address: E70E8A10
Source[0].LivenessEstablished: 1
Source[0].Name: It_2H_Sword_Flamberge
Source[0].OriginalSide: RIGHT
Source[0].CurrentSideMask: 1
Source[0].OffensiveRequestCount: 2
Source[0].OutstandingBeforeFinalization: 0
Source[0].CleanupObservedBeforeFinalization: 1
Source[0].ActualGroupBeforeRepair: 5
Source[0].RepairAttempted: 0
Source[0].PhysicalCollisionChanged: 0
PhysicalCollisionChanged: 0
===========================

===== C1 LIFECYCLE START =====
ElapsedMs: 55160.497
Actor: PC_Hero
Generation: 9
Status: CANDIDATE
ReplacedGeneration: 0
ReplacedOutstanding: 0
TrackedSourceCount: 1
Source[0].Address: E70E8A10
Source[0].Side: RIGHT
Source[0].ActualGroup: 5
==============================

===== C1 SCRIPT BINDING =====
ElapsedMs: 55160.509
Event: COMBAT_MOVE_CANDIDATE_BOUND
Actor: PC_Hero
Generation: 9
Status: CANDIDATE
Outstanding: 0
ScriptFunction: _AI_WhirlAttack
SourceAddress: 00000000
=============================

===== C1 LIFECYCLE STATUS =====
ElapsedMs: 55160.576
Event: PERSISTED
Actor: PC_Hero
Generation: 9
Status: PERSISTED
Outstanding: 0
===============================

===== RIGHT RECEIVED =====
ElapsedMs: 55315.010
Actor: PC_Hero
Action: 10
AniPhase: 1
StateTime: 0.164000
CurrentMovementAni: Hero_Parade_None_2H_P0_WhirlAttack_Hit_N_Fwd_00_%_00_P0_150_R.xmot
===== ENGINE SetCollisionGroup =====
ElapsedMs: 55315.070
Source: It_2H_Sword_Flamberge
SourceAddress: E70E8A10
SlotAssociation: RIGHT
RequestedGroup: 7
BeforeGroup: 5
AfterGroup: 7
RetiredMarkerExecutionCount: 0
====================================

===== C1 OFFENSE REQUEST =====
ElapsedMs: 55315.147
Actor: PC_Hero
Generation: 9
Status: PERSISTED
Source: It_2H_Sword_Flamberge
SourceAddress: E70E8A10
Side: RIGHT
OffensiveRequestCount: 1
Outstanding: 1
CleanupObserved: 0
ActualGroup: 7
==============================

MarkerName: G3AB_COL_RIGHT
MarkerOpcode: RIGHT
MarkerAction: ACCEPTED
AuthoredMarkerOccurrences: 2
AcceptedMarkerOccurrencesBefore: 0
AcceptedMarkerOccurrencesAfter: 1
ExecutionBudgetReset: 1
PreviousSourceMask: 0
DesiredSourceMask: 1
RetiredSourceMask: 0
OwnedMaskAtOff: 0
MarkerOwnedWeaponMask: 1
ActivatedSourceCount: 1
RetiredSourceCount: 0
DeactivatedSourceCount: 0
TriggeredListClearCount: 1
RightGroupBefore: 5
RightGroupAfter: 7
RightUseType: 3
RightGroupRequested: 1
RightFistGroupSkip: 0
RightTriggeredListCleared: 1
WhirlStatePositionBefore: 0
WhirlStatePositionAfter: 1
===========================

===== OFF RECEIVED =====
ElapsedMs: 55551.486
Actor: PC_Hero
Action: 10
AniPhase: 1
StateTime: 0.401297
CurrentMovementAni: Hero_Parade_None_2H_P0_WhirlAttack_Hit_N_Fwd_00_%_00_P0_150_R.xmot
===== ENGINE SetCollisionGroup =====
ElapsedMs: 55551.513
Source: It_2H_Sword_Flamberge
SourceAddress: E70E8A10
SlotAssociation: RIGHT
RequestedGroup: 5
BeforeGroup: 7
AfterGroup: 5
RetiredMarkerExecutionCount: 0
====================================

===== C1 CLEANUP FULFILLED =====
ElapsedMs: 55551.540
Actor: PC_Hero
Generation: 9
Status: PERSISTED
Source: It_2H_Sword_Flamberge
SourceAddress: E70E8A10
Side: RIGHT
OffensiveRequestCount: 1
Outstanding: 0
CleanupObserved: 1
ActualGroup: 5
==============================

MarkerName: G3AB_COL_OFF
MarkerOpcode: OFF
MarkerAction: OFF_ACCEPTED
AuthoredMarkerOccurrences: 1
AcceptedMarkerOccurrencesBefore: 0
AcceptedMarkerOccurrencesAfter: 1
ExecutionBudgetReset: 0
PreviousSourceMask: 0
DesiredSourceMask: 0
RetiredSourceMask: 0
OwnedMaskAtOff: 1
MarkerOwnedWeaponMask: 0
ActivatedSourceCount: 0
RetiredSourceCount: 0
DeactivatedSourceCount: 1
TriggeredListClearCount: 0
===========================

===== RIGHT RECEIVED =====
ElapsedMs: 55759.765
Actor: PC_Hero
Action: 10
AniPhase: 1
StateTime: 0.609607
CurrentMovementAni: Hero_Parade_None_2H_P0_WhirlAttack_Hit_N_Fwd_00_%_00_P0_150_R.xmot
===== ENGINE SetCollisionGroup =====
ElapsedMs: 55759.793
Source: It_2H_Sword_Flamberge
SourceAddress: E70E8A10
SlotAssociation: RIGHT
RequestedGroup: 7
BeforeGroup: 5
AfterGroup: 7
RetiredMarkerExecutionCount: 0
====================================

===== C1 OFFENSE REQUEST =====
ElapsedMs: 55759.821
Actor: PC_Hero
Generation: 9
Status: PERSISTED
Source: It_2H_Sword_Flamberge
SourceAddress: E70E8A10
Side: RIGHT
OffensiveRequestCount: 2
Outstanding: 1
CleanupObserved: 0
ActualGroup: 7
==============================

MarkerName: G3AB_COL_RIGHT
MarkerOpcode: RIGHT
MarkerAction: ACCEPTED
AuthoredMarkerOccurrences: 2
AcceptedMarkerOccurrencesBefore: 1
AcceptedMarkerOccurrencesAfter: 2
ExecutionBudgetReset: 0
PreviousSourceMask: 0
DesiredSourceMask: 1
RetiredSourceMask: 0
OwnedMaskAtOff: 0
MarkerOwnedWeaponMask: 1
ActivatedSourceCount: 1
RetiredSourceCount: 0
DeactivatedSourceCount: 0
TriggeredListClearCount: 1
RightGroupBefore: 5
RightGroupAfter: 7
RightUseType: 3
RightGroupRequested: 1
RightFistGroupSkip: 0
RightTriggeredListCleared: 1
WhirlStatePositionBefore: 1
WhirlStatePositionAfter: 1
===========================

===== OFF RECEIVED =====
ElapsedMs: 55759.853
Actor: PC_Hero
Action: 10
AniPhase: 1
StateTime: 0.609607
CurrentMovementAni: Hero_Parade_None_2H_P0_WhirlAttack_Hit_N_Fwd_00_%_00_P0_150_R.xmot
MarkerName: G3AB_COL_OFF
MarkerOpcode: OFF
MarkerAction: AUTHORED_OCCURRENCE_BUDGET_IGNORED
AuthoredMarkerOccurrences: 1
AcceptedMarkerOccurrencesBefore: 1
AcceptedMarkerOccurrencesAfter: 1
ExecutionBudgetReset: 0
PreviousSourceMask: 0
DesiredSourceMask: 0
RetiredSourceMask: 0
OwnedMaskAtOff: 0
MarkerOwnedWeaponMask: 0
ActivatedSourceCount: 0
RetiredSourceCount: 0
DeactivatedSourceCount: 0
TriggeredListClearCount: 0
===========================

===== RIGHT RECEIVED =====
ElapsedMs: 55759.880
Actor: PC_Hero
Action: 10
AniPhase: 1
StateTime: 0.609607
CurrentMovementAni: Hero_Parade_None_2H_P0_WhirlAttack_Hit_N_Fwd_00_%_00_P0_150_R.xmot
MarkerName: G3AB_COL_RIGHT
MarkerOpcode: RIGHT
MarkerAction: DUPLICATE_SAME_UPDATE_IGNORED
DuplicateStateTimeDelta: 0.000000000
DuplicateElapsedMsDelta: 0.110400
AuthoredMarkerOccurrences: 0
AcceptedMarkerOccurrencesBefore: 0
AcceptedMarkerOccurrencesAfter: 0
ExecutionBudgetReset: 0
PreviousSourceMask: 0
DesiredSourceMask: 0
RetiredSourceMask: 0
OwnedMaskAtOff: 0
MarkerOwnedWeaponMask: 0
ActivatedSourceCount: 0
RetiredSourceCount: 0
DeactivatedSourceCount: 0
TriggeredListClearCount: 0
===========================

===== ENGINE SetCollisionGroup =====
ElapsedMs: 55852.853
Source: It_2H_Sword_Flamberge
SourceAddress: E70E8A10
SlotAssociation: RIGHT
RequestedGroup: 5
BeforeGroup: 7
AfterGroup: 5
RetiredMarkerExecutionCount: 1
====================================

===== C1 CLEANUP FULFILLED =====
ElapsedMs: 55852.882
Actor: PC_Hero
Generation: 9
Status: PERSISTED
Source: It_2H_Sword_Flamberge
SourceAddress: E70E8A10
Side: RIGHT
OffensiveRequestCount: 2
Outstanding: 0
CleanupObserved: 1
ActualGroup: 5
==============================

===== C1 FINALIZATION =====
ElapsedMs: 55852.910
Reason: AISETSTATE_AFTER_ORIGINAL
Actor: PC_Hero
Generation: 9
Status: PERSISTED
TrackedSourceCount: 1
Source[0].Outcome: REPAIRED_TO_ITEM_EQUIPPED
Source[0].Address: E70E8A10
Source[0].LivenessEstablished: 1
Source[0].Name: It_2H_Sword_Flamberge
Source[0].OriginalSide: RIGHT
Source[0].CurrentSideMask: 1
Source[0].OffensiveRequestCount: 2
Source[0].OutstandingBeforeFinalization: 1
Source[0].CleanupObservedBeforeFinalization: 0
Source[0].ActualGroupBeforeRepair: 7
Source[0].RepairAttempted: 1
Source[0].RepairRequestedGroup: 5
Source[0].ActualGroupAfterRepair: 5
Source[0].PhysicalCollisionChanged: 1
PhysicalCollisionChanged: 1
===========================

===== C1 LIFECYCLE START =====
ElapsedMs: 59144.505
Actor: PC_Hero
Generation: 10
Status: CANDIDATE
ReplacedGeneration: 0
ReplacedOutstanding: 0
TrackedSourceCount: 1
Source[0].Address: E70E8A10
Source[0].Side: RIGHT
Source[0].ActualGroup: 5
==============================

===== C1 SCRIPT BINDING =====
ElapsedMs: 59144.517
Event: COMBAT_MOVE_CANDIDATE_BOUND
Actor: PC_Hero
Generation: 10
Status: CANDIDATE
Outstanding: 0
ScriptFunction: _AI_WhirlAttack
SourceAddress: 00000000
=============================

===== C1 LIFECYCLE STATUS =====
ElapsedMs: 59144.588
Event: PERSISTED
Actor: PC_Hero
Generation: 10
Status: PERSISTED
Outstanding: 0
===============================

===== RIGHT RECEIVED =====
ElapsedMs: 59297.707
Actor: PC_Hero
Action: 10
AniPhase: 1
StateTime: 0.161975
CurrentMovementAni: Hero_Parade_None_2H_P0_WhirlAttack_Hit_N_Fwd_00_%_00_P0_150_R.xmot
===== ENGINE SetCollisionGroup =====
ElapsedMs: 59297.736
Source: It_2H_Sword_Flamberge
SourceAddress: E70E8A10
SlotAssociation: RIGHT
RequestedGroup: 7
BeforeGroup: 5
AfterGroup: 7
RetiredMarkerExecutionCount: 0
====================================

===== C1 OFFENSE REQUEST =====
ElapsedMs: 59297.762
Actor: PC_Hero
Generation: 10
Status: PERSISTED
Source: It_2H_Sword_Flamberge
SourceAddress: E70E8A10
Side: RIGHT
OffensiveRequestCount: 1
Outstanding: 1
CleanupObserved: 0
ActualGroup: 7
==============================

MarkerName: G3AB_COL_RIGHT
MarkerOpcode: RIGHT
MarkerAction: ACCEPTED
AuthoredMarkerOccurrences: 2
AcceptedMarkerOccurrencesBefore: 0
AcceptedMarkerOccurrencesAfter: 1
ExecutionBudgetReset: 1
PreviousSourceMask: 0
DesiredSourceMask: 1
RetiredSourceMask: 0
OwnedMaskAtOff: 0
MarkerOwnedWeaponMask: 1
ActivatedSourceCount: 1
RetiredSourceCount: 0
DeactivatedSourceCount: 0
TriggeredListClearCount: 1
RightGroupBefore: 5
RightGroupAfter: 7
RightUseType: 3
RightGroupRequested: 1
RightFistGroupSkip: 0
RightTriggeredListCleared: 1
WhirlStatePositionBefore: 0
WhirlStatePositionAfter: 1
===========================

===== ENGINE SetCollisionGroup =====
ElapsedMs: 59372.306
Source: It_2H_Sword_Flamberge
SourceAddress: E70E8A10
SlotAssociation: RIGHT
RequestedGroup: 5
BeforeGroup: 7
AfterGroup: 5
RetiredMarkerExecutionCount: 1
====================================

===== C1 CLEANUP FULFILLED =====
ElapsedMs: 59372.355
Actor: PC_Hero
Generation: 10
Status: PERSISTED
Source: It_2H_Sword_Flamberge
SourceAddress: E70E8A10
Side: RIGHT
OffensiveRequestCount: 1
Outstanding: 0
CleanupObserved: 1
ActualGroup: 5
==============================

===== C1 FINALIZATION =====
ElapsedMs: 59372.381
Reason: AISETSTATE_AFTER_ORIGINAL
Actor: PC_Hero
Generation: 10
Status: PERSISTED
TrackedSourceCount: 1
Source[0].Outcome: REPAIRED_TO_ITEM_EQUIPPED
Source[0].Address: E70E8A10
Source[0].LivenessEstablished: 1
Source[0].Name: It_2H_Sword_Flamberge
Source[0].OriginalSide: RIGHT
Source[0].CurrentSideMask: 1
Source[0].OffensiveRequestCount: 1
Source[0].OutstandingBeforeFinalization: 1
Source[0].CleanupObservedBeforeFinalization: 0
Source[0].ActualGroupBeforeRepair: 7
Source[0].RepairAttempted: 1
Source[0].RepairRequestedGroup: 5
Source[0].ActualGroupAfterRepair: 5
Source[0].PhysicalCollisionChanged: 1
PhysicalCollisionChanged: 1
===========================

===== OFF RECEIVED =====
ElapsedMs: 59543.059
Actor: PC_Hero
Action: 0
AniPhase: 1
StateTime: 0.178866
CurrentMovementAni: Hero_Parade_None_2H_P0_WhirlAttack_Hit_N_Fwd_00_%_00_P0_150_R.xmot
MarkerName: G3AB_COL_OFF
MarkerOpcode: OFF
MarkerAction: REJECTED_UNSUPPORTED_HIT
AuthoredMarkerOccurrences: 0
AcceptedMarkerOccurrencesBefore: 0
AcceptedMarkerOccurrencesAfter: 0
ExecutionBudgetReset: 0
PreviousSourceMask: 0
DesiredSourceMask: 0
RetiredSourceMask: 0
OwnedMaskAtOff: 0
MarkerOwnedWeaponMask: 0
ActivatedSourceCount: 0
RetiredSourceCount: 0
DeactivatedSourceCount: 0
TriggeredListClearCount: 0
===========================

===== RIGHT RECEIVED =====
ElapsedMs: 59740.175
Actor: PC_Hero
Action: 0
AniPhase: 1
StateTime: 0.376163
CurrentMovementAni: Hero_Parade_None_2H_P0_WhirlAttack_Hit_N_Fwd_00_%_00_P0_150_R.xmot
MarkerName: G3AB_COL_RIGHT
MarkerOpcode: RIGHT
MarkerAction: REJECTED_UNSUPPORTED_HIT
AuthoredMarkerOccurrences: 0
AcceptedMarkerOccurrencesBefore: 0
AcceptedMarkerOccurrencesAfter: 0
ExecutionBudgetReset: 0
PreviousSourceMask: 0
DesiredSourceMask: 0
RetiredSourceMask: 0
OwnedMaskAtOff: 0
MarkerOwnedWeaponMask: 0
ActivatedSourceCount: 0
RetiredSourceCount: 0
DeactivatedSourceCount: 0
TriggeredListClearCount: 0
===========================

===== OFF RECEIVED =====
ElapsedMs: 59740.218
Actor: PC_Hero
Action: 0
AniPhase: 1
StateTime: 0.376163
CurrentMovementAni: Hero_Parade_None_2H_P0_WhirlAttack_Hit_N_Fwd_00_%_00_P0_150_R.xmot
MarkerName: G3AB_COL_OFF
MarkerOpcode: OFF
MarkerAction: REJECTED_UNSUPPORTED_HIT
AuthoredMarkerOccurrences: 0
AcceptedMarkerOccurrencesBefore: 0
AcceptedMarkerOccurrencesAfter: 0
ExecutionBudgetReset: 0
PreviousSourceMask: 0
DesiredSourceMask: 0
RetiredSourceMask: 0
OwnedMaskAtOff: 0
MarkerOwnedWeaponMask: 0
ActivatedSourceCount: 0
RetiredSourceCount: 0
DeactivatedSourceCount: 0
TriggeredListClearCount: 0
===========================

===== RIGHT RECEIVED =====
ElapsedMs: 59740.238
Actor: PC_Hero
Action: 0
AniPhase: 1
StateTime: 0.376163
CurrentMovementAni: Hero_Parade_None_2H_P0_WhirlAttack_Hit_N_Fwd_00_%_00_P0_150_R.xmot
MarkerName: G3AB_COL_RIGHT
MarkerOpcode: RIGHT
MarkerAction: REJECTED_UNSUPPORTED_HIT
AuthoredMarkerOccurrences: 0
AcceptedMarkerOccurrencesBefore: 0
AcceptedMarkerOccurrencesAfter: 0
ExecutionBudgetReset: 0
PreviousSourceMask: 0
DesiredSourceMask: 0
RetiredSourceMask: 0
OwnedMaskAtOff: 0
MarkerOwnedWeaponMask: 0
ActivatedSourceCount: 0
RetiredSourceCount: 0
DeactivatedSourceCount: 0
TriggeredListClearCount: 0
===========================

===== C1 LIFECYCLE START =====
ElapsedMs: 62130.133
Actor: PC_Hero
Generation: 11
Status: CANDIDATE
ReplacedGeneration: 0
ReplacedOutstanding: 0
TrackedSourceCount: 1
Source[0].Address: E70E8A10
Source[0].Side: RIGHT
Source[0].ActualGroup: 5
==============================

===== C1 SCRIPT BINDING =====
ElapsedMs: 62130.145
Event: COMBAT_MOVE_CANDIDATE_BOUND
Actor: PC_Hero
Generation: 11
Status: CANDIDATE
Outstanding: 0
ScriptFunction: _AI_WhirlAttack
SourceAddress: 00000000
=============================

===== C1 LIFECYCLE STATUS =====
ElapsedMs: 62130.231
Event: PERSISTED
Actor: PC_Hero
Generation: 11
Status: PERSISTED
Outstanding: 0
===============================

===== RIGHT RECEIVED =====
ElapsedMs: 62287.485
Actor: PC_Hero
Action: 10
AniPhase: 1
StateTime: 0.166987
CurrentMovementAni: Hero_Parade_None_2H_P0_WhirlAttack_Hit_N_Fwd_00_%_00_P0_150_R.xmot
===== ENGINE SetCollisionGroup =====
ElapsedMs: 62287.514
Source: It_2H_Sword_Flamberge
SourceAddress: E70E8A10
SlotAssociation: RIGHT
RequestedGroup: 7
BeforeGroup: 5
AfterGroup: 7
RetiredMarkerExecutionCount: 0
====================================

===== C1 OFFENSE REQUEST =====
ElapsedMs: 62287.541
Actor: PC_Hero
Generation: 11
Status: PERSISTED
Source: It_2H_Sword_Flamberge
SourceAddress: E70E8A10
Side: RIGHT
OffensiveRequestCount: 1
Outstanding: 1
CleanupObserved: 0
ActualGroup: 7
==============================

MarkerName: G3AB_COL_RIGHT
MarkerOpcode: RIGHT
MarkerAction: ACCEPTED
AuthoredMarkerOccurrences: 2
AcceptedMarkerOccurrencesBefore: 0
AcceptedMarkerOccurrencesAfter: 1
ExecutionBudgetReset: 1
PreviousSourceMask: 0
DesiredSourceMask: 1
RetiredSourceMask: 0
OwnedMaskAtOff: 0
MarkerOwnedWeaponMask: 1
ActivatedSourceCount: 1
RetiredSourceCount: 0
DeactivatedSourceCount: 0
TriggeredListClearCount: 1
RightGroupBefore: 5
RightGroupAfter: 7
RightUseType: 3
RightGroupRequested: 1
RightFistGroupSkip: 0
RightTriggeredListCleared: 1
WhirlStatePositionBefore: 0
WhirlStatePositionAfter: 1
===========================

===== OFF RECEIVED =====
ElapsedMs: 62522.047
Actor: PC_Hero
Action: 10
AniPhase: 1
StateTime: 0.401961
CurrentMovementAni: Hero_Parade_None_2H_P0_WhirlAttack_Hit_N_Fwd_00_%_00_P0_150_R.xmot
===== ENGINE SetCollisionGroup =====
ElapsedMs: 62522.074
Source: It_2H_Sword_Flamberge
SourceAddress: E70E8A10
SlotAssociation: RIGHT
RequestedGroup: 5
BeforeGroup: 7
AfterGroup: 5
RetiredMarkerExecutionCount: 0
====================================

===== C1 CLEANUP FULFILLED =====
ElapsedMs: 62522.103
Actor: PC_Hero
Generation: 11
Status: PERSISTED
Source: It_2H_Sword_Flamberge
SourceAddress: E70E8A10
Side: RIGHT
OffensiveRequestCount: 1
Outstanding: 0
CleanupObserved: 1
ActualGroup: 5
==============================

MarkerName: G3AB_COL_OFF
MarkerOpcode: OFF
MarkerAction: OFF_ACCEPTED
AuthoredMarkerOccurrences: 1
AcceptedMarkerOccurrencesBefore: 0
AcceptedMarkerOccurrencesAfter: 1
ExecutionBudgetReset: 0
PreviousSourceMask: 0
DesiredSourceMask: 0
RetiredSourceMask: 0
OwnedMaskAtOff: 1
MarkerOwnedWeaponMask: 0
ActivatedSourceCount: 0
RetiredSourceCount: 0
DeactivatedSourceCount: 1
TriggeredListClearCount: 0
===========================

===== RIGHT RECEIVED =====
ElapsedMs: 62724.350
Actor: PC_Hero
Action: 10
AniPhase: 1
StateTime: 0.603859
CurrentMovementAni: Hero_Parade_None_2H_P0_WhirlAttack_Hit_N_Fwd_00_%_00_P0_150_R.xmot
===== ENGINE SetCollisionGroup =====
ElapsedMs: 62724.406
Source: It_2H_Sword_Flamberge
SourceAddress: E70E8A10
SlotAssociation: RIGHT
RequestedGroup: 7
BeforeGroup: 5
AfterGroup: 7
RetiredMarkerExecutionCount: 0
====================================

===== C1 OFFENSE REQUEST =====
ElapsedMs: 62724.455
Actor: PC_Hero
Generation: 11
Status: PERSISTED
Source: It_2H_Sword_Flamberge
SourceAddress: E70E8A10
Side: RIGHT
OffensiveRequestCount: 2
Outstanding: 1
CleanupObserved: 0
ActualGroup: 7
==============================

MarkerName: G3AB_COL_RIGHT
MarkerOpcode: RIGHT
MarkerAction: ACCEPTED
AuthoredMarkerOccurrences: 2
AcceptedMarkerOccurrencesBefore: 1
AcceptedMarkerOccurrencesAfter: 2
ExecutionBudgetReset: 0
PreviousSourceMask: 0
DesiredSourceMask: 1
RetiredSourceMask: 0
OwnedMaskAtOff: 0
MarkerOwnedWeaponMask: 1
ActivatedSourceCount: 1
RetiredSourceCount: 0
DeactivatedSourceCount: 0
TriggeredListClearCount: 1
RightGroupBefore: 5
RightGroupAfter: 7
RightUseType: 3
RightGroupRequested: 1
RightFistGroupSkip: 0
RightTriggeredListCleared: 1
WhirlStatePositionBefore: 1
WhirlStatePositionAfter: 1
===========================

===== OFF RECEIVED =====
ElapsedMs: 62724.492
Actor: PC_Hero
Action: 10
AniPhase: 1
StateTime: 0.603859
CurrentMovementAni: Hero_Parade_None_2H_P0_WhirlAttack_Hit_N_Fwd_00_%_00_P0_150_R.xmot
MarkerName: G3AB_COL_OFF
MarkerOpcode: OFF
MarkerAction: AUTHORED_OCCURRENCE_BUDGET_IGNORED
AuthoredMarkerOccurrences: 1
AcceptedMarkerOccurrencesBefore: 1
AcceptedMarkerOccurrencesAfter: 1
ExecutionBudgetReset: 0
PreviousSourceMask: 0
DesiredSourceMask: 0
RetiredSourceMask: 0
OwnedMaskAtOff: 0
MarkerOwnedWeaponMask: 0
ActivatedSourceCount: 0
RetiredSourceCount: 0
DeactivatedSourceCount: 0
TriggeredListClearCount: 0
===========================

===== RIGHT RECEIVED =====
ElapsedMs: 62724.513
Actor: PC_Hero
Action: 10
AniPhase: 1
StateTime: 0.603859
CurrentMovementAni: Hero_Parade_None_2H_P0_WhirlAttack_Hit_N_Fwd_00_%_00_P0_150_R.xmot
MarkerName: G3AB_COL_RIGHT
MarkerOpcode: RIGHT
MarkerAction: DUPLICATE_SAME_UPDATE_IGNORED
DuplicateStateTimeDelta: 0.000000000
DuplicateElapsedMsDelta: 0.159000
AuthoredMarkerOccurrences: 0
AcceptedMarkerOccurrencesBefore: 0
AcceptedMarkerOccurrencesAfter: 0
ExecutionBudgetReset: 0
PreviousSourceMask: 0
DesiredSourceMask: 0
RetiredSourceMask: 0
OwnedMaskAtOff: 0
MarkerOwnedWeaponMask: 0
ActivatedSourceCount: 0
RetiredSourceCount: 0
DeactivatedSourceCount: 0
TriggeredListClearCount: 0
===========================

===== ENGINE SetCollisionGroup =====
ElapsedMs: 62933.195
Source: It_2H_Sword_Flamberge
SourceAddress: E70E8A10
SlotAssociation: RIGHT
RequestedGroup: 5
BeforeGroup: 7
AfterGroup: 5
RetiredMarkerExecutionCount: 1
====================================

===== C1 CLEANUP FULFILLED =====
ElapsedMs: 62933.226
Actor: PC_Hero
Generation: 11
Status: PERSISTED
Source: It_2H_Sword_Flamberge
SourceAddress: E70E8A10
Side: RIGHT
OffensiveRequestCount: 2
Outstanding: 0
CleanupObserved: 1
ActualGroup: 5
==============================

===== C1 FINALIZATION =====
ElapsedMs: 62933.247
Reason: AISETSTATE_AFTER_ORIGINAL
Actor: PC_Hero
Generation: 11
Status: PERSISTED
TrackedSourceCount: 1
Source[0].Outcome: NO_OP_NO_OUTSTANDING
Source[0].Address: E70E8A10
Source[0].LivenessEstablished: 1
Source[0].Name: It_2H_Sword_Flamberge
Source[0].OriginalSide: RIGHT
Source[0].CurrentSideMask: 1
Source[0].OffensiveRequestCount: 2
Source[0].OutstandingBeforeFinalization: 0
Source[0].CleanupObservedBeforeFinalization: 1
Source[0].ActualGroupBeforeRepair: 5
Source[0].RepairAttempted: 0
Source[0].PhysicalCollisionChanged: 0
PhysicalCollisionChanged: 0
===========================

===== C1 LIFECYCLE START =====
ElapsedMs: 65586.514
Actor: PC_Hero
Generation: 12
Status: CANDIDATE
ReplacedGeneration: 0
ReplacedOutstanding: 0
TrackedSourceCount: 1
Source[0].Address: E70E8A10
Source[0].Side: RIGHT
Source[0].ActualGroup: 5
==============================

===== C1 SCRIPT BINDING =====
ElapsedMs: 65586.527
Event: COMBAT_MOVE_CANDIDATE_BOUND
Actor: PC_Hero
Generation: 12
Status: CANDIDATE
Outstanding: 0
ScriptFunction: _AI_HackAttack
SourceAddress: 00000000
=============================

===== C1 LIFECYCLE STATUS =====
ElapsedMs: 65586.597
Event: PERSISTED
Actor: PC_Hero
Generation: 12
Status: PERSISTED
Outstanding: 0
===============================

===== C1 FINALIZATION =====
ElapsedMs: 65596.470
Reason: AISETSTATE_AFTER_ORIGINAL
Actor: PC_Hero
Generation: 12
Status: PERSISTED
TrackedSourceCount: 1
Source[0].Outcome: NO_OP_NO_OUTSTANDING
Source[0].Address: E70E8A10
Source[0].LivenessEstablished: 1
Source[0].Name: It_2H_Sword_Flamberge
Source[0].OriginalSide: RIGHT
Source[0].CurrentSideMask: 1
Source[0].OffensiveRequestCount: 0
Source[0].OutstandingBeforeFinalization: 0
Source[0].CleanupObservedBeforeFinalization: 0
Source[0].ActualGroupBeforeRepair: 5
Source[0].RepairAttempted: 0
Source[0].PhysicalCollisionChanged: 0
PhysicalCollisionChanged: 0
===========================

===== C1 LIFECYCLE START =====
ElapsedMs: 65597.344
Actor: PC_Hero
Generation: 13
Status: CANDIDATE
ReplacedGeneration: 0
ReplacedOutstanding: 0
TrackedSourceCount: 1
Source[0].Address: E70E8A10
Source[0].Side: RIGHT
Source[0].ActualGroup: 5
==============================

===== C1 SCRIPT BINDING =====
ElapsedMs: 65597.354
Event: COMBAT_MOVE_CANDIDATE_BOUND
Actor: PC_Hero
Generation: 13
Status: CANDIDATE
Outstanding: 0
ScriptFunction: _AI_WhirlAttack
SourceAddress: 00000000
=============================

===== C1 LIFECYCLE STATUS =====
ElapsedMs: 65597.422
Event: PERSISTED
Actor: PC_Hero
Generation: 13
Status: PERSISTED
Outstanding: 0
===============================

===== RIGHT RECEIVED =====
ElapsedMs: 65749.944
Actor: PC_Hero
Action: 10
AniPhase: 1
StateTime: 0.163018
CurrentMovementAni: Hero_Parade_None_2H_P0_WhirlAttack_Hit_N_Fwd_00_%_00_P0_150_R.xmot
===== ENGINE SetCollisionGroup =====
ElapsedMs: 65749.974
Source: It_2H_Sword_Flamberge
SourceAddress: E70E8A10
SlotAssociation: RIGHT
RequestedGroup: 7
BeforeGroup: 5
AfterGroup: 7
RetiredMarkerExecutionCount: 0
====================================

===== C1 OFFENSE REQUEST =====
ElapsedMs: 65750.000
Actor: PC_Hero
Generation: 13
Status: PERSISTED
Source: It_2H_Sword_Flamberge
SourceAddress: E70E8A10
Side: RIGHT
OffensiveRequestCount: 1
Outstanding: 1
CleanupObserved: 0
ActualGroup: 7
==============================

MarkerName: G3AB_COL_RIGHT
MarkerOpcode: RIGHT
MarkerAction: ACCEPTED
AuthoredMarkerOccurrences: 2
AcceptedMarkerOccurrencesBefore: 0
AcceptedMarkerOccurrencesAfter: 1
ExecutionBudgetReset: 1
PreviousSourceMask: 0
DesiredSourceMask: 1
RetiredSourceMask: 0
OwnedMaskAtOff: 0
MarkerOwnedWeaponMask: 1
ActivatedSourceCount: 1
RetiredSourceCount: 0
DeactivatedSourceCount: 0
TriggeredListClearCount: 1
RightGroupBefore: 5
RightGroupAfter: 7
RightUseType: 3
RightGroupRequested: 1
RightFistGroupSkip: 0
RightTriggeredListCleared: 1
WhirlStatePositionBefore: 0
WhirlStatePositionAfter: 1
===========================

===== OFF RECEIVED =====
ElapsedMs: 65998.755
Actor: PC_Hero
Action: 10
AniPhase: 1
StateTime: 0.408988
CurrentMovementAni: Hero_Parade_None_2H_P0_WhirlAttack_Hit_N_Fwd_00_%_00_P0_150_R.xmot
===== ENGINE SetCollisionGroup =====
ElapsedMs: 65998.782
Source: It_2H_Sword_Flamberge
SourceAddress: E70E8A10
SlotAssociation: RIGHT
RequestedGroup: 5
BeforeGroup: 7
AfterGroup: 5
RetiredMarkerExecutionCount: 0
====================================

===== C1 CLEANUP FULFILLED =====
ElapsedMs: 65998.807
Actor: PC_Hero
Generation: 13
Status: PERSISTED
Source: It_2H_Sword_Flamberge
SourceAddress: E70E8A10
Side: RIGHT
OffensiveRequestCount: 1
Outstanding: 0
CleanupObserved: 1
ActualGroup: 5
==============================

MarkerName: G3AB_COL_OFF
MarkerOpcode: OFF
MarkerAction: OFF_ACCEPTED
AuthoredMarkerOccurrences: 1
AcceptedMarkerOccurrencesBefore: 0
AcceptedMarkerOccurrencesAfter: 1
ExecutionBudgetReset: 0
PreviousSourceMask: 0
DesiredSourceMask: 0
RetiredSourceMask: 0
OwnedMaskAtOff: 1
MarkerOwnedWeaponMask: 0
ActivatedSourceCount: 0
RetiredSourceCount: 0
DeactivatedSourceCount: 1
TriggeredListClearCount: 0
===========================

===== RIGHT RECEIVED =====
ElapsedMs: 66200.067
Actor: PC_Hero
Action: 10
AniPhase: 1
StateTime: 0.609979
CurrentMovementAni: Hero_Parade_None_2H_P0_WhirlAttack_Hit_N_Fwd_00_%_00_P0_150_R.xmot
===== ENGINE SetCollisionGroup =====
ElapsedMs: 66200.095
Source: It_2H_Sword_Flamberge
SourceAddress: E70E8A10
SlotAssociation: RIGHT
RequestedGroup: 7
BeforeGroup: 5
AfterGroup: 7
RetiredMarkerExecutionCount: 0
====================================

===== C1 OFFENSE REQUEST =====
ElapsedMs: 66200.126
Actor: PC_Hero
Generation: 13
Status: PERSISTED
Source: It_2H_Sword_Flamberge
SourceAddress: E70E8A10
Side: RIGHT
OffensiveRequestCount: 2
Outstanding: 1
CleanupObserved: 0
ActualGroup: 7
==============================

MarkerName: G3AB_COL_RIGHT
MarkerOpcode: RIGHT
MarkerAction: ACCEPTED
AuthoredMarkerOccurrences: 2
AcceptedMarkerOccurrencesBefore: 1
AcceptedMarkerOccurrencesAfter: 2
ExecutionBudgetReset: 0
PreviousSourceMask: 0
DesiredSourceMask: 1
RetiredSourceMask: 0
OwnedMaskAtOff: 0
MarkerOwnedWeaponMask: 1
ActivatedSourceCount: 1
RetiredSourceCount: 0
DeactivatedSourceCount: 0
TriggeredListClearCount: 1
RightGroupBefore: 5
RightGroupAfter: 7
RightUseType: 3
RightGroupRequested: 1
RightFistGroupSkip: 0
RightTriggeredListCleared: 1
WhirlStatePositionBefore: 1
WhirlStatePositionAfter: 1
===========================

===== OFF RECEIVED =====
ElapsedMs: 66200.161
Actor: PC_Hero
Action: 10
AniPhase: 1
StateTime: 0.609979
CurrentMovementAni: Hero_Parade_None_2H_P0_WhirlAttack_Hit_N_Fwd_00_%_00_P0_150_R.xmot
MarkerName: G3AB_COL_OFF
MarkerOpcode: OFF
MarkerAction: AUTHORED_OCCURRENCE_BUDGET_IGNORED
AuthoredMarkerOccurrences: 1
AcceptedMarkerOccurrencesBefore: 1
AcceptedMarkerOccurrencesAfter: 1
ExecutionBudgetReset: 0
PreviousSourceMask: 0
DesiredSourceMask: 0
RetiredSourceMask: 0
OwnedMaskAtOff: 0
MarkerOwnedWeaponMask: 0
ActivatedSourceCount: 0
RetiredSourceCount: 0
DeactivatedSourceCount: 0
TriggeredListClearCount: 0
===========================

===== RIGHT RECEIVED =====
ElapsedMs: 66200.183
Actor: PC_Hero
Action: 10
AniPhase: 1
StateTime: 0.609979
CurrentMovementAni: Hero_Parade_None_2H_P0_WhirlAttack_Hit_N_Fwd_00_%_00_P0_150_R.xmot
MarkerName: G3AB_COL_RIGHT
MarkerOpcode: RIGHT
MarkerAction: DUPLICATE_SAME_UPDATE_IGNORED
DuplicateStateTimeDelta: 0.000000000
DuplicateElapsedMsDelta: 0.112000
AuthoredMarkerOccurrences: 0
AcceptedMarkerOccurrencesBefore: 0
AcceptedMarkerOccurrencesAfter: 0
ExecutionBudgetReset: 0
PreviousSourceMask: 0
DesiredSourceMask: 0
RetiredSourceMask: 0
OwnedMaskAtOff: 0
MarkerOwnedWeaponMask: 0
ActivatedSourceCount: 0
RetiredSourceCount: 0
DeactivatedSourceCount: 0
TriggeredListClearCount: 0
===========================

===== ENGINE SetCollisionGroup =====
ElapsedMs: 66271.089
Source: It_2H_Sword_Flamberge
SourceAddress: E70E8A10
SlotAssociation: RIGHT
RequestedGroup: 5
BeforeGroup: 7
AfterGroup: 5
RetiredMarkerExecutionCount: 1
====================================

===== C1 CLEANUP FULFILLED =====
ElapsedMs: 66271.117
Actor: PC_Hero
Generation: 13
Status: PERSISTED
Source: It_2H_Sword_Flamberge
SourceAddress: E70E8A10
Side: RIGHT
OffensiveRequestCount: 2
Outstanding: 0
CleanupObserved: 1
ActualGroup: 5
==============================

===== C1 FINALIZATION =====
ElapsedMs: 66271.144
Reason: AISETSTATE_AFTER_ORIGINAL
Actor: PC_Hero
Generation: 13
Status: PERSISTED
TrackedSourceCount: 1
Source[0].Outcome: REPAIRED_TO_ITEM_EQUIPPED
Source[0].Address: E70E8A10
Source[0].LivenessEstablished: 1
Source[0].Name: It_2H_Sword_Flamberge
Source[0].OriginalSide: RIGHT
Source[0].CurrentSideMask: 1
Source[0].OffensiveRequestCount: 2
Source[0].OutstandingBeforeFinalization: 1
Source[0].CleanupObservedBeforeFinalization: 0
Source[0].ActualGroupBeforeRepair: 7
Source[0].RepairAttempted: 1
Source[0].RepairRequestedGroup: 5
Source[0].ActualGroupAfterRepair: 5
Source[0].PhysicalCollisionChanged: 1
PhysicalCollisionChanged: 1
===========================

===== C1 LIFECYCLE START =====
ElapsedMs: 75033.581
Actor: PC_Hero
Generation: 14
Status: CANDIDATE
ReplacedGeneration: 0
ReplacedOutstanding: 0
TrackedSourceCount: 1
Source[0].Address: E70E8A10
Source[0].Side: RIGHT
Source[0].ActualGroup: 5
==============================

===== C1 SCRIPT BINDING =====
ElapsedMs: 75033.593
Event: COMBAT_MOVE_CANDIDATE_BOUND
Actor: PC_Hero
Generation: 14
Status: CANDIDATE
Outstanding: 0
ScriptFunction: _AI_QuickAttack
SourceAddress: 00000000
=============================

===== C1 LIFECYCLE STATUS =====
ElapsedMs: 75040.462
Event: PERSISTED
Actor: PC_Hero
Generation: 14
Status: PERSISTED
Outstanding: 0
===============================

===== MARKER OWNERSHIP DECISION =====
ElapsedMs: 75040.494
Actor: PC_Hero
Family: QUICK
CurrentMovementAni: Hero_Stand_None_1H_P0_QuickAttackR_Hit_N_Fwd_00_%_00_P0_100_R.xmot
Action: 4
AniPhase: 1
MatchingMotionFound: 1
MarkerScanValid: 1
ContainsReservedSourceMarker: 0
RequiredSourceMask: 0
AuthoredRIGHTCount: 0
FirstRIGHTFrame: -1
AuthoredLEFTCount: 0
FirstLEFTFrame: -1
AuthoredBOTHCount: 0
FirstBOTHFrame: -1
AuthoredOFFCount: 0
FirstOFFFrame: -1
RightSourceResolved: 1
RightSourceName: It_1H_Sword_Rust_01
RightSourceAddress: E70E8A10
RightSourceUseType: 2
RightSourceCollisionGroup: 5
LeftSourceResolved: 0
SuppressNativeCallback: 0
=====================================

===== ENGINE SetCollisionGroup =====
ElapsedMs: 75139.252
Source: It_1H_Sword_Rust_01
SourceAddress: E70E8A10
SlotAssociation: RIGHT
RequestedGroup: 7
BeforeGroup: 5
AfterGroup: 7
RetiredMarkerExecutionCount: 0
====================================

===== C1 OFFENSE REQUEST =====
ElapsedMs: 75139.283
Actor: PC_Hero
Generation: 14
Status: PERSISTED
Source: It_1H_Sword_Rust_01
SourceAddress: E70E8A10
Side: RIGHT
OffensiveRequestCount: 1
Outstanding: 1
CleanupObserved: 0
ActualGroup: 7
==============================

===== ENGINE SetCollisionGroup =====
ElapsedMs: 75327.854
Source: It_1H_Sword_Rust_01
SourceAddress: E70E8A10
SlotAssociation: RIGHT
RequestedGroup: 5
BeforeGroup: 7
AfterGroup: 5
RetiredMarkerExecutionCount: 0
====================================

===== C1 CLEANUP FULFILLED =====
ElapsedMs: 75327.884
Actor: PC_Hero
Generation: 14
Status: PERSISTED
Source: It_1H_Sword_Rust_01
SourceAddress: E70E8A10
Side: RIGHT
OffensiveRequestCount: 1
Outstanding: 0
CleanupObserved: 1
ActualGroup: 5
==============================

===== C1 FINALIZATION =====
ElapsedMs: 75327.898
Reason: AISETSTATE_AFTER_ORIGINAL
Actor: PC_Hero
Generation: 14
Status: PERSISTED
TrackedSourceCount: 1
Source[0].Outcome: REPAIRED_TO_ITEM_EQUIPPED
Source[0].Address: E70E8A10
Source[0].LivenessEstablished: 1
Source[0].Name: It_1H_Sword_Rust_01
Source[0].OriginalSide: RIGHT
Source[0].CurrentSideMask: 1
Source[0].OffensiveRequestCount: 1
Source[0].OutstandingBeforeFinalization: 1
Source[0].CleanupObservedBeforeFinalization: 0
Source[0].ActualGroupBeforeRepair: 7
Source[0].RepairAttempted: 1
Source[0].RepairRequestedGroup: 5
Source[0].ActualGroupAfterRepair: 5
Source[0].PhysicalCollisionChanged: 1
PhysicalCollisionChanged: 1
===========================

===== C1 LIFECYCLE START =====
ElapsedMs: 78157.855
Actor: PC_Hero
Generation: 15
Status: CANDIDATE
ReplacedGeneration: 0
ReplacedOutstanding: 0
TrackedSourceCount: 1
Source[0].Address: E70E8A10
Source[0].Side: RIGHT
Source[0].ActualGroup: 5
==============================

===== C1 SCRIPT BINDING =====
ElapsedMs: 78157.868
Event: COMBAT_MOVE_CANDIDATE_BOUND
Actor: PC_Hero
Generation: 15
Status: CANDIDATE
Outstanding: 0
ScriptFunction: _AI_QuickAttack
SourceAddress: 00000000
=============================

===== C1 LIFECYCLE STATUS =====
ElapsedMs: 78167.448
Event: PERSISTED
Actor: PC_Hero
Generation: 15
Status: PERSISTED
Outstanding: 0
===============================

===== MARKER OWNERSHIP DECISION =====
ElapsedMs: 78167.480
Actor: PC_Hero
Family: QUICK
CurrentMovementAni: Hero_Stand_None_1H_P0_QuickAttackL_Hit_N_Fwd_00_%_00_P0_100_L.xmot
Action: 5
AniPhase: 1
MatchingMotionFound: 1
MarkerScanValid: 1
ContainsReservedSourceMarker: 0
RequiredSourceMask: 0
AuthoredRIGHTCount: 0
FirstRIGHTFrame: -1
AuthoredLEFTCount: 0
FirstLEFTFrame: -1
AuthoredBOTHCount: 0
FirstBOTHFrame: -1
AuthoredOFFCount: 0
FirstOFFFrame: -1
RightSourceResolved: 1
RightSourceName: It_1H_Sword_Rust_01
RightSourceAddress: E70E8A10
RightSourceUseType: 2
RightSourceCollisionGroup: 5
LeftSourceResolved: 0
SuppressNativeCallback: 0
=====================================

===== ENGINE SetCollisionGroup =====
ElapsedMs: 78259.632
Source: It_1H_Sword_Rust_01
SourceAddress: E70E8A10
SlotAssociation: RIGHT
RequestedGroup: 7
BeforeGroup: 5
AfterGroup: 7
RetiredMarkerExecutionCount: 0
====================================

===== C1 OFFENSE REQUEST =====
ElapsedMs: 78259.664
Actor: PC_Hero
Generation: 15
Status: PERSISTED
Source: It_1H_Sword_Rust_01
SourceAddress: E70E8A10
Side: RIGHT
OffensiveRequestCount: 1
Outstanding: 1
CleanupObserved: 0
ActualGroup: 7
==============================

===== ENGINE SetCollisionGroup =====
ElapsedMs: 78491.172
Source: It_1H_Sword_Rust_01
SourceAddress: E70E8A10
SlotAssociation: RIGHT
RequestedGroup: 5
BeforeGroup: 7
AfterGroup: 5
RetiredMarkerExecutionCount: 0
====================================

===== C1 CLEANUP FULFILLED =====
ElapsedMs: 78491.202
Actor: PC_Hero
Generation: 15
Status: PERSISTED
Source: It_1H_Sword_Rust_01
SourceAddress: E70E8A10
Side: RIGHT
OffensiveRequestCount: 1
Outstanding: 0
CleanupObserved: 1
ActualGroup: 5
==============================

===== C1 FINALIZATION =====
ElapsedMs: 78491.216
Reason: AISETSTATE_AFTER_ORIGINAL
Actor: PC_Hero
Generation: 15
Status: PERSISTED
TrackedSourceCount: 1
Source[0].Outcome: REPAIRED_TO_ITEM_EQUIPPED
Source[0].Address: E70E8A10
Source[0].LivenessEstablished: 1
Source[0].Name: It_1H_Sword_Rust_01
Source[0].OriginalSide: RIGHT
Source[0].CurrentSideMask: 1
Source[0].OffensiveRequestCount: 1
Source[0].OutstandingBeforeFinalization: 1
Source[0].CleanupObservedBeforeFinalization: 0
Source[0].ActualGroupBeforeRepair: 7
Source[0].RepairAttempted: 1
Source[0].RepairRequestedGroup: 5
Source[0].ActualGroupAfterRepair: 5
Source[0].PhysicalCollisionChanged: 1
PhysicalCollisionChanged: 1
===========================

===== C1 LIFECYCLE START =====
ElapsedMs: 81200.073
Actor: PC_Hero
Generation: 16
Status: CANDIDATE
ReplacedGeneration: 0
ReplacedOutstanding: 0
TrackedSourceCount: 1
Source[0].Address: E70E8A10
Source[0].Side: RIGHT
Source[0].ActualGroup: 5
==============================

===== C1 SCRIPT BINDING =====
ElapsedMs: 81200.085
Event: COMBAT_MOVE_CANDIDATE_BOUND
Actor: PC_Hero
Generation: 16
Status: CANDIDATE
Outstanding: 0
ScriptFunction: _AI_QuickAttack
SourceAddress: 00000000
=============================

===== C1 LIFECYCLE STATUS =====
ElapsedMs: 81200.149
Event: PERSISTED
Actor: PC_Hero
Generation: 16
Status: PERSISTED
Outstanding: 0
===============================

===== MARKER OWNERSHIP DECISION =====
ElapsedMs: 81200.168
Actor: PC_Hero
Family: QUICK
CurrentMovementAni: Hero_Stand_None_1H_P0_QuickAttackR_Hit_N_Fwd_00_%_00_P0_100_R.xmot
Action: 4
AniPhase: 1
MatchingMotionFound: 1
MarkerScanValid: 1
ContainsReservedSourceMarker: 0
RequiredSourceMask: 0
AuthoredRIGHTCount: 0
FirstRIGHTFrame: -1
AuthoredLEFTCount: 0
FirstLEFTFrame: -1
AuthoredBOTHCount: 0
FirstBOTHFrame: -1
AuthoredOFFCount: 0
FirstOFFFrame: -1
RightSourceResolved: 1
RightSourceName: It_1H_Sword_Rust_01
RightSourceAddress: E70E8A10
RightSourceUseType: 2
RightSourceCollisionGroup: 5
LeftSourceResolved: 0
SuppressNativeCallback: 0
=====================================

===== ENGINE SetCollisionGroup =====
ElapsedMs: 81309.013
Source: It_1H_Sword_Rust_01
SourceAddress: E70E8A10
SlotAssociation: RIGHT
RequestedGroup: 7
BeforeGroup: 5
AfterGroup: 7
RetiredMarkerExecutionCount: 0
====================================

===== C1 OFFENSE REQUEST =====
ElapsedMs: 81309.044
Actor: PC_Hero
Generation: 16
Status: PERSISTED
Source: It_1H_Sword_Rust_01
SourceAddress: E70E8A10
Side: RIGHT
OffensiveRequestCount: 1
Outstanding: 1
CleanupObserved: 0
ActualGroup: 7
==============================

===== ENGINE SetCollisionGroup =====
ElapsedMs: 81608.564
Source: It_1H_Sword_Rust_01
SourceAddress: E70E8A10
SlotAssociation: RIGHT
RequestedGroup: 5
BeforeGroup: 7
AfterGroup: 5
RetiredMarkerExecutionCount: 0
====================================

===== C1 CLEANUP FULFILLED =====
ElapsedMs: 81608.589
Actor: PC_Hero
Generation: 16
Status: PERSISTED
Source: It_1H_Sword_Rust_01
SourceAddress: E70E8A10
Side: RIGHT
OffensiveRequestCount: 1
Outstanding: 0
CleanupObserved: 1
ActualGroup: 5
==============================

===== C1 FINALIZATION =====
ElapsedMs: 81708.783
Reason: AISETSTATE_AFTER_ORIGINAL
Actor: PC_Hero
Generation: 16
Status: PERSISTED
TrackedSourceCount: 1
Source[0].Outcome: NO_OP_NO_OUTSTANDING
Source[0].Address: E70E8A10
Source[0].LivenessEstablished: 1
Source[0].Name: It_1H_Sword_Rust_01
Source[0].OriginalSide: RIGHT
Source[0].CurrentSideMask: 1
Source[0].OffensiveRequestCount: 1
Source[0].OutstandingBeforeFinalization: 0
Source[0].CleanupObservedBeforeFinalization: 1
Source[0].ActualGroupBeforeRepair: 5
Source[0].RepairAttempted: 0
Source[0].PhysicalCollisionChanged: 0
PhysicalCollisionChanged: 0
===========================

===== C1 LIFECYCLE START =====
ElapsedMs: 84395.644
Actor: PC_Hero
Generation: 17
Status: CANDIDATE
ReplacedGeneration: 0
ReplacedOutstanding: 0
TrackedSourceCount: 1
Source[0].Address: E70E8A10
Source[0].Side: RIGHT
Source[0].ActualGroup: 5
==============================

===== C1 SCRIPT BINDING =====
ElapsedMs: 84395.656
Event: COMBAT_MOVE_CANDIDATE_BOUND
Actor: PC_Hero
Generation: 17
Status: CANDIDATE
Outstanding: 0
ScriptFunction: _AI_QuickAttack
SourceAddress: 00000000
=============================

===== C1 LIFECYCLE STATUS =====
ElapsedMs: 84395.750
Event: PERSISTED
Actor: PC_Hero
Generation: 17
Status: PERSISTED
Outstanding: 0
===============================

===== MARKER OWNERSHIP DECISION =====
ElapsedMs: 84395.767
Actor: PC_Hero
Family: QUICK
CurrentMovementAni: Hero_Stand_None_1H_P0_QuickAttackL_Hit_N_Fwd_00_%_00_P0_100_L.xmot
Action: 5
AniPhase: 1
MatchingMotionFound: 1
MarkerScanValid: 1
ContainsReservedSourceMarker: 0
RequiredSourceMask: 0
AuthoredRIGHTCount: 0
FirstRIGHTFrame: -1
AuthoredLEFTCount: 0
FirstLEFTFrame: -1
AuthoredBOTHCount: 0
FirstBOTHFrame: -1
AuthoredOFFCount: 0
FirstOFFFrame: -1
RightSourceResolved: 1
RightSourceName: It_1H_Sword_Rust_01
RightSourceAddress: E70E8A10
RightSourceUseType: 2
RightSourceCollisionGroup: 5
LeftSourceResolved: 0
SuppressNativeCallback: 0
=====================================

===== ENGINE SetCollisionGroup =====
ElapsedMs: 84503.081
Source: It_1H_Sword_Rust_01
SourceAddress: E70E8A10
SlotAssociation: RIGHT
RequestedGroup: 7
BeforeGroup: 5
AfterGroup: 7
RetiredMarkerExecutionCount: 0
====================================

===== C1 OFFENSE REQUEST =====
ElapsedMs: 84503.115
Actor: PC_Hero
Generation: 17
Status: PERSISTED
Source: It_1H_Sword_Rust_01
SourceAddress: E70E8A10
Side: RIGHT
OffensiveRequestCount: 1
Outstanding: 1
CleanupObserved: 0
ActualGroup: 7
==============================

===== ENGINE SetCollisionGroup =====
ElapsedMs: 84672.322
Source: It_1H_Sword_Rust_01
SourceAddress: E70E8A10
SlotAssociation: RIGHT
RequestedGroup: 5
BeforeGroup: 7
AfterGroup: 5
RetiredMarkerExecutionCount: 0
====================================

===== C1 CLEANUP FULFILLED =====
ElapsedMs: 84672.352
Actor: PC_Hero
Generation: 17
Status: PERSISTED
Source: It_1H_Sword_Rust_01
SourceAddress: E70E8A10
Side: RIGHT
OffensiveRequestCount: 1
Outstanding: 0
CleanupObserved: 1
ActualGroup: 5
==============================

===== C1 FINALIZATION =====
ElapsedMs: 84672.365
Reason: AISETSTATE_AFTER_ORIGINAL
Actor: PC_Hero
Generation: 17
Status: PERSISTED
TrackedSourceCount: 1
Source[0].Outcome: REPAIRED_TO_ITEM_EQUIPPED
Source[0].Address: E70E8A10
Source[0].LivenessEstablished: 1
Source[0].Name: It_1H_Sword_Rust_01
Source[0].OriginalSide: RIGHT
Source[0].CurrentSideMask: 1
Source[0].OffensiveRequestCount: 1
Source[0].OutstandingBeforeFinalization: 1
Source[0].CleanupObservedBeforeFinalization: 0
Source[0].ActualGroupBeforeRepair: 7
Source[0].RepairAttempted: 1
Source[0].RepairRequestedGroup: 5
Source[0].ActualGroupAfterRepair: 5
Source[0].PhysicalCollisionChanged: 1
PhysicalCollisionChanged: 1
===========================

===== C1 LIFECYCLE START =====
ElapsedMs: 87391.345
Actor: PC_Hero
Generation: 18
Status: CANDIDATE
ReplacedGeneration: 0
ReplacedOutstanding: 0
TrackedSourceCount: 1
Source[0].Address: E70E8A10
Source[0].Side: RIGHT
Source[0].ActualGroup: 5
==============================

===== C1 SCRIPT BINDING =====
ElapsedMs: 87391.357
Event: COMBAT_MOVE_CANDIDATE_BOUND
Actor: PC_Hero
Generation: 18
Status: CANDIDATE
Outstanding: 0
ScriptFunction: _AI_QuickAttack
SourceAddress: 00000000
=============================

===== C1 LIFECYCLE STATUS =====
ElapsedMs: 87391.426
Event: PERSISTED
Actor: PC_Hero
Generation: 18
Status: PERSISTED
Outstanding: 0
===============================

===== MARKER OWNERSHIP DECISION =====
ElapsedMs: 87391.445
Actor: PC_Hero
Family: QUICK
CurrentMovementAni: Hero_Stand_None_1H_P0_QuickAttackR_Hit_N_Fwd_00_%_00_P0_100_R.xmot
Action: 4
AniPhase: 1
MatchingMotionFound: 1
MarkerScanValid: 1
ContainsReservedSourceMarker: 0
RequiredSourceMask: 0
AuthoredRIGHTCount: 0
FirstRIGHTFrame: -1
AuthoredLEFTCount: 0
FirstLEFTFrame: -1
AuthoredBOTHCount: 0
FirstBOTHFrame: -1
AuthoredOFFCount: 0
FirstOFFFrame: -1
RightSourceResolved: 1
RightSourceName: It_1H_Sword_Rust_01
RightSourceAddress: E70E8A10
RightSourceUseType: 2
RightSourceCollisionGroup: 5
LeftSourceResolved: 0
SuppressNativeCallback: 0
=====================================

===== ENGINE SetCollisionGroup =====
ElapsedMs: 87492.851
Source: It_1H_Sword_Rust_01
SourceAddress: E70E8A10
SlotAssociation: RIGHT
RequestedGroup: 7
BeforeGroup: 5
AfterGroup: 7
RetiredMarkerExecutionCount: 0
====================================

===== C1 OFFENSE REQUEST =====
ElapsedMs: 87492.882
Actor: PC_Hero
Generation: 18
Status: PERSISTED
Source: It_1H_Sword_Rust_01
SourceAddress: E70E8A10
Side: RIGHT
OffensiveRequestCount: 1
Outstanding: 1
CleanupObserved: 0
ActualGroup: 7
==============================

===== ENGINE SetCollisionGroup =====
ElapsedMs: 87787.140
Source: It_1H_Sword_Rust_01
SourceAddress: E70E8A10
SlotAssociation: RIGHT
RequestedGroup: 5
BeforeGroup: 7
AfterGroup: 5
RetiredMarkerExecutionCount: 0
====================================

===== C1 CLEANUP FULFILLED =====
ElapsedMs: 87787.171
Actor: PC_Hero
Generation: 18
Status: PERSISTED
Source: It_1H_Sword_Rust_01
SourceAddress: E70E8A10
Side: RIGHT
OffensiveRequestCount: 1
Outstanding: 0
CleanupObserved: 1
ActualGroup: 5
==============================

===== C1 FINALIZATION =====
ElapsedMs: 87889.704
Reason: AISETSTATE_AFTER_ORIGINAL
Actor: PC_Hero
Generation: 18
Status: PERSISTED
TrackedSourceCount: 1
Source[0].Outcome: NO_OP_NO_OUTSTANDING
Source[0].Address: E70E8A10
Source[0].LivenessEstablished: 1
Source[0].Name: It_1H_Sword_Rust_01
Source[0].OriginalSide: RIGHT
Source[0].CurrentSideMask: 1
Source[0].OffensiveRequestCount: 1
Source[0].OutstandingBeforeFinalization: 0
Source[0].CleanupObservedBeforeFinalization: 1
Source[0].ActualGroupBeforeRepair: 5
Source[0].RepairAttempted: 0
Source[0].PhysicalCollisionChanged: 0
PhysicalCollisionChanged: 0
===========================

===== C1 LIFECYCLE START =====
ElapsedMs: 88769.142
Actor: PC_Hero
Generation: 19
Status: CANDIDATE
ReplacedGeneration: 0
ReplacedOutstanding: 0
TrackedSourceCount: 1
Source[0].Address: E70E8A10
Source[0].Side: RIGHT
Source[0].ActualGroup: 5
==============================

===== C1 SCRIPT BINDING =====
ElapsedMs: 88769.154
Event: COMBAT_MOVE_CANDIDATE_BOUND
Actor: PC_Hero
Generation: 19
Status: CANDIDATE
Outstanding: 0
ScriptFunction: _AI_Attack
SourceAddress: 00000000
=============================

===== C1 LIFECYCLE STATUS =====
ElapsedMs: 88777.201
Event: PERSISTED
Actor: PC_Hero
Generation: 19
Status: PERSISTED
Outstanding: 0
===============================

===== MARKER OWNERSHIP DECISION =====
ElapsedMs: 88777.235
Actor: PC_Hero
Family: NORMAL
CurrentMovementAni: Hero_Stand_None_1H_P0_Attack_Hit_N_Fwd_00_%_00_P1_118_R.xmot
Action: 1
AniPhase: 1
MatchingMotionFound: 1
MarkerScanValid: 1
ContainsReservedSourceMarker: 0
RequiredSourceMask: 0
AuthoredRIGHTCount: 0
FirstRIGHTFrame: -1
AuthoredLEFTCount: 0
FirstLEFTFrame: -1
AuthoredBOTHCount: 0
FirstBOTHFrame: -1
AuthoredOFFCount: 0
FirstOFFFrame: -1
RightSourceResolved: 1
RightSourceName: It_1H_Sword_Rust_01
RightSourceAddress: E70E8A10
RightSourceUseType: 2
RightSourceCollisionGroup: 5
LeftSourceResolved: 0
SuppressNativeCallback: 0
=====================================

===== ENGINE SetCollisionGroup =====
ElapsedMs: 89027.689
Source: It_1H_Sword_Rust_01
SourceAddress: E70E8A10
SlotAssociation: RIGHT
RequestedGroup: 7
BeforeGroup: 5
AfterGroup: 7
RetiredMarkerExecutionCount: 0
====================================

===== C1 OFFENSE REQUEST =====
ElapsedMs: 89027.719
Actor: PC_Hero
Generation: 19
Status: PERSISTED
Source: It_1H_Sword_Rust_01
SourceAddress: E70E8A10
Side: RIGHT
OffensiveRequestCount: 1
Outstanding: 1
CleanupObserved: 0
ActualGroup: 7
==============================

===== ENGINE SetCollisionGroup =====
ElapsedMs: 89313.196
Source: It_1H_Sword_Rust_01
SourceAddress: E70E8A10
SlotAssociation: RIGHT
RequestedGroup: 5
BeforeGroup: 7
AfterGroup: 5
RetiredMarkerExecutionCount: 0
====================================

===== C1 CLEANUP FULFILLED =====
ElapsedMs: 89313.219
Actor: PC_Hero
Generation: 19
Status: PERSISTED
Source: It_1H_Sword_Rust_01
SourceAddress: E70E8A10
Side: RIGHT
OffensiveRequestCount: 1
Outstanding: 0
CleanupObserved: 1
ActualGroup: 5
==============================

===== C1 FINALIZATION =====
ElapsedMs: 89313.244
Reason: AISETSTATE_AFTER_ORIGINAL
Actor: PC_Hero
Generation: 19
Status: PERSISTED
TrackedSourceCount: 1
Source[0].Outcome: NO_OP_NO_OUTSTANDING
Source[0].Address: E70E8A10
Source[0].LivenessEstablished: 1
Source[0].Name: It_1H_Sword_Rust_01
Source[0].OriginalSide: RIGHT
Source[0].CurrentSideMask: 1
Source[0].OffensiveRequestCount: 1
Source[0].OutstandingBeforeFinalization: 0
Source[0].CleanupObservedBeforeFinalization: 1
Source[0].ActualGroupBeforeRepair: 5
Source[0].RepairAttempted: 0
Source[0].PhysicalCollisionChanged: 0
PhysicalCollisionChanged: 0
===========================

===== C1 LIFECYCLE START =====
ElapsedMs: 89353.911
Actor: PC_Hero
Generation: 20
Status: CANDIDATE
ReplacedGeneration: 0
ReplacedOutstanding: 0
TrackedSourceCount: 1
Source[0].Address: E70E8A10
Source[0].Side: RIGHT
Source[0].ActualGroup: 5
==============================

===== C1 SCRIPT BINDING =====
ElapsedMs: 89353.924
Event: COMBAT_MOVE_CANDIDATE_BOUND
Actor: PC_Hero
Generation: 20
Status: CANDIDATE
Outstanding: 0
ScriptFunction: _AI_Attack
SourceAddress: 00000000
=============================

===== C1 LIFECYCLE STATUS =====
ElapsedMs: 89360.758
Event: PERSISTED
Actor: PC_Hero
Generation: 20
Status: PERSISTED
Outstanding: 0
===============================

===== MARKER OWNERSHIP DECISION =====
ElapsedMs: 89360.790
Actor: PC_Hero
Family: NORMAL
CurrentMovementAni: Hero_Stand_None_1H_P1_Attack_Hit_N_Fwd_00_%_00_P2_119_L.xmot
Action: 1
AniPhase: 1
MatchingMotionFound: 1
MarkerScanValid: 1
ContainsReservedSourceMarker: 0
RequiredSourceMask: 0
AuthoredRIGHTCount: 0
FirstRIGHTFrame: -1
AuthoredLEFTCount: 0
FirstLEFTFrame: -1
AuthoredBOTHCount: 0
FirstBOTHFrame: -1
AuthoredOFFCount: 0
FirstOFFFrame: -1
RightSourceResolved: 1
RightSourceName: It_1H_Sword_Rust_01
RightSourceAddress: E70E8A10
RightSourceUseType: 2
RightSourceCollisionGroup: 5
LeftSourceResolved: 0
SuppressNativeCallback: 0
=====================================

===== ENGINE SetCollisionGroup =====
ElapsedMs: 89613.674
Source: It_1H_Sword_Rust_01
SourceAddress: E70E8A10
SlotAssociation: RIGHT
RequestedGroup: 7
BeforeGroup: 5
AfterGroup: 7
RetiredMarkerExecutionCount: 0
====================================

===== C1 OFFENSE REQUEST =====
ElapsedMs: 89613.723
Actor: PC_Hero
Generation: 20
Status: PERSISTED
Source: It_1H_Sword_Rust_01
SourceAddress: E70E8A10
Side: RIGHT
OffensiveRequestCount: 1
Outstanding: 1
CleanupObserved: 0
ActualGroup: 7
==============================

===== ENGINE SetCollisionGroup =====
ElapsedMs: 89894.917
Source: It_1H_Sword_Rust_01
SourceAddress: E70E8A10
SlotAssociation: RIGHT
RequestedGroup: 5
BeforeGroup: 7
AfterGroup: 5
RetiredMarkerExecutionCount: 0
====================================

===== C1 CLEANUP FULFILLED =====
ElapsedMs: 89894.956
Actor: PC_Hero
Generation: 20
Status: PERSISTED
Source: It_1H_Sword_Rust_01
SourceAddress: E70E8A10
Side: RIGHT
OffensiveRequestCount: 1
Outstanding: 0
CleanupObserved: 1
ActualGroup: 5
==============================

===== C1 FINALIZATION =====
ElapsedMs: 89895.010
Reason: AISETSTATE_AFTER_ORIGINAL
Actor: PC_Hero
Generation: 20
Status: PERSISTED
TrackedSourceCount: 1
Source[0].Outcome: NO_OP_NO_OUTSTANDING
Source[0].Address: E70E8A10
Source[0].LivenessEstablished: 1
Source[0].Name: It_1H_Sword_Rust_01
Source[0].OriginalSide: RIGHT
Source[0].CurrentSideMask: 1
Source[0].OffensiveRequestCount: 1
Source[0].OutstandingBeforeFinalization: 0
Source[0].CleanupObservedBeforeFinalization: 1
Source[0].ActualGroupBeforeRepair: 5
Source[0].RepairAttempted: 0
Source[0].PhysicalCollisionChanged: 0
PhysicalCollisionChanged: 0
===========================

===== C1 LIFECYCLE START =====
ElapsedMs: 90837.893
Actor: PC_Hero
Generation: 21
Status: CANDIDATE
ReplacedGeneration: 0
ReplacedOutstanding: 0
TrackedSourceCount: 1
Source[0].Address: E70E8A10
Source[0].Side: RIGHT
Source[0].ActualGroup: 5
==============================

===== C1 SCRIPT BINDING =====
ElapsedMs: 90837.905
Event: COMBAT_MOVE_CANDIDATE_BOUND
Actor: PC_Hero
Generation: 21
Status: CANDIDATE
Outstanding: 0
ScriptFunction: _AI_Parade
SourceAddress: 00000000
=============================

===== C1 LIFECYCLE STATUS =====
ElapsedMs: 90847.197
Event: PERSISTED
Actor: PC_Hero
Generation: 21
Status: PERSISTED
Outstanding: 0
===============================

===== C1 FINALIZATION =====
ElapsedMs: 91021.123
Reason: AISETSTATE_AFTER_ORIGINAL
Actor: PC_Hero
Generation: 21
Status: PERSISTED
TrackedSourceCount: 1
Source[0].Outcome: NO_OP_NO_OUTSTANDING
Source[0].Address: E70E8A10
Source[0].LivenessEstablished: 1
Source[0].Name: It_1H_Sword_Rust_01
Source[0].OriginalSide: RIGHT
Source[0].CurrentSideMask: 1
Source[0].OffensiveRequestCount: 0
Source[0].OutstandingBeforeFinalization: 0
Source[0].CleanupObservedBeforeFinalization: 0
Source[0].ActualGroupBeforeRepair: 5
Source[0].RepairAttempted: 0
Source[0].PhysicalCollisionChanged: 0
PhysicalCollisionChanged: 0
===========================

===== C1 LIFECYCLE START =====
ElapsedMs: 93148.479
Actor: PC_Hero
Generation: 22
Status: CANDIDATE
ReplacedGeneration: 0
ReplacedOutstanding: 0
TrackedSourceCount: 1
Source[0].Address: E70E8A10
Source[0].Side: RIGHT
Source[0].ActualGroup: 5
==============================

===== C1 SCRIPT BINDING =====
ElapsedMs: 93148.491
Event: COMBAT_MOVE_CANDIDATE_BOUND
Actor: PC_Hero
Generation: 22
Status: CANDIDATE
Outstanding: 0
ScriptFunction: _AI_QuickAttack
SourceAddress: 00000000
=============================

===== C1 LIFECYCLE STATUS =====
ElapsedMs: 93148.560
Event: PERSISTED
Actor: PC_Hero
Generation: 22
Status: PERSISTED
Outstanding: 0
===============================

===== MARKER OWNERSHIP DECISION =====
ElapsedMs: 93148.578
Actor: PC_Hero
Family: QUICK
CurrentMovementAni: Hero_Stand_None_1H_P0_QuickAttackR_Hit_N_Fwd_00_%_00_P0_100_R.xmot
Action: 4
AniPhase: 1
MatchingMotionFound: 1
MarkerScanValid: 1
ContainsReservedSourceMarker: 0
RequiredSourceMask: 0
AuthoredRIGHTCount: 0
FirstRIGHTFrame: -1
AuthoredLEFTCount: 0
FirstLEFTFrame: -1
AuthoredBOTHCount: 0
FirstBOTHFrame: -1
AuthoredOFFCount: 0
FirstOFFFrame: -1
RightSourceResolved: 1
RightSourceName: It_1H_Sword_Rust_01
RightSourceAddress: E70E8A10
RightSourceUseType: 2
RightSourceCollisionGroup: 5
LeftSourceResolved: 0
SuppressNativeCallback: 0
=====================================

===== ENGINE SetCollisionGroup =====
ElapsedMs: 93251.411
Source: It_1H_Sword_Rust_01
SourceAddress: E70E8A10
SlotAssociation: RIGHT
RequestedGroup: 7
BeforeGroup: 5
AfterGroup: 7
RetiredMarkerExecutionCount: 0
====================================

===== C1 OFFENSE REQUEST =====
ElapsedMs: 93251.445
Actor: PC_Hero
Generation: 22
Status: PERSISTED
Source: It_1H_Sword_Rust_01
SourceAddress: E70E8A10
Side: RIGHT
OffensiveRequestCount: 1
Outstanding: 1
CleanupObserved: 0
ActualGroup: 7
==============================

===== ENGINE SetCollisionGroup =====
ElapsedMs: 93270.511
Source: It_1H_Sword_Rust_01
SourceAddress: E70E8A10
SlotAssociation: RIGHT
RequestedGroup: 5
BeforeGroup: 7
AfterGroup: 5
RetiredMarkerExecutionCount: 0
====================================

===== C1 CLEANUP FULFILLED =====
ElapsedMs: 93270.556
Actor: PC_Hero
Generation: 22
Status: PERSISTED
Source: It_1H_Sword_Rust_01
SourceAddress: E70E8A10
Side: RIGHT
OffensiveRequestCount: 1
Outstanding: 0
CleanupObserved: 1
ActualGroup: 5
==============================

===== C1 FINALIZATION =====
ElapsedMs: 93270.570
Reason: AISETSTATE_AFTER_ORIGINAL
Actor: PC_Hero
Generation: 22
Status: PERSISTED
TrackedSourceCount: 1
Source[0].Outcome: REPAIRED_TO_ITEM_EQUIPPED
Source[0].Address: E70E8A10
Source[0].LivenessEstablished: 1
Source[0].Name: It_1H_Sword_Rust_01
Source[0].OriginalSide: RIGHT
Source[0].CurrentSideMask: 1
Source[0].OffensiveRequestCount: 1
Source[0].OutstandingBeforeFinalization: 1
Source[0].CleanupObservedBeforeFinalization: 0
Source[0].ActualGroupBeforeRepair: 7
Source[0].RepairAttempted: 1
Source[0].RepairRequestedGroup: 5
Source[0].ActualGroupAfterRepair: 5
Source[0].PhysicalCollisionChanged: 1
PhysicalCollisionChanged: 1
===========================

Script_FrameCollisionTest unloading cleanly.
