Script_G3AB_BadBlockResearch loaded.
Mode: PROTECTION (qualifying raw >2500 returns 2500).
Research only: overdue player Quick R/L and full Whirl Hit seam.
Production Script_G3AnimationBehaviors.dll is intentionally independent.
Player timeout seam +0x633BF: installed.
Episode start id=1 mode=PROTECTION raw=2509 effective=2500 action=10 phase=1 actor=EBB76010 player=EBB76010
Episode start id=2 mode=PROTECTION raw=2511 effective=2500 action=10 phase=1 actor=EBB76010 player=EBB76010
Episode start id=3 mode=PROTECTION raw=2509 effective=2500 action=10 phase=1 actor=EBB76010 player=EBB76010
Episode start id=4 mode=PROTECTION raw=2507 effective=2500 action=10 phase=1 actor=EBB76010 player=EBB76010
Episode start id=5 mode=PROTECTION raw=2509 effective=2500 action=10 phase=1 actor=EBB76010 player=EBB76010
Episode start id=6 mode=PROTECTION raw=2501 effective=2500 action=10 phase=1 actor=EBB76010 player=EBB76010
Episode start id=7 mode=PROTECTION raw=2502 effective=2500 action=10 phase=1 actor=EBB76010 player=EBB76010
Episode start id=8 mode=PROTECTION raw=2511 effective=2500 action=10 phase=1 actor=EBB76010 player=EBB76010
Episode start id=9 mode=PROTECTION raw=2501 effective=2500 action=10 phase=1 actor=EBB76010 player=EBB76010
Episode start id=10 mode=PROTECTION raw=2508 effective=2500 action=5 phase=1 actor=EBB76010 player=EBB76010
Episode start id=11 mode=PROTECTION raw=2505 effective=2500 action=5 phase=1 actor=EBB76010 player=EBB76010
Episode start id=12 mode=PROTECTION raw=2501 effective=2500 action=5 phase=1 actor=EBB76010 player=EBB76010
Episode start id=13 mode=PROTECTION raw=2504 effective=2500 action=5 phase=1 actor=EBB76010 player=EBB76010
Episode start id=14 mode=PROTECTION raw=2503 effective=2500 action=5 phase=1 actor=EBB76010 player=EBB76010
Episode start id=15 mode=PROTECTION raw=2509 effective=2500 action=4 phase=1 actor=EBB76010 player=EBB76010
Episode start id=16 mode=PROTECTION raw=2509 effective=2500 action=4 phase=1 actor=EBB76010 player=EBB76010
Episode start id=17 mode=PROTECTION raw=2509 effective=2500 action=5 phase=1 actor=EBB76010 player=EBB76010
Episode start id=18 mode=PROTECTION raw=2505 effective=2500 action=5 phase=1 actor=EBB76010 player=EBB76010
Episode start id=19 mode=PROTECTION raw=2504 effective=2500 action=5 phase=1 actor=EBB76010 player=EBB76010
Episode start id=20 mode=PROTECTION raw=2510 effective=2500 action=10 phase=1 actor=EBB76010 player=EBB76010
Script_G3AB_BadBlockResearch unloading.
