Script_FrameCollisionTest v0.7 loaded.
GENERALIZED ACTOR / WEAPON-SLOT PROTOTYPE.
NO IsPlayer restriction.
NO 2H / Staff / 1H use-type restriction.
NO P0/P1/P2 restriction.
Normal eligibility: current animation contains _Attack_Hit_ and G3AB_COL_TEST.
Quick eligibility: OnAI_QuickAttack + exact Quick/QuickR/QuickL action + Hit phase + G3AB_COL_TEST.
Prototype source resolver: current actor RIGHT-HAND equipped item.
If a marked animation has no right-hand item, its original attack callback is NOT suppressed.
This protects unarmed/monster attacks until body-source resolution is implemented.
Marker action: source -> Item_Attack + ClearTriggeredList.
No custom collision-OFF cleanup; Gothic 3 owns Hit->Recover reset.
Known collision groups: Item_Equipped=5, Item_Attack=7.

Installing hooks...
Hooks installed.

===== MARKER OWNERSHIP DECISION =====
ElapsedMs: 33812.536
Actor: PC_Hero
CurrentMovementAni: Hero_Stand_None_Staff_P0_Attack_Hit_N_Fwd_00_%_00_P1_90_R.xmot
MatchingMotionFound: 1
FrameEffectCount: 2
Contains_G3AB_COL_TEST: 1
MarkerFrame: 5
RightHandSourceResolved: 1
ResolvedSource: Wrestling Staff_BBM
ResolvedSourceCollisionGroup: 5
Decision: FRAME-CONTROLLED - suppress original timer callback
=====================================

===== G3AB_COL_TEST RECEIVED =====
ElapsedMs: 34075.119
Actor: PC_Hero
Action: 1
AniPhase: 1
StateTime: 0.294238
StatePosition: 0
CurrentMovementAni: Hero_Stand_None_Staff_P0_Attack_Hit_N_Fwd_00_%_00_P1_90_R.xmot
RightHandSourceResolved: 1
ResolvedSource: Wrestling Staff_BBM
ResolvedSourceCollisionGroup: 5
===== ENGINE SetCollisionGroup =====
ElapsedMs: 34075.159
Entity: Wrestling Staff_BBM
RequestedGroup: 7
BeforeGroup: 5
AfterGroup: 7
Item_EquippedValue: 5
Item_AttackValue: 7
====================================

MarkerAction: ACCEPTED
AuthoredMarkerFrame: 5
CollisionGroupBeforeMarker: 5
CollisionGroupAfterMarker: 7
TriggeredDamageList: CLEARED
Original StartEffect for marker: NOT CALLED
=================================

===== ENGINE SetCollisionGroup =====
ElapsedMs: 34370.454
Entity: Wrestling Staff_BBM
RequestedGroup: 5
BeforeGroup: 7
AfterGroup: 5
Item_EquippedValue: 5
Item_AttackValue: 7
====================================

===== MARKER OWNERSHIP DECISION =====
ElapsedMs: 37274.196
Actor: PC_Hero
CurrentMovementAni: Hero_Stand_None_Staff_P1_Attack_Hit_N_Fwd_00_%_00_P0_90_L.xmot
MatchingMotionFound: 1
FrameEffectCount: 2
Contains_G3AB_COL_TEST: 1
MarkerFrame: 5
RightHandSourceResolved: 1
ResolvedSource: Wrestling Staff_BBM
ResolvedSourceCollisionGroup: 5
Decision: FRAME-CONTROLLED - suppress original timer callback
=====================================

===== G3AB_COL_TEST RECEIVED =====
ElapsedMs: 37544.624
Actor: PC_Hero
Action: 1
AniPhase: 1
StateTime: 0.291861
StatePosition: 0
CurrentMovementAni: Hero_Stand_None_Staff_P1_Attack_Hit_N_Fwd_00_%_00_P0_90_L.xmot
RightHandSourceResolved: 1
ResolvedSource: Wrestling Staff_BBM
ResolvedSourceCollisionGroup: 5
===== ENGINE SetCollisionGroup =====
ElapsedMs: 37544.649
Entity: Wrestling Staff_BBM
RequestedGroup: 7
BeforeGroup: 5
AfterGroup: 7
Item_EquippedValue: 5
Item_AttackValue: 7
====================================

MarkerAction: ACCEPTED
AuthoredMarkerFrame: 5
CollisionGroupBeforeMarker: 5
CollisionGroupAfterMarker: 7
TriggeredDamageList: CLEARED
Original StartEffect for marker: NOT CALLED
=================================

===== ENGINE SetCollisionGroup =====
ElapsedMs: 37852.170
Entity: Wrestling Staff_BBM
RequestedGroup: 5
BeforeGroup: 7
AfterGroup: 5
Item_EquippedValue: 5
Item_AttackValue: 7
====================================

Script_FrameCollisionTest unloading.
