Script_FrameCollisionTest v0.9 loaded.
GENERALIZED ACTOR / WEAPON-SLOT PROTOTYPE.
NO IsPlayer restriction.
NO 2H / Staff / 1H use-type restriction.
NO P0/P1/P2 restriction.
Normal eligibility: current animation contains _Attack_Hit_ and G3AB_COL_TEST.
Quick eligibility: OnAI_QuickAttack + exact Quick/QuickR/QuickL action + Hit phase + G3AB_COL_TEST.
Accepted Quick marker completes one-shot callback bookkeeping: StatePosition -> 1.
FIST CAUSAL TEST: raw Fist/PhysicalFist skips SetCollisionGroup(Item_Attack).
FIST CAUSAL TEST: ClearTriggeredList remains active.
Prototype source resolver: current actor RIGHT-HAND equipped item.
If a marked animation has no right-hand item, its original attack callback is NOT suppressed.
This protects unarmed/monster attacks until body-source resolution is implemented.
Marker action: non-Fist -> Item_Attack + ClearTriggeredList; Fist -> ClearTriggeredList only.
No custom collision-OFF cleanup; Gothic 3 owns Hit->Recover reset.
Known collision groups: Item_Equipped=5, Item_Attack=7.

Installing hooks...
Hooks installed.

===== MARKER OWNERSHIP DECISION =====
ElapsedMs: 41304.818
Actor: PC_Hero
CurrentMovementAni: Hero_Stand_None_Fist_P0_Attack_Hit_N_Fwd_00_%_00_P1_100_R.xmot
MatchingMotionFound: 1
FrameEffectCount: 2
Contains_G3AB_COL_TEST: 1
MarkerFrame: 3
RightHandSourceResolved: 1
ResolvedSource: Fist
ResolvedSourceUseType: 8
ResolvedSourceCollisionGroup: 0
Decision: FRAME-CONTROLLED - suppress original timer callback
=====================================

===== G3AB_COL_TEST RECEIVED =====
ElapsedMs: 41417.821
Actor: PC_Hero
Action: 1
AniPhase: 1
StateTime: 0.128985
StatePosition: 0
CurrentMovementAni: Hero_Stand_None_Fist_P0_Attack_Hit_N_Fwd_00_%_00_P1_100_R.xmot
RightHandSourceResolved: 1
ResolvedSource: Fist
ResolvedSourceUseType: 8
ResolvedSourceCollisionGroup: 0
MarkerAction: ACCEPTED
AuthoredMarkerFrame: 3
CollisionGroupBeforeMarker: 0
CollisionGroupAfterMarker: 0
ResolvedSourceUseTypeAtMarker: 8
SetCollisionGroupAction: SKIPPED_FOR_FIST_CAUSAL_TEST
TriggeredDamageList: CLEARED
Original StartEffect for marker: NOT CALLED
=================================

Script_FrameCollisionTest unloading.
