Script_FrameCollisionTest diagnostic build loaded.
DiagnosticProfile: CORE
DeepDiagnostics: DISABLED
BehaviorCore: EngineBridge + FrameCollisionMarkers + CollisionSources + CollisionSourceOperations + CollisionLifecycleGuard + EquippedSprintCollision + Raw8FistCollision + PhysicalFistCollision + AttackMotionRouting + RuntimeClock
C1Repair: exact outstanding live equipped Item_Attack source -> Item_Equipped after native AISetState opportunity; no ClearTriggeredList.
MarkerFamilies: Normal Power Quick SimpleWhirl Whirl Pierce Hack Sprint
MarkerOpcodes: RIGHT LEFT BOTH OFF FIST
HACK_CALLBACK_IDENTITY TargetRVA=0x433D0 ExactlyOne=1 MatchCount=1 Name=OnAI_HackAttack Source=.\Script\AI\AI_Commands\AI_HackAttack.cpp
Installing behavior hooks...
Hooks installed.

CORE C1_START ElapsedMs=22317.237 Actor=PC_Hero Generation=1 Status=CANDIDATE Outstanding=0 TrackedSources=1 ReplacedGeneration=0 ReplacedOutstanding=0 Source[0]=Fist Side=RIGHT Group=0
CORE C1_BIND ElapsedMs=22317.257 Event=COMBAT_MOVE_CANDIDATE_BOUND Actor=PC_Hero Generation=1 Status=CANDIDATE Outstanding=0 Source=<null> Script=_AI_Attack
CORE C1_STATUS ElapsedMs=22324.138 Event=PERSISTED Actor=PC_Hero Generation=1 Status=PERSISTED Outstanding=0
CORE RAW8_FIST_OWNERSHIP ElapsedMs=22324.176 Actor=PC_Hero Action=1 Family=NORMAL Motion=Hero_Stand_None_Fist_P0_Attack_Hit_N_Fwd_00_%_00_P1_100_R.xmot C1=1 Raw8Fist=Fist Raw8UseType=8 InitialClose=0->1 Result=CONFIRMED
CORE ATTACK_OWNERSHIP ElapsedMs=22324.191 Actor=PC_Hero Family=NORMAL Action=1 Phase=1 Motion=Hero_Stand_None_Fist_P0_Attack_Hit_N_Fwd_00_%_00_P1_100_R.xmot MarkerPresent=1 RequiredMask=0 FistMarkers=1 Raw8Fist=Fist Raw8UseType=8 SuppressNative=0 Classification=ROUTINE
CORE RAW8_FIST_TIMING ElapsedMs=22471.960 Actor=PC_Hero Action=1 Family=NORMAL Motion=Hero_Stand_None_Fist_P0_Attack_Hit_N_Fwd_00_%_00_P1_100_R.xmot C1=1 Raw8Fist=Fist Raw8UseType=8 AcceptedRearm=1->0 OwnershipMatched=1 Classification=EARLY_PERMISSION_ARMED
CORE RAW8_OPPORTUNITY_OPEN ElapsedMs=22471.998 Actor=PC_Hero Action=1 Family=NORMAL Motion=Hero_Stand_None_Fist_P0_Attack_Hit_N_Fwd_00_%_00_P1_100_R.xmot C1=1 Raw8Fist=Fist OpportunityOrdinal=1 Reason=ACCEPTED_FIST LatchBefore=1 LatchAfter=0 LatchWriteAttempted=1 LatchWriteConfirmed=1 TimingActive=1
CORE MARKER ElapsedMs=22472.020 Actor=PC_Hero Action=1 Family=NORMAL Phase=1 Motion=Hero_Stand_None_Fist_P0_Attack_Hit_N_Fwd_00_%_00_P1_100_R.xmot Marker=FIST Result=ACCEPTED C1Valid=1 C1=1 StatePosition=0 PreviousMask=0 DesiredMask=0 RetiredMask=0 OwnedMask=0 MarkerOwnedMask=0 Activated=0 Deactivated=0 Retired=0 RearmRequests=0 Clears=0 Raw8Fist=Fist Raw8UseType=8 Latch=1->0 LatchConfirmed=1
CORE RAW8_FIST_TIMING ElapsedMs=22479.639 Actor=PC_Hero Action=1 Family=NORMAL Motion=Hero_Stand_None_Fist_P0_Attack_Hit_N_Fwd_00_%_00_P1_100_R.xmot C1=1 Raw8Fist=Fist Raw8UseType=8 PermissionApplied=1 SyntheticApplied=1 Classification=EARLY_PERMISSION_APPLIED
CORE RAW8_OPPORTUNITY_MISS_REARM ElapsedMs=22479.678 Actor=PC_Hero Action=1 Family=NORMAL Motion=Hero_Stand_None_Fist_P0_Attack_Hit_N_Fwd_00_%_00_P1_100_R.xmot C1=1 Raw8Fist=Fist OpportunityOrdinal=1 Reason=NO_CONTACT_DISPATCH FullStop=0 LatchBefore=1 LatchAfter=0 LatchWriteAttempted=1 LatchWriteConfirmed=1
CORE RAW8_OPPORTUNITY_MISS_REARM ElapsedMs=22486.661 Actor=PC_Hero Action=1 Family=NORMAL Motion=Hero_Stand_None_Fist_P0_Attack_Hit_N_Fwd_00_%_00_P1_100_R.xmot C1=1 Raw8Fist=Fist OpportunityOrdinal=1 Reason=NO_CONTACT_DISPATCH FullStop=0 LatchBefore=1 LatchAfter=0 LatchWriteAttempted=1 LatchWriteConfirmed=1
CORE RAW8_OPPORTUNITY_MISS_REARM ElapsedMs=22494.686 Actor=PC_Hero Action=1 Family=NORMAL Motion=Hero_Stand_None_Fist_P0_Attack_Hit_N_Fwd_00_%_00_P1_100_R.xmot C1=1 Raw8Fist=Fist OpportunityOrdinal=1 Reason=NO_CONTACT_DISPATCH FullStop=0 LatchBefore=1 LatchAfter=0 LatchWriteAttempted=1 LatchWriteConfirmed=1
CORE RAW8_OPPORTUNITY_MISS_REARM ElapsedMs=22501.088 Actor=PC_Hero Action=1 Family=NORMAL Motion=Hero_Stand_None_Fist_P0_Attack_Hit_N_Fwd_00_%_00_P1_100_R.xmot C1=1 Raw8Fist=Fist OpportunityOrdinal=1 Reason=NO_CONTACT_DISPATCH FullStop=0 LatchBefore=1 LatchAfter=0 LatchWriteAttempted=1 LatchWriteConfirmed=1
CORE RAW8_OPPORTUNITY_MISS_REARM ElapsedMs=22510.542 Actor=PC_Hero Action=1 Family=NORMAL Motion=Hero_Stand_None_Fist_P0_Attack_Hit_N_Fwd_00_%_00_P1_100_R.xmot C1=1 Raw8Fist=Fist OpportunityOrdinal=1 Reason=NO_CONTACT_DISPATCH FullStop=0 LatchBefore=1 LatchAfter=0 LatchWriteAttempted=1 LatchWriteConfirmed=1
CORE RAW8_OPPORTUNITY_MISS_REARM ElapsedMs=22517.324 Actor=PC_Hero Action=1 Family=NORMAL Motion=Hero_Stand_None_Fist_P0_Attack_Hit_N_Fwd_00_%_00_P1_100_R.xmot C1=1 Raw8Fist=Fist OpportunityOrdinal=1 Reason=NO_CONTACT_DISPATCH FullStop=0 LatchBefore=1 LatchAfter=0 LatchWriteAttempted=1 LatchWriteConfirmed=1
CORE RAW8_OPPORTUNITY_MISS_REARM ElapsedMs=22526.946 Actor=PC_Hero Action=1 Family=NORMAL Motion=Hero_Stand_None_Fist_P0_Attack_Hit_N_Fwd_00_%_00_P1_100_R.xmot C1=1 Raw8Fist=Fist OpportunityOrdinal=1 Reason=NO_CONTACT_DISPATCH FullStop=0 LatchBefore=1 LatchAfter=0 LatchWriteAttempted=1 LatchWriteConfirmed=1
CORE RAW8_OPPORTUNITY_MISS_REARM ElapsedMs=22535.083 Actor=PC_Hero Action=1 Family=NORMAL Motion=Hero_Stand_None_Fist_P0_Attack_Hit_N_Fwd_00_%_00_P1_100_R.xmot C1=1 Raw8Fist=Fist OpportunityOrdinal=1 Reason=NO_CONTACT_DISPATCH FullStop=0 LatchBefore=1 LatchAfter=0 LatchWriteAttempted=1 LatchWriteConfirmed=1
CORE RAW8_OPPORTUNITY_MISS_REARM ElapsedMs=22542.671 Actor=PC_Hero Action=1 Family=NORMAL Motion=Hero_Stand_None_Fist_P0_Attack_Hit_N_Fwd_00_%_00_P1_100_R.xmot C1=1 Raw8Fist=Fist OpportunityOrdinal=1 Reason=NO_CONTACT_DISPATCH FullStop=0 LatchBefore=1 LatchAfter=0 LatchWriteAttempted=1 LatchWriteConfirmed=1
CORE RAW8_OPPORTUNITY_MISS_REARM ElapsedMs=22550.624 Actor=PC_Hero Action=1 Family=NORMAL Motion=Hero_Stand_None_Fist_P0_Attack_Hit_N_Fwd_00_%_00_P1_100_R.xmot C1=1 Raw8Fist=Fist OpportunityOrdinal=1 Reason=NO_CONTACT_DISPATCH FullStop=0 LatchBefore=1 LatchAfter=0 LatchWriteAttempted=1 LatchWriteConfirmed=1
CORE COLLISION_GROUP ElapsedMs=22550.673 Source=Fist UseType=8 Owner=<unresolved> Slot=NONE Requested=7 Before=0 After=0 MarkerBitsRetired=0
CORE RAW8_OPPORTUNITY_MISS_REARM ElapsedMs=22556.959 Actor=PC_Hero Action=1 Family=NORMAL Motion=Hero_Stand_None_Fist_P0_Attack_Hit_N_Fwd_00_%_00_P1_100_R.xmot C1=1 Raw8Fist=Fist OpportunityOrdinal=1 Reason=NO_CONTACT_DISPATCH FullStop=0 LatchBefore=1 LatchAfter=0 LatchWriteAttempted=1 LatchWriteConfirmed=1
CORE RAW8_OPPORTUNITY_MISS_REARM ElapsedMs=22565.618 Actor=PC_Hero Action=1 Family=NORMAL Motion=Hero_Stand_None_Fist_P0_Attack_Hit_N_Fwd_00_%_00_P1_100_R.xmot C1=1 Raw8Fist=Fist OpportunityOrdinal=1 Reason=NO_CONTACT_DISPATCH FullStop=0 LatchBefore=1 LatchAfter=0 LatchWriteAttempted=1 LatchWriteConfirmed=1
CORE RAW8_FIST_TIMING ElapsedMs=22572.160 Actor=PC_Hero C1=1 PermissionRetired=1 Reason=REAL_TIME_REACHED_FORCED_VALUE
CORE RAW8_OPPORTUNITY_MISS_REARM ElapsedMs=22572.198 Actor=PC_Hero Action=1 Family=NORMAL Motion=Hero_Stand_None_Fist_P0_Attack_Hit_N_Fwd_00_%_00_P1_100_R.xmot C1=1 Raw8Fist=Fist OpportunityOrdinal=1 Reason=NO_CONTACT_DISPATCH FullStop=0 LatchBefore=1 LatchAfter=0 LatchWriteAttempted=1 LatchWriteConfirmed=1
CORE RAW8_OPPORTUNITY_MISS_REARM ElapsedMs=22581.292 Actor=PC_Hero Action=1 Family=NORMAL Motion=Hero_Stand_None_Fist_P0_Attack_Hit_N_Fwd_00_%_00_P1_100_R.xmot C1=1 Raw8Fist=Fist OpportunityOrdinal=1 Reason=NO_CONTACT_DISPATCH FullStop=0 LatchBefore=1 LatchAfter=0 LatchWriteAttempted=1 LatchWriteConfirmed=1
CORE RAW8_OPPORTUNITY_MISS_REARM ElapsedMs=22587.830 Actor=PC_Hero Action=1 Family=NORMAL Motion=Hero_Stand_None_Fist_P0_Attack_Hit_N_Fwd_00_%_00_P1_100_R.xmot C1=1 Raw8Fist=Fist OpportunityOrdinal=1 Reason=NO_CONTACT_DISPATCH FullStop=0 LatchBefore=1 LatchAfter=0 LatchWriteAttempted=1 LatchWriteConfirmed=1
CORE RAW8_OPPORTUNITY_MISS_REARM ElapsedMs=22595.528 Actor=PC_Hero Action=1 Family=NORMAL Motion=Hero_Stand_None_Fist_P0_Attack_Hit_N_Fwd_00_%_00_P1_100_R.xmot C1=1 Raw8Fist=Fist OpportunityOrdinal=1 Reason=NO_CONTACT_DISPATCH FullStop=0 LatchBefore=1 LatchAfter=0 LatchWriteAttempted=1 LatchWriteConfirmed=1
CORE RAW8_OPPORTUNITY_MISS_REARM ElapsedMs=22602.088 Actor=PC_Hero Action=1 Family=NORMAL Motion=Hero_Stand_None_Fist_P0_Attack_Hit_N_Fwd_00_%_00_P1_100_R.xmot C1=1 Raw8Fist=Fist OpportunityOrdinal=1 Reason=NO_CONTACT_DISPATCH FullStop=0 LatchBefore=1 LatchAfter=0 LatchWriteAttempted=1 LatchWriteConfirmed=1
CORE RAW8_OPPORTUNITY_MISS_REARM ElapsedMs=22610.527 Actor=PC_Hero Action=1 Family=NORMAL Motion=Hero_Stand_None_Fist_P0_Attack_Hit_N_Fwd_00_%_00_P1_100_R.xmot C1=1 Raw8Fist=Fist OpportunityOrdinal=1 Reason=NO_CONTACT_DISPATCH FullStop=0 LatchBefore=1 LatchAfter=0 LatchWriteAttempted=1 LatchWriteConfirmed=1
CORE RAW8_OPPORTUNITY_MISS_REARM ElapsedMs=22617.524 Actor=PC_Hero Action=1 Family=NORMAL Motion=Hero_Stand_None_Fist_P0_Attack_Hit_N_Fwd_00_%_00_P1_100_R.xmot C1=1 Raw8Fist=Fist OpportunityOrdinal=1 Reason=NO_CONTACT_DISPATCH FullStop=0 LatchBefore=1 LatchAfter=0 LatchWriteAttempted=1 LatchWriteConfirmed=1
CORE RAW8_OPPORTUNITY_MISS_REARM ElapsedMs=22623.631 Actor=PC_Hero Action=1 Family=NORMAL Motion=Hero_Stand_None_Fist_P0_Attack_Hit_N_Fwd_00_%_00_P1_100_R.xmot C1=1 Raw8Fist=Fist OpportunityOrdinal=1 Reason=NO_CONTACT_DISPATCH FullStop=0 LatchBefore=1 LatchAfter=0 LatchWriteAttempted=1 LatchWriteConfirmed=1
CORE RAW8_OPPORTUNITY_MISS_REARM ElapsedMs=22632.873 Actor=PC_Hero Action=1 Family=NORMAL Motion=Hero_Stand_None_Fist_P0_Attack_Hit_N_Fwd_00_%_00_P1_100_R.xmot C1=1 Raw8Fist=Fist OpportunityOrdinal=1 Reason=NO_CONTACT_DISPATCH FullStop=0 LatchBefore=1 LatchAfter=0 LatchWriteAttempted=1 LatchWriteConfirmed=1
CORE RAW8_OPPORTUNITY_MISS_REARM ElapsedMs=22639.076 Actor=PC_Hero Action=1 Family=NORMAL Motion=Hero_Stand_None_Fist_P0_Attack_Hit_N_Fwd_00_%_00_P1_100_R.xmot C1=1 Raw8Fist=Fist OpportunityOrdinal=1 Reason=NO_CONTACT_DISPATCH FullStop=0 LatchBefore=1 LatchAfter=0 LatchWriteAttempted=1 LatchWriteConfirmed=1
CORE RAW8_OPPORTUNITY_MISS_REARM ElapsedMs=22648.366 Actor=PC_Hero Action=1 Family=NORMAL Motion=Hero_Stand_None_Fist_P0_Attack_Hit_N_Fwd_00_%_00_P1_100_R.xmot C1=1 Raw8Fist=Fist OpportunityOrdinal=1 Reason=NO_CONTACT_DISPATCH FullStop=0 LatchBefore=1 LatchAfter=0 LatchWriteAttempted=1 LatchWriteConfirmed=1
CORE RAW8_OPPORTUNITY_MISS_REARM ElapsedMs=22654.458 Actor=PC_Hero Action=1 Family=NORMAL Motion=Hero_Stand_None_Fist_P0_Attack_Hit_N_Fwd_00_%_00_P1_100_R.xmot C1=1 Raw8Fist=Fist OpportunityOrdinal=1 Reason=NO_CONTACT_DISPATCH FullStop=0 LatchBefore=1 LatchAfter=0 LatchWriteAttempted=1 LatchWriteConfirmed=1
CORE RAW8_OPPORTUNITY_MISS_REARM ElapsedMs=22662.495 Actor=PC_Hero Action=1 Family=NORMAL Motion=Hero_Stand_None_Fist_P0_Attack_Hit_N_Fwd_00_%_00_P1_100_R.xmot C1=1 Raw8Fist=Fist OpportunityOrdinal=1 Reason=NO_CONTACT_DISPATCH FullStop=0 LatchBefore=1 LatchAfter=0 LatchWriteAttempted=1 LatchWriteConfirmed=1
CORE RAW8_OPPORTUNITY_MISS_REARM ElapsedMs=22670.404 Actor=PC_Hero Action=1 Family=NORMAL Motion=Hero_Stand_None_Fist_P0_Attack_Hit_N_Fwd_00_%_00_P1_100_R.xmot C1=1 Raw8Fist=Fist OpportunityOrdinal=1 Reason=NO_CONTACT_DISPATCH FullStop=0 LatchBefore=1 LatchAfter=0 LatchWriteAttempted=1 LatchWriteConfirmed=1
CORE RAW8_OPPORTUNITY_MISS_REARM ElapsedMs=22676.289 Actor=PC_Hero Action=1 Family=NORMAL Motion=Hero_Stand_None_Fist_P0_Attack_Hit_N_Fwd_00_%_00_P1_100_R.xmot C1=1 Raw8Fist=Fist OpportunityOrdinal=1 Reason=NO_CONTACT_DISPATCH FullStop=0 LatchBefore=1 LatchAfter=0 LatchWriteAttempted=1 LatchWriteConfirmed=1
CORE RAW8_OPPORTUNITY_MISS_REARM ElapsedMs=22686.041 Actor=PC_Hero Action=1 Family=NORMAL Motion=Hero_Stand_None_Fist_P0_Attack_Hit_N_Fwd_00_%_00_P1_100_R.xmot C1=1 Raw8Fist=Fist OpportunityOrdinal=1 Reason=NO_CONTACT_DISPATCH FullStop=0 LatchBefore=1 LatchAfter=0 LatchWriteAttempted=1 LatchWriteConfirmed=1
CORE RAW8_OPPORTUNITY_MISS_REARM ElapsedMs=22692.211 Actor=PC_Hero Action=1 Family=NORMAL Motion=Hero_Stand_None_Fist_P0_Attack_Hit_N_Fwd_00_%_00_P1_100_R.xmot C1=1 Raw8Fist=Fist OpportunityOrdinal=1 Reason=NO_CONTACT_DISPATCH FullStop=0 LatchBefore=1 LatchAfter=0 LatchWriteAttempted=1 LatchWriteConfirmed=1
CORE RAW8_OPPORTUNITY_MISS_REARM ElapsedMs=22701.496 Actor=PC_Hero Action=1 Family=NORMAL Motion=Hero_Stand_None_Fist_P0_Attack_Hit_N_Fwd_00_%_00_P1_100_R.xmot C1=1 Raw8Fist=Fist OpportunityOrdinal=1 Reason=NO_CONTACT_DISPATCH FullStop=0 LatchBefore=1 LatchAfter=0 LatchWriteAttempted=1 LatchWriteConfirmed=1
CORE RAW8_OPPORTUNITY_MISS_REARM ElapsedMs=22707.602 Actor=PC_Hero Action=1 Family=NORMAL Motion=Hero_Stand_None_Fist_P0_Attack_Hit_N_Fwd_00_%_00_P1_100_R.xmot C1=1 Raw8Fist=Fist OpportunityOrdinal=1 Reason=NO_CONTACT_DISPATCH FullStop=0 LatchBefore=1 LatchAfter=0 LatchWriteAttempted=1 LatchWriteConfirmed=1
CORE RAW8_OPPORTUNITY_MISS_REARM ElapsedMs=22717.094 Actor=PC_Hero Action=1 Family=NORMAL Motion=Hero_Stand_None_Fist_P0_Attack_Hit_N_Fwd_00_%_00_P1_100_R.xmot C1=1 Raw8Fist=Fist OpportunityOrdinal=1 Reason=NO_CONTACT_DISPATCH FullStop=0 LatchBefore=1 LatchAfter=0 LatchWriteAttempted=1 LatchWriteConfirmed=1
CORE RAW8_OPPORTUNITY_MISS_REARM ElapsedMs=22723.420 Actor=PC_Hero Action=1 Family=NORMAL Motion=Hero_Stand_None_Fist_P0_Attack_Hit_N_Fwd_00_%_00_P1_100_R.xmot C1=1 Raw8Fist=Fist OpportunityOrdinal=1 Reason=NO_CONTACT_DISPATCH FullStop=0 LatchBefore=1 LatchAfter=0 LatchWriteAttempted=1 LatchWriteConfirmed=1
CORE RAW8_OPPORTUNITY_CLOSE ElapsedMs=22737.897 Actor=PC_Hero Action=1 Family=NORMAL Motion=Hero_Stand_None_Fist_P0_Attack_Hit_N_Fwd_00_%_00_P1_100_R.xmot C1=1 Raw8Fist=Fist OpportunityOrdinal=1 Reason=C1_FINALIZED LatchBefore=0 LatchAfter=1 LatchWriteAttempted=1 LatchWriteConfirmed=1
CORE C1_FINAL ElapsedMs=22737.926 Actor=PC_Hero Generation=1 Status=PERSISTED SourceCount=1 PhysicalChanged=0 Source[0]=Fist Side=RIGHT Outstanding=0 Cleanup=0 Outcome=NO_OP_NO_OUTSTANDING
CORE C1_START ElapsedMs=22947.041 Actor=PC_Hero Generation=2 Status=CANDIDATE Outstanding=0 TrackedSources=1 ReplacedGeneration=0 ReplacedOutstanding=0 Source[0]=Fist Side=RIGHT Group=0
CORE C1_BIND ElapsedMs=22947.058 Event=COMBAT_MOVE_CANDIDATE_BOUND Actor=PC_Hero Generation=2 Status=CANDIDATE Outstanding=0 Source=<null> Script=_AI_Attack
CORE C1_STATUS ElapsedMs=22953.792 Event=PERSISTED Actor=PC_Hero Generation=2 Status=PERSISTED Outstanding=0
CORE RAW8_FIST_OWNERSHIP ElapsedMs=22953.826 Actor=PC_Hero Action=1 Family=NORMAL Motion=Hero_Stand_None_Fist_P1_Attack_Hit_N_Fwd_00_%_00_P0_100_L.xmot C1=2 Raw8Fist=Fist Raw8UseType=8 InitialClose=0->1 Result=CONFIRMED
CORE ATTACK_OWNERSHIP ElapsedMs=22953.867 Actor=PC_Hero Family=NORMAL Action=1 Phase=1 Motion=Hero_Stand_None_Fist_P1_Attack_Hit_N_Fwd_00_%_00_P0_100_L.xmot MarkerPresent=1 RequiredMask=0 FistMarkers=1 Raw8Fist=Fist Raw8UseType=8 SuppressNative=0 Classification=ROUTINE
CORE RAW8_FIST_TIMING ElapsedMs=23095.475 Actor=PC_Hero Action=1 Family=NORMAL Motion=Hero_Stand_None_Fist_P1_Attack_Hit_N_Fwd_00_%_00_P0_100_L.xmot C1=2 Raw8Fist=Fist Raw8UseType=8 AcceptedRearm=1->0 OwnershipMatched=1 Classification=EARLY_PERMISSION_ARMED
CORE RAW8_OPPORTUNITY_OPEN ElapsedMs=23095.506 Actor=PC_Hero Action=1 Family=NORMAL Motion=Hero_Stand_None_Fist_P1_Attack_Hit_N_Fwd_00_%_00_P0_100_L.xmot C1=2 Raw8Fist=Fist OpportunityOrdinal=2 Reason=ACCEPTED_FIST LatchBefore=1 LatchAfter=0 LatchWriteAttempted=1 LatchWriteConfirmed=1 TimingActive=1
CORE MARKER ElapsedMs=23095.519 Actor=PC_Hero Action=1 Family=NORMAL Phase=1 Motion=Hero_Stand_None_Fist_P1_Attack_Hit_N_Fwd_00_%_00_P0_100_L.xmot Marker=FIST Result=ACCEPTED C1Valid=1 C1=2 StatePosition=0 PreviousMask=0 DesiredMask=0 RetiredMask=0 OwnedMask=0 MarkerOwnedMask=0 Activated=0 Deactivated=0 Retired=0 RearmRequests=0 Clears=0 Raw8Fist=Fist Raw8UseType=8 Latch=1->0 LatchConfirmed=1
CORE RAW8_FIST_TIMING ElapsedMs=23101.306 Actor=PC_Hero Action=1 Family=NORMAL Motion=Hero_Stand_None_Fist_P1_Attack_Hit_N_Fwd_00_%_00_P0_100_L.xmot C1=2 Raw8Fist=Fist Raw8UseType=8 PermissionApplied=1 SyntheticApplied=1 Classification=EARLY_PERMISSION_APPLIED
CORE RAW8_OPPORTUNITY_MISS_REARM ElapsedMs=23101.342 Actor=PC_Hero Action=1 Family=NORMAL Motion=Hero_Stand_None_Fist_P1_Attack_Hit_N_Fwd_00_%_00_P0_100_L.xmot C1=2 Raw8Fist=Fist OpportunityOrdinal=2 Reason=NO_CONTACT_DISPATCH FullStop=0 LatchBefore=1 LatchAfter=0 LatchWriteAttempted=1 LatchWriteConfirmed=1
CORE RAW8_OPPORTUNITY_MISS_REARM ElapsedMs=23109.356 Actor=PC_Hero Action=1 Family=NORMAL Motion=Hero_Stand_None_Fist_P1_Attack_Hit_N_Fwd_00_%_00_P0_100_L.xmot C1=2 Raw8Fist=Fist OpportunityOrdinal=2 Reason=NO_CONTACT_DISPATCH FullStop=0 LatchBefore=1 LatchAfter=0 LatchWriteAttempted=1 LatchWriteConfirmed=1
CORE RAW8_OPPORTUNITY_MISS_REARM ElapsedMs=23115.791 Actor=PC_Hero Action=1 Family=NORMAL Motion=Hero_Stand_None_Fist_P1_Attack_Hit_N_Fwd_00_%_00_P0_100_L.xmot C1=2 Raw8Fist=Fist OpportunityOrdinal=2 Reason=NO_CONTACT_DISPATCH FullStop=0 LatchBefore=1 LatchAfter=0 LatchWriteAttempted=1 LatchWriteConfirmed=1
CORE RAW8_OPPORTUNITY_MISS_REARM ElapsedMs=23123.276 Actor=PC_Hero Action=1 Family=NORMAL Motion=Hero_Stand_None_Fist_P1_Attack_Hit_N_Fwd_00_%_00_P0_100_L.xmot C1=2 Raw8Fist=Fist OpportunityOrdinal=2 Reason=NO_CONTACT_DISPATCH FullStop=0 LatchBefore=1 LatchAfter=0 LatchWriteAttempted=1 LatchWriteConfirmed=1
CORE RAW8_OPPORTUNITY_MISS_REARM ElapsedMs=23128.775 Actor=PC_Hero Action=1 Family=NORMAL Motion=Hero_Stand_None_Fist_P1_Attack_Hit_N_Fwd_00_%_00_P0_100_L.xmot C1=2 Raw8Fist=Fist OpportunityOrdinal=2 Reason=NO_CONTACT_DISPATCH FullStop=0 LatchBefore=1 LatchAfter=0 LatchWriteAttempted=1 LatchWriteConfirmed=1
CORE RAW8_OPPORTUNITY_MISS_REARM ElapsedMs=23137.371 Actor=PC_Hero Action=1 Family=NORMAL Motion=Hero_Stand_None_Fist_P1_Attack_Hit_N_Fwd_00_%_00_P0_100_L.xmot C1=2 Raw8Fist=Fist OpportunityOrdinal=2 Reason=NO_CONTACT_DISPATCH FullStop=0 LatchBefore=1 LatchAfter=0 LatchWriteAttempted=1 LatchWriteConfirmed=1
CORE RAW8_OPPORTUNITY_MISS_REARM ElapsedMs=23143.380 Actor=PC_Hero Action=1 Family=NORMAL Motion=Hero_Stand_None_Fist_P1_Attack_Hit_N_Fwd_00_%_00_P0_100_L.xmot C1=2 Raw8Fist=Fist OpportunityOrdinal=2 Reason=NO_CONTACT_DISPATCH FullStop=0 LatchBefore=1 LatchAfter=0 LatchWriteAttempted=1 LatchWriteConfirmed=1
CORE RAW8_OPPORTUNITY_MISS_REARM ElapsedMs=23152.216 Actor=PC_Hero Action=1 Family=NORMAL Motion=Hero_Stand_None_Fist_P1_Attack_Hit_N_Fwd_00_%_00_P0_100_L.xmot C1=2 Raw8Fist=Fist OpportunityOrdinal=2 Reason=NO_CONTACT_DISPATCH FullStop=0 LatchBefore=1 LatchAfter=0 LatchWriteAttempted=1 LatchWriteConfirmed=1
CORE RAW8_OPPORTUNITY_MISS_REARM ElapsedMs=23157.986 Actor=PC_Hero Action=1 Family=NORMAL Motion=Hero_Stand_None_Fist_P1_Attack_Hit_N_Fwd_00_%_00_P0_100_L.xmot C1=2 Raw8Fist=Fist OpportunityOrdinal=2 Reason=NO_CONTACT_DISPATCH FullStop=0 LatchBefore=1 LatchAfter=0 LatchWriteAttempted=1 LatchWriteConfirmed=1
CORE RAW8_OPPORTUNITY_MISS_REARM ElapsedMs=23166.695 Actor=PC_Hero Action=1 Family=NORMAL Motion=Hero_Stand_None_Fist_P1_Attack_Hit_N_Fwd_00_%_00_P0_100_L.xmot C1=2 Raw8Fist=Fist OpportunityOrdinal=2 Reason=NO_CONTACT_DISPATCH FullStop=0 LatchBefore=1 LatchAfter=0 LatchWriteAttempted=1 LatchWriteConfirmed=1
CORE COLLISION_GROUP ElapsedMs=23166.743 Source=Fist UseType=8 Owner=<unresolved> Slot=NONE Requested=7 Before=0 After=0 MarkerBitsRetired=0
CORE RAW8_OPPORTUNITY_MISS_REARM ElapsedMs=23172.669 Actor=PC_Hero Action=1 Family=NORMAL Motion=Hero_Stand_None_Fist_P1_Attack_Hit_N_Fwd_00_%_00_P0_100_L.xmot C1=2 Raw8Fist=Fist OpportunityOrdinal=2 Reason=NO_CONTACT_DISPATCH FullStop=0 LatchBefore=1 LatchAfter=0 LatchWriteAttempted=1 LatchWriteConfirmed=1
CORE RAW8_OPPORTUNITY_MISS_REARM ElapsedMs=23181.814 Actor=PC_Hero Action=1 Family=NORMAL Motion=Hero_Stand_None_Fist_P1_Attack_Hit_N_Fwd_00_%_00_P0_100_L.xmot C1=2 Raw8Fist=Fist OpportunityOrdinal=2 Reason=NO_CONTACT_DISPATCH FullStop=0 LatchBefore=1 LatchAfter=0 LatchWriteAttempted=1 LatchWriteConfirmed=1
CORE RAW8_FIST_TIMING ElapsedMs=23188.381 Actor=PC_Hero C1=2 PermissionRetired=1 Reason=REAL_TIME_REACHED_FORCED_VALUE
CORE RAW8_OPPORTUNITY_MISS_REARM ElapsedMs=23188.417 Actor=PC_Hero Action=1 Family=NORMAL Motion=Hero_Stand_None_Fist_P1_Attack_Hit_N_Fwd_00_%_00_P0_100_L.xmot C1=2 Raw8Fist=Fist OpportunityOrdinal=2 Reason=NO_CONTACT_DISPATCH FullStop=0 LatchBefore=1 LatchAfter=0 LatchWriteAttempted=1 LatchWriteConfirmed=1
CORE RAW8_OPPORTUNITY_MISS_REARM ElapsedMs=23196.372 Actor=PC_Hero Action=1 Family=NORMAL Motion=Hero_Stand_None_Fist_P1_Attack_Hit_N_Fwd_00_%_00_P0_100_L.xmot C1=2 Raw8Fist=Fist OpportunityOrdinal=2 Reason=NO_CONTACT_DISPATCH FullStop=0 LatchBefore=1 LatchAfter=0 LatchWriteAttempted=1 LatchWriteConfirmed=1
CORE RAW8_OPPORTUNITY_MISS_REARM ElapsedMs=23202.738 Actor=PC_Hero Action=1 Family=NORMAL Motion=Hero_Stand_None_Fist_P1_Attack_Hit_N_Fwd_00_%_00_P0_100_L.xmot C1=2 Raw8Fist=Fist OpportunityOrdinal=2 Reason=NO_CONTACT_DISPATCH FullStop=0 LatchBefore=1 LatchAfter=0 LatchWriteAttempted=1 LatchWriteConfirmed=1
CORE RAW8_OPPORTUNITY_MISS_REARM ElapsedMs=23213.665 Actor=PC_Hero Action=1 Family=NORMAL Motion=Hero_Stand_None_Fist_P1_Attack_Hit_N_Fwd_00_%_00_P0_100_L.xmot C1=2 Raw8Fist=Fist OpportunityOrdinal=2 Reason=NO_CONTACT_DISPATCH FullStop=0 LatchBefore=1 LatchAfter=0 LatchWriteAttempted=1 LatchWriteConfirmed=1
CORE RAW8_OPPORTUNITY_MISS_REARM ElapsedMs=23220.370 Actor=PC_Hero Action=1 Family=NORMAL Motion=Hero_Stand_None_Fist_P1_Attack_Hit_N_Fwd_00_%_00_P0_100_L.xmot C1=2 Raw8Fist=Fist OpportunityOrdinal=2 Reason=NO_CONTACT_DISPATCH FullStop=0 LatchBefore=1 LatchAfter=0 LatchWriteAttempted=1 LatchWriteConfirmed=1
CORE RAW8_OPPORTUNITY_MISS_REARM ElapsedMs=23228.171 Actor=PC_Hero Action=1 Family=NORMAL Motion=Hero_Stand_None_Fist_P1_Attack_Hit_N_Fwd_00_%_00_P0_100_L.xmot C1=2 Raw8Fist=Fist OpportunityOrdinal=2 Reason=NO_CONTACT_DISPATCH FullStop=0 LatchBefore=1 LatchAfter=0 LatchWriteAttempted=1 LatchWriteConfirmed=1
CORE RAW8_OPPORTUNITY_MISS_REARM ElapsedMs=23234.286 Actor=PC_Hero Action=1 Family=NORMAL Motion=Hero_Stand_None_Fist_P1_Attack_Hit_N_Fwd_00_%_00_P0_100_L.xmot C1=2 Raw8Fist=Fist OpportunityOrdinal=2 Reason=NO_CONTACT_DISPATCH FullStop=0 LatchBefore=1 LatchAfter=0 LatchWriteAttempted=1 LatchWriteConfirmed=1
CORE RAW8_OPPORTUNITY_MISS_REARM ElapsedMs=23242.071 Actor=PC_Hero Action=1 Family=NORMAL Motion=Hero_Stand_None_Fist_P1_Attack_Hit_N_Fwd_00_%_00_P0_100_L.xmot C1=2 Raw8Fist=Fist OpportunityOrdinal=2 Reason=NO_CONTACT_DISPATCH FullStop=0 LatchBefore=1 LatchAfter=0 LatchWriteAttempted=1 LatchWriteConfirmed=1
CORE RAW8_OPPORTUNITY_MISS_REARM ElapsedMs=23249.052 Actor=PC_Hero Action=1 Family=NORMAL Motion=Hero_Stand_None_Fist_P1_Attack_Hit_N_Fwd_00_%_00_P0_100_L.xmot C1=2 Raw8Fist=Fist OpportunityOrdinal=2 Reason=NO_CONTACT_DISPATCH FullStop=0 LatchBefore=1 LatchAfter=0 LatchWriteAttempted=1 LatchWriteConfirmed=1
CORE RAW8_OPPORTUNITY_MISS_REARM ElapsedMs=23256.331 Actor=PC_Hero Action=1 Family=NORMAL Motion=Hero_Stand_None_Fist_P1_Attack_Hit_N_Fwd_00_%_00_P0_100_L.xmot C1=2 Raw8Fist=Fist OpportunityOrdinal=2 Reason=NO_CONTACT_DISPATCH FullStop=0 LatchBefore=1 LatchAfter=0 LatchWriteAttempted=1 LatchWriteConfirmed=1
CORE RAW8_OPPORTUNITY_MISS_REARM ElapsedMs=23263.449 Actor=PC_Hero Action=1 Family=NORMAL Motion=Hero_Stand_None_Fist_P1_Attack_Hit_N_Fwd_00_%_00_P0_100_L.xmot C1=2 Raw8Fist=Fist OpportunityOrdinal=2 Reason=NO_CONTACT_DISPATCH FullStop=0 LatchBefore=1 LatchAfter=0 LatchWriteAttempted=1 LatchWriteConfirmed=1
CORE RAW8_OPPORTUNITY_MISS_REARM ElapsedMs=23269.648 Actor=PC_Hero Action=1 Family=NORMAL Motion=Hero_Stand_None_Fist_P1_Attack_Hit_N_Fwd_00_%_00_P0_100_L.xmot C1=2 Raw8Fist=Fist OpportunityOrdinal=2 Reason=NO_CONTACT_DISPATCH FullStop=0 LatchBefore=1 LatchAfter=0 LatchWriteAttempted=1 LatchWriteConfirmed=1
CORE RAW8_OPPORTUNITY_MISS_REARM ElapsedMs=23278.626 Actor=PC_Hero Action=1 Family=NORMAL Motion=Hero_Stand_None_Fist_P1_Attack_Hit_N_Fwd_00_%_00_P0_100_L.xmot C1=2 Raw8Fist=Fist OpportunityOrdinal=2 Reason=NO_CONTACT_DISPATCH FullStop=0 LatchBefore=1 LatchAfter=0 LatchWriteAttempted=1 LatchWriteConfirmed=1
CORE RAW8_OPPORTUNITY_MISS_REARM ElapsedMs=23285.266 Actor=PC_Hero Action=1 Family=NORMAL Motion=Hero_Stand_None_Fist_P1_Attack_Hit_N_Fwd_00_%_00_P0_100_L.xmot C1=2 Raw8Fist=Fist OpportunityOrdinal=2 Reason=NO_CONTACT_DISPATCH FullStop=0 LatchBefore=1 LatchAfter=0 LatchWriteAttempted=1 LatchWriteConfirmed=1
CORE RAW8_OPPORTUNITY_MISS_REARM ElapsedMs=23292.439 Actor=PC_Hero Action=1 Family=NORMAL Motion=Hero_Stand_None_Fist_P1_Attack_Hit_N_Fwd_00_%_00_P0_100_L.xmot C1=2 Raw8Fist=Fist OpportunityOrdinal=2 Reason=NO_CONTACT_DISPATCH FullStop=0 LatchBefore=1 LatchAfter=0 LatchWriteAttempted=1 LatchWriteConfirmed=1
CORE RAW8_OPPORTUNITY_MISS_REARM ElapsedMs=23299.852 Actor=PC_Hero Action=1 Family=NORMAL Motion=Hero_Stand_None_Fist_P1_Attack_Hit_N_Fwd_00_%_00_P0_100_L.xmot C1=2 Raw8Fist=Fist OpportunityOrdinal=2 Reason=NO_CONTACT_DISPATCH FullStop=0 LatchBefore=1 LatchAfter=0 LatchWriteAttempted=1 LatchWriteConfirmed=1
CORE RAW8_OPPORTUNITY_MISS_REARM ElapsedMs=23305.948 Actor=PC_Hero Action=1 Family=NORMAL Motion=Hero_Stand_None_Fist_P1_Attack_Hit_N_Fwd_00_%_00_P0_100_L.xmot C1=2 Raw8Fist=Fist OpportunityOrdinal=2 Reason=NO_CONTACT_DISPATCH FullStop=0 LatchBefore=1 LatchAfter=0 LatchWriteAttempted=1 LatchWriteConfirmed=1
CORE RAW8_OPPORTUNITY_MISS_REARM ElapsedMs=23313.741 Actor=PC_Hero Action=1 Family=NORMAL Motion=Hero_Stand_None_Fist_P1_Attack_Hit_N_Fwd_00_%_00_P0_100_L.xmot C1=2 Raw8Fist=Fist OpportunityOrdinal=2 Reason=NO_CONTACT_DISPATCH FullStop=0 LatchBefore=1 LatchAfter=0 LatchWriteAttempted=1 LatchWriteConfirmed=1
CORE RAW8_OPPORTUNITY_MISS_REARM ElapsedMs=23320.767 Actor=PC_Hero Action=1 Family=NORMAL Motion=Hero_Stand_None_Fist_P1_Attack_Hit_N_Fwd_00_%_00_P0_100_L.xmot C1=2 Raw8Fist=Fist OpportunityOrdinal=2 Reason=NO_CONTACT_DISPATCH FullStop=0 LatchBefore=1 LatchAfter=0 LatchWriteAttempted=1 LatchWriteConfirmed=1
CORE RAW8_OPPORTUNITY_MISS_REARM ElapsedMs=23327.637 Actor=PC_Hero Action=1 Family=NORMAL Motion=Hero_Stand_None_Fist_P1_Attack_Hit_N_Fwd_00_%_00_P0_100_L.xmot C1=2 Raw8Fist=Fist OpportunityOrdinal=2 Reason=NO_CONTACT_DISPATCH FullStop=0 LatchBefore=1 LatchAfter=0 LatchWriteAttempted=1 LatchWriteConfirmed=1
CORE RAW8_OPPORTUNITY_MISS_REARM ElapsedMs=23335.582 Actor=PC_Hero Action=1 Family=NORMAL Motion=Hero_Stand_None_Fist_P1_Attack_Hit_N_Fwd_00_%_00_P0_100_L.xmot C1=2 Raw8Fist=Fist OpportunityOrdinal=2 Reason=NO_CONTACT_DISPATCH FullStop=0 LatchBefore=1 LatchAfter=0 LatchWriteAttempted=1 LatchWriteConfirmed=1
CORE RAW8_OPPORTUNITY_CLOSE ElapsedMs=23517.340 Actor=PC_Hero Action=1 Family=NORMAL Motion=Hero_Stand_None_Fist_P1_Attack_Hit_N_Fwd_00_%_00_P0_100_L.xmot C1=2 Raw8Fist=Fist OpportunityOrdinal=2 Reason=C1_FINALIZED LatchBefore=0 LatchAfter=1 LatchWriteAttempted=1 LatchWriteConfirmed=1
CORE C1_FINAL ElapsedMs=23517.368 Actor=PC_Hero Generation=2 Status=PERSISTED SourceCount=1 PhysicalChanged=0 Source[0]=Fist Side=RIGHT Outstanding=0 Cleanup=0 Outcome=NO_OP_NO_OUTSTANDING
CORE C1_START ElapsedMs=23997.900 Actor=PC_Hero Generation=3 Status=CANDIDATE Outstanding=0 TrackedSources=1 ReplacedGeneration=0 ReplacedOutstanding=0 Source[0]=Fist Side=RIGHT Group=0
CORE C1_BIND ElapsedMs=23997.913 Event=COMBAT_MOVE_CANDIDATE_BOUND Actor=PC_Hero Generation=3 Status=CANDIDATE Outstanding=0 Source=<null> Script=_AI_PowerAttack
CORE C1_STATUS ElapsedMs=24005.402 Event=PERSISTED Actor=PC_Hero Generation=3 Status=PERSISTED Outstanding=0
CORE C1_BIND ElapsedMs=24477.846 Event=COMBAT_MOVE_REUSED Actor=PC_Hero Generation=3 Status=PERSISTED Outstanding=0 Source=<null> Script=_AI_PowerAttack
CORE RAW8_FIST_OWNERSHIP ElapsedMs=24485.972 Actor=PC_Hero Action=2 Family=POWER Motion=Hero_Stand_None_Fist_P0_PowerAttack_Hit_N_Fwd_00_%_00_P1_100_R.xmot C1=3 Raw8Fist=Fist Raw8UseType=8 InitialClose=0->1 Result=CONFIRMED
CORE ATTACK_OWNERSHIP ElapsedMs=24485.996 Actor=PC_Hero Family=POWER Action=2 Phase=1 Motion=Hero_Stand_None_Fist_P0_PowerAttack_Hit_N_Fwd_00_%_00_P1_100_R.xmot MarkerPresent=1 RequiredMask=0 FistMarkers=1 Raw8Fist=Fist Raw8UseType=8 SuppressNative=0 Classification=ROUTINE
CORE COLLISION_GROUP ElapsedMs=24486.021 Source=Fist UseType=8 Owner=<unresolved> Slot=NONE Requested=7 Before=0 After=0 MarkerBitsRetired=0
CORE RAW8_FIST_TIMING ElapsedMs=24606.495 Actor=PC_Hero Action=2 Family=POWER Motion=Hero_Stand_None_Fist_P0_PowerAttack_Hit_N_Fwd_00_%_00_P1_100_R.xmot C1=3 Raw8Fist=Fist Raw8UseType=8 AcceptedRearm=1->0 OwnershipMatched=1 Classification=EARLY_PERMISSION_ARMED
CORE RAW8_OPPORTUNITY_OPEN ElapsedMs=24606.525 Actor=PC_Hero Action=2 Family=POWER Motion=Hero_Stand_None_Fist_P0_PowerAttack_Hit_N_Fwd_00_%_00_P1_100_R.xmot C1=3 Raw8Fist=Fist OpportunityOrdinal=3 Reason=ACCEPTED_FIST LatchBefore=1 LatchAfter=0 LatchWriteAttempted=1 LatchWriteConfirmed=1 TimingActive=1
CORE MARKER ElapsedMs=24606.545 Actor=PC_Hero Action=2 Family=POWER Phase=1 Motion=Hero_Stand_None_Fist_P0_PowerAttack_Hit_N_Fwd_00_%_00_P1_100_R.xmot Marker=FIST Result=ACCEPTED C1Valid=1 C1=3 StatePosition=1 PreviousMask=0 DesiredMask=0 RetiredMask=0 OwnedMask=0 MarkerOwnedMask=0 Activated=0 Deactivated=0 Retired=0 RearmRequests=0 Clears=0 Raw8Fist=Fist Raw8UseType=8 Latch=1->0 LatchConfirmed=1
CORE RAW8_FIST_TIMING ElapsedMs=24613.644 Actor=PC_Hero Action=2 Family=POWER Motion=Hero_Stand_None_Fist_P0_PowerAttack_Hit_N_Fwd_00_%_00_P1_100_R.xmot C1=3 Raw8Fist=Fist Raw8UseType=8 PermissionApplied=1 SyntheticApplied=1 Classification=EARLY_PERMISSION_APPLIED
CORE RAW8_OPPORTUNITY_MISS_REARM ElapsedMs=24613.686 Actor=PC_Hero Action=2 Family=POWER Motion=Hero_Stand_None_Fist_P0_PowerAttack_Hit_N_Fwd_00_%_00_P1_100_R.xmot C1=3 Raw8Fist=Fist OpportunityOrdinal=3 Reason=NO_CONTACT_DISPATCH FullStop=0 LatchBefore=1 LatchAfter=0 LatchWriteAttempted=1 LatchWriteConfirmed=1
CORE RAW8_OPPORTUNITY_MISS_REARM ElapsedMs=24621.739 Actor=PC_Hero Action=2 Family=POWER Motion=Hero_Stand_None_Fist_P0_PowerAttack_Hit_N_Fwd_00_%_00_P1_100_R.xmot C1=3 Raw8Fist=Fist OpportunityOrdinal=3 Reason=NO_CONTACT_DISPATCH FullStop=0 LatchBefore=1 LatchAfter=0 LatchWriteAttempted=1 LatchWriteConfirmed=1
CORE RAW8_OPPORTUNITY_MISS_REARM ElapsedMs=24628.892 Actor=PC_Hero Action=2 Family=POWER Motion=Hero_Stand_None_Fist_P0_PowerAttack_Hit_N_Fwd_00_%_00_P1_100_R.xmot C1=3 Raw8Fist=Fist OpportunityOrdinal=3 Reason=NO_CONTACT_DISPATCH FullStop=0 LatchBefore=1 LatchAfter=0 LatchWriteAttempted=1 LatchWriteConfirmed=1
CORE RAW8_OPPORTUNITY_MISS_REARM ElapsedMs=24636.537 Actor=PC_Hero Action=2 Family=POWER Motion=Hero_Stand_None_Fist_P0_PowerAttack_Hit_N_Fwd_00_%_00_P1_100_R.xmot C1=3 Raw8Fist=Fist OpportunityOrdinal=3 Reason=NO_CONTACT_DISPATCH FullStop=0 LatchBefore=1 LatchAfter=0 LatchWriteAttempted=1 LatchWriteConfirmed=1
CORE RAW8_OPPORTUNITY_MISS_REARM ElapsedMs=24643.044 Actor=PC_Hero Action=2 Family=POWER Motion=Hero_Stand_None_Fist_P0_PowerAttack_Hit_N_Fwd_00_%_00_P1_100_R.xmot C1=3 Raw8Fist=Fist OpportunityOrdinal=3 Reason=NO_CONTACT_DISPATCH FullStop=0 LatchBefore=1 LatchAfter=0 LatchWriteAttempted=1 LatchWriteConfirmed=1
CORE RAW8_OPPORTUNITY_MISS_REARM ElapsedMs=24653.007 Actor=PC_Hero Action=2 Family=POWER Motion=Hero_Stand_None_Fist_P0_PowerAttack_Hit_N_Fwd_00_%_00_P1_100_R.xmot C1=3 Raw8Fist=Fist OpportunityOrdinal=3 Reason=NO_CONTACT_DISPATCH FullStop=0 LatchBefore=1 LatchAfter=0 LatchWriteAttempted=1 LatchWriteConfirmed=1
CORE RAW8_OPPORTUNITY_MISS_REARM ElapsedMs=24660.212 Actor=PC_Hero Action=2 Family=POWER Motion=Hero_Stand_None_Fist_P0_PowerAttack_Hit_N_Fwd_00_%_00_P1_100_R.xmot C1=3 Raw8Fist=Fist OpportunityOrdinal=3 Reason=NO_CONTACT_DISPATCH FullStop=0 LatchBefore=1 LatchAfter=0 LatchWriteAttempted=1 LatchWriteConfirmed=1
CORE RAW8_OPPORTUNITY_MISS_REARM ElapsedMs=24673.391 Actor=PC_Hero Action=2 Family=POWER Motion=Hero_Stand_None_Fist_P0_PowerAttack_Hit_N_Fwd_00_%_00_P1_100_R.xmot C1=3 Raw8Fist=Fist OpportunityOrdinal=3 Reason=NO_CONTACT_DISPATCH FullStop=0 LatchBefore=1 LatchAfter=0 LatchWriteAttempted=1 LatchWriteConfirmed=1
CORE RAW8_OPPORTUNITY_MISS_REARM ElapsedMs=24679.603 Actor=PC_Hero Action=2 Family=POWER Motion=Hero_Stand_None_Fist_P0_PowerAttack_Hit_N_Fwd_00_%_00_P1_100_R.xmot C1=3 Raw8Fist=Fist OpportunityOrdinal=3 Reason=NO_CONTACT_DISPATCH FullStop=0 LatchBefore=1 LatchAfter=0 LatchWriteAttempted=1 LatchWriteConfirmed=1
CORE RAW8_OPPORTUNITY_MISS_REARM ElapsedMs=24687.409 Actor=PC_Hero Action=2 Family=POWER Motion=Hero_Stand_None_Fist_P0_PowerAttack_Hit_N_Fwd_00_%_00_P1_100_R.xmot C1=3 Raw8Fist=Fist OpportunityOrdinal=3 Reason=NO_CONTACT_DISPATCH FullStop=0 LatchBefore=1 LatchAfter=0 LatchWriteAttempted=1 LatchWriteConfirmed=1
CORE RAW8_FIST_TIMING ElapsedMs=24712.184 Actor=PC_Hero C1=3 PermissionRetired=1 Reason=REAL_TIME_REACHED_FORCED_VALUE
CORE RAW8_OPPORTUNITY_MISS_REARM ElapsedMs=24712.271 Actor=PC_Hero Action=2 Family=POWER Motion=Hero_Stand_None_Fist_P0_PowerAttack_Hit_N_Fwd_00_%_00_P1_100_R.xmot C1=3 Raw8Fist=Fist OpportunityOrdinal=3 Reason=NO_CONTACT_DISPATCH FullStop=0 LatchBefore=1 LatchAfter=0 LatchWriteAttempted=1 LatchWriteConfirmed=1
CORE RAW8_OPPORTUNITY_MISS_REARM ElapsedMs=24736.750 Actor=PC_Hero Action=2 Family=POWER Motion=Hero_Stand_None_Fist_P0_PowerAttack_Hit_N_Fwd_00_%_00_P1_100_R.xmot C1=3 Raw8Fist=Fist OpportunityOrdinal=3 Reason=NO_CONTACT_DISPATCH FullStop=0 LatchBefore=1 LatchAfter=0 LatchWriteAttempted=1 LatchWriteConfirmed=1
CORE RAW8_OPPORTUNITY_MISS_REARM ElapsedMs=24751.877 Actor=PC_Hero Action=2 Family=POWER Motion=Hero_Stand_None_Fist_P0_PowerAttack_Hit_N_Fwd_00_%_00_P1_100_R.xmot C1=3 Raw8Fist=Fist OpportunityOrdinal=3 Reason=NO_CONTACT_DISPATCH FullStop=0 LatchBefore=1 LatchAfter=0 LatchWriteAttempted=1 LatchWriteConfirmed=1
CORE RAW8_OPPORTUNITY_MISS_REARM ElapsedMs=24758.126 Actor=PC_Hero Action=2 Family=POWER Motion=Hero_Stand_None_Fist_P0_PowerAttack_Hit_N_Fwd_00_%_00_P1_100_R.xmot C1=3 Raw8Fist=Fist OpportunityOrdinal=3 Reason=NO_CONTACT_DISPATCH FullStop=0 LatchBefore=1 LatchAfter=0 LatchWriteAttempted=1 LatchWriteConfirmed=1
CORE RAW8_OPPORTUNITY_MISS_REARM ElapsedMs=24766.450 Actor=PC_Hero Action=2 Family=POWER Motion=Hero_Stand_None_Fist_P0_PowerAttack_Hit_N_Fwd_00_%_00_P1_100_R.xmot C1=3 Raw8Fist=Fist OpportunityOrdinal=3 Reason=NO_CONTACT_DISPATCH FullStop=0 LatchBefore=1 LatchAfter=0 LatchWriteAttempted=1 LatchWriteConfirmed=1
CORE RAW8_OPPORTUNITY_MISS_REARM ElapsedMs=24772.405 Actor=PC_Hero Action=2 Family=POWER Motion=Hero_Stand_None_Fist_P0_PowerAttack_Hit_N_Fwd_00_%_00_P1_100_R.xmot C1=3 Raw8Fist=Fist OpportunityOrdinal=3 Reason=NO_CONTACT_DISPATCH FullStop=0 LatchBefore=1 LatchAfter=0 LatchWriteAttempted=1 LatchWriteConfirmed=1
CORE RAW8_OPPORTUNITY_MISS_REARM ElapsedMs=24782.241 Actor=PC_Hero Action=2 Family=POWER Motion=Hero_Stand_None_Fist_P0_PowerAttack_Hit_N_Fwd_00_%_00_P1_100_R.xmot C1=3 Raw8Fist=Fist OpportunityOrdinal=3 Reason=NO_CONTACT_DISPATCH FullStop=0 LatchBefore=1 LatchAfter=0 LatchWriteAttempted=1 LatchWriteConfirmed=1
CORE RAW8_OPPORTUNITY_MISS_REARM ElapsedMs=24788.706 Actor=PC_Hero Action=2 Family=POWER Motion=Hero_Stand_None_Fist_P0_PowerAttack_Hit_N_Fwd_00_%_00_P1_100_R.xmot C1=3 Raw8Fist=Fist OpportunityOrdinal=3 Reason=NO_CONTACT_DISPATCH FullStop=0 LatchBefore=1 LatchAfter=0 LatchWriteAttempted=1 LatchWriteConfirmed=1
CORE RAW8_OPPORTUNITY_MISS_REARM ElapsedMs=24796.094 Actor=PC_Hero Action=2 Family=POWER Motion=Hero_Stand_None_Fist_P0_PowerAttack_Hit_N_Fwd_00_%_00_P1_100_R.xmot C1=3 Raw8Fist=Fist OpportunityOrdinal=3 Reason=NO_CONTACT_DISPATCH FullStop=0 LatchBefore=1 LatchAfter=0 LatchWriteAttempted=1 LatchWriteConfirmed=1
CORE RAW8_OPPORTUNITY_MISS_REARM ElapsedMs=24804.264 Actor=PC_Hero Action=2 Family=POWER Motion=Hero_Stand_None_Fist_P0_PowerAttack_Hit_N_Fwd_00_%_00_P1_100_R.xmot C1=3 Raw8Fist=Fist OpportunityOrdinal=3 Reason=NO_CONTACT_DISPATCH FullStop=0 LatchBefore=1 LatchAfter=0 LatchWriteAttempted=1 LatchWriteConfirmed=1
CORE RAW8_OPPORTUNITY_MISS_REARM ElapsedMs=24811.343 Actor=PC_Hero Action=2 Family=POWER Motion=Hero_Stand_None_Fist_P0_PowerAttack_Hit_N_Fwd_00_%_00_P1_100_R.xmot C1=3 Raw8Fist=Fist OpportunityOrdinal=3 Reason=NO_CONTACT_DISPATCH FullStop=0 LatchBefore=1 LatchAfter=0 LatchWriteAttempted=1 LatchWriteConfirmed=1
CORE RAW8_OPPORTUNITY_MISS_REARM ElapsedMs=24819.296 Actor=PC_Hero Action=2 Family=POWER Motion=Hero_Stand_None_Fist_P0_PowerAttack_Hit_N_Fwd_00_%_00_P1_100_R.xmot C1=3 Raw8Fist=Fist OpportunityOrdinal=3 Reason=NO_CONTACT_DISPATCH FullStop=0 LatchBefore=1 LatchAfter=0 LatchWriteAttempted=1 LatchWriteConfirmed=1
CORE RAW8_OPPORTUNITY_MISS_REARM ElapsedMs=24825.645 Actor=PC_Hero Action=2 Family=POWER Motion=Hero_Stand_None_Fist_P0_PowerAttack_Hit_N_Fwd_00_%_00_P1_100_R.xmot C1=3 Raw8Fist=Fist OpportunityOrdinal=3 Reason=NO_CONTACT_DISPATCH FullStop=0 LatchBefore=1 LatchAfter=0 LatchWriteAttempted=1 LatchWriteConfirmed=1
CORE RAW8_OPPORTUNITY_MISS_REARM ElapsedMs=24834.228 Actor=PC_Hero Action=2 Family=POWER Motion=Hero_Stand_None_Fist_P0_PowerAttack_Hit_N_Fwd_00_%_00_P1_100_R.xmot C1=3 Raw8Fist=Fist OpportunityOrdinal=3 Reason=NO_CONTACT_DISPATCH FullStop=0 LatchBefore=1 LatchAfter=0 LatchWriteAttempted=1 LatchWriteConfirmed=1
CORE RAW8_OPPORTUNITY_CLOSE ElapsedMs=24847.646 Actor=PC_Hero Action=2 Family=POWER Motion=Hero_Stand_None_Fist_P0_PowerAttack_Hit_N_Fwd_00_%_00_P1_100_R.xmot C1=3 Raw8Fist=Fist OpportunityOrdinal=3 Reason=C1_FINALIZED LatchBefore=0 LatchAfter=1 LatchWriteAttempted=1 LatchWriteConfirmed=1
CORE C1_FINAL ElapsedMs=24847.688 Actor=PC_Hero Generation=3 Status=PERSISTED SourceCount=1 PhysicalChanged=0 Source[0]=Fist Side=RIGHT Outstanding=0 Cleanup=0 Outcome=NO_OP_NO_OUTSTANDING
CORE C1_START ElapsedMs=25091.428 Actor=PC_Hero Generation=4 Status=CANDIDATE Outstanding=0 TrackedSources=1 ReplacedGeneration=0 ReplacedOutstanding=0 Source[0]=Fist Side=RIGHT Group=0
CORE C1_BIND ElapsedMs=25091.441 Event=COMBAT_MOVE_CANDIDATE_BOUND Actor=PC_Hero Generation=4 Status=CANDIDATE Outstanding=0 Source=<null> Script=_AI_PowerAttack
CORE C1_STATUS ElapsedMs=25093.153 Event=PERSISTED Actor=PC_Hero Generation=4 Status=PERSISTED Outstanding=0
CORE C1_BIND ElapsedMs=25604.128 Event=COMBAT_MOVE_REUSED Actor=PC_Hero Generation=4 Status=PERSISTED Outstanding=0 Source=<null> Script=_AI_PowerAttack
CORE ATTACK_OWNERSHIP ElapsedMs=25605.859 Actor=PC_Hero Family=POWER Action=2 Phase=1 Motion=Hero_Stand_None_Fist_P1_PowerAttack_Hit_N_Fwd_00_%_00_P0_100_L.xmot MarkerPresent=0 RequiredMask=0 FistMarkers=0 Raw8Fist=<none> Raw8UseType=-1 SuppressNative=0 Classification=ROUTINE
CORE COLLISION_GROUP ElapsedMs=25605.886 Source=Fist UseType=8 Owner=<unresolved> Slot=NONE Requested=7 Before=0 After=0 MarkerBitsRetired=0
CORE C1_FINAL ElapsedMs=25950.030 Actor=PC_Hero Generation=4 Status=PERSISTED SourceCount=1 PhysicalChanged=0 Source[0]=Fist Side=RIGHT Outstanding=0 Cleanup=0 Outcome=NO_OP_NO_OUTSTANDING
CORE C1_START ElapsedMs=26420.535 Actor=PC_Hero Generation=5 Status=CANDIDATE Outstanding=0 TrackedSources=1 ReplacedGeneration=0 ReplacedOutstanding=0 Source[0]=Fist Side=RIGHT Group=0
CORE C1_BIND ElapsedMs=26420.549 Event=COMBAT_MOVE_CANDIDATE_BOUND Actor=PC_Hero Generation=5 Status=CANDIDATE Outstanding=0 Source=<null> Script=_AI_PowerAttack
CORE C1_STATUS ElapsedMs=26420.632 Event=PERSISTED Actor=PC_Hero Generation=5 Status=PERSISTED Outstanding=0
CORE C1_BIND ElapsedMs=26895.505 Event=COMBAT_MOVE_REUSED Actor=PC_Hero Generation=5 Status=PERSISTED Outstanding=0 Source=<null> Script=_AI_PowerAttack
CORE RAW8_FIST_OWNERSHIP ElapsedMs=26895.608 Actor=PC_Hero Action=2 Family=POWER Motion=Hero_Stand_None_Fist_P0_PowerAttack_Hit_N_Fwd_00_%_00_P1_100_R.xmot C1=5 Raw8Fist=Fist Raw8UseType=8 InitialClose=0->1 Result=CONFIRMED
CORE ATTACK_OWNERSHIP ElapsedMs=26895.622 Actor=PC_Hero Family=POWER Action=2 Phase=1 Motion=Hero_Stand_None_Fist_P0_PowerAttack_Hit_N_Fwd_00_%_00_P1_100_R.xmot MarkerPresent=1 RequiredMask=0 FistMarkers=1 Raw8Fist=Fist Raw8UseType=8 SuppressNative=0 Classification=ROUTINE
CORE COLLISION_GROUP ElapsedMs=26895.643 Source=Fist UseType=8 Owner=<unresolved> Slot=NONE Requested=7 Before=0 After=0 MarkerBitsRetired=0
CORE RAW8_FIST_TIMING ElapsedMs=27015.993 Actor=PC_Hero Action=2 Family=POWER Motion=Hero_Stand_None_Fist_P0_PowerAttack_Hit_N_Fwd_00_%_00_P1_100_R.xmot C1=5 Raw8Fist=Fist Raw8UseType=8 AcceptedRearm=1->0 OwnershipMatched=1 Classification=EARLY_PERMISSION_ARMED
CORE RAW8_OPPORTUNITY_OPEN ElapsedMs=27016.023 Actor=PC_Hero Action=2 Family=POWER Motion=Hero_Stand_None_Fist_P0_PowerAttack_Hit_N_Fwd_00_%_00_P1_100_R.xmot C1=5 Raw8Fist=Fist OpportunityOrdinal=4 Reason=ACCEPTED_FIST LatchBefore=1 LatchAfter=0 LatchWriteAttempted=1 LatchWriteConfirmed=1 TimingActive=1
CORE MARKER ElapsedMs=27016.037 Actor=PC_Hero Action=2 Family=POWER Phase=1 Motion=Hero_Stand_None_Fist_P0_PowerAttack_Hit_N_Fwd_00_%_00_P1_100_R.xmot Marker=FIST Result=ACCEPTED C1Valid=1 C1=5 StatePosition=1 PreviousMask=0 DesiredMask=0 RetiredMask=0 OwnedMask=0 MarkerOwnedMask=0 Activated=0 Deactivated=0 Retired=0 RearmRequests=0 Clears=0 Raw8Fist=Fist Raw8UseType=8 Latch=1->0 LatchConfirmed=1
CORE RAW8_FIST_TIMING ElapsedMs=27024.502 Actor=PC_Hero Action=2 Family=POWER Motion=Hero_Stand_None_Fist_P0_PowerAttack_Hit_N_Fwd_00_%_00_P1_100_R.xmot C1=5 Raw8Fist=Fist Raw8UseType=8 PermissionApplied=1 SyntheticApplied=1 Classification=EARLY_PERMISSION_APPLIED
CORE RAW8_OPPORTUNITY_MISS_REARM ElapsedMs=27024.540 Actor=PC_Hero Action=2 Family=POWER Motion=Hero_Stand_None_Fist_P0_PowerAttack_Hit_N_Fwd_00_%_00_P1_100_R.xmot C1=5 Raw8Fist=Fist OpportunityOrdinal=4 Reason=NO_CONTACT_DISPATCH FullStop=0 LatchBefore=1 LatchAfter=0 LatchWriteAttempted=1 LatchWriteConfirmed=1
CORE RAW8_OPPORTUNITY_MISS_REARM ElapsedMs=27031.037 Actor=PC_Hero Action=2 Family=POWER Motion=Hero_Stand_None_Fist_P0_PowerAttack_Hit_N_Fwd_00_%_00_P1_100_R.xmot C1=5 Raw8Fist=Fist OpportunityOrdinal=4 Reason=NO_CONTACT_DISPATCH FullStop=0 LatchBefore=1 LatchAfter=0 LatchWriteAttempted=1 LatchWriteConfirmed=1
CORE RAW8_OPPORTUNITY_MISS_REARM ElapsedMs=27039.147 Actor=PC_Hero Action=2 Family=POWER Motion=Hero_Stand_None_Fist_P0_PowerAttack_Hit_N_Fwd_00_%_00_P1_100_R.xmot C1=5 Raw8Fist=Fist OpportunityOrdinal=4 Reason=NO_CONTACT_DISPATCH FullStop=0 LatchBefore=1 LatchAfter=0 LatchWriteAttempted=1 LatchWriteConfirmed=1
CORE RAW8_OPPORTUNITY_MISS_REARM ElapsedMs=27044.796 Actor=PC_Hero Action=2 Family=POWER Motion=Hero_Stand_None_Fist_P0_PowerAttack_Hit_N_Fwd_00_%_00_P1_100_R.xmot C1=5 Raw8Fist=Fist OpportunityOrdinal=4 Reason=NO_CONTACT_DISPATCH FullStop=0 LatchBefore=1 LatchAfter=0 LatchWriteAttempted=1 LatchWriteConfirmed=1
CORE RAW8_OPPORTUNITY_MISS_REARM ElapsedMs=27053.062 Actor=PC_Hero Action=2 Family=POWER Motion=Hero_Stand_None_Fist_P0_PowerAttack_Hit_N_Fwd_00_%_00_P1_100_R.xmot C1=5 Raw8Fist=Fist OpportunityOrdinal=4 Reason=NO_CONTACT_DISPATCH FullStop=0 LatchBefore=1 LatchAfter=0 LatchWriteAttempted=1 LatchWriteConfirmed=1
CORE RAW8_OPPORTUNITY_MISS_REARM ElapsedMs=27059.544 Actor=PC_Hero Action=2 Family=POWER Motion=Hero_Stand_None_Fist_P0_PowerAttack_Hit_N_Fwd_00_%_00_P1_100_R.xmot C1=5 Raw8Fist=Fist OpportunityOrdinal=4 Reason=NO_CONTACT_DISPATCH FullStop=0 LatchBefore=1 LatchAfter=0 LatchWriteAttempted=1 LatchWriteConfirmed=1
CORE RAW8_OPPORTUNITY_MISS_REARM ElapsedMs=27068.567 Actor=PC_Hero Action=2 Family=POWER Motion=Hero_Stand_None_Fist_P0_PowerAttack_Hit_N_Fwd_00_%_00_P1_100_R.xmot C1=5 Raw8Fist=Fist OpportunityOrdinal=4 Reason=NO_CONTACT_DISPATCH FullStop=0 LatchBefore=1 LatchAfter=0 LatchWriteAttempted=1 LatchWriteConfirmed=1
CORE RAW8_OPPORTUNITY_MISS_REARM ElapsedMs=27074.710 Actor=PC_Hero Action=2 Family=POWER Motion=Hero_Stand_None_Fist_P0_PowerAttack_Hit_N_Fwd_00_%_00_P1_100_R.xmot C1=5 Raw8Fist=Fist OpportunityOrdinal=4 Reason=NO_CONTACT_DISPATCH FullStop=0 LatchBefore=1 LatchAfter=0 LatchWriteAttempted=1 LatchWriteConfirmed=1
CORE RAW8_OPPORTUNITY_MISS_REARM ElapsedMs=27084.327 Actor=PC_Hero Action=2 Family=POWER Motion=Hero_Stand_None_Fist_P0_PowerAttack_Hit_N_Fwd_00_%_00_P1_100_R.xmot C1=5 Raw8Fist=Fist OpportunityOrdinal=4 Reason=NO_CONTACT_DISPATCH FullStop=0 LatchBefore=1 LatchAfter=0 LatchWriteAttempted=1 LatchWriteConfirmed=1
CORE RAW8_OPPORTUNITY_MISS_REARM ElapsedMs=27090.853 Actor=PC_Hero Action=2 Family=POWER Motion=Hero_Stand_None_Fist_P0_PowerAttack_Hit_N_Fwd_00_%_00_P1_100_R.xmot C1=5 Raw8Fist=Fist OpportunityOrdinal=4 Reason=NO_CONTACT_DISPATCH FullStop=0 LatchBefore=1 LatchAfter=0 LatchWriteAttempted=1 LatchWriteConfirmed=1
CORE RAW8_OPPORTUNITY_MISS_REARM ElapsedMs=27098.346 Actor=PC_Hero Action=2 Family=POWER Motion=Hero_Stand_None_Fist_P0_PowerAttack_Hit_N_Fwd_00_%_00_P1_100_R.xmot C1=5 Raw8Fist=Fist OpportunityOrdinal=4 Reason=NO_CONTACT_DISPATCH FullStop=0 LatchBefore=1 LatchAfter=0 LatchWriteAttempted=1 LatchWriteConfirmed=1
CORE RAW8_FIST_TIMING ElapsedMs=27105.941 Actor=PC_Hero C1=5 PermissionRetired=1 Reason=REAL_TIME_REACHED_FORCED_VALUE
CORE RAW8_OPPORTUNITY_MISS_REARM ElapsedMs=27105.979 Actor=PC_Hero Action=2 Family=POWER Motion=Hero_Stand_None_Fist_P0_PowerAttack_Hit_N_Fwd_00_%_00_P1_100_R.xmot C1=5 Raw8Fist=Fist OpportunityOrdinal=4 Reason=NO_CONTACT_DISPATCH FullStop=0 LatchBefore=1 LatchAfter=0 LatchWriteAttempted=1 LatchWriteConfirmed=1
CORE RAW8_OPPORTUNITY_MISS_REARM ElapsedMs=27111.734 Actor=PC_Hero Action=2 Family=POWER Motion=Hero_Stand_None_Fist_P0_PowerAttack_Hit_N_Fwd_00_%_00_P1_100_R.xmot C1=5 Raw8Fist=Fist OpportunityOrdinal=4 Reason=NO_CONTACT_DISPATCH FullStop=0 LatchBefore=1 LatchAfter=0 LatchWriteAttempted=1 LatchWriteConfirmed=1
CORE RAW8_OPPORTUNITY_MISS_REARM ElapsedMs=27120.967 Actor=PC_Hero Action=2 Family=POWER Motion=Hero_Stand_None_Fist_P0_PowerAttack_Hit_N_Fwd_00_%_00_P1_100_R.xmot C1=5 Raw8Fist=Fist OpportunityOrdinal=4 Reason=NO_CONTACT_DISPATCH FullStop=0 LatchBefore=1 LatchAfter=0 LatchWriteAttempted=1 LatchWriteConfirmed=1
CORE RAW8_OPPORTUNITY_MISS_REARM ElapsedMs=27127.396 Actor=PC_Hero Action=2 Family=POWER Motion=Hero_Stand_None_Fist_P0_PowerAttack_Hit_N_Fwd_00_%_00_P1_100_R.xmot C1=5 Raw8Fist=Fist OpportunityOrdinal=4 Reason=NO_CONTACT_DISPATCH FullStop=0 LatchBefore=1 LatchAfter=0 LatchWriteAttempted=1 LatchWriteConfirmed=1
CORE RAW8_OPPORTUNITY_MISS_REARM ElapsedMs=27135.913 Actor=PC_Hero Action=2 Family=POWER Motion=Hero_Stand_None_Fist_P0_PowerAttack_Hit_N_Fwd_00_%_00_P1_100_R.xmot C1=5 Raw8Fist=Fist OpportunityOrdinal=4 Reason=NO_CONTACT_DISPATCH FullStop=0 LatchBefore=1 LatchAfter=0 LatchWriteAttempted=1 LatchWriteConfirmed=1
CORE RAW8_OPPORTUNITY_MISS_REARM ElapsedMs=27141.572 Actor=PC_Hero Action=2 Family=POWER Motion=Hero_Stand_None_Fist_P0_PowerAttack_Hit_N_Fwd_00_%_00_P1_100_R.xmot C1=5 Raw8Fist=Fist OpportunityOrdinal=4 Reason=NO_CONTACT_DISPATCH FullStop=0 LatchBefore=1 LatchAfter=0 LatchWriteAttempted=1 LatchWriteConfirmed=1
CORE RAW8_OPPORTUNITY_MISS_REARM ElapsedMs=27151.216 Actor=PC_Hero Action=2 Family=POWER Motion=Hero_Stand_None_Fist_P0_PowerAttack_Hit_N_Fwd_00_%_00_P1_100_R.xmot C1=5 Raw8Fist=Fist OpportunityOrdinal=4 Reason=NO_CONTACT_DISPATCH FullStop=0 LatchBefore=1 LatchAfter=0 LatchWriteAttempted=1 LatchWriteConfirmed=1
CORE RAW8_OPPORTUNITY_MISS_REARM ElapsedMs=27156.919 Actor=PC_Hero Action=2 Family=POWER Motion=Hero_Stand_None_Fist_P0_PowerAttack_Hit_N_Fwd_00_%_00_P1_100_R.xmot C1=5 Raw8Fist=Fist OpportunityOrdinal=4 Reason=NO_CONTACT_DISPATCH FullStop=0 LatchBefore=1 LatchAfter=0 LatchWriteAttempted=1 LatchWriteConfirmed=1
CORE RAW8_OPPORTUNITY_MISS_REARM ElapsedMs=27165.854 Actor=PC_Hero Action=2 Family=POWER Motion=Hero_Stand_None_Fist_P0_PowerAttack_Hit_N_Fwd_00_%_00_P1_100_R.xmot C1=5 Raw8Fist=Fist OpportunityOrdinal=4 Reason=NO_CONTACT_DISPATCH FullStop=0 LatchBefore=1 LatchAfter=0 LatchWriteAttempted=1 LatchWriteConfirmed=1
CORE RAW8_OPPORTUNITY_MISS_REARM ElapsedMs=27171.732 Actor=PC_Hero Action=2 Family=POWER Motion=Hero_Stand_None_Fist_P0_PowerAttack_Hit_N_Fwd_00_%_00_P1_100_R.xmot C1=5 Raw8Fist=Fist OpportunityOrdinal=4 Reason=NO_CONTACT_DISPATCH FullStop=0 LatchBefore=1 LatchAfter=0 LatchWriteAttempted=1 LatchWriteConfirmed=1
CORE RAW8_OPPORTUNITY_MISS_REARM ElapsedMs=27181.174 Actor=PC_Hero Action=2 Family=POWER Motion=Hero_Stand_None_Fist_P0_PowerAttack_Hit_N_Fwd_00_%_00_P1_100_R.xmot C1=5 Raw8Fist=Fist OpportunityOrdinal=4 Reason=NO_CONTACT_DISPATCH FullStop=0 LatchBefore=1 LatchAfter=0 LatchWriteAttempted=1 LatchWriteConfirmed=1
CORE RAW8_OPPORTUNITY_MISS_REARM ElapsedMs=27186.923 Actor=PC_Hero Action=2 Family=POWER Motion=Hero_Stand_None_Fist_P0_PowerAttack_Hit_N_Fwd_00_%_00_P1_100_R.xmot C1=5 Raw8Fist=Fist OpportunityOrdinal=4 Reason=NO_CONTACT_DISPATCH FullStop=0 LatchBefore=1 LatchAfter=0 LatchWriteAttempted=1 LatchWriteConfirmed=1
CORE RAW8_OPPORTUNITY_MISS_REARM ElapsedMs=27195.602 Actor=PC_Hero Action=2 Family=POWER Motion=Hero_Stand_None_Fist_P0_PowerAttack_Hit_N_Fwd_00_%_00_P1_100_R.xmot C1=5 Raw8Fist=Fist OpportunityOrdinal=4 Reason=NO_CONTACT_DISPATCH FullStop=0 LatchBefore=1 LatchAfter=0 LatchWriteAttempted=1 LatchWriteConfirmed=1
CORE RAW8_OPPORTUNITY_MISS_REARM ElapsedMs=27201.909 Actor=PC_Hero Action=2 Family=POWER Motion=Hero_Stand_None_Fist_P0_PowerAttack_Hit_N_Fwd_00_%_00_P1_100_R.xmot C1=5 Raw8Fist=Fist OpportunityOrdinal=4 Reason=NO_CONTACT_DISPATCH FullStop=0 LatchBefore=1 LatchAfter=0 LatchWriteAttempted=1 LatchWriteConfirmed=1
CORE RAW8_OPPORTUNITY_MISS_REARM ElapsedMs=27209.731 Actor=PC_Hero Action=2 Family=POWER Motion=Hero_Stand_None_Fist_P0_PowerAttack_Hit_N_Fwd_00_%_00_P1_100_R.xmot C1=5 Raw8Fist=Fist OpportunityOrdinal=4 Reason=NO_CONTACT_DISPATCH FullStop=0 LatchBefore=1 LatchAfter=0 LatchWriteAttempted=1 LatchWriteConfirmed=1
CORE RAW8_OPPORTUNITY_MISS_REARM ElapsedMs=27216.971 Actor=PC_Hero Action=2 Family=POWER Motion=Hero_Stand_None_Fist_P0_PowerAttack_Hit_N_Fwd_00_%_00_P1_100_R.xmot C1=5 Raw8Fist=Fist OpportunityOrdinal=4 Reason=NO_CONTACT_DISPATCH FullStop=0 LatchBefore=1 LatchAfter=0 LatchWriteAttempted=1 LatchWriteConfirmed=1
CORE RAW8_OPPORTUNITY_MISS_REARM ElapsedMs=27222.823 Actor=PC_Hero Action=2 Family=POWER Motion=Hero_Stand_None_Fist_P0_PowerAttack_Hit_N_Fwd_00_%_00_P1_100_R.xmot C1=5 Raw8Fist=Fist OpportunityOrdinal=4 Reason=NO_CONTACT_DISPATCH FullStop=0 LatchBefore=1 LatchAfter=0 LatchWriteAttempted=1 LatchWriteConfirmed=1
CORE RAW8_OPPORTUNITY_MISS_REARM ElapsedMs=27231.544 Actor=PC_Hero Action=2 Family=POWER Motion=Hero_Stand_None_Fist_P0_PowerAttack_Hit_N_Fwd_00_%_00_P1_100_R.xmot C1=5 Raw8Fist=Fist OpportunityOrdinal=4 Reason=NO_CONTACT_DISPATCH FullStop=0 LatchBefore=1 LatchAfter=0 LatchWriteAttempted=1 LatchWriteConfirmed=1
CORE RAW8_OPPORTUNITY_CLOSE ElapsedMs=27237.542 Actor=PC_Hero Action=2 Family=POWER Motion=Hero_Stand_None_Fist_P0_PowerAttack_Hit_N_Fwd_00_%_00_P1_100_R.xmot C1=5 Raw8Fist=Fist OpportunityOrdinal=4 Reason=C1_FINALIZED LatchBefore=0 LatchAfter=1 LatchWriteAttempted=1 LatchWriteConfirmed=1
CORE C1_FINAL ElapsedMs=27237.579 Actor=PC_Hero Generation=5 Status=PERSISTED SourceCount=1 PhysicalChanged=0 Source[0]=Fist Side=RIGHT Outstanding=0 Cleanup=0 Outcome=NO_OP_NO_OUTSTANDING
CORE C1_START ElapsedMs=27477.538 Actor=PC_Hero Generation=6 Status=CANDIDATE Outstanding=0 TrackedSources=1 ReplacedGeneration=0 ReplacedOutstanding=0 Source[0]=Fist Side=RIGHT Group=0
CORE C1_BIND ElapsedMs=27477.550 Event=COMBAT_MOVE_CANDIDATE_BOUND Actor=PC_Hero Generation=6 Status=CANDIDATE Outstanding=0 Source=<null> Script=_AI_PowerAttack
CORE C1_STATUS ElapsedMs=27477.634 Event=PERSISTED Actor=PC_Hero Generation=6 Status=PERSISTED Outstanding=0
CORE C1_BIND ElapsedMs=27954.853 Event=COMBAT_MOVE_REUSED Actor=PC_Hero Generation=6 Status=PERSISTED Outstanding=0 Source=<null> Script=_AI_PowerAttack
CORE ATTACK_OWNERSHIP ElapsedMs=27954.953 Actor=PC_Hero Family=POWER Action=2 Phase=1 Motion=Hero_Stand_None_Fist_P1_PowerAttack_Hit_N_Fwd_00_%_00_P0_100_L.xmot MarkerPresent=0 RequiredMask=0 FistMarkers=0 Raw8Fist=<none> Raw8UseType=-1 SuppressNative=0 Classification=ROUTINE
CORE COLLISION_GROUP ElapsedMs=27954.976 Source=Fist UseType=8 Owner=<unresolved> Slot=NONE Requested=7 Before=0 After=0 MarkerBitsRetired=0
CORE C1_FINAL ElapsedMs=28300.826 Actor=PC_Hero Generation=6 Status=PERSISTED SourceCount=1 PhysicalChanged=0 Source[0]=Fist Side=RIGHT Outstanding=0 Cleanup=0 Outcome=NO_OP_NO_OUTSTANDING
CORE C1_START ElapsedMs=28512.697 Actor=PC_Hero Generation=7 Status=CANDIDATE Outstanding=0 TrackedSources=1 ReplacedGeneration=0 ReplacedOutstanding=0 Source[0]=Fist Side=RIGHT Group=0
CORE C1_BIND ElapsedMs=28512.709 Event=COMBAT_MOVE_CANDIDATE_BOUND Actor=PC_Hero Generation=7 Status=CANDIDATE Outstanding=0 Source=<null> Script=_AI_Attack
CORE C1_STATUS ElapsedMs=28512.791 Event=PERSISTED Actor=PC_Hero Generation=7 Status=PERSISTED Outstanding=0
CORE RAW8_FIST_OWNERSHIP ElapsedMs=28512.808 Actor=PC_Hero Action=1 Family=NORMAL Motion=Hero_Stand_None_Fist_P0_Attack_Hit_N_Fwd_00_%_00_P1_100_R.xmot C1=7 Raw8Fist=Fist Raw8UseType=8 InitialClose=0->1 Result=CONFIRMED
CORE ATTACK_OWNERSHIP ElapsedMs=28512.820 Actor=PC_Hero Family=NORMAL Action=1 Phase=1 Motion=Hero_Stand_None_Fist_P0_Attack_Hit_N_Fwd_00_%_00_P1_100_R.xmot MarkerPresent=1 RequiredMask=0 FistMarkers=1 Raw8Fist=Fist Raw8UseType=8 SuppressNative=0 Classification=ROUTINE
CORE RAW8_FIST_TIMING ElapsedMs=28662.892 Actor=PC_Hero Action=1 Family=NORMAL Motion=Hero_Stand_None_Fist_P0_Attack_Hit_N_Fwd_00_%_00_P1_100_R.xmot C1=7 Raw8Fist=Fist Raw8UseType=8 AcceptedRearm=1->0 OwnershipMatched=1 Classification=EARLY_PERMISSION_ARMED
CORE RAW8_OPPORTUNITY_OPEN ElapsedMs=28662.926 Actor=PC_Hero Action=1 Family=NORMAL Motion=Hero_Stand_None_Fist_P0_Attack_Hit_N_Fwd_00_%_00_P1_100_R.xmot C1=7 Raw8Fist=Fist OpportunityOrdinal=5 Reason=ACCEPTED_FIST LatchBefore=1 LatchAfter=0 LatchWriteAttempted=1 LatchWriteConfirmed=1 TimingActive=1
CORE MARKER ElapsedMs=28662.940 Actor=PC_Hero Action=1 Family=NORMAL Phase=1 Motion=Hero_Stand_None_Fist_P0_Attack_Hit_N_Fwd_00_%_00_P1_100_R.xmot Marker=FIST Result=ACCEPTED C1Valid=1 C1=7 StatePosition=0 PreviousMask=0 DesiredMask=0 RetiredMask=0 OwnedMask=0 MarkerOwnedMask=0 Activated=0 Deactivated=0 Retired=0 RearmRequests=0 Clears=0 Raw8Fist=Fist Raw8UseType=8 Latch=1->0 LatchConfirmed=1
CORE RAW8_FIST_TIMING ElapsedMs=28669.377 Actor=PC_Hero Action=1 Family=NORMAL Motion=Hero_Stand_None_Fist_P0_Attack_Hit_N_Fwd_00_%_00_P1_100_R.xmot C1=7 Raw8Fist=Fist Raw8UseType=8 PermissionApplied=1 SyntheticApplied=1 Classification=EARLY_PERMISSION_APPLIED
CORE RAW8_OPPORTUNITY_MISS_REARM ElapsedMs=28669.412 Actor=PC_Hero Action=1 Family=NORMAL Motion=Hero_Stand_None_Fist_P0_Attack_Hit_N_Fwd_00_%_00_P1_100_R.xmot C1=7 Raw8Fist=Fist OpportunityOrdinal=5 Reason=NO_CONTACT_DISPATCH FullStop=0 LatchBefore=1 LatchAfter=0 LatchWriteAttempted=1 LatchWriteConfirmed=1
CORE RAW8_OPPORTUNITY_MISS_REARM ElapsedMs=28677.768 Actor=PC_Hero Action=1 Family=NORMAL Motion=Hero_Stand_None_Fist_P0_Attack_Hit_N_Fwd_00_%_00_P1_100_R.xmot C1=7 Raw8Fist=Fist OpportunityOrdinal=5 Reason=NO_CONTACT_DISPATCH FullStop=0 LatchBefore=1 LatchAfter=0 LatchWriteAttempted=1 LatchWriteConfirmed=1
CORE RAW8_OPPORTUNITY_MISS_REARM ElapsedMs=28684.066 Actor=PC_Hero Action=1 Family=NORMAL Motion=Hero_Stand_None_Fist_P0_Attack_Hit_N_Fwd_00_%_00_P1_100_R.xmot C1=7 Raw8Fist=Fist OpportunityOrdinal=5 Reason=NO_CONTACT_DISPATCH FullStop=0 LatchBefore=1 LatchAfter=0 LatchWriteAttempted=1 LatchWriteConfirmed=1
CORE RAW8_OPPORTUNITY_MISS_REARM ElapsedMs=28692.150 Actor=PC_Hero Action=1 Family=NORMAL Motion=Hero_Stand_None_Fist_P0_Attack_Hit_N_Fwd_00_%_00_P1_100_R.xmot C1=7 Raw8Fist=Fist OpportunityOrdinal=5 Reason=NO_CONTACT_DISPATCH FullStop=0 LatchBefore=1 LatchAfter=0 LatchWriteAttempted=1 LatchWriteConfirmed=1
CORE RAW8_OPPORTUNITY_MISS_REARM ElapsedMs=28699.358 Actor=PC_Hero Action=1 Family=NORMAL Motion=Hero_Stand_None_Fist_P0_Attack_Hit_N_Fwd_00_%_00_P1_100_R.xmot C1=7 Raw8Fist=Fist OpportunityOrdinal=5 Reason=NO_CONTACT_DISPATCH FullStop=0 LatchBefore=1 LatchAfter=0 LatchWriteAttempted=1 LatchWriteConfirmed=1
CORE RAW8_OPPORTUNITY_MISS_REARM ElapsedMs=28706.845 Actor=PC_Hero Action=1 Family=NORMAL Motion=Hero_Stand_None_Fist_P0_Attack_Hit_N_Fwd_00_%_00_P1_100_R.xmot C1=7 Raw8Fist=Fist OpportunityOrdinal=5 Reason=NO_CONTACT_DISPATCH FullStop=0 LatchBefore=1 LatchAfter=0 LatchWriteAttempted=1 LatchWriteConfirmed=1
CORE RAW8_OPPORTUNITY_MISS_REARM ElapsedMs=28712.442 Actor=PC_Hero Action=1 Family=NORMAL Motion=Hero_Stand_None_Fist_P0_Attack_Hit_N_Fwd_00_%_00_P1_100_R.xmot C1=7 Raw8Fist=Fist OpportunityOrdinal=5 Reason=NO_CONTACT_DISPATCH FullStop=0 LatchBefore=1 LatchAfter=0 LatchWriteAttempted=1 LatchWriteConfirmed=1
CORE RAW8_OPPORTUNITY_MISS_REARM ElapsedMs=28721.264 Actor=PC_Hero Action=1 Family=NORMAL Motion=Hero_Stand_None_Fist_P0_Attack_Hit_N_Fwd_00_%_00_P1_100_R.xmot C1=7 Raw8Fist=Fist OpportunityOrdinal=5 Reason=NO_CONTACT_DISPATCH FullStop=0 LatchBefore=1 LatchAfter=0 LatchWriteAttempted=1 LatchWriteConfirmed=1
CORE RAW8_OPPORTUNITY_MISS_REARM ElapsedMs=28727.079 Actor=PC_Hero Action=1 Family=NORMAL Motion=Hero_Stand_None_Fist_P0_Attack_Hit_N_Fwd_00_%_00_P1_100_R.xmot C1=7 Raw8Fist=Fist OpportunityOrdinal=5 Reason=NO_CONTACT_DISPATCH FullStop=0 LatchBefore=1 LatchAfter=0 LatchWriteAttempted=1 LatchWriteConfirmed=1
CORE RAW8_OPPORTUNITY_MISS_REARM ElapsedMs=28734.873 Actor=PC_Hero Action=1 Family=NORMAL Motion=Hero_Stand_None_Fist_P0_Attack_Hit_N_Fwd_00_%_00_P1_100_R.xmot C1=7 Raw8Fist=Fist OpportunityOrdinal=5 Reason=NO_CONTACT_DISPATCH FullStop=0 LatchBefore=1 LatchAfter=0 LatchWriteAttempted=1 LatchWriteConfirmed=1
CORE COLLISION_GROUP ElapsedMs=28734.928 Source=Fist UseType=8 Owner=<unresolved> Slot=NONE Requested=7 Before=0 After=0 MarkerBitsRetired=0
CORE RAW8_OPPORTUNITY_MISS_REARM ElapsedMs=28741.138 Actor=PC_Hero Action=1 Family=NORMAL Motion=Hero_Stand_None_Fist_P0_Attack_Hit_N_Fwd_00_%_00_P1_100_R.xmot C1=7 Raw8Fist=Fist OpportunityOrdinal=5 Reason=NO_CONTACT_DISPATCH FullStop=0 LatchBefore=1 LatchAfter=0 LatchWriteAttempted=1 LatchWriteConfirmed=1
CORE RAW8_OPPORTUNITY_MISS_REARM ElapsedMs=28749.192 Actor=PC_Hero Action=1 Family=NORMAL Motion=Hero_Stand_None_Fist_P0_Attack_Hit_N_Fwd_00_%_00_P1_100_R.xmot C1=7 Raw8Fist=Fist OpportunityOrdinal=5 Reason=NO_CONTACT_DISPATCH FullStop=0 LatchBefore=1 LatchAfter=0 LatchWriteAttempted=1 LatchWriteConfirmed=1
CORE RAW8_FIST_TIMING ElapsedMs=28755.007 Actor=PC_Hero C1=7 PermissionRetired=1 Reason=REAL_TIME_REACHED_FORCED_VALUE
CORE RAW8_OPPORTUNITY_MISS_REARM ElapsedMs=28755.042 Actor=PC_Hero Action=1 Family=NORMAL Motion=Hero_Stand_None_Fist_P0_Attack_Hit_N_Fwd_00_%_00_P1_100_R.xmot C1=7 Raw8Fist=Fist OpportunityOrdinal=5 Reason=NO_CONTACT_DISPATCH FullStop=0 LatchBefore=1 LatchAfter=0 LatchWriteAttempted=1 LatchWriteConfirmed=1
CORE RAW8_OPPORTUNITY_MISS_REARM ElapsedMs=28763.095 Actor=PC_Hero Action=1 Family=NORMAL Motion=Hero_Stand_None_Fist_P0_Attack_Hit_N_Fwd_00_%_00_P1_100_R.xmot C1=7 Raw8Fist=Fist OpportunityOrdinal=5 Reason=NO_CONTACT_DISPATCH FullStop=0 LatchBefore=1 LatchAfter=0 LatchWriteAttempted=1 LatchWriteConfirmed=1
CORE RAW8_OPPORTUNITY_MISS_REARM ElapsedMs=28769.296 Actor=PC_Hero Action=1 Family=NORMAL Motion=Hero_Stand_None_Fist_P0_Attack_Hit_N_Fwd_00_%_00_P1_100_R.xmot C1=7 Raw8Fist=Fist OpportunityOrdinal=5 Reason=NO_CONTACT_DISPATCH FullStop=0 LatchBefore=1 LatchAfter=0 LatchWriteAttempted=1 LatchWriteConfirmed=1
CORE RAW8_OPPORTUNITY_MISS_REARM ElapsedMs=28777.839 Actor=PC_Hero Action=1 Family=NORMAL Motion=Hero_Stand_None_Fist_P0_Attack_Hit_N_Fwd_00_%_00_P1_100_R.xmot C1=7 Raw8Fist=Fist OpportunityOrdinal=5 Reason=NO_CONTACT_DISPATCH FullStop=0 LatchBefore=1 LatchAfter=0 LatchWriteAttempted=1 LatchWriteConfirmed=1
CORE RAW8_OPPORTUNITY_MISS_REARM ElapsedMs=28783.839 Actor=PC_Hero Action=1 Family=NORMAL Motion=Hero_Stand_None_Fist_P0_Attack_Hit_N_Fwd_00_%_00_P1_100_R.xmot C1=7 Raw8Fist=Fist OpportunityOrdinal=5 Reason=NO_CONTACT_DISPATCH FullStop=0 LatchBefore=1 LatchAfter=0 LatchWriteAttempted=1 LatchWriteConfirmed=1
CORE RAW8_OPPORTUNITY_MISS_REARM ElapsedMs=28793.001 Actor=PC_Hero Action=1 Family=NORMAL Motion=Hero_Stand_None_Fist_P0_Attack_Hit_N_Fwd_00_%_00_P1_100_R.xmot C1=7 Raw8Fist=Fist OpportunityOrdinal=5 Reason=NO_CONTACT_DISPATCH FullStop=0 LatchBefore=1 LatchAfter=0 LatchWriteAttempted=1 LatchWriteConfirmed=1
CORE RAW8_OPPORTUNITY_MISS_REARM ElapsedMs=28799.135 Actor=PC_Hero Action=1 Family=NORMAL Motion=Hero_Stand_None_Fist_P0_Attack_Hit_N_Fwd_00_%_00_P1_100_R.xmot C1=7 Raw8Fist=Fist OpportunityOrdinal=5 Reason=NO_CONTACT_DISPATCH FullStop=0 LatchBefore=1 LatchAfter=0 LatchWriteAttempted=1 LatchWriteConfirmed=1
CORE RAW8_OPPORTUNITY_MISS_REARM ElapsedMs=28807.471 Actor=PC_Hero Action=1 Family=NORMAL Motion=Hero_Stand_None_Fist_P0_Attack_Hit_N_Fwd_00_%_00_P1_100_R.xmot C1=7 Raw8Fist=Fist OpportunityOrdinal=5 Reason=NO_CONTACT_DISPATCH FullStop=0 LatchBefore=1 LatchAfter=0 LatchWriteAttempted=1 LatchWriteConfirmed=1
CORE RAW8_OPPORTUNITY_MISS_REARM ElapsedMs=28813.299 Actor=PC_Hero Action=1 Family=NORMAL Motion=Hero_Stand_None_Fist_P0_Attack_Hit_N_Fwd_00_%_00_P1_100_R.xmot C1=7 Raw8Fist=Fist OpportunityOrdinal=5 Reason=NO_CONTACT_DISPATCH FullStop=0 LatchBefore=1 LatchAfter=0 LatchWriteAttempted=1 LatchWriteConfirmed=1
CORE RAW8_OPPORTUNITY_MISS_REARM ElapsedMs=28821.784 Actor=PC_Hero Action=1 Family=NORMAL Motion=Hero_Stand_None_Fist_P0_Attack_Hit_N_Fwd_00_%_00_P1_100_R.xmot C1=7 Raw8Fist=Fist OpportunityOrdinal=5 Reason=NO_CONTACT_DISPATCH FullStop=0 LatchBefore=1 LatchAfter=0 LatchWriteAttempted=1 LatchWriteConfirmed=1
CORE RAW8_OPPORTUNITY_MISS_REARM ElapsedMs=28828.219 Actor=PC_Hero Action=1 Family=NORMAL Motion=Hero_Stand_None_Fist_P0_Attack_Hit_N_Fwd_00_%_00_P1_100_R.xmot C1=7 Raw8Fist=Fist OpportunityOrdinal=5 Reason=NO_CONTACT_DISPATCH FullStop=0 LatchBefore=1 LatchAfter=0 LatchWriteAttempted=1 LatchWriteConfirmed=1
CORE RAW8_OPPORTUNITY_MISS_REARM ElapsedMs=28836.624 Actor=PC_Hero Action=1 Family=NORMAL Motion=Hero_Stand_None_Fist_P0_Attack_Hit_N_Fwd_00_%_00_P1_100_R.xmot C1=7 Raw8Fist=Fist OpportunityOrdinal=5 Reason=NO_CONTACT_DISPATCH FullStop=0 LatchBefore=1 LatchAfter=0 LatchWriteAttempted=1 LatchWriteConfirmed=1
CORE RAW8_OPPORTUNITY_MISS_REARM ElapsedMs=28843.329 Actor=PC_Hero Action=1 Family=NORMAL Motion=Hero_Stand_None_Fist_P0_Attack_Hit_N_Fwd_00_%_00_P1_100_R.xmot C1=7 Raw8Fist=Fist OpportunityOrdinal=5 Reason=NO_CONTACT_DISPATCH FullStop=0 LatchBefore=1 LatchAfter=0 LatchWriteAttempted=1 LatchWriteConfirmed=1
CORE RAW8_OPPORTUNITY_MISS_REARM ElapsedMs=28851.092 Actor=PC_Hero Action=1 Family=NORMAL Motion=Hero_Stand_None_Fist_P0_Attack_Hit_N_Fwd_00_%_00_P1_100_R.xmot C1=7 Raw8Fist=Fist OpportunityOrdinal=5 Reason=NO_CONTACT_DISPATCH FullStop=0 LatchBefore=1 LatchAfter=0 LatchWriteAttempted=1 LatchWriteConfirmed=1
CORE RAW8_OPPORTUNITY_MISS_REARM ElapsedMs=28857.189 Actor=PC_Hero Action=1 Family=NORMAL Motion=Hero_Stand_None_Fist_P0_Attack_Hit_N_Fwd_00_%_00_P1_100_R.xmot C1=7 Raw8Fist=Fist OpportunityOrdinal=5 Reason=NO_CONTACT_DISPATCH FullStop=0 LatchBefore=1 LatchAfter=0 LatchWriteAttempted=1 LatchWriteConfirmed=1
CORE RAW8_OPPORTUNITY_MISS_REARM ElapsedMs=28865.919 Actor=PC_Hero Action=1 Family=NORMAL Motion=Hero_Stand_None_Fist_P0_Attack_Hit_N_Fwd_00_%_00_P1_100_R.xmot C1=7 Raw8Fist=Fist OpportunityOrdinal=5 Reason=NO_CONTACT_DISPATCH FullStop=0 LatchBefore=1 LatchAfter=0 LatchWriteAttempted=1 LatchWriteConfirmed=1
CORE RAW8_OPPORTUNITY_MISS_REARM ElapsedMs=28871.729 Actor=PC_Hero Action=1 Family=NORMAL Motion=Hero_Stand_None_Fist_P0_Attack_Hit_N_Fwd_00_%_00_P1_100_R.xmot C1=7 Raw8Fist=Fist OpportunityOrdinal=5 Reason=NO_CONTACT_DISPATCH FullStop=0 LatchBefore=1 LatchAfter=0 LatchWriteAttempted=1 LatchWriteConfirmed=1
CORE RAW8_OPPORTUNITY_MISS_REARM ElapsedMs=28881.284 Actor=PC_Hero Action=1 Family=NORMAL Motion=Hero_Stand_None_Fist_P0_Attack_Hit_N_Fwd_00_%_00_P1_100_R.xmot C1=7 Raw8Fist=Fist OpportunityOrdinal=5 Reason=NO_CONTACT_DISPATCH FullStop=0 LatchBefore=1 LatchAfter=0 LatchWriteAttempted=1 LatchWriteConfirmed=1
CORE RAW8_OPPORTUNITY_MISS_REARM ElapsedMs=28887.217 Actor=PC_Hero Action=1 Family=NORMAL Motion=Hero_Stand_None_Fist_P0_Attack_Hit_N_Fwd_00_%_00_P1_100_R.xmot C1=7 Raw8Fist=Fist OpportunityOrdinal=5 Reason=NO_CONTACT_DISPATCH FullStop=0 LatchBefore=1 LatchAfter=0 LatchWriteAttempted=1 LatchWriteConfirmed=1
CORE RAW8_OPPORTUNITY_MISS_REARM ElapsedMs=28895.558 Actor=PC_Hero Action=1 Family=NORMAL Motion=Hero_Stand_None_Fist_P0_Attack_Hit_N_Fwd_00_%_00_P1_100_R.xmot C1=7 Raw8Fist=Fist OpportunityOrdinal=5 Reason=NO_CONTACT_DISPATCH FullStop=0 LatchBefore=1 LatchAfter=0 LatchWriteAttempted=1 LatchWriteConfirmed=1
CORE RAW8_OPPORTUNITY_MISS_REARM ElapsedMs=28901.945 Actor=PC_Hero Action=1 Family=NORMAL Motion=Hero_Stand_None_Fist_P0_Attack_Hit_N_Fwd_00_%_00_P1_100_R.xmot C1=7 Raw8Fist=Fist OpportunityOrdinal=5 Reason=NO_CONTACT_DISPATCH FullStop=0 LatchBefore=1 LatchAfter=0 LatchWriteAttempted=1 LatchWriteConfirmed=1
CORE RAW8_OPPORTUNITY_CLOSE ElapsedMs=28910.373 Actor=PC_Hero Action=1 Family=NORMAL Motion=Hero_Stand_None_Fist_P0_Attack_Hit_N_Fwd_00_%_00_P1_100_R.xmot C1=7 Raw8Fist=Fist OpportunityOrdinal=5 Reason=C1_FINALIZED LatchBefore=0 LatchAfter=1 LatchWriteAttempted=1 LatchWriteConfirmed=1
CORE C1_FINAL ElapsedMs=28910.408 Actor=PC_Hero Generation=7 Status=PERSISTED SourceCount=1 PhysicalChanged=0 Source[0]=Fist Side=RIGHT Outstanding=0 Cleanup=0 Outcome=NO_OP_NO_OUTSTANDING
CORE C1_START ElapsedMs=29198.974 Actor=PC_Hero Generation=8 Status=CANDIDATE Outstanding=0 TrackedSources=1 ReplacedGeneration=0 ReplacedOutstanding=0 Source[0]=Fist Side=RIGHT Group=0
CORE C1_BIND ElapsedMs=29198.985 Event=COMBAT_MOVE_CANDIDATE_BOUND Actor=PC_Hero Generation=8 Status=CANDIDATE Outstanding=0 Source=<null> Script=_AI_Attack
CORE C1_STATUS ElapsedMs=29199.121 Event=PERSISTED Actor=PC_Hero Generation=8 Status=PERSISTED Outstanding=0
CORE RAW8_FIST_OWNERSHIP ElapsedMs=29199.142 Actor=PC_Hero Action=1 Family=NORMAL Motion=Hero_Stand_None_Fist_P1_Attack_Hit_N_Fwd_00_%_00_P0_100_L.xmot C1=8 Raw8Fist=Fist Raw8UseType=8 InitialClose=0->1 Result=CONFIRMED
CORE ATTACK_OWNERSHIP ElapsedMs=29199.152 Actor=PC_Hero Family=NORMAL Action=1 Phase=1 Motion=Hero_Stand_None_Fist_P1_Attack_Hit_N_Fwd_00_%_00_P0_100_L.xmot MarkerPresent=1 RequiredMask=0 FistMarkers=1 Raw8Fist=Fist Raw8UseType=8 SuppressNative=0 Classification=ROUTINE
CORE RAW8_FIST_TIMING ElapsedMs=29343.695 Actor=PC_Hero Action=1 Family=NORMAL Motion=Hero_Stand_None_Fist_P1_Attack_Hit_N_Fwd_00_%_00_P0_100_L.xmot C1=8 Raw8Fist=Fist Raw8UseType=8 AcceptedRearm=1->0 OwnershipMatched=1 Classification=EARLY_PERMISSION_ARMED
CORE RAW8_OPPORTUNITY_OPEN ElapsedMs=29343.724 Actor=PC_Hero Action=1 Family=NORMAL Motion=Hero_Stand_None_Fist_P1_Attack_Hit_N_Fwd_00_%_00_P0_100_L.xmot C1=8 Raw8Fist=Fist OpportunityOrdinal=6 Reason=ACCEPTED_FIST LatchBefore=1 LatchAfter=0 LatchWriteAttempted=1 LatchWriteConfirmed=1 TimingActive=1
CORE MARKER ElapsedMs=29343.737 Actor=PC_Hero Action=1 Family=NORMAL Phase=1 Motion=Hero_Stand_None_Fist_P1_Attack_Hit_N_Fwd_00_%_00_P0_100_L.xmot Marker=FIST Result=ACCEPTED C1Valid=1 C1=8 StatePosition=0 PreviousMask=0 DesiredMask=0 RetiredMask=0 OwnedMask=0 MarkerOwnedMask=0 Activated=0 Deactivated=0 Retired=0 RearmRequests=0 Clears=0 Raw8Fist=Fist Raw8UseType=8 Latch=1->0 LatchConfirmed=1
CORE RAW8_FIST_TIMING ElapsedMs=29349.913 Actor=PC_Hero Action=1 Family=NORMAL Motion=Hero_Stand_None_Fist_P1_Attack_Hit_N_Fwd_00_%_00_P0_100_L.xmot C1=8 Raw8Fist=Fist Raw8UseType=8 PermissionApplied=1 SyntheticApplied=1 Classification=EARLY_PERMISSION_APPLIED
CORE RAW8_OPPORTUNITY_MISS_REARM ElapsedMs=29349.947 Actor=PC_Hero Action=1 Family=NORMAL Motion=Hero_Stand_None_Fist_P1_Attack_Hit_N_Fwd_00_%_00_P0_100_L.xmot C1=8 Raw8Fist=Fist OpportunityOrdinal=6 Reason=NO_CONTACT_DISPATCH FullStop=0 LatchBefore=1 LatchAfter=0 LatchWriteAttempted=1 LatchWriteConfirmed=1
CORE RAW8_OPPORTUNITY_MISS_REARM ElapsedMs=29358.142 Actor=PC_Hero Action=1 Family=NORMAL Motion=Hero_Stand_None_Fist_P1_Attack_Hit_N_Fwd_00_%_00_P0_100_L.xmot C1=8 Raw8Fist=Fist OpportunityOrdinal=6 Reason=NO_CONTACT_DISPATCH FullStop=0 LatchBefore=1 LatchAfter=0 LatchWriteAttempted=1 LatchWriteConfirmed=1
CORE RAW8_OPPORTUNITY_MISS_REARM ElapsedMs=29364.335 Actor=PC_Hero Action=1 Family=NORMAL Motion=Hero_Stand_None_Fist_P1_Attack_Hit_N_Fwd_00_%_00_P0_100_L.xmot C1=8 Raw8Fist=Fist OpportunityOrdinal=6 Reason=NO_CONTACT_DISPATCH FullStop=0 LatchBefore=1 LatchAfter=0 LatchWriteAttempted=1 LatchWriteConfirmed=1
CORE RAW8_OPPORTUNITY_MISS_REARM ElapsedMs=29372.225 Actor=PC_Hero Action=1 Family=NORMAL Motion=Hero_Stand_None_Fist_P1_Attack_Hit_N_Fwd_00_%_00_P0_100_L.xmot C1=8 Raw8Fist=Fist OpportunityOrdinal=6 Reason=NO_CONTACT_DISPATCH FullStop=0 LatchBefore=1 LatchAfter=0 LatchWriteAttempted=1 LatchWriteConfirmed=1
CORE RAW8_OPPORTUNITY_MISS_REARM ElapsedMs=29378.014 Actor=PC_Hero Action=1 Family=NORMAL Motion=Hero_Stand_None_Fist_P1_Attack_Hit_N_Fwd_00_%_00_P0_100_L.xmot C1=8 Raw8Fist=Fist OpportunityOrdinal=6 Reason=NO_CONTACT_DISPATCH FullStop=0 LatchBefore=1 LatchAfter=0 LatchWriteAttempted=1 LatchWriteConfirmed=1
CORE RAW8_OPPORTUNITY_MISS_REARM ElapsedMs=29386.040 Actor=PC_Hero Action=1 Family=NORMAL Motion=Hero_Stand_None_Fist_P1_Attack_Hit_N_Fwd_00_%_00_P0_100_L.xmot C1=8 Raw8Fist=Fist OpportunityOrdinal=6 Reason=NO_CONTACT_DISPATCH FullStop=0 LatchBefore=1 LatchAfter=0 LatchWriteAttempted=1 LatchWriteConfirmed=1
CORE RAW8_OPPORTUNITY_MISS_REARM ElapsedMs=29392.396 Actor=PC_Hero Action=1 Family=NORMAL Motion=Hero_Stand_None_Fist_P1_Attack_Hit_N_Fwd_00_%_00_P0_100_L.xmot C1=8 Raw8Fist=Fist OpportunityOrdinal=6 Reason=NO_CONTACT_DISPATCH FullStop=0 LatchBefore=1 LatchAfter=0 LatchWriteAttempted=1 LatchWriteConfirmed=1
CORE RAW8_OPPORTUNITY_MISS_REARM ElapsedMs=29400.529 Actor=PC_Hero Action=1 Family=NORMAL Motion=Hero_Stand_None_Fist_P1_Attack_Hit_N_Fwd_00_%_00_P0_100_L.xmot C1=8 Raw8Fist=Fist OpportunityOrdinal=6 Reason=NO_CONTACT_DISPATCH FullStop=0 LatchBefore=1 LatchAfter=0 LatchWriteAttempted=1 LatchWriteConfirmed=1
CORE RAW8_OPPORTUNITY_MISS_REARM ElapsedMs=29406.435 Actor=PC_Hero Action=1 Family=NORMAL Motion=Hero_Stand_None_Fist_P1_Attack_Hit_N_Fwd_00_%_00_P0_100_L.xmot C1=8 Raw8Fist=Fist OpportunityOrdinal=6 Reason=NO_CONTACT_DISPATCH FullStop=0 LatchBefore=1 LatchAfter=0 LatchWriteAttempted=1 LatchWriteConfirmed=1
CORE RAW8_OPPORTUNITY_MISS_REARM ElapsedMs=29414.328 Actor=PC_Hero Action=1 Family=NORMAL Motion=Hero_Stand_None_Fist_P1_Attack_Hit_N_Fwd_00_%_00_P0_100_L.xmot C1=8 Raw8Fist=Fist OpportunityOrdinal=6 Reason=NO_CONTACT_DISPATCH FullStop=0 LatchBefore=1 LatchAfter=0 LatchWriteAttempted=1 LatchWriteConfirmed=1
CORE RAW8_OPPORTUNITY_MISS_REARM ElapsedMs=29421.181 Actor=PC_Hero Action=1 Family=NORMAL Motion=Hero_Stand_None_Fist_P1_Attack_Hit_N_Fwd_00_%_00_P0_100_L.xmot C1=8 Raw8Fist=Fist OpportunityOrdinal=6 Reason=NO_CONTACT_DISPATCH FullStop=0 LatchBefore=1 LatchAfter=0 LatchWriteAttempted=1 LatchWriteConfirmed=1
CORE COLLISION_GROUP ElapsedMs=29421.227 Source=Fist UseType=8 Owner=<unresolved> Slot=NONE Requested=7 Before=0 After=0 MarkerBitsRetired=0
CORE RAW8_OPPORTUNITY_MISS_REARM ElapsedMs=29428.249 Actor=PC_Hero Action=1 Family=NORMAL Motion=Hero_Stand_None_Fist_P1_Attack_Hit_N_Fwd_00_%_00_P0_100_L.xmot C1=8 Raw8Fist=Fist OpportunityOrdinal=6 Reason=NO_CONTACT_DISPATCH FullStop=0 LatchBefore=1 LatchAfter=0 LatchWriteAttempted=1 LatchWriteConfirmed=1
CORE RAW8_OPPORTUNITY_MISS_REARM ElapsedMs=29435.027 Actor=PC_Hero Action=1 Family=NORMAL Motion=Hero_Stand_None_Fist_P1_Attack_Hit_N_Fwd_00_%_00_P0_100_L.xmot C1=8 Raw8Fist=Fist OpportunityOrdinal=6 Reason=NO_CONTACT_DISPATCH FullStop=0 LatchBefore=1 LatchAfter=0 LatchWriteAttempted=1 LatchWriteConfirmed=1
CORE RAW8_FIST_TIMING ElapsedMs=29442.157 Actor=PC_Hero C1=8 PermissionRetired=1 Reason=REAL_TIME_REACHED_FORCED_VALUE
CORE RAW8_OPPORTUNITY_MISS_REARM ElapsedMs=29442.196 Actor=PC_Hero Action=1 Family=NORMAL Motion=Hero_Stand_None_Fist_P1_Attack_Hit_N_Fwd_00_%_00_P0_100_L.xmot C1=8 Raw8Fist=Fist OpportunityOrdinal=6 Reason=NO_CONTACT_DISPATCH FullStop=0 LatchBefore=1 LatchAfter=0 LatchWriteAttempted=1 LatchWriteConfirmed=1
CORE RAW8_OPPORTUNITY_MISS_REARM ElapsedMs=29449.762 Actor=PC_Hero Action=1 Family=NORMAL Motion=Hero_Stand_None_Fist_P1_Attack_Hit_N_Fwd_00_%_00_P0_100_L.xmot C1=8 Raw8Fist=Fist OpportunityOrdinal=6 Reason=NO_CONTACT_DISPATCH FullStop=0 LatchBefore=1 LatchAfter=0 LatchWriteAttempted=1 LatchWriteConfirmed=1
CORE RAW8_OPPORTUNITY_MISS_REARM ElapsedMs=29456.389 Actor=PC_Hero Action=1 Family=NORMAL Motion=Hero_Stand_None_Fist_P1_Attack_Hit_N_Fwd_00_%_00_P0_100_L.xmot C1=8 Raw8Fist=Fist OpportunityOrdinal=6 Reason=NO_CONTACT_DISPATCH FullStop=0 LatchBefore=1 LatchAfter=0 LatchWriteAttempted=1 LatchWriteConfirmed=1
CORE RAW8_OPPORTUNITY_MISS_REARM ElapsedMs=29464.260 Actor=PC_Hero Action=1 Family=NORMAL Motion=Hero_Stand_None_Fist_P1_Attack_Hit_N_Fwd_00_%_00_P0_100_L.xmot C1=8 Raw8Fist=Fist OpportunityOrdinal=6 Reason=NO_CONTACT_DISPATCH FullStop=0 LatchBefore=1 LatchAfter=0 LatchWriteAttempted=1 LatchWriteConfirmed=1
CORE RAW8_OPPORTUNITY_MISS_REARM ElapsedMs=29470.515 Actor=PC_Hero Action=1 Family=NORMAL Motion=Hero_Stand_None_Fist_P1_Attack_Hit_N_Fwd_00_%_00_P0_100_L.xmot C1=8 Raw8Fist=Fist OpportunityOrdinal=6 Reason=NO_CONTACT_DISPATCH FullStop=0 LatchBefore=1 LatchAfter=0 LatchWriteAttempted=1 LatchWriteConfirmed=1
CORE RAW8_OPPORTUNITY_MISS_REARM ElapsedMs=29479.250 Actor=PC_Hero Action=1 Family=NORMAL Motion=Hero_Stand_None_Fist_P1_Attack_Hit_N_Fwd_00_%_00_P0_100_L.xmot C1=8 Raw8Fist=Fist OpportunityOrdinal=6 Reason=NO_CONTACT_DISPATCH FullStop=0 LatchBefore=1 LatchAfter=0 LatchWriteAttempted=1 LatchWriteConfirmed=1
CORE RAW8_OPPORTUNITY_MISS_REARM ElapsedMs=29485.329 Actor=PC_Hero Action=1 Family=NORMAL Motion=Hero_Stand_None_Fist_P1_Attack_Hit_N_Fwd_00_%_00_P0_100_L.xmot C1=8 Raw8Fist=Fist OpportunityOrdinal=6 Reason=NO_CONTACT_DISPATCH FullStop=0 LatchBefore=1 LatchAfter=0 LatchWriteAttempted=1 LatchWriteConfirmed=1
CORE RAW8_OPPORTUNITY_MISS_REARM ElapsedMs=29493.745 Actor=PC_Hero Action=1 Family=NORMAL Motion=Hero_Stand_None_Fist_P1_Attack_Hit_N_Fwd_00_%_00_P0_100_L.xmot C1=8 Raw8Fist=Fist OpportunityOrdinal=6 Reason=NO_CONTACT_DISPATCH FullStop=0 LatchBefore=1 LatchAfter=0 LatchWriteAttempted=1 LatchWriteConfirmed=1
CORE RAW8_OPPORTUNITY_MISS_REARM ElapsedMs=29500.406 Actor=PC_Hero Action=1 Family=NORMAL Motion=Hero_Stand_None_Fist_P1_Attack_Hit_N_Fwd_00_%_00_P0_100_L.xmot C1=8 Raw8Fist=Fist OpportunityOrdinal=6 Reason=NO_CONTACT_DISPATCH FullStop=0 LatchBefore=1 LatchAfter=0 LatchWriteAttempted=1 LatchWriteConfirmed=1
CORE RAW8_OPPORTUNITY_MISS_REARM ElapsedMs=29508.316 Actor=PC_Hero Action=1 Family=NORMAL Motion=Hero_Stand_None_Fist_P1_Attack_Hit_N_Fwd_00_%_00_P0_100_L.xmot C1=8 Raw8Fist=Fist OpportunityOrdinal=6 Reason=NO_CONTACT_DISPATCH FullStop=0 LatchBefore=1 LatchAfter=0 LatchWriteAttempted=1 LatchWriteConfirmed=1
CORE RAW8_OPPORTUNITY_MISS_REARM ElapsedMs=29514.230 Actor=PC_Hero Action=1 Family=NORMAL Motion=Hero_Stand_None_Fist_P1_Attack_Hit_N_Fwd_00_%_00_P0_100_L.xmot C1=8 Raw8Fist=Fist OpportunityOrdinal=6 Reason=NO_CONTACT_DISPATCH FullStop=0 LatchBefore=1 LatchAfter=0 LatchWriteAttempted=1 LatchWriteConfirmed=1
CORE RAW8_OPPORTUNITY_MISS_REARM ElapsedMs=29522.302 Actor=PC_Hero Action=1 Family=NORMAL Motion=Hero_Stand_None_Fist_P1_Attack_Hit_N_Fwd_00_%_00_P0_100_L.xmot C1=8 Raw8Fist=Fist OpportunityOrdinal=6 Reason=NO_CONTACT_DISPATCH FullStop=0 LatchBefore=1 LatchAfter=0 LatchWriteAttempted=1 LatchWriteConfirmed=1
CORE RAW8_OPPORTUNITY_MISS_REARM ElapsedMs=29529.002 Actor=PC_Hero Action=1 Family=NORMAL Motion=Hero_Stand_None_Fist_P1_Attack_Hit_N_Fwd_00_%_00_P0_100_L.xmot C1=8 Raw8Fist=Fist OpportunityOrdinal=6 Reason=NO_CONTACT_DISPATCH FullStop=0 LatchBefore=1 LatchAfter=0 LatchWriteAttempted=1 LatchWriteConfirmed=1
CORE RAW8_OPPORTUNITY_MISS_REARM ElapsedMs=29536.125 Actor=PC_Hero Action=1 Family=NORMAL Motion=Hero_Stand_None_Fist_P1_Attack_Hit_N_Fwd_00_%_00_P0_100_L.xmot C1=8 Raw8Fist=Fist OpportunityOrdinal=6 Reason=NO_CONTACT_DISPATCH FullStop=0 LatchBefore=1 LatchAfter=0 LatchWriteAttempted=1 LatchWriteConfirmed=1
CORE RAW8_OPPORTUNITY_MISS_REARM ElapsedMs=29542.959 Actor=PC_Hero Action=1 Family=NORMAL Motion=Hero_Stand_None_Fist_P1_Attack_Hit_N_Fwd_00_%_00_P0_100_L.xmot C1=8 Raw8Fist=Fist OpportunityOrdinal=6 Reason=NO_CONTACT_DISPATCH FullStop=0 LatchBefore=1 LatchAfter=0 LatchWriteAttempted=1 LatchWriteConfirmed=1
CORE RAW8_OPPORTUNITY_MISS_REARM ElapsedMs=29550.834 Actor=PC_Hero Action=1 Family=NORMAL Motion=Hero_Stand_None_Fist_P1_Attack_Hit_N_Fwd_00_%_00_P0_100_L.xmot C1=8 Raw8Fist=Fist OpportunityOrdinal=6 Reason=NO_CONTACT_DISPATCH FullStop=0 LatchBefore=1 LatchAfter=0 LatchWriteAttempted=1 LatchWriteConfirmed=1
CORE RAW8_OPPORTUNITY_MISS_REARM ElapsedMs=29556.817 Actor=PC_Hero Action=1 Family=NORMAL Motion=Hero_Stand_None_Fist_P1_Attack_Hit_N_Fwd_00_%_00_P0_100_L.xmot C1=8 Raw8Fist=Fist OpportunityOrdinal=6 Reason=NO_CONTACT_DISPATCH FullStop=0 LatchBefore=1 LatchAfter=0 LatchWriteAttempted=1 LatchWriteConfirmed=1
CORE RAW8_OPPORTUNITY_MISS_REARM ElapsedMs=29565.939 Actor=PC_Hero Action=1 Family=NORMAL Motion=Hero_Stand_None_Fist_P1_Attack_Hit_N_Fwd_00_%_00_P0_100_L.xmot C1=8 Raw8Fist=Fist OpportunityOrdinal=6 Reason=NO_CONTACT_DISPATCH FullStop=0 LatchBefore=1 LatchAfter=0 LatchWriteAttempted=1 LatchWriteConfirmed=1
CORE RAW8_OPPORTUNITY_MISS_REARM ElapsedMs=29571.622 Actor=PC_Hero Action=1 Family=NORMAL Motion=Hero_Stand_None_Fist_P1_Attack_Hit_N_Fwd_00_%_00_P0_100_L.xmot C1=8 Raw8Fist=Fist OpportunityOrdinal=6 Reason=NO_CONTACT_DISPATCH FullStop=0 LatchBefore=1 LatchAfter=0 LatchWriteAttempted=1 LatchWriteConfirmed=1
CORE RAW8_OPPORTUNITY_MISS_REARM ElapsedMs=29580.536 Actor=PC_Hero Action=1 Family=NORMAL Motion=Hero_Stand_None_Fist_P1_Attack_Hit_N_Fwd_00_%_00_P0_100_L.xmot C1=8 Raw8Fist=Fist OpportunityOrdinal=6 Reason=NO_CONTACT_DISPATCH FullStop=0 LatchBefore=1 LatchAfter=0 LatchWriteAttempted=1 LatchWriteConfirmed=1
CORE RAW8_OPPORTUNITY_MISS_REARM ElapsedMs=29586.163 Actor=PC_Hero Action=1 Family=NORMAL Motion=Hero_Stand_None_Fist_P1_Attack_Hit_N_Fwd_00_%_00_P0_100_L.xmot C1=8 Raw8Fist=Fist OpportunityOrdinal=6 Reason=NO_CONTACT_DISPATCH FullStop=0 LatchBefore=1 LatchAfter=0 LatchWriteAttempted=1 LatchWriteConfirmed=1
CORE RAW8_OPPORTUNITY_CLOSE ElapsedMs=29594.989 Actor=PC_Hero Action=1 Family=NORMAL Motion=Hero_Stand_None_Fist_P1_Attack_Hit_N_Fwd_00_%_00_P0_100_L.xmot C1=8 Raw8Fist=Fist OpportunityOrdinal=6 Reason=C1_FINALIZED LatchBefore=0 LatchAfter=1 LatchWriteAttempted=1 LatchWriteConfirmed=1
CORE C1_FINAL ElapsedMs=29595.024 Actor=PC_Hero Generation=8 Status=PERSISTED SourceCount=1 PhysicalChanged=0 Source[0]=Fist Side=RIGHT Outstanding=0 Cleanup=0 Outcome=NO_OP_NO_OUTSTANDING
Script_FrameCollisionTest unloading cleanly.
