Script_FrameCollisionTest v0.14 loaded.
GENERALIZED ACTOR / WEAPON-SLOT PROTOTYPE.
NO IsPlayer restriction.
NO 2H / Staff / 1H use-type restriction.
NO P0/P1/P2 restriction.
Normal eligibility: current animation contains _Attack_Hit_ and a RIGHT/LEFT source marker.
Quick eligibility: OnAI_QuickAttack + exact Quick/QuickR/QuickL action + Hit phase + a RIGHT/LEFT source marker.
Accepted Quick marker completes one-shot callback bookkeeping: StatePosition -> 1.
FIST CAUSAL TEST: raw Fist/PhysicalFist skips SetCollisionGroup(Item_Attack).
FIST CAUSAL TEST: ClearTriggeredList remains active.
G3AB_COL_TEST is the preserved RIGHT-hand marker alias.
G3AB_COL_LEFT_TEST is the provisional LEFT-hand marker.
RIGHT and LEFT use exact-set semantics: the selected source replaces the previous marker-owned set.
BOTH is intentionally disabled until LEFT and preserved RIGHT pass runtime validation.
If any source required by the exact motion is missing, its original attack callback is NOT suppressed.
This protects unarmed/monster attacks until body-source resolution is implemented.
Marker action: non-Fist -> Item_Attack + ClearTriggeredList; Fist -> ClearTriggeredList only.
G3AB_COL_OFF_TEST closes only a weapon window opened by this prototype.
OFF requests Item_Equipped and never clears the triggered list.
OFF before ON or after natural reset is consumed as a logged no-op.
Fist/body OFF remains unsupported; Gothic 3 still owns Hit->Recover reset.
Known collision groups: Item_Equipped=5, Item_Attack=7.
PASSIVE DUAL DISCOVERY: Item_Attack transitions are labelled by exact player LEFT/RIGHT slot entity identity.
A Dual both-weapon activation normally appears as separate LEFT and RIGHT transition records.
Preserved RIGHT Normal/Quick behavior remains the validated v0.9 path; LEFT is new and provisional.

v0.14 preserves same-update marker deduplication for RIGHT, LEFT, and OFF.
Dedup key: actor + RIGHT/LEFT slot snapshot + motion + marker + action + phase + state time; wall window <= 5 ms.

Authored-occurrence budgets are cached separately for RIGHT, LEFT, and OFF.
Budget key: actor + RIGHT/LEFT slot snapshot + motion + action + phase; state-time rollback starts a new execution.
Natural collision reset outside the owning Hit execution retires the actor budget.
No per-frame actor scan; budget work occurs only when a reserved marker is received.

Installing hooks...
Hooks installed.

===== MARKER OWNERSHIP DECISION =====
ElapsedMs: 32114.141
Actor: PC_Hero
CurrentMovementAni: Hero_Stand_1H_1H_P0_Attack_Hit_N_Fwd_00_%_00_P1_118_R.xmot
MatchingMotionFound: 1
FrameEffectCount: 2
ContainsReservedSourceMarker: 1
RequiredSourceMask: 2
AuthoredRIGHTMarkerCount: 0
FirstRIGHTMarkerFrame: -1
AuthoredLEFTMarkerCount: 1
FirstLEFTMarkerFrame: 4
AuthoredOFFMarkerCount: 0
FirstOFFMarkerFrame: -1
RightHandSourceResolved: 1
RightHandSource: It_1H_Longsword_01
RightHandSourceAddress: E70E8610
RightHandSourceUseType: 2
RightHandSourceCollisionGroup: 5
LeftHandSourceResolved: 1
LeftHandSource: It_1H_Longsword_01
LeftHandSourceAddress: E6A19E10
LeftHandSourceUseType: 2
LeftHandSourceCollisionGroup: 5
Decision: FRAME-CONTROLLED - suppress original timer callback
=====================================

===== G3AB_COL_LEFT_TEST RECEIVED =====
ElapsedMs: 32381.569
Actor: PC_Hero
Action: 1
AniPhase: 1
StateTime: 0.276823
StatePosition: 0
CurrentMovementAni: Hero_Stand_1H_1H_P0_Attack_Hit_N_Fwd_00_%_00_P1_118_R.xmot
MarkerOpcode: LEFT
RightHandSourceResolved: 1
RightHandSource: It_1H_Longsword_01
RightHandSourceAddress: E70E8610
RightHandSourceUseType: 2
RightHandSourceCollisionGroup: 5
LeftHandSourceResolved: 1
LeftHandSource: It_1H_Longsword_01
LeftHandSourceAddress: E6A19E10
LeftHandSourceUseType: 2
LeftHandSourceCollisionGroup: 5
===== ENGINE SetCollisionGroup =====
ElapsedMs: 32381.603
Entity: It_1H_Longsword_01
ChangedEntityAddress: E6A19E10
PlayerSlotMatch: LEFT
PlayerAction: 1
PlayerAniPhase: 1
PlayerPrimaryPose: 1
PlayerStateTime: 0.276823
PlayerStatePosition: 0
PlayerCurrentMovementAni: Hero_Stand_1H_1H_P0_Attack_Hit_N_Fwd_00_%_00_P1_118_R.xmot
PlayerLeftItem: It_1H_Longsword_01
PlayerLeftItemAddress: E6A19E10
PlayerLeftUseType: 2
PlayerLeftCollisionGroup: 7
PlayerRightItem: It_1H_Longsword_01
PlayerRightItemAddress: E70E8610
PlayerRightUseType: 2
PlayerRightCollisionGroup: 5
RequestedGroup: 7
BeforeGroup: 5
AfterGroup: 7
Item_EquippedValue: 5
Item_AttackValue: 7
====================================

MarkerAction: ACCEPTED
MarkerName: G3AB_COL_LEFT_TEST
MarkerOpcode: LEFT
AuthoredMarkerOccurrences: 1
AcceptedMarkerOccurrencesBefore: 0
AcceptedMarkerOccurrencesAfter: 1
ExecutionBudgetReset: 1
AuthoredMarkerFrame: 4
PreviousMarkerOwnedSourceMask: 0
DesiredMarkerOwnedSourceMask: 2
RetiredMarkerOwnedSourceMask: 0
RetiredSourceCount: 0
CollisionGroupBeforeMarker: 5
CollisionGroupAfterMarker: 7
ResolvedSourceUseTypeAtMarker: 2
SetCollisionGroupAction: REQUESTED_ITEM_ATTACK
TriggeredDamageList: CLEARED
Original StartEffect for marker: NOT CALLED
=================================

===== ENGINE SetCollisionGroup =====
ElapsedMs: 32657.822
Entity: It_1H_Longsword_01
ChangedEntityAddress: E6A19E10
PlayerSlotMatch: LEFT
PlayerAction: 1
PlayerAniPhase: 3
PlayerPrimaryPose: 2
PlayerStateTime: 0.543150
PlayerStatePosition: 0
PlayerCurrentMovementAni: Hero_Stand_1H_1H_P0_Attack_Hit_N_Fwd_00_%_00_P1_118_R.xmot
PlayerLeftItem: It_1H_Longsword_01
PlayerLeftItemAddress: E6A19E10
PlayerLeftUseType: 2
PlayerLeftCollisionGroup: 5
PlayerRightItem: It_1H_Longsword_01
PlayerRightItemAddress: E70E8610
PlayerRightUseType: 2
PlayerRightCollisionGroup: 5
RequestedGroup: 5
BeforeGroup: 7
AfterGroup: 5
Item_EquippedValue: 5
Item_AttackValue: 7
====================================

===== MARKER OWNERSHIP DECISION =====
ElapsedMs: 34212.433
Actor: PC_Hero
CurrentMovementAni: Hero_Stand_1H_1H_P1_Attack_Hit_N_Fwd_00_%_00_P0_119_L.xmot
MatchingMotionFound: 1
FrameEffectCount: 2
ContainsReservedSourceMarker: 1
RequiredSourceMask: 2
AuthoredRIGHTMarkerCount: 0
FirstRIGHTMarkerFrame: -1
AuthoredLEFTMarkerCount: 1
FirstLEFTMarkerFrame: 4
AuthoredOFFMarkerCount: 0
FirstOFFMarkerFrame: -1
RightHandSourceResolved: 1
RightHandSource: It_1H_Longsword_01
RightHandSourceAddress: E70E8610
RightHandSourceUseType: 2
RightHandSourceCollisionGroup: 5
LeftHandSourceResolved: 1
LeftHandSource: It_1H_Longsword_01
LeftHandSourceAddress: E6A19E10
LeftHandSourceUseType: 2
LeftHandSourceCollisionGroup: 5
Decision: FRAME-CONTROLLED - suppress original timer callback
=====================================

===== G3AB_COL_LEFT_TEST RECEIVED =====
ElapsedMs: 34471.614
Actor: PC_Hero
Action: 1
AniPhase: 1
StateTime: 0.271997
StatePosition: 0
CurrentMovementAni: Hero_Stand_1H_1H_P1_Attack_Hit_N_Fwd_00_%_00_P0_119_L.xmot
MarkerOpcode: LEFT
RightHandSourceResolved: 1
RightHandSource: It_1H_Longsword_01
RightHandSourceAddress: E70E8610
RightHandSourceUseType: 2
RightHandSourceCollisionGroup: 5
LeftHandSourceResolved: 1
LeftHandSource: It_1H_Longsword_01
LeftHandSourceAddress: E6A19E10
LeftHandSourceUseType: 2
LeftHandSourceCollisionGroup: 5
===== ENGINE SetCollisionGroup =====
ElapsedMs: 34471.647
Entity: It_1H_Longsword_01
ChangedEntityAddress: E6A19E10
PlayerSlotMatch: LEFT
PlayerAction: 1
PlayerAniPhase: 1
PlayerPrimaryPose: 2
PlayerStateTime: 0.271997
PlayerStatePosition: 0
PlayerCurrentMovementAni: Hero_Stand_1H_1H_P1_Attack_Hit_N_Fwd_00_%_00_P0_119_L.xmot
PlayerLeftItem: It_1H_Longsword_01
PlayerLeftItemAddress: E6A19E10
PlayerLeftUseType: 2
PlayerLeftCollisionGroup: 7
PlayerRightItem: It_1H_Longsword_01
PlayerRightItemAddress: E70E8610
PlayerRightUseType: 2
PlayerRightCollisionGroup: 5
RequestedGroup: 7
BeforeGroup: 5
AfterGroup: 7
Item_EquippedValue: 5
Item_AttackValue: 7
====================================

MarkerAction: ACCEPTED
MarkerName: G3AB_COL_LEFT_TEST
MarkerOpcode: LEFT
AuthoredMarkerOccurrences: 1
AcceptedMarkerOccurrencesBefore: 0
AcceptedMarkerOccurrencesAfter: 1
ExecutionBudgetReset: 1
AuthoredMarkerFrame: 4
PreviousMarkerOwnedSourceMask: 0
DesiredMarkerOwnedSourceMask: 2
RetiredMarkerOwnedSourceMask: 0
RetiredSourceCount: 0
CollisionGroupBeforeMarker: 5
CollisionGroupAfterMarker: 7
ResolvedSourceUseTypeAtMarker: 2
SetCollisionGroupAction: REQUESTED_ITEM_ATTACK
TriggeredDamageList: CLEARED
Original StartEffect for marker: NOT CALLED
=================================

===== ENGINE SetCollisionGroup =====
ElapsedMs: 34750.356
Entity: It_1H_Longsword_01
ChangedEntityAddress: E6A19E10
PlayerSlotMatch: LEFT
PlayerAction: 1
PlayerAniPhase: 3
PlayerPrimaryPose: 1
PlayerStateTime: 0.538986
PlayerStatePosition: 0
PlayerCurrentMovementAni: Hero_Stand_1H_1H_P1_Attack_Hit_N_Fwd_00_%_00_P0_119_L.xmot
PlayerLeftItem: It_1H_Longsword_01
PlayerLeftItemAddress: E6A19E10
PlayerLeftUseType: 2
PlayerLeftCollisionGroup: 5
PlayerRightItem: It_1H_Longsword_01
PlayerRightItemAddress: E70E8610
PlayerRightUseType: 2
PlayerRightCollisionGroup: 5
RequestedGroup: 5
BeforeGroup: 7
AfterGroup: 5
Item_EquippedValue: 5
Item_AttackValue: 7
====================================

===== MARKER OWNERSHIP DECISION =====
ElapsedMs: 36786.138
Actor: PC_Hero
CurrentMovementAni: Hero_Stand_1H_1H_P0_Attack_Hit_N_Fwd_00_%_00_P1_118_R.xmot
MatchingMotionFound: 1
FrameEffectCount: 2
ContainsReservedSourceMarker: 1
RequiredSourceMask: 2
AuthoredRIGHTMarkerCount: 0
FirstRIGHTMarkerFrame: -1
AuthoredLEFTMarkerCount: 1
FirstLEFTMarkerFrame: 4
AuthoredOFFMarkerCount: 0
FirstOFFMarkerFrame: -1
RightHandSourceResolved: 1
RightHandSource: It_1H_Longsword_01
RightHandSourceAddress: E70E8610
RightHandSourceUseType: 2
RightHandSourceCollisionGroup: 5
LeftHandSourceResolved: 1
LeftHandSource: It_1H_Longsword_01
LeftHandSourceAddress: E6A19E10
LeftHandSourceUseType: 2
LeftHandSourceCollisionGroup: 5
Decision: FRAME-CONTROLLED - suppress original timer callback
=====================================

===== G3AB_COL_LEFT_TEST RECEIVED =====
ElapsedMs: 37046.107
Actor: PC_Hero
Action: 1
AniPhase: 1
StateTime: 0.269296
StatePosition: 0
CurrentMovementAni: Hero_Stand_1H_1H_P0_Attack_Hit_N_Fwd_00_%_00_P1_118_R.xmot
MarkerOpcode: LEFT
RightHandSourceResolved: 1
RightHandSource: It_1H_Longsword_01
RightHandSourceAddress: E70E8610
RightHandSourceUseType: 2
RightHandSourceCollisionGroup: 5
LeftHandSourceResolved: 1
LeftHandSource: It_1H_Longsword_01
LeftHandSourceAddress: E6A19E10
LeftHandSourceUseType: 2
LeftHandSourceCollisionGroup: 5
===== ENGINE SetCollisionGroup =====
ElapsedMs: 37046.141
Entity: It_1H_Longsword_01
ChangedEntityAddress: E6A19E10
PlayerSlotMatch: LEFT
PlayerAction: 1
PlayerAniPhase: 1
PlayerPrimaryPose: 1
PlayerStateTime: 0.269296
PlayerStatePosition: 0
PlayerCurrentMovementAni: Hero_Stand_1H_1H_P0_Attack_Hit_N_Fwd_00_%_00_P1_118_R.xmot
PlayerLeftItem: It_1H_Longsword_01
PlayerLeftItemAddress: E6A19E10
PlayerLeftUseType: 2
PlayerLeftCollisionGroup: 7
PlayerRightItem: It_1H_Longsword_01
PlayerRightItemAddress: E70E8610
PlayerRightUseType: 2
PlayerRightCollisionGroup: 5
RequestedGroup: 7
BeforeGroup: 5
AfterGroup: 7
Item_EquippedValue: 5
Item_AttackValue: 7
====================================

MarkerAction: ACCEPTED
MarkerName: G3AB_COL_LEFT_TEST
MarkerOpcode: LEFT
AuthoredMarkerOccurrences: 1
AcceptedMarkerOccurrencesBefore: 0
AcceptedMarkerOccurrencesAfter: 1
ExecutionBudgetReset: 1
AuthoredMarkerFrame: 4
PreviousMarkerOwnedSourceMask: 0
DesiredMarkerOwnedSourceMask: 2
RetiredMarkerOwnedSourceMask: 0
RetiredSourceCount: 0
CollisionGroupBeforeMarker: 5
CollisionGroupAfterMarker: 7
ResolvedSourceUseTypeAtMarker: 2
SetCollisionGroupAction: REQUESTED_ITEM_ATTACK
TriggeredDamageList: CLEARED
Original StartEffect for marker: NOT CALLED
=================================

===== ENGINE SetCollisionGroup =====
ElapsedMs: 37328.560
Entity: It_1H_Longsword_01
ChangedEntityAddress: E6A19E10
PlayerSlotMatch: LEFT
PlayerAction: 1
PlayerAniPhase: 3
PlayerPrimaryPose: 2
PlayerStateTime: 0.541607
PlayerStatePosition: 0
PlayerCurrentMovementAni: Hero_Stand_1H_1H_P0_Attack_Hit_N_Fwd_00_%_00_P1_118_R.xmot
PlayerLeftItem: It_1H_Longsword_01
PlayerLeftItemAddress: E6A19E10
PlayerLeftUseType: 2
PlayerLeftCollisionGroup: 5
PlayerRightItem: It_1H_Longsword_01
PlayerRightItemAddress: E70E8610
PlayerRightUseType: 2
PlayerRightCollisionGroup: 5
RequestedGroup: 5
BeforeGroup: 7
AfterGroup: 5
Item_EquippedValue: 5
Item_AttackValue: 7
====================================

===== MARKER OWNERSHIP DECISION =====
ElapsedMs: 48194.657
Actor: Boar
CurrentMovementAni: Boar_Stand_None_Fist_P0_Attack_Hit_N_Fwd_00_%_00_P0_150.xmot
MatchingMotionFound: 1
FrameEffectCount: 3
ContainsReservedSourceMarker: 0
RequiredSourceMask: 0
AuthoredRIGHTMarkerCount: 0
FirstRIGHTMarkerFrame: -1
AuthoredLEFTMarkerCount: 0
FirstLEFTMarkerFrame: -1
AuthoredOFFMarkerCount: 0
FirstOFFMarkerFrame: -1
RightHandSourceResolved: 1
RightHandSource: Fist
RightHandSourceAddress: E7044E10
RightHandSourceUseType: 8
RightHandSourceCollisionGroup: 0
LeftHandSourceResolved: 0
Decision: LEGACY/NATIVE - call original timer callback
=====================================

===== ENGINE SetCollisionGroup =====
ElapsedMs: 48446.985
Entity: Fist
ChangedEntityAddress: E7044E10
PlayerSlotMatch: NONE
PlayerAction: 0
PlayerAniPhase: 8
PlayerPrimaryPose: 1
PlayerStateTime: 4.421933
PlayerStatePosition: 0
PlayerCurrentMovementAni: Hero_Stand_1H_1H_P0_Move_Walk_N_Fwd_00_%_00_P0_160.xmot
PlayerLeftItem: It_1H_Longsword_01
PlayerLeftItemAddress: E6A19E10
PlayerLeftUseType: 2
PlayerLeftCollisionGroup: 5
PlayerRightItem: It_1H_Longsword_01
PlayerRightItemAddress: E70E8610
PlayerRightUseType: 2
PlayerRightCollisionGroup: 5
RequestedGroup: 7
BeforeGroup: 0
AfterGroup: 0
Item_EquippedValue: 5
Item_AttackValue: 7
====================================

===== ENGINE SetCollisionGroup =====
ElapsedMs: 50125.616
Entity: Fist
ChangedEntityAddress: E7044E10
PlayerSlotMatch: NONE
PlayerAction: 0
PlayerAniPhase: 12
PlayerPrimaryPose: 1
PlayerStateTime: 6.096132
PlayerStatePosition: 0
PlayerCurrentMovementAni: Hero_Stand_1H_1H_P0_Move_Stand_N_Fwd_00_%_00_P0_0.xmot
PlayerLeftItem: It_1H_Longsword_01
PlayerLeftItemAddress: E6A19E10
PlayerLeftUseType: 2
PlayerLeftCollisionGroup: 5
PlayerRightItem: It_1H_Longsword_01
PlayerRightItemAddress: E70E8610
PlayerRightUseType: 2
PlayerRightCollisionGroup: 5
RequestedGroup: 7
BeforeGroup: 0
AfterGroup: 0
Item_EquippedValue: 5
Item_AttackValue: 7
====================================

===== ENGINE SetCollisionGroup =====
ElapsedMs: 51854.969
Entity: Fist
ChangedEntityAddress: E7044E10
PlayerSlotMatch: NONE
PlayerAction: 0
PlayerAniPhase: 5
PlayerPrimaryPose: 1
PlayerStateTime: 7.826544
PlayerStatePosition: 0
PlayerCurrentMovementAni: Hero_Stand_1H_1H_P0_Ambient_Loop_N_Fwd_00_%_00_P0_0.xmot
PlayerLeftItem: It_1H_Longsword_01
PlayerLeftItemAddress: E6A19E10
PlayerLeftUseType: 2
PlayerLeftCollisionGroup: 5
PlayerRightItem: It_1H_Longsword_01
PlayerRightItemAddress: E70E8610
PlayerRightUseType: 2
PlayerRightCollisionGroup: 5
RequestedGroup: 7
BeforeGroup: 0
AfterGroup: 0
Item_EquippedValue: 5
Item_AttackValue: 7
====================================

===== ENGINE SetCollisionGroup =====
ElapsedMs: 53579.957
Entity: Fist
ChangedEntityAddress: E7044E10
PlayerSlotMatch: NONE
PlayerAction: 0
PlayerAniPhase: 12
PlayerPrimaryPose: 1
PlayerStateTime: 9.551064
PlayerStatePosition: 0
PlayerCurrentMovementAni: Hero_Stand_1H_1H_P0_Move_Stand_N_Fwd_00_%_00_P0_0.xmot
PlayerLeftItem: It_1H_Longsword_01
PlayerLeftItemAddress: E6A19E10
PlayerLeftUseType: 2
PlayerLeftCollisionGroup: 5
PlayerRightItem: It_1H_Longsword_01
PlayerRightItemAddress: E70E8610
PlayerRightUseType: 2
PlayerRightCollisionGroup: 5
RequestedGroup: 7
BeforeGroup: 0
AfterGroup: 0
Item_EquippedValue: 5
Item_AttackValue: 7
====================================

===== G3AB_COL_LEFT_TEST RECEIVED =====
ElapsedMs: 54872.791
Actor: PC_Hero
Action: 1
AniPhase: 1
StateTime: 0.274995
StatePosition: 0
CurrentMovementAni: Hero_Stand_1H_1H_P0_Attack_Hit_N_Fwd_00_%_00_P1_118_R.xmot
MarkerOpcode: LEFT
RightHandSourceResolved: 1
RightHandSource: It_1H_Longsword_01
RightHandSourceAddress: E70E8610
RightHandSourceUseType: 2
RightHandSourceCollisionGroup: 5
LeftHandSourceResolved: 1
LeftHandSource: It_1H_Longsword_01
LeftHandSourceAddress: E6A19E10
LeftHandSourceUseType: 2
LeftHandSourceCollisionGroup: 5
===== ENGINE SetCollisionGroup =====
ElapsedMs: 54872.823
Entity: It_1H_Longsword_01
ChangedEntityAddress: E6A19E10
PlayerSlotMatch: LEFT
PlayerAction: 1
PlayerAniPhase: 1
PlayerPrimaryPose: 1
PlayerStateTime: 0.274995
PlayerStatePosition: 0
PlayerCurrentMovementAni: Hero_Stand_1H_1H_P0_Attack_Hit_N_Fwd_00_%_00_P1_118_R.xmot
PlayerLeftItem: It_1H_Longsword_01
PlayerLeftItemAddress: E6A19E10
PlayerLeftUseType: 2
PlayerLeftCollisionGroup: 7
PlayerRightItem: It_1H_Longsword_01
PlayerRightItemAddress: E70E8610
PlayerRightUseType: 2
PlayerRightCollisionGroup: 5
RequestedGroup: 7
BeforeGroup: 5
AfterGroup: 7
Item_EquippedValue: 5
Item_AttackValue: 7
====================================

MarkerAction: ACCEPTED
MarkerName: G3AB_COL_LEFT_TEST
MarkerOpcode: LEFT
AuthoredMarkerOccurrences: 1
AcceptedMarkerOccurrencesBefore: 0
AcceptedMarkerOccurrencesAfter: 1
ExecutionBudgetReset: 1
AuthoredMarkerFrame: 4
PreviousMarkerOwnedSourceMask: 0
DesiredMarkerOwnedSourceMask: 2
RetiredMarkerOwnedSourceMask: 0
RetiredSourceCount: 0
CollisionGroupBeforeMarker: 5
CollisionGroupAfterMarker: 7
ResolvedSourceUseTypeAtMarker: 2
SetCollisionGroupAction: REQUESTED_ITEM_ATTACK
TriggeredDamageList: CLEARED
Original StartEffect for marker: NOT CALLED
=================================

===== ENGINE SetCollisionGroup =====
ElapsedMs: 55143.928
Entity: It_1H_Longsword_01
ChangedEntityAddress: E6A19E10
PlayerSlotMatch: LEFT
PlayerAction: 1
PlayerAniPhase: 3
PlayerPrimaryPose: 2
PlayerStateTime: 0.535977
PlayerStatePosition: 0
PlayerCurrentMovementAni: Hero_Stand_1H_1H_P0_Attack_Hit_N_Fwd_00_%_00_P1_118_R.xmot
PlayerLeftItem: It_1H_Longsword_01
PlayerLeftItemAddress: E6A19E10
PlayerLeftUseType: 2
PlayerLeftCollisionGroup: 5
PlayerRightItem: It_1H_Longsword_01
PlayerRightItemAddress: E70E8610
PlayerRightUseType: 2
PlayerRightCollisionGroup: 5
RequestedGroup: 5
BeforeGroup: 7
AfterGroup: 5
Item_EquippedValue: 5
Item_AttackValue: 7
====================================

===== ENGINE SetCollisionGroup =====
ElapsedMs: 56154.533
Entity: Fist
ChangedEntityAddress: E7044E10
PlayerSlotMatch: NONE
PlayerAction: 0
PlayerAniPhase: 5
PlayerPrimaryPose: 2
PlayerStateTime: 1.005257
PlayerStatePosition: 0
PlayerCurrentMovementAni: Hero_Stand_1H_1H_P1_Ambient_Loop_N_Fwd_00_%_00_P1_0.xmot
PlayerLeftItem: It_1H_Longsword_01
PlayerLeftItemAddress: E6A19E10
PlayerLeftUseType: 2
PlayerLeftCollisionGroup: 5
PlayerRightItem: It_1H_Longsword_01
PlayerRightItemAddress: E70E8610
PlayerRightUseType: 2
PlayerRightCollisionGroup: 5
RequestedGroup: 7
BeforeGroup: 0
AfterGroup: 0
Item_EquippedValue: 5
Item_AttackValue: 7
====================================

===== MARKER OWNERSHIP DECISION =====
ElapsedMs: 57212.932
Actor: PC_Hero
CurrentMovementAni: Hero_Stand_1H_1H_P1_Attack_Hit_N_Fwd_00_%_00_P0_119_L.xmot
MatchingMotionFound: 1
FrameEffectCount: 2
ContainsReservedSourceMarker: 1
RequiredSourceMask: 2
AuthoredRIGHTMarkerCount: 0
FirstRIGHTMarkerFrame: -1
AuthoredLEFTMarkerCount: 1
FirstLEFTMarkerFrame: 4
AuthoredOFFMarkerCount: 0
FirstOFFMarkerFrame: -1
RightHandSourceResolved: 1
RightHandSource: It_1H_Longsword_01
RightHandSourceAddress: E70E8610
RightHandSourceUseType: 2
RightHandSourceCollisionGroup: 5
LeftHandSourceResolved: 1
LeftHandSource: It_1H_Longsword_01
LeftHandSourceAddress: E6A19E10
LeftHandSourceUseType: 2
LeftHandSourceCollisionGroup: 5
Decision: FRAME-CONTROLLED - suppress original timer callback
=====================================

===== G3AB_COL_LEFT_TEST RECEIVED =====
ElapsedMs: 57472.638
Actor: PC_Hero
Action: 1
AniPhase: 1
StateTime: 0.270291
StatePosition: 0
CurrentMovementAni: Hero_Stand_1H_1H_P1_Attack_Hit_N_Fwd_00_%_00_P0_119_L.xmot
MarkerOpcode: LEFT
RightHandSourceResolved: 1
RightHandSource: It_1H_Longsword_01
RightHandSourceAddress: E70E8610
RightHandSourceUseType: 2
RightHandSourceCollisionGroup: 5
LeftHandSourceResolved: 1
LeftHandSource: It_1H_Longsword_01
LeftHandSourceAddress: E6A19E10
LeftHandSourceUseType: 2
LeftHandSourceCollisionGroup: 5
===== ENGINE SetCollisionGroup =====
ElapsedMs: 57472.673
Entity: It_1H_Longsword_01
ChangedEntityAddress: E6A19E10
PlayerSlotMatch: LEFT
PlayerAction: 1
PlayerAniPhase: 1
PlayerPrimaryPose: 2
PlayerStateTime: 0.270291
PlayerStatePosition: 0
PlayerCurrentMovementAni: Hero_Stand_1H_1H_P1_Attack_Hit_N_Fwd_00_%_00_P0_119_L.xmot
PlayerLeftItem: It_1H_Longsword_01
PlayerLeftItemAddress: E6A19E10
PlayerLeftUseType: 2
PlayerLeftCollisionGroup: 7
PlayerRightItem: It_1H_Longsword_01
PlayerRightItemAddress: E70E8610
PlayerRightUseType: 2
PlayerRightCollisionGroup: 5
RequestedGroup: 7
BeforeGroup: 5
AfterGroup: 7
Item_EquippedValue: 5
Item_AttackValue: 7
====================================

MarkerAction: ACCEPTED
MarkerName: G3AB_COL_LEFT_TEST
MarkerOpcode: LEFT
AuthoredMarkerOccurrences: 1
AcceptedMarkerOccurrencesBefore: 0
AcceptedMarkerOccurrencesAfter: 1
ExecutionBudgetReset: 1
AuthoredMarkerFrame: 4
PreviousMarkerOwnedSourceMask: 0
DesiredMarkerOwnedSourceMask: 2
RetiredMarkerOwnedSourceMask: 0
RetiredSourceCount: 0
CollisionGroupBeforeMarker: 5
CollisionGroupAfterMarker: 7
ResolvedSourceUseTypeAtMarker: 2
SetCollisionGroupAction: REQUESTED_ITEM_ATTACK
TriggeredDamageList: CLEARED
Original StartEffect for marker: NOT CALLED
=================================

===== ENGINE SetCollisionGroup =====
ElapsedMs: 57753.420
Entity: It_1H_Longsword_01
ChangedEntityAddress: E6A19E10
PlayerSlotMatch: LEFT
PlayerAction: 1
PlayerAniPhase: 3
PlayerPrimaryPose: 1
PlayerStateTime: 0.541213
PlayerStatePosition: 0
PlayerCurrentMovementAni: Hero_Stand_1H_1H_P1_Attack_Hit_N_Fwd_00_%_00_P0_119_L.xmot
PlayerLeftItem: It_1H_Longsword_01
PlayerLeftItemAddress: E6A19E10
PlayerLeftUseType: 2
PlayerLeftCollisionGroup: 5
PlayerRightItem: It_1H_Longsword_01
PlayerRightItemAddress: E70E8610
PlayerRightUseType: 2
PlayerRightCollisionGroup: 5
RequestedGroup: 5
BeforeGroup: 7
AfterGroup: 5
Item_EquippedValue: 5
Item_AttackValue: 7
====================================

===== ENGINE SetCollisionGroup =====
ElapsedMs: 58825.808
Entity: Fist
ChangedEntityAddress: E7044E10
PlayerSlotMatch: NONE
PlayerAction: 0
PlayerAniPhase: 8
PlayerPrimaryPose: 1
PlayerStateTime: 1.066548
PlayerStatePosition: 0
PlayerCurrentMovementAni: Hero_Stand_1H_1H_P0_Move_Walk_N_Fwd_00_%_00_P0_160.xmot
PlayerLeftItem: It_1H_Longsword_01
PlayerLeftItemAddress: E6A19E10
PlayerLeftUseType: 2
PlayerLeftCollisionGroup: 5
PlayerRightItem: It_1H_Longsword_01
PlayerRightItemAddress: E70E8610
PlayerRightUseType: 2
PlayerRightCollisionGroup: 5
RequestedGroup: 7
BeforeGroup: 0
AfterGroup: 0
Item_EquippedValue: 5
Item_AttackValue: 7
====================================

===== MARKER OWNERSHIP DECISION =====
ElapsedMs: 59709.133
Actor: PC_Hero
CurrentMovementAni: Hero_Stand_1H_1H_P0_Attack_Hit_N_Fwd_00_%_00_P1_118_R.xmot
MatchingMotionFound: 1
FrameEffectCount: 2
ContainsReservedSourceMarker: 1
RequiredSourceMask: 2
AuthoredRIGHTMarkerCount: 0
FirstRIGHTMarkerFrame: -1
AuthoredLEFTMarkerCount: 1
FirstLEFTMarkerFrame: 4
AuthoredOFFMarkerCount: 0
FirstOFFMarkerFrame: -1
RightHandSourceResolved: 1
RightHandSource: It_1H_Longsword_01
RightHandSourceAddress: E70E8610
RightHandSourceUseType: 2
RightHandSourceCollisionGroup: 5
LeftHandSourceResolved: 1
LeftHandSource: It_1H_Longsword_01
LeftHandSourceAddress: E6A19E10
LeftHandSourceUseType: 2
LeftHandSourceCollisionGroup: 5
Decision: FRAME-CONTROLLED - suppress original timer callback
=====================================

===== G3AB_COL_LEFT_TEST RECEIVED =====
ElapsedMs: 59969.395
Actor: PC_Hero
Action: 1
AniPhase: 1
StateTime: 0.272391
StatePosition: 0
CurrentMovementAni: Hero_Stand_1H_1H_P0_Attack_Hit_N_Fwd_00_%_00_P1_118_R.xmot
MarkerOpcode: LEFT
RightHandSourceResolved: 1
RightHandSource: It_1H_Longsword_01
RightHandSourceAddress: E70E8610
RightHandSourceUseType: 2
RightHandSourceCollisionGroup: 5
LeftHandSourceResolved: 1
LeftHandSource: It_1H_Longsword_01
LeftHandSourceAddress: E6A19E10
LeftHandSourceUseType: 2
LeftHandSourceCollisionGroup: 5
===== ENGINE SetCollisionGroup =====
ElapsedMs: 59969.427
Entity: It_1H_Longsword_01
ChangedEntityAddress: E6A19E10
PlayerSlotMatch: LEFT
PlayerAction: 1
PlayerAniPhase: 1
PlayerPrimaryPose: 1
PlayerStateTime: 0.272391
PlayerStatePosition: 0
PlayerCurrentMovementAni: Hero_Stand_1H_1H_P0_Attack_Hit_N_Fwd_00_%_00_P1_118_R.xmot
PlayerLeftItem: It_1H_Longsword_01
PlayerLeftItemAddress: E6A19E10
PlayerLeftUseType: 2
PlayerLeftCollisionGroup: 7
PlayerRightItem: It_1H_Longsword_01
PlayerRightItemAddress: E70E8610
PlayerRightUseType: 2
PlayerRightCollisionGroup: 5
RequestedGroup: 7
BeforeGroup: 5
AfterGroup: 7
Item_EquippedValue: 5
Item_AttackValue: 7
====================================

MarkerAction: ACCEPTED
MarkerName: G3AB_COL_LEFT_TEST
MarkerOpcode: LEFT
AuthoredMarkerOccurrences: 1
AcceptedMarkerOccurrencesBefore: 0
AcceptedMarkerOccurrencesAfter: 1
ExecutionBudgetReset: 1
AuthoredMarkerFrame: 4
PreviousMarkerOwnedSourceMask: 0
DesiredMarkerOwnedSourceMask: 2
RetiredMarkerOwnedSourceMask: 0
RetiredSourceCount: 0
CollisionGroupBeforeMarker: 5
CollisionGroupAfterMarker: 7
ResolvedSourceUseTypeAtMarker: 2
SetCollisionGroupAction: REQUESTED_ITEM_ATTACK
TriggeredDamageList: CLEARED
Original StartEffect for marker: NOT CALLED
=================================

===== ENGINE SetCollisionGroup =====
ElapsedMs: 60244.986
Entity: It_1H_Longsword_01
ChangedEntityAddress: E6A19E10
PlayerSlotMatch: LEFT
PlayerAction: 1
PlayerAniPhase: 3
PlayerPrimaryPose: 2
PlayerStateTime: 0.538375
PlayerStatePosition: 0
PlayerCurrentMovementAni: Hero_Stand_1H_1H_P0_Attack_Hit_N_Fwd_00_%_00_P1_118_R.xmot
PlayerLeftItem: It_1H_Longsword_01
PlayerLeftItemAddress: E6A19E10
PlayerLeftUseType: 2
PlayerLeftCollisionGroup: 5
PlayerRightItem: It_1H_Longsword_01
PlayerRightItemAddress: E70E8610
PlayerRightUseType: 2
PlayerRightCollisionGroup: 5
RequestedGroup: 5
BeforeGroup: 7
AfterGroup: 5
Item_EquippedValue: 5
Item_AttackValue: 7
====================================

===== ENGINE SetCollisionGroup =====
ElapsedMs: 61176.120
Entity: Fist
ChangedEntityAddress: E7044E10
PlayerSlotMatch: NONE
PlayerAction: 0
PlayerAniPhase: 8
PlayerPrimaryPose: 2
PlayerStateTime: 0.924915
PlayerStatePosition: 0
PlayerCurrentMovementAni: Hero_Stand_1H_1H_P1_Move_Walk_N_Fwd_00_%_00_P1_160.xmot
PlayerLeftItem: It_1H_Longsword_01
PlayerLeftItemAddress: E6A19E10
PlayerLeftUseType: 2
PlayerLeftCollisionGroup: 5
PlayerRightItem: It_1H_Longsword_01
PlayerRightItemAddress: E70E8610
PlayerRightUseType: 2
PlayerRightCollisionGroup: 5
RequestedGroup: 7
BeforeGroup: 0
AfterGroup: 0
Item_EquippedValue: 5
Item_AttackValue: 7
====================================

===== MARKER OWNERSHIP DECISION =====
ElapsedMs: 62484.017
Actor: PC_Hero
CurrentMovementAni: Hero_Stand_1H_1H_P1_Attack_Hit_N_Fwd_00_%_00_P0_119_L.xmot
MatchingMotionFound: 1
FrameEffectCount: 2
ContainsReservedSourceMarker: 1
RequiredSourceMask: 2
AuthoredRIGHTMarkerCount: 0
FirstRIGHTMarkerFrame: -1
AuthoredLEFTMarkerCount: 1
FirstLEFTMarkerFrame: 4
AuthoredOFFMarkerCount: 0
FirstOFFMarkerFrame: -1
RightHandSourceResolved: 1
RightHandSource: It_1H_Longsword_01
RightHandSourceAddress: E70E8610
RightHandSourceUseType: 2
RightHandSourceCollisionGroup: 5
LeftHandSourceResolved: 1
LeftHandSource: It_1H_Longsword_01
LeftHandSourceAddress: E6A19E10
LeftHandSourceUseType: 2
LeftHandSourceCollisionGroup: 5
Decision: FRAME-CONTROLLED - suppress original timer callback
=====================================

===== G3AB_COL_LEFT_TEST RECEIVED =====
ElapsedMs: 62746.105
Actor: PC_Hero
Action: 1
AniPhase: 1
StateTime: 0.272198
StatePosition: 0
CurrentMovementAni: Hero_Stand_1H_1H_P1_Attack_Hit_N_Fwd_00_%_00_P0_119_L.xmot
MarkerOpcode: LEFT
RightHandSourceResolved: 1
RightHandSource: It_1H_Longsword_01
RightHandSourceAddress: E70E8610
RightHandSourceUseType: 2
RightHandSourceCollisionGroup: 5
LeftHandSourceResolved: 1
LeftHandSource: It_1H_Longsword_01
LeftHandSourceAddress: E6A19E10
LeftHandSourceUseType: 2
LeftHandSourceCollisionGroup: 5
===== ENGINE SetCollisionGroup =====
ElapsedMs: 62746.139
Entity: It_1H_Longsword_01
ChangedEntityAddress: E6A19E10
PlayerSlotMatch: LEFT
PlayerAction: 1
PlayerAniPhase: 1
PlayerPrimaryPose: 2
PlayerStateTime: 0.272198
PlayerStatePosition: 0
PlayerCurrentMovementAni: Hero_Stand_1H_1H_P1_Attack_Hit_N_Fwd_00_%_00_P0_119_L.xmot
PlayerLeftItem: It_1H_Longsword_01
PlayerLeftItemAddress: E6A19E10
PlayerLeftUseType: 2
PlayerLeftCollisionGroup: 7
PlayerRightItem: It_1H_Longsword_01
PlayerRightItemAddress: E70E8610
PlayerRightUseType: 2
PlayerRightCollisionGroup: 5
RequestedGroup: 7
BeforeGroup: 5
AfterGroup: 7
Item_EquippedValue: 5
Item_AttackValue: 7
====================================

MarkerAction: ACCEPTED
MarkerName: G3AB_COL_LEFT_TEST
MarkerOpcode: LEFT
AuthoredMarkerOccurrences: 1
AcceptedMarkerOccurrencesBefore: 0
AcceptedMarkerOccurrencesAfter: 1
ExecutionBudgetReset: 1
AuthoredMarkerFrame: 4
PreviousMarkerOwnedSourceMask: 0
DesiredMarkerOwnedSourceMask: 2
RetiredMarkerOwnedSourceMask: 0
RetiredSourceCount: 0
CollisionGroupBeforeMarker: 5
CollisionGroupAfterMarker: 7
ResolvedSourceUseTypeAtMarker: 2
SetCollisionGroupAction: REQUESTED_ITEM_ATTACK
TriggeredDamageList: CLEARED
Original StartEffect for marker: NOT CALLED
=================================

===== ENGINE SetCollisionGroup =====
ElapsedMs: 63019.257
Entity: It_1H_Longsword_01
ChangedEntityAddress: E6A19E10
PlayerSlotMatch: LEFT
PlayerAction: 1
PlayerAniPhase: 3
PlayerPrimaryPose: 1
PlayerStateTime: 0.537735
PlayerStatePosition: 0
PlayerCurrentMovementAni: Hero_Stand_1H_1H_P1_Attack_Hit_N_Fwd_00_%_00_P0_119_L.xmot
PlayerLeftItem: It_1H_Longsword_01
PlayerLeftItemAddress: E6A19E10
PlayerLeftUseType: 2
PlayerLeftCollisionGroup: 5
PlayerRightItem: It_1H_Longsword_01
PlayerRightItemAddress: E70E8610
PlayerRightUseType: 2
PlayerRightCollisionGroup: 5
RequestedGroup: 5
BeforeGroup: 7
AfterGroup: 5
Item_EquippedValue: 5
Item_AttackValue: 7
====================================

===== MARKER OWNERSHIP DECISION =====
ElapsedMs: 74092.954
Actor: PC_Hero
CurrentMovementAni: Hero_Stand_1H_1H_P0_Attack_Hit_N_Fwd_00_%_00_P1_118_R.xmot
MatchingMotionFound: 1
FrameEffectCount: 2
ContainsReservedSourceMarker: 1
RequiredSourceMask: 2
AuthoredRIGHTMarkerCount: 0
FirstRIGHTMarkerFrame: -1
AuthoredLEFTMarkerCount: 1
FirstLEFTMarkerFrame: 4
AuthoredOFFMarkerCount: 0
FirstOFFMarkerFrame: -1
RightHandSourceResolved: 1
RightHandSource: It_1H_Longsword_01
RightHandSourceAddress: E70E8610
RightHandSourceUseType: 2
RightHandSourceCollisionGroup: 5
LeftHandSourceResolved: 1
LeftHandSource: It_1H_Longsword_01
LeftHandSourceAddress: E6A19E10
LeftHandSourceUseType: 2
LeftHandSourceCollisionGroup: 5
Decision: FRAME-CONTROLLED - suppress original timer callback
=====================================

===== G3AB_COL_LEFT_TEST RECEIVED =====
ElapsedMs: 74356.782
Actor: PC_Hero
Action: 1
AniPhase: 1
StateTime: 0.276471
StatePosition: 0
CurrentMovementAni: Hero_Stand_1H_1H_P0_Attack_Hit_N_Fwd_00_%_00_P1_118_R.xmot
MarkerOpcode: LEFT
RightHandSourceResolved: 1
RightHandSource: It_1H_Longsword_01
RightHandSourceAddress: E70E8610
RightHandSourceUseType: 2
RightHandSourceCollisionGroup: 5
LeftHandSourceResolved: 1
LeftHandSource: It_1H_Longsword_01
LeftHandSourceAddress: E6A19E10
LeftHandSourceUseType: 2
LeftHandSourceCollisionGroup: 5
===== ENGINE SetCollisionGroup =====
ElapsedMs: 74356.817
Entity: It_1H_Longsword_01
ChangedEntityAddress: E6A19E10
PlayerSlotMatch: LEFT
PlayerAction: 1
PlayerAniPhase: 1
PlayerPrimaryPose: 1
PlayerStateTime: 0.276471
PlayerStatePosition: 0
PlayerCurrentMovementAni: Hero_Stand_1H_1H_P0_Attack_Hit_N_Fwd_00_%_00_P1_118_R.xmot
PlayerLeftItem: It_1H_Longsword_01
PlayerLeftItemAddress: E6A19E10
PlayerLeftUseType: 2
PlayerLeftCollisionGroup: 7
PlayerRightItem: It_1H_Longsword_01
PlayerRightItemAddress: E70E8610
PlayerRightUseType: 2
PlayerRightCollisionGroup: 5
RequestedGroup: 7
BeforeGroup: 5
AfterGroup: 7
Item_EquippedValue: 5
Item_AttackValue: 7
====================================

MarkerAction: ACCEPTED
MarkerName: G3AB_COL_LEFT_TEST
MarkerOpcode: LEFT
AuthoredMarkerOccurrences: 1
AcceptedMarkerOccurrencesBefore: 0
AcceptedMarkerOccurrencesAfter: 1
ExecutionBudgetReset: 1
AuthoredMarkerFrame: 4
PreviousMarkerOwnedSourceMask: 0
DesiredMarkerOwnedSourceMask: 2
RetiredMarkerOwnedSourceMask: 0
RetiredSourceCount: 0
CollisionGroupBeforeMarker: 5
CollisionGroupAfterMarker: 7
ResolvedSourceUseTypeAtMarker: 2
SetCollisionGroupAction: REQUESTED_ITEM_ATTACK
TriggeredDamageList: CLEARED
Original StartEffect for marker: NOT CALLED
=================================

===== ENGINE SetCollisionGroup =====
ElapsedMs: 74629.108
Entity: It_1H_Longsword_01
ChangedEntityAddress: E6A19E10
PlayerSlotMatch: LEFT
PlayerAction: 1
PlayerAniPhase: 3
PlayerPrimaryPose: 2
PlayerStateTime: 0.540404
PlayerStatePosition: 0
PlayerCurrentMovementAni: Hero_Stand_1H_1H_P0_Attack_Hit_N_Fwd_00_%_00_P1_118_R.xmot
PlayerLeftItem: It_1H_Longsword_01
PlayerLeftItemAddress: E6A19E10
PlayerLeftUseType: 2
PlayerLeftCollisionGroup: 5
PlayerRightItem: It_1H_Longsword_01
PlayerRightItemAddress: E70E8610
PlayerRightUseType: 2
PlayerRightCollisionGroup: 5
RequestedGroup: 5
BeforeGroup: 7
AfterGroup: 5
Item_EquippedValue: 5
Item_AttackValue: 7
====================================

===== MARKER OWNERSHIP DECISION =====
ElapsedMs: 76228.445
Actor: Wolf
CurrentMovementAni: Wolf_Stand_None_Fist_P0_Attack_Hit_N_Fwd_00_%_00_P0_200_L.xmot
MatchingMotionFound: 1
FrameEffectCount: 2
ContainsReservedSourceMarker: 0
RequiredSourceMask: 0
AuthoredRIGHTMarkerCount: 0
FirstRIGHTMarkerFrame: -1
AuthoredLEFTMarkerCount: 0
FirstLEFTMarkerFrame: -1
AuthoredOFFMarkerCount: 0
FirstOFFMarkerFrame: -1
RightHandSourceResolved: 1
RightHandSource: Fist
RightHandSourceAddress: E7052A10
RightHandSourceUseType: 8
RightHandSourceCollisionGroup: 0
LeftHandSourceResolved: 0
Decision: LEGACY/NATIVE - call original timer callback
=====================================

===== ENGINE SetCollisionGroup =====
ElapsedMs: 76493.606
Entity: Fist
ChangedEntityAddress: E7052A10
PlayerSlotMatch: NONE
PlayerAction: 0
PlayerAniPhase: 12
PlayerPrimaryPose: 2
PlayerStateTime: 1.866087
PlayerStatePosition: 0
PlayerCurrentMovementAni: Hero_Stand_1H_1H_P1_Move_Stand_N_Fwd_00_%_00_P1_0.xmot
PlayerLeftItem: It_1H_Longsword_01
PlayerLeftItemAddress: E6A19E10
PlayerLeftUseType: 2
PlayerLeftCollisionGroup: 5
PlayerRightItem: It_1H_Longsword_01
PlayerRightItemAddress: E70E8610
PlayerRightUseType: 2
PlayerRightCollisionGroup: 5
RequestedGroup: 7
BeforeGroup: 0
AfterGroup: 0
Item_EquippedValue: 5
Item_AttackValue: 7
====================================

===== MARKER OWNERSHIP DECISION =====
ElapsedMs: 76560.808
Actor: PC_Hero
CurrentMovementAni: Hero_Stand_1H_1H_P1_Attack_Hit_N_Fwd_00_%_00_P0_119_L.xmot
MatchingMotionFound: 1
FrameEffectCount: 2
ContainsReservedSourceMarker: 1
RequiredSourceMask: 2
AuthoredRIGHTMarkerCount: 0
FirstRIGHTMarkerFrame: -1
AuthoredLEFTMarkerCount: 1
FirstLEFTMarkerFrame: 4
AuthoredOFFMarkerCount: 0
FirstOFFMarkerFrame: -1
RightHandSourceResolved: 1
RightHandSource: It_1H_Longsword_01
RightHandSourceAddress: E70E8610
RightHandSourceUseType: 2
RightHandSourceCollisionGroup: 5
LeftHandSourceResolved: 1
LeftHandSource: It_1H_Longsword_01
LeftHandSourceAddress: E6A19E10
LeftHandSourceUseType: 2
LeftHandSourceCollisionGroup: 5
Decision: FRAME-CONTROLLED - suppress original timer callback
=====================================

===== G3AB_COL_LEFT_TEST RECEIVED =====
ElapsedMs: 76818.272
Actor: PC_Hero
Action: 1
AniPhase: 1
StateTime: 0.267260
StatePosition: 0
CurrentMovementAni: Hero_Stand_1H_1H_P1_Attack_Hit_N_Fwd_00_%_00_P0_119_L.xmot
MarkerOpcode: LEFT
RightHandSourceResolved: 1
RightHandSource: It_1H_Longsword_01
RightHandSourceAddress: E70E8610
RightHandSourceUseType: 2
RightHandSourceCollisionGroup: 5
LeftHandSourceResolved: 1
LeftHandSource: It_1H_Longsword_01
LeftHandSourceAddress: E6A19E10
LeftHandSourceUseType: 2
LeftHandSourceCollisionGroup: 5
===== ENGINE SetCollisionGroup =====
ElapsedMs: 76818.305
Entity: It_1H_Longsword_01
ChangedEntityAddress: E6A19E10
PlayerSlotMatch: LEFT
PlayerAction: 1
PlayerAniPhase: 1
PlayerPrimaryPose: 2
PlayerStateTime: 0.267260
PlayerStatePosition: 0
PlayerCurrentMovementAni: Hero_Stand_1H_1H_P1_Attack_Hit_N_Fwd_00_%_00_P0_119_L.xmot
PlayerLeftItem: It_1H_Longsword_01
PlayerLeftItemAddress: E6A19E10
PlayerLeftUseType: 2
PlayerLeftCollisionGroup: 7
PlayerRightItem: It_1H_Longsword_01
PlayerRightItemAddress: E70E8610
PlayerRightUseType: 2
PlayerRightCollisionGroup: 5
RequestedGroup: 7
BeforeGroup: 5
AfterGroup: 7
Item_EquippedValue: 5
Item_AttackValue: 7
====================================

MarkerAction: ACCEPTED
MarkerName: G3AB_COL_LEFT_TEST
MarkerOpcode: LEFT
AuthoredMarkerOccurrences: 1
AcceptedMarkerOccurrencesBefore: 0
AcceptedMarkerOccurrencesAfter: 1
ExecutionBudgetReset: 1
AuthoredMarkerFrame: 4
PreviousMarkerOwnedSourceMask: 0
DesiredMarkerOwnedSourceMask: 2
RetiredMarkerOwnedSourceMask: 0
RetiredSourceCount: 0
CollisionGroupBeforeMarker: 5
CollisionGroupAfterMarker: 7
ResolvedSourceUseTypeAtMarker: 2
SetCollisionGroupAction: REQUESTED_ITEM_ATTACK
TriggeredDamageList: CLEARED
Original StartEffect for marker: NOT CALLED
=================================

===== ENGINE SetCollisionGroup =====
ElapsedMs: 77096.165
Entity: It_1H_Longsword_01
ChangedEntityAddress: E6A19E10
PlayerSlotMatch: LEFT
PlayerAction: 1
PlayerAniPhase: 3
PlayerPrimaryPose: 1
PlayerStateTime: 0.538458
PlayerStatePosition: 0
PlayerCurrentMovementAni: Hero_Stand_1H_1H_P1_Attack_Hit_N_Fwd_00_%_00_P0_119_L.xmot
PlayerLeftItem: It_1H_Longsword_01
PlayerLeftItemAddress: E6A19E10
PlayerLeftUseType: 2
PlayerLeftCollisionGroup: 5
PlayerRightItem: It_1H_Longsword_01
PlayerRightItemAddress: E70E8610
PlayerRightUseType: 2
PlayerRightCollisionGroup: 5
RequestedGroup: 5
BeforeGroup: 7
AfterGroup: 5
Item_EquippedValue: 5
Item_AttackValue: 7
====================================

===== ENGINE SetCollisionGroup =====
ElapsedMs: 78075.318
Entity: Fist
ChangedEntityAddress: E7052A10
PlayerSlotMatch: NONE
PlayerAction: 0
PlayerAniPhase: 8
PlayerPrimaryPose: 1
PlayerStateTime: 0.974841
PlayerStatePosition: 0
PlayerCurrentMovementAni: Hero_Stand_1H_1H_P0_Move_Walk_N_Fwd_00_%_00_P0_160.xmot
PlayerLeftItem: It_1H_Longsword_01
PlayerLeftItemAddress: E6A19E10
PlayerLeftUseType: 2
PlayerLeftCollisionGroup: 5
PlayerRightItem: It_1H_Longsword_01
PlayerRightItemAddress: E70E8610
PlayerRightUseType: 2
PlayerRightCollisionGroup: 5
RequestedGroup: 7
BeforeGroup: 0
AfterGroup: 0
Item_EquippedValue: 5
Item_AttackValue: 7
====================================

===== MARKER OWNERSHIP DECISION =====
ElapsedMs: 78905.143
Actor: PC_Hero
CurrentMovementAni: Hero_Stand_1H_1H_P0_Attack_Hit_N_Fwd_00_%_00_P1_118_R.xmot
MatchingMotionFound: 1
FrameEffectCount: 2
ContainsReservedSourceMarker: 1
RequiredSourceMask: 2
AuthoredRIGHTMarkerCount: 0
FirstRIGHTMarkerFrame: -1
AuthoredLEFTMarkerCount: 1
FirstLEFTMarkerFrame: 4
AuthoredOFFMarkerCount: 0
FirstOFFMarkerFrame: -1
RightHandSourceResolved: 1
RightHandSource: It_1H_Longsword_01
RightHandSourceAddress: E70E8610
RightHandSourceUseType: 2
RightHandSourceCollisionGroup: 5
LeftHandSourceResolved: 1
LeftHandSource: It_1H_Longsword_01
LeftHandSourceAddress: E6A19E10
LeftHandSourceUseType: 2
LeftHandSourceCollisionGroup: 5
Decision: FRAME-CONTROLLED - suppress original timer callback
=====================================

===== G3AB_COL_LEFT_TEST RECEIVED =====
ElapsedMs: 79163.755
Actor: PC_Hero
Action: 1
AniPhase: 1
StateTime: 0.269614
StatePosition: 0
CurrentMovementAni: Hero_Stand_1H_1H_P0_Attack_Hit_N_Fwd_00_%_00_P1_118_R.xmot
MarkerOpcode: LEFT
RightHandSourceResolved: 1
RightHandSource: It_1H_Longsword_01
RightHandSourceAddress: E70E8610
RightHandSourceUseType: 2
RightHandSourceCollisionGroup: 5
LeftHandSourceResolved: 1
LeftHandSource: It_1H_Longsword_01
LeftHandSourceAddress: E6A19E10
LeftHandSourceUseType: 2
LeftHandSourceCollisionGroup: 5
===== ENGINE SetCollisionGroup =====
ElapsedMs: 79163.787
Entity: It_1H_Longsword_01
ChangedEntityAddress: E6A19E10
PlayerSlotMatch: LEFT
PlayerAction: 1
PlayerAniPhase: 1
PlayerPrimaryPose: 1
PlayerStateTime: 0.269614
PlayerStatePosition: 0
PlayerCurrentMovementAni: Hero_Stand_1H_1H_P0_Attack_Hit_N_Fwd_00_%_00_P1_118_R.xmot
PlayerLeftItem: It_1H_Longsword_01
PlayerLeftItemAddress: E6A19E10
PlayerLeftUseType: 2
PlayerLeftCollisionGroup: 7
PlayerRightItem: It_1H_Longsword_01
PlayerRightItemAddress: E70E8610
PlayerRightUseType: 2
PlayerRightCollisionGroup: 5
RequestedGroup: 7
BeforeGroup: 5
AfterGroup: 7
Item_EquippedValue: 5
Item_AttackValue: 7
====================================

MarkerAction: ACCEPTED
MarkerName: G3AB_COL_LEFT_TEST
MarkerOpcode: LEFT
AuthoredMarkerOccurrences: 1
AcceptedMarkerOccurrencesBefore: 0
AcceptedMarkerOccurrencesAfter: 1
ExecutionBudgetReset: 1
AuthoredMarkerFrame: 4
PreviousMarkerOwnedSourceMask: 0
DesiredMarkerOwnedSourceMask: 2
RetiredMarkerOwnedSourceMask: 0
RetiredSourceCount: 0
CollisionGroupBeforeMarker: 5
CollisionGroupAfterMarker: 7
ResolvedSourceUseTypeAtMarker: 2
SetCollisionGroupAction: REQUESTED_ITEM_ATTACK
TriggeredDamageList: CLEARED
Original StartEffect for marker: NOT CALLED
=================================

===== ENGINE SetCollisionGroup =====
ElapsedMs: 79443.737
Entity: It_1H_Longsword_01
ChangedEntityAddress: E6A19E10
PlayerSlotMatch: LEFT
PlayerAction: 1
PlayerAniPhase: 3
PlayerPrimaryPose: 2
PlayerStateTime: 0.539212
PlayerStatePosition: 0
PlayerCurrentMovementAni: Hero_Stand_1H_1H_P0_Attack_Hit_N_Fwd_00_%_00_P1_118_R.xmot
PlayerLeftItem: It_1H_Longsword_01
PlayerLeftItemAddress: E6A19E10
PlayerLeftUseType: 2
PlayerLeftCollisionGroup: 5
PlayerRightItem: It_1H_Longsword_01
PlayerRightItemAddress: E70E8610
PlayerRightUseType: 2
PlayerRightCollisionGroup: 5
RequestedGroup: 5
BeforeGroup: 7
AfterGroup: 5
Item_EquippedValue: 5
Item_AttackValue: 7
====================================

===== ENGINE SetCollisionGroup =====
ElapsedMs: 80177.611
Entity: Fist
ChangedEntityAddress: E7052A10
PlayerSlotMatch: NONE
PlayerAction: 0
PlayerAniPhase: 8
PlayerPrimaryPose: 2
PlayerStateTime: 0.724911
PlayerStatePosition: 0
PlayerCurrentMovementAni: Hero_Stand_1H_1H_P1_Move_Walk_N_Fwd_00_%_00_P1_160.xmot
PlayerLeftItem: It_1H_Longsword_01
PlayerLeftItemAddress: E6A19E10
PlayerLeftUseType: 2
PlayerLeftCollisionGroup: 5
PlayerRightItem: It_1H_Longsword_01
PlayerRightItemAddress: E70E8610
PlayerRightUseType: 2
PlayerRightCollisionGroup: 5
RequestedGroup: 7
BeforeGroup: 0
AfterGroup: 0
Item_EquippedValue: 5
Item_AttackValue: 7
====================================

===== MARKER OWNERSHIP DECISION =====
ElapsedMs: 80898.433
Actor: PC_Hero
CurrentMovementAni: Hero_Stand_1H_1H_P1_Attack_Hit_N_Fwd_00_%_00_P0_119_L.xmot
MatchingMotionFound: 1
FrameEffectCount: 2
ContainsReservedSourceMarker: 1
RequiredSourceMask: 2
AuthoredRIGHTMarkerCount: 0
FirstRIGHTMarkerFrame: -1
AuthoredLEFTMarkerCount: 1
FirstLEFTMarkerFrame: 4
AuthoredOFFMarkerCount: 0
FirstOFFMarkerFrame: -1
RightHandSourceResolved: 1
RightHandSource: It_1H_Longsword_01
RightHandSourceAddress: E70E8610
RightHandSourceUseType: 2
RightHandSourceCollisionGroup: 5
LeftHandSourceResolved: 1
LeftHandSource: It_1H_Longsword_01
LeftHandSourceAddress: E6A19E10
LeftHandSourceUseType: 2
LeftHandSourceCollisionGroup: 5
Decision: FRAME-CONTROLLED - suppress original timer callback
=====================================

===== G3AB_COL_LEFT_TEST RECEIVED =====
ElapsedMs: 81161.143
Actor: PC_Hero
Action: 1
AniPhase: 1
StateTime: 0.273936
StatePosition: 0
CurrentMovementAni: Hero_Stand_1H_1H_P1_Attack_Hit_N_Fwd_00_%_00_P0_119_L.xmot
MarkerOpcode: LEFT
RightHandSourceResolved: 1
RightHandSource: It_1H_Longsword_01
RightHandSourceAddress: E70E8610
RightHandSourceUseType: 2
RightHandSourceCollisionGroup: 5
LeftHandSourceResolved: 1
LeftHandSource: It_1H_Longsword_01
LeftHandSourceAddress: E6A19E10
LeftHandSourceUseType: 2
LeftHandSourceCollisionGroup: 5
===== ENGINE SetCollisionGroup =====
ElapsedMs: 81161.177
Entity: It_1H_Longsword_01
ChangedEntityAddress: E6A19E10
PlayerSlotMatch: LEFT
PlayerAction: 1
PlayerAniPhase: 1
PlayerPrimaryPose: 2
PlayerStateTime: 0.273936
PlayerStatePosition: 0
PlayerCurrentMovementAni: Hero_Stand_1H_1H_P1_Attack_Hit_N_Fwd_00_%_00_P0_119_L.xmot
PlayerLeftItem: It_1H_Longsword_01
PlayerLeftItemAddress: E6A19E10
PlayerLeftUseType: 2
PlayerLeftCollisionGroup: 7
PlayerRightItem: It_1H_Longsword_01
PlayerRightItemAddress: E70E8610
PlayerRightUseType: 2
PlayerRightCollisionGroup: 5
RequestedGroup: 7
BeforeGroup: 5
AfterGroup: 7
Item_EquippedValue: 5
Item_AttackValue: 7
====================================

MarkerAction: ACCEPTED
MarkerName: G3AB_COL_LEFT_TEST
MarkerOpcode: LEFT
AuthoredMarkerOccurrences: 1
AcceptedMarkerOccurrencesBefore: 0
AcceptedMarkerOccurrencesAfter: 1
ExecutionBudgetReset: 1
AuthoredMarkerFrame: 4
PreviousMarkerOwnedSourceMask: 0
DesiredMarkerOwnedSourceMask: 2
RetiredMarkerOwnedSourceMask: 0
RetiredSourceCount: 0
CollisionGroupBeforeMarker: 5
CollisionGroupAfterMarker: 7
ResolvedSourceUseTypeAtMarker: 2
SetCollisionGroupAction: REQUESTED_ITEM_ATTACK
TriggeredDamageList: CLEARED
Original StartEffect for marker: NOT CALLED
=================================

===== ENGINE SetCollisionGroup =====
ElapsedMs: 81435.082
Entity: It_1H_Longsword_01
ChangedEntityAddress: E6A19E10
PlayerSlotMatch: LEFT
PlayerAction: 1
PlayerAniPhase: 3
PlayerPrimaryPose: 1
PlayerStateTime: 0.536896
PlayerStatePosition: 0
PlayerCurrentMovementAni: Hero_Stand_1H_1H_P1_Attack_Hit_N_Fwd_00_%_00_P0_119_L.xmot
PlayerLeftItem: It_1H_Longsword_01
PlayerLeftItemAddress: E6A19E10
PlayerLeftUseType: 2
PlayerLeftCollisionGroup: 5
PlayerRightItem: It_1H_Longsword_01
PlayerRightItemAddress: E70E8610
PlayerRightUseType: 2
PlayerRightCollisionGroup: 5
RequestedGroup: 5
BeforeGroup: 7
AfterGroup: 5
Item_EquippedValue: 5
Item_AttackValue: 7
====================================

Script_FrameCollisionTest unloading.
