Script_FrameCollisionTest v0.11 loaded.
GENERALIZED ACTOR / WEAPON-SLOT PROTOTYPE.
NO IsPlayer restriction.
NO 2H / Staff / 1H use-type restriction.
NO P0/P1/P2 restriction.
Normal eligibility: current animation contains _Attack_Hit_ and G3AB_COL_TEST.
Quick eligibility: OnAI_QuickAttack + exact Quick/QuickR/QuickL action + Hit phase + G3AB_COL_TEST.
Accepted Quick marker completes one-shot callback bookkeeping: StatePosition -> 1.
FIST CAUSAL TEST: raw Fist/PhysicalFist skips SetCollisionGroup(Item_Attack).
FIST CAUSAL TEST: ClearTriggeredList remains active.
Prototype source resolver: current actor RIGHT-HAND equipped item.
If a marked animation has no right-hand item, its original attack callback is NOT suppressed.
This protects unarmed/monster attacks until body-source resolution is implemented.
Marker action: non-Fist -> Item_Attack + ClearTriggeredList; Fist -> ClearTriggeredList only.
No custom collision-OFF cleanup; Gothic 3 owns Hit->Recover reset.
Known collision groups: Item_Equipped=5, Item_Attack=7.
PASSIVE DUAL DISCOVERY: Item_Attack transitions are labelled by exact player LEFT/RIGHT slot entity identity.
A Dual both-weapon activation normally appears as separate LEFT and RIGHT transition records.
Marked Normal/Quick collision behavior remains the validated v0.9 behavior.

v0.11: identical same-update marker dispatches are ignored before collision/list changes.
Dedup key: actor + source + motion + marker + action + phase + state time; wall window <= 5 ms.

Installing hooks...
Hooks installed.

===== MARKER OWNERSHIP DECISION =====
ElapsedMs: 27842.879
Actor: PC_Hero
CurrentMovementAni: Hero_Stand_None_2H_P0_Attack_Hit_N_Fwd_00_%_00_P1_90_R.xmot
MatchingMotionFound: 1
FrameEffectCount: 4
Contains_G3AB_COL_TEST: 1
MarkerFrame: 4
RightHandSourceResolved: 1
ResolvedSource: It_2H_Sword_Flamberge
ResolvedSourceUseType: 3
ResolvedSourceCollisionGroup: 5
Decision: FRAME-CONTROLLED - suppress original timer callback
=====================================

===== G3AB_COL_TEST RECEIVED =====
ElapsedMs: 27997.095
Actor: PC_Hero
Action: 1
AniPhase: 1
StateTime: 0.329306
StatePosition: 0
CurrentMovementAni: Hero_Stand_None_2H_P0_Attack_Hit_N_Fwd_00_%_00_P1_90_R.xmot
RightHandSourceResolved: 1
ResolvedSource: It_2H_Sword_Flamberge
ResolvedSourceUseType: 3
ResolvedSourceCollisionGroup: 5
===== ENGINE SetCollisionGroup =====
ElapsedMs: 27997.123
Entity: It_2H_Sword_Flamberge
ChangedEntityAddress: E70E9C10
PlayerSlotMatch: RIGHT
PlayerAction: 1
PlayerAniPhase: 1
PlayerPrimaryPose: 1
PlayerStateTime: 0.329306
PlayerStatePosition: 0
PlayerCurrentMovementAni: Hero_Stand_None_2H_P0_Attack_Hit_N_Fwd_00_%_00_P1_90_R.xmot
PlayerLeftItem: <none>
PlayerLeftItemAddress: 00000000
PlayerLeftUseType: -1
PlayerLeftCollisionGroup: -1
PlayerRightItem: It_2H_Sword_Flamberge
PlayerRightItemAddress: E70E9C10
PlayerRightUseType: 3
PlayerRightCollisionGroup: 7
RequestedGroup: 7
BeforeGroup: 5
AfterGroup: 7
Item_EquippedValue: 5
Item_AttackValue: 7
====================================

MarkerAction: ACCEPTED
AuthoredMarkerFrame: 4
CollisionGroupBeforeMarker: 5
CollisionGroupAfterMarker: 7
ResolvedSourceUseTypeAtMarker: 3
SetCollisionGroupAction: REQUESTED_ITEM_ATTACK
TriggeredDamageList: CLEARED
Original StartEffect for marker: NOT CALLED
=================================

===== G3AB_COL_TEST RECEIVED =====
ElapsedMs: 28433.344
Actor: PC_Hero
Action: 1
AniPhase: 1
StateTime: 0.767912
StatePosition: 0
CurrentMovementAni: Hero_Stand_None_2H_P0_Attack_Hit_N_Fwd_00_%_00_P1_90_R.xmot
RightHandSourceResolved: 1
ResolvedSource: It_2H_Sword_Flamberge
ResolvedSourceUseType: 3
ResolvedSourceCollisionGroup: 7
===== ENGINE SetCollisionGroup =====
ElapsedMs: 28433.361
Entity: It_2H_Sword_Flamberge
ChangedEntityAddress: E70E9C10
PlayerSlotMatch: RIGHT
PlayerAction: 1
PlayerAniPhase: 1
PlayerPrimaryPose: 2
PlayerStateTime: 0.767912
PlayerStatePosition: 0
PlayerCurrentMovementAni: Hero_Stand_None_2H_P0_Attack_Hit_N_Fwd_00_%_00_P1_90_R.xmot
PlayerLeftItem: <none>
PlayerLeftItemAddress: 00000000
PlayerLeftUseType: -1
PlayerLeftCollisionGroup: -1
PlayerRightItem: It_2H_Sword_Flamberge
PlayerRightItemAddress: E70E9C10
PlayerRightUseType: 3
PlayerRightCollisionGroup: 7
RequestedGroup: 7
BeforeGroup: 7
AfterGroup: 7
Item_EquippedValue: 5
Item_AttackValue: 7
====================================

MarkerAction: ACCEPTED
AuthoredMarkerFrame: 4
CollisionGroupBeforeMarker: 7
CollisionGroupAfterMarker: 7
ResolvedSourceUseTypeAtMarker: 3
SetCollisionGroupAction: REQUESTED_ITEM_ATTACK
TriggeredDamageList: CLEARED
Original StartEffect for marker: NOT CALLED
=================================

===== G3AB_COL_TEST RECEIVED =====
ElapsedMs: 28433.466
Actor: PC_Hero
Action: 1
AniPhase: 1
StateTime: 0.767912
StatePosition: 0
CurrentMovementAni: Hero_Stand_None_2H_P0_Attack_Hit_N_Fwd_00_%_00_P1_90_R.xmot
RightHandSourceResolved: 1
ResolvedSource: It_2H_Sword_Flamberge
ResolvedSourceUseType: 3
ResolvedSourceCollisionGroup: 7
MarkerAction: DUPLICATE_SAME_UPDATE_IGNORED
AuthoredMarkerFrame: 4
DuplicateStateTimeDelta: 0.000000000
DuplicateElapsedMsDelta: 0.116200
SetCollisionGroupAction: NOT_REQUESTED_DUPLICATE
TriggeredDamageList: NOT_CLEARED_DUPLICATE
Original StartEffect for marker: NOT CALLED
=================================

===== ENGINE SetCollisionGroup =====
ElapsedMs: 28648.333
Entity: It_2H_Sword_Flamberge
ChangedEntityAddress: E70E9C10
PlayerSlotMatch: RIGHT
PlayerAction: 1
PlayerAniPhase: 3
PlayerPrimaryPose: 2
PlayerStateTime: 0.972213
PlayerStatePosition: 0
PlayerCurrentMovementAni: Hero_Stand_None_2H_P0_Attack_Hit_N_Fwd_00_%_00_P1_90_R.xmot
PlayerLeftItem: <none>
PlayerLeftItemAddress: 00000000
PlayerLeftUseType: -1
PlayerLeftCollisionGroup: -1
PlayerRightItem: It_2H_Sword_Flamberge
PlayerRightItemAddress: E70E9C10
PlayerRightUseType: 3
PlayerRightCollisionGroup: 5
RequestedGroup: 5
BeforeGroup: 7
AfterGroup: 5
Item_EquippedValue: 5
Item_AttackValue: 7
====================================

===== G3AB_COL_TEST RECEIVED =====
ElapsedMs: 34104.525
Actor: PC_Hero
Action: 1
AniPhase: 1
StateTime: 0.335611
StatePosition: 0
CurrentMovementAni: Hero_Stand_None_2H_P0_Attack_Hit_N_Fwd_00_%_00_P1_90_R.xmot
RightHandSourceResolved: 1
ResolvedSource: It_2H_Sword_Flamberge
ResolvedSourceUseType: 3
ResolvedSourceCollisionGroup: 5
===== ENGINE SetCollisionGroup =====
ElapsedMs: 34104.554
Entity: It_2H_Sword_Flamberge
ChangedEntityAddress: E70E9C10
PlayerSlotMatch: RIGHT
PlayerAction: 1
PlayerAniPhase: 1
PlayerPrimaryPose: 1
PlayerStateTime: 0.335611
PlayerStatePosition: 0
PlayerCurrentMovementAni: Hero_Stand_None_2H_P0_Attack_Hit_N_Fwd_00_%_00_P1_90_R.xmot
PlayerLeftItem: <none>
PlayerLeftItemAddress: 00000000
PlayerLeftUseType: -1
PlayerLeftCollisionGroup: -1
PlayerRightItem: It_2H_Sword_Flamberge
PlayerRightItemAddress: E70E9C10
PlayerRightUseType: 3
PlayerRightCollisionGroup: 7
RequestedGroup: 7
BeforeGroup: 5
AfterGroup: 7
Item_EquippedValue: 5
Item_AttackValue: 7
====================================

MarkerAction: ACCEPTED
AuthoredMarkerFrame: 4
CollisionGroupBeforeMarker: 5
CollisionGroupAfterMarker: 7
ResolvedSourceUseTypeAtMarker: 3
SetCollisionGroupAction: REQUESTED_ITEM_ATTACK
TriggeredDamageList: CLEARED
Original StartEffect for marker: NOT CALLED
=================================

===== G3AB_COL_TEST RECEIVED =====
ElapsedMs: 34544.951
Actor: PC_Hero
Action: 1
AniPhase: 1
StateTime: 0.775910
StatePosition: 0
CurrentMovementAni: Hero_Stand_None_2H_P0_Attack_Hit_N_Fwd_00_%_00_P1_90_R.xmot
RightHandSourceResolved: 1
ResolvedSource: It_2H_Sword_Flamberge
ResolvedSourceUseType: 3
ResolvedSourceCollisionGroup: 7
===== ENGINE SetCollisionGroup =====
ElapsedMs: 34544.969
Entity: It_2H_Sword_Flamberge
ChangedEntityAddress: E70E9C10
PlayerSlotMatch: RIGHT
PlayerAction: 1
PlayerAniPhase: 1
PlayerPrimaryPose: 2
PlayerStateTime: 0.775910
PlayerStatePosition: 0
PlayerCurrentMovementAni: Hero_Stand_None_2H_P0_Attack_Hit_N_Fwd_00_%_00_P1_90_R.xmot
PlayerLeftItem: <none>
PlayerLeftItemAddress: 00000000
PlayerLeftUseType: -1
PlayerLeftCollisionGroup: -1
PlayerRightItem: It_2H_Sword_Flamberge
PlayerRightItemAddress: E70E9C10
PlayerRightUseType: 3
PlayerRightCollisionGroup: 7
RequestedGroup: 7
BeforeGroup: 7
AfterGroup: 7
Item_EquippedValue: 5
Item_AttackValue: 7
====================================

MarkerAction: ACCEPTED
AuthoredMarkerFrame: 4
CollisionGroupBeforeMarker: 7
CollisionGroupAfterMarker: 7
ResolvedSourceUseTypeAtMarker: 3
SetCollisionGroupAction: REQUESTED_ITEM_ATTACK
TriggeredDamageList: CLEARED
Original StartEffect for marker: NOT CALLED
=================================

===== G3AB_COL_TEST RECEIVED =====
ElapsedMs: 34545.024
Actor: PC_Hero
Action: 1
AniPhase: 1
StateTime: 0.775910
StatePosition: 0
CurrentMovementAni: Hero_Stand_None_2H_P0_Attack_Hit_N_Fwd_00_%_00_P1_90_R.xmot
RightHandSourceResolved: 1
ResolvedSource: It_2H_Sword_Flamberge
ResolvedSourceUseType: 3
ResolvedSourceCollisionGroup: 7
MarkerAction: DUPLICATE_SAME_UPDATE_IGNORED
AuthoredMarkerFrame: 4
DuplicateStateTimeDelta: 0.000000000
DuplicateElapsedMsDelta: 0.065600
SetCollisionGroupAction: NOT_REQUESTED_DUPLICATE
TriggeredDamageList: NOT_CLEARED_DUPLICATE
Original StartEffect for marker: NOT CALLED
=================================

===== ENGINE SetCollisionGroup =====
ElapsedMs: 34751.759
Entity: It_2H_Sword_Flamberge
ChangedEntityAddress: E70E9C10
PlayerSlotMatch: RIGHT
PlayerAction: 1
PlayerAniPhase: 3
PlayerPrimaryPose: 2
PlayerStateTime: 0.974890
PlayerStatePosition: 0
PlayerCurrentMovementAni: Hero_Stand_None_2H_P0_Attack_Hit_N_Fwd_00_%_00_P1_90_R.xmot
PlayerLeftItem: <none>
PlayerLeftItemAddress: 00000000
PlayerLeftUseType: -1
PlayerLeftCollisionGroup: -1
PlayerRightItem: It_2H_Sword_Flamberge
PlayerRightItemAddress: E70E9C10
PlayerRightUseType: 3
PlayerRightCollisionGroup: 5
RequestedGroup: 5
BeforeGroup: 7
AfterGroup: 5
Item_EquippedValue: 5
Item_AttackValue: 7
====================================

===== MARKER OWNERSHIP DECISION =====
ElapsedMs: 47522.348
Actor: Boar
CurrentMovementAni: Boar_Stand_None_Fist_P0_Attack_Hit_N_Fwd_00_%_00_P0_150.xmot
MatchingMotionFound: 1
FrameEffectCount: 3
Contains_G3AB_COL_TEST: 0
MarkerFrame: -1
RightHandSourceResolved: 1
ResolvedSource: Fist
ResolvedSourceUseType: 8
ResolvedSourceCollisionGroup: 0
Decision: LEGACY/NATIVE - call original timer callback
=====================================

===== ENGINE SetCollisionGroup =====
ElapsedMs: 47774.480
Entity: Fist
ChangedEntityAddress: E7043A10
PlayerSlotMatch: NONE
PlayerAction: 0
PlayerAniPhase: 8
PlayerPrimaryPose: 1
PlayerStateTime: 4.697749
PlayerStatePosition: 0
PlayerCurrentMovementAni: Hero_Stand_None_2H_P0_Move_Walk_N_Fwd_00_%_00_P0_160.xmot
PlayerLeftItem: <none>
PlayerLeftItemAddress: 00000000
PlayerLeftUseType: -1
PlayerLeftCollisionGroup: -1
PlayerRightItem: It_2H_Sword_Flamberge
PlayerRightItemAddress: E70E9C10
PlayerRightUseType: 3
PlayerRightCollisionGroup: 5
RequestedGroup: 7
BeforeGroup: 0
AfterGroup: 0
Item_EquippedValue: 5
Item_AttackValue: 7
====================================

===== G3AB_COL_TEST RECEIVED =====
ElapsedMs: 48336.686
Actor: PC_Hero
Action: 1
AniPhase: 1
StateTime: 0.324211
StatePosition: 0
CurrentMovementAni: Hero_Stand_None_2H_P0_Attack_Hit_N_Fwd_00_%_00_P1_90_R.xmot
RightHandSourceResolved: 1
ResolvedSource: It_2H_Sword_Flamberge
ResolvedSourceUseType: 3
ResolvedSourceCollisionGroup: 5
===== ENGINE SetCollisionGroup =====
ElapsedMs: 48336.715
Entity: It_2H_Sword_Flamberge
ChangedEntityAddress: E70E9C10
PlayerSlotMatch: RIGHT
PlayerAction: 1
PlayerAniPhase: 1
PlayerPrimaryPose: 1
PlayerStateTime: 0.324211
PlayerStatePosition: 0
PlayerCurrentMovementAni: Hero_Stand_None_2H_P0_Attack_Hit_N_Fwd_00_%_00_P1_90_R.xmot
PlayerLeftItem: <none>
PlayerLeftItemAddress: 00000000
PlayerLeftUseType: -1
PlayerLeftCollisionGroup: -1
PlayerRightItem: It_2H_Sword_Flamberge
PlayerRightItemAddress: E70E9C10
PlayerRightUseType: 3
PlayerRightCollisionGroup: 7
RequestedGroup: 7
BeforeGroup: 5
AfterGroup: 7
Item_EquippedValue: 5
Item_AttackValue: 7
====================================

MarkerAction: ACCEPTED
AuthoredMarkerFrame: 4
CollisionGroupBeforeMarker: 5
CollisionGroupAfterMarker: 7
ResolvedSourceUseTypeAtMarker: 3
SetCollisionGroupAction: REQUESTED_ITEM_ATTACK
TriggeredDamageList: CLEARED
Original StartEffect for marker: NOT CALLED
=================================

===== G3AB_COL_TEST RECEIVED =====
ElapsedMs: 48777.127
Actor: PC_Hero
Action: 1
AniPhase: 1
StateTime: 0.767402
StatePosition: 0
CurrentMovementAni: Hero_Stand_None_2H_P0_Attack_Hit_N_Fwd_00_%_00_P1_90_R.xmot
RightHandSourceResolved: 1
ResolvedSource: It_2H_Sword_Flamberge
ResolvedSourceUseType: 3
ResolvedSourceCollisionGroup: 7
===== ENGINE SetCollisionGroup =====
ElapsedMs: 48777.144
Entity: It_2H_Sword_Flamberge
ChangedEntityAddress: E70E9C10
PlayerSlotMatch: RIGHT
PlayerAction: 1
PlayerAniPhase: 1
PlayerPrimaryPose: 2
PlayerStateTime: 0.767402
PlayerStatePosition: 0
PlayerCurrentMovementAni: Hero_Stand_None_2H_P0_Attack_Hit_N_Fwd_00_%_00_P1_90_R.xmot
PlayerLeftItem: <none>
PlayerLeftItemAddress: 00000000
PlayerLeftUseType: -1
PlayerLeftCollisionGroup: -1
PlayerRightItem: It_2H_Sword_Flamberge
PlayerRightItemAddress: E70E9C10
PlayerRightUseType: 3
PlayerRightCollisionGroup: 7
RequestedGroup: 7
BeforeGroup: 7
AfterGroup: 7
Item_EquippedValue: 5
Item_AttackValue: 7
====================================

MarkerAction: ACCEPTED
AuthoredMarkerFrame: 4
CollisionGroupBeforeMarker: 7
CollisionGroupAfterMarker: 7
ResolvedSourceUseTypeAtMarker: 3
SetCollisionGroupAction: REQUESTED_ITEM_ATTACK
TriggeredDamageList: CLEARED
Original StartEffect for marker: NOT CALLED
=================================

===== G3AB_COL_TEST RECEIVED =====
ElapsedMs: 48777.191
Actor: PC_Hero
Action: 1
AniPhase: 1
StateTime: 0.767402
StatePosition: 0
CurrentMovementAni: Hero_Stand_None_2H_P0_Attack_Hit_N_Fwd_00_%_00_P1_90_R.xmot
RightHandSourceResolved: 1
ResolvedSource: It_2H_Sword_Flamberge
ResolvedSourceUseType: 3
ResolvedSourceCollisionGroup: 7
MarkerAction: DUPLICATE_SAME_UPDATE_IGNORED
AuthoredMarkerFrame: 4
DuplicateStateTimeDelta: 0.000000000
DuplicateElapsedMsDelta: 0.058000
SetCollisionGroupAction: NOT_REQUESTED_DUPLICATE
TriggeredDamageList: NOT_CLEARED_DUPLICATE
Original StartEffect for marker: NOT CALLED
=================================

===== ENGINE SetCollisionGroup =====
ElapsedMs: 48984.994
Entity: It_2H_Sword_Flamberge
ChangedEntityAddress: E70E9C10
PlayerSlotMatch: RIGHT
PlayerAction: 1
PlayerAniPhase: 3
PlayerPrimaryPose: 2
PlayerStateTime: 0.966996
PlayerStatePosition: 0
PlayerCurrentMovementAni: Hero_Stand_None_2H_P0_Attack_Hit_N_Fwd_00_%_00_P1_90_R.xmot
PlayerLeftItem: <none>
PlayerLeftItemAddress: 00000000
PlayerLeftUseType: -1
PlayerLeftCollisionGroup: -1
PlayerRightItem: It_2H_Sword_Flamberge
PlayerRightItemAddress: E70E9C10
PlayerRightUseType: 3
PlayerRightCollisionGroup: 5
RequestedGroup: 5
BeforeGroup: 7
AfterGroup: 5
Item_EquippedValue: 5
Item_AttackValue: 7
====================================

===== ENGINE SetCollisionGroup =====
ElapsedMs: 50222.797
Entity: Fist
ChangedEntityAddress: E7043A10
PlayerSlotMatch: NONE
PlayerAction: 0
PlayerAniPhase: 8
PlayerPrimaryPose: 1
PlayerStateTime: 1.232026
PlayerStatePosition: 0
PlayerCurrentMovementAni: Hero_Stand_None_2H_P0_Move_Walk_N_Left_00_%_00_P0_160.xmot
PlayerLeftItem: <none>
PlayerLeftItemAddress: 00000000
PlayerLeftUseType: -1
PlayerLeftCollisionGroup: -1
PlayerRightItem: It_2H_Sword_Flamberge
PlayerRightItemAddress: E70E9C10
PlayerRightUseType: 3
PlayerRightCollisionGroup: 5
RequestedGroup: 7
BeforeGroup: 0
AfterGroup: 0
Item_EquippedValue: 5
Item_AttackValue: 7
====================================

===== ENGINE SetCollisionGroup =====
ElapsedMs: 51887.495
Entity: Fist
ChangedEntityAddress: E7043A10
PlayerSlotMatch: NONE
PlayerAction: 0
PlayerAniPhase: 8
PlayerPrimaryPose: 1
PlayerStateTime: 2.901584
PlayerStatePosition: 0
PlayerCurrentMovementAni: Hero_Stand_None_2H_P0_Move_Walk_N_Left_00_%_00_P0_160.xmot
PlayerLeftItem: <none>
PlayerLeftItemAddress: 00000000
PlayerLeftUseType: -1
PlayerLeftCollisionGroup: -1
PlayerRightItem: It_2H_Sword_Flamberge
PlayerRightItemAddress: E70E9C10
PlayerRightUseType: 3
PlayerRightCollisionGroup: 5
RequestedGroup: 7
BeforeGroup: 0
AfterGroup: 0
Item_EquippedValue: 5
Item_AttackValue: 7
====================================

===== G3AB_COL_TEST RECEIVED =====
ElapsedMs: 53284.948
Actor: PC_Hero
Action: 1
AniPhase: 1
StateTime: 0.331729
StatePosition: 0
CurrentMovementAni: Hero_Stand_None_2H_P0_Attack_Hit_N_Fwd_00_%_00_P1_90_R.xmot
RightHandSourceResolved: 1
ResolvedSource: It_2H_Sword_Flamberge
ResolvedSourceUseType: 3
ResolvedSourceCollisionGroup: 5
===== ENGINE SetCollisionGroup =====
ElapsedMs: 53284.976
Entity: It_2H_Sword_Flamberge
ChangedEntityAddress: E70E9C10
PlayerSlotMatch: RIGHT
PlayerAction: 1
PlayerAniPhase: 1
PlayerPrimaryPose: 1
PlayerStateTime: 0.331729
PlayerStatePosition: 0
PlayerCurrentMovementAni: Hero_Stand_None_2H_P0_Attack_Hit_N_Fwd_00_%_00_P1_90_R.xmot
PlayerLeftItem: <none>
PlayerLeftItemAddress: 00000000
PlayerLeftUseType: -1
PlayerLeftCollisionGroup: -1
PlayerRightItem: It_2H_Sword_Flamberge
PlayerRightItemAddress: E70E9C10
PlayerRightUseType: 3
PlayerRightCollisionGroup: 7
RequestedGroup: 7
BeforeGroup: 5
AfterGroup: 7
Item_EquippedValue: 5
Item_AttackValue: 7
====================================

MarkerAction: ACCEPTED
AuthoredMarkerFrame: 4
CollisionGroupBeforeMarker: 5
CollisionGroupAfterMarker: 7
ResolvedSourceUseTypeAtMarker: 3
SetCollisionGroupAction: REQUESTED_ITEM_ATTACK
TriggeredDamageList: CLEARED
Original StartEffect for marker: NOT CALLED
=================================

===== G3AB_COL_TEST RECEIVED =====
ElapsedMs: 53707.181
Actor: PC_Hero
Action: 1
AniPhase: 1
StateTime: 0.770001
StatePosition: 0
CurrentMovementAni: Hero_Stand_None_2H_P0_Attack_Hit_N_Fwd_00_%_00_P1_90_R.xmot
RightHandSourceResolved: 1
ResolvedSource: It_2H_Sword_Flamberge
ResolvedSourceUseType: 3
ResolvedSourceCollisionGroup: 7
===== ENGINE SetCollisionGroup =====
ElapsedMs: 53707.199
Entity: It_2H_Sword_Flamberge
ChangedEntityAddress: E70E9C10
PlayerSlotMatch: RIGHT
PlayerAction: 1
PlayerAniPhase: 1
PlayerPrimaryPose: 2
PlayerStateTime: 0.770001
PlayerStatePosition: 0
PlayerCurrentMovementAni: Hero_Stand_None_2H_P0_Attack_Hit_N_Fwd_00_%_00_P1_90_R.xmot
PlayerLeftItem: <none>
PlayerLeftItemAddress: 00000000
PlayerLeftUseType: -1
PlayerLeftCollisionGroup: -1
PlayerRightItem: It_2H_Sword_Flamberge
PlayerRightItemAddress: E70E9C10
PlayerRightUseType: 3
PlayerRightCollisionGroup: 7
RequestedGroup: 7
BeforeGroup: 7
AfterGroup: 7
Item_EquippedValue: 5
Item_AttackValue: 7
====================================

MarkerAction: ACCEPTED
AuthoredMarkerFrame: 4
CollisionGroupBeforeMarker: 7
CollisionGroupAfterMarker: 7
ResolvedSourceUseTypeAtMarker: 3
SetCollisionGroupAction: REQUESTED_ITEM_ATTACK
TriggeredDamageList: CLEARED
Original StartEffect for marker: NOT CALLED
=================================

===== G3AB_COL_TEST RECEIVED =====
ElapsedMs: 53707.248
Actor: PC_Hero
Action: 1
AniPhase: 1
StateTime: 0.770001
StatePosition: 0
CurrentMovementAni: Hero_Stand_None_2H_P0_Attack_Hit_N_Fwd_00_%_00_P1_90_R.xmot
RightHandSourceResolved: 1
ResolvedSource: It_2H_Sword_Flamberge
ResolvedSourceUseType: 3
ResolvedSourceCollisionGroup: 7
MarkerAction: DUPLICATE_SAME_UPDATE_IGNORED
AuthoredMarkerFrame: 4
DuplicateStateTimeDelta: 0.000000000
DuplicateElapsedMsDelta: 0.059900
SetCollisionGroupAction: NOT_REQUESTED_DUPLICATE
TriggeredDamageList: NOT_CLEARED_DUPLICATE
Original StartEffect for marker: NOT CALLED
=================================

===== ENGINE SetCollisionGroup =====
ElapsedMs: 53906.237
Entity: It_2H_Sword_Flamberge
ChangedEntityAddress: E70E9C10
PlayerSlotMatch: RIGHT
PlayerAction: 1
PlayerAniPhase: 3
PlayerPrimaryPose: 2
PlayerStateTime: 0.968572
PlayerStatePosition: 0
PlayerCurrentMovementAni: Hero_Stand_None_2H_P0_Attack_Hit_N_Fwd_00_%_00_P1_90_R.xmot
PlayerLeftItem: <none>
PlayerLeftItemAddress: 00000000
PlayerLeftUseType: -1
PlayerLeftCollisionGroup: -1
PlayerRightItem: It_2H_Sword_Flamberge
PlayerRightItemAddress: E70E9C10
PlayerRightUseType: 3
PlayerRightCollisionGroup: 5
RequestedGroup: 5
BeforeGroup: 7
AfterGroup: 5
Item_EquippedValue: 5
Item_AttackValue: 7
====================================

===== G3AB_COL_TEST RECEIVED =====
ElapsedMs: 62131.435
Actor: PC_Hero
Action: 1
AniPhase: 1
StateTime: 0.323448
StatePosition: 0
CurrentMovementAni: Hero_Stand_None_2H_P0_Attack_Hit_N_Fwd_00_%_00_P1_90_R.xmot
RightHandSourceResolved: 1
ResolvedSource: It_2H_Sword_Flamberge
ResolvedSourceUseType: 3
ResolvedSourceCollisionGroup: 5
===== ENGINE SetCollisionGroup =====
ElapsedMs: 62131.463
Entity: It_2H_Sword_Flamberge
ChangedEntityAddress: E70E9C10
PlayerSlotMatch: RIGHT
PlayerAction: 1
PlayerAniPhase: 1
PlayerPrimaryPose: 1
PlayerStateTime: 0.323448
PlayerStatePosition: 0
PlayerCurrentMovementAni: Hero_Stand_None_2H_P0_Attack_Hit_N_Fwd_00_%_00_P1_90_R.xmot
PlayerLeftItem: <none>
PlayerLeftItemAddress: 00000000
PlayerLeftUseType: -1
PlayerLeftCollisionGroup: -1
PlayerRightItem: It_2H_Sword_Flamberge
PlayerRightItemAddress: E70E9C10
PlayerRightUseType: 3
PlayerRightCollisionGroup: 7
RequestedGroup: 7
BeforeGroup: 5
AfterGroup: 7
Item_EquippedValue: 5
Item_AttackValue: 7
====================================

MarkerAction: ACCEPTED
AuthoredMarkerFrame: 4
CollisionGroupBeforeMarker: 5
CollisionGroupAfterMarker: 7
ResolvedSourceUseTypeAtMarker: 3
SetCollisionGroupAction: REQUESTED_ITEM_ATTACK
TriggeredDamageList: CLEARED
Original StartEffect for marker: NOT CALLED
=================================

===== G3AB_COL_TEST RECEIVED =====
ElapsedMs: 62557.549
Actor: PC_Hero
Action: 1
AniPhase: 1
StateTime: 0.764097
StatePosition: 0
CurrentMovementAni: Hero_Stand_None_2H_P0_Attack_Hit_N_Fwd_00_%_00_P1_90_R.xmot
RightHandSourceResolved: 1
ResolvedSource: It_2H_Sword_Flamberge
ResolvedSourceUseType: 3
ResolvedSourceCollisionGroup: 7
===== ENGINE SetCollisionGroup =====
ElapsedMs: 62557.567
Entity: It_2H_Sword_Flamberge
ChangedEntityAddress: E70E9C10
PlayerSlotMatch: RIGHT
PlayerAction: 1
PlayerAniPhase: 1
PlayerPrimaryPose: 2
PlayerStateTime: 0.764097
PlayerStatePosition: 0
PlayerCurrentMovementAni: Hero_Stand_None_2H_P0_Attack_Hit_N_Fwd_00_%_00_P1_90_R.xmot
PlayerLeftItem: <none>
PlayerLeftItemAddress: 00000000
PlayerLeftUseType: -1
PlayerLeftCollisionGroup: -1
PlayerRightItem: It_2H_Sword_Flamberge
PlayerRightItemAddress: E70E9C10
PlayerRightUseType: 3
PlayerRightCollisionGroup: 7
RequestedGroup: 7
BeforeGroup: 7
AfterGroup: 7
Item_EquippedValue: 5
Item_AttackValue: 7
====================================

MarkerAction: ACCEPTED
AuthoredMarkerFrame: 4
CollisionGroupBeforeMarker: 7
CollisionGroupAfterMarker: 7
ResolvedSourceUseTypeAtMarker: 3
SetCollisionGroupAction: REQUESTED_ITEM_ATTACK
TriggeredDamageList: CLEARED
Original StartEffect for marker: NOT CALLED
=================================

===== G3AB_COL_TEST RECEIVED =====
ElapsedMs: 62557.613
Actor: PC_Hero
Action: 1
AniPhase: 1
StateTime: 0.764097
StatePosition: 0
CurrentMovementAni: Hero_Stand_None_2H_P0_Attack_Hit_N_Fwd_00_%_00_P1_90_R.xmot
RightHandSourceResolved: 1
ResolvedSource: It_2H_Sword_Flamberge
ResolvedSourceUseType: 3
ResolvedSourceCollisionGroup: 7
MarkerAction: DUPLICATE_SAME_UPDATE_IGNORED
AuthoredMarkerFrame: 4
DuplicateStateTimeDelta: 0.000000000
DuplicateElapsedMsDelta: 0.057400
SetCollisionGroupAction: NOT_REQUESTED_DUPLICATE
TriggeredDamageList: NOT_CLEARED_DUPLICATE
Original StartEffect for marker: NOT CALLED
=================================

===== ENGINE SetCollisionGroup =====
ElapsedMs: 62761.640
Entity: It_2H_Sword_Flamberge
ChangedEntityAddress: E70E9C10
PlayerSlotMatch: RIGHT
PlayerAction: 1
PlayerAniPhase: 3
PlayerPrimaryPose: 2
PlayerStateTime: 0.966608
PlayerStatePosition: 0
PlayerCurrentMovementAni: Hero_Stand_None_2H_P0_Attack_Hit_N_Fwd_00_%_00_P1_90_R.xmot
PlayerLeftItem: <none>
PlayerLeftItemAddress: 00000000
PlayerLeftUseType: -1
PlayerLeftCollisionGroup: -1
PlayerRightItem: It_2H_Sword_Flamberge
PlayerRightItemAddress: E70E9C10
PlayerRightUseType: 3
PlayerRightCollisionGroup: 5
RequestedGroup: 5
BeforeGroup: 7
AfterGroup: 5
Item_EquippedValue: 5
Item_AttackValue: 7
====================================

===== MARKER OWNERSHIP DECISION =====
ElapsedMs: 64419.548
Actor: Wolf
CurrentMovementAni: Wolf_Stand_None_Fist_P0_Attack_Hit_N_Fwd_00_%_00_P0_200_L.xmot
MatchingMotionFound: 1
FrameEffectCount: 2
Contains_G3AB_COL_TEST: 0
MarkerFrame: -1
RightHandSourceResolved: 1
ResolvedSource: Fist
ResolvedSourceUseType: 8
ResolvedSourceCollisionGroup: 0
Decision: LEGACY/NATIVE - call original timer callback
=====================================

===== ENGINE SetCollisionGroup =====
ElapsedMs: 64678.170
Entity: Fist
ChangedEntityAddress: E6DED610
PlayerSlotMatch: NONE
PlayerAction: 1
PlayerAniPhase: 1
PlayerPrimaryPose: 1
PlayerStateTime: 0.178260
PlayerStatePosition: 0
PlayerCurrentMovementAni: Hero_Stand_None_2H_P0_Attack_Hit_N_Fwd_00_%_00_P1_90_R.xmot
PlayerLeftItem: <none>
PlayerLeftItemAddress: 00000000
PlayerLeftUseType: -1
PlayerLeftCollisionGroup: -1
PlayerRightItem: It_2H_Sword_Flamberge
PlayerRightItemAddress: E70E9C10
PlayerRightUseType: 3
PlayerRightCollisionGroup: 5
RequestedGroup: 7
BeforeGroup: 0
AfterGroup: 0
Item_EquippedValue: 5
Item_AttackValue: 7
====================================

===== G3AB_COL_TEST RECEIVED =====
ElapsedMs: 64811.524
Actor: PC_Hero
Action: 1
AniPhase: 1
StateTime: 0.322159
StatePosition: 0
CurrentMovementAni: Hero_Stand_None_2H_P0_Attack_Hit_N_Fwd_00_%_00_P1_90_R.xmot
RightHandSourceResolved: 1
ResolvedSource: It_2H_Sword_Flamberge
ResolvedSourceUseType: 3
ResolvedSourceCollisionGroup: 5
===== ENGINE SetCollisionGroup =====
ElapsedMs: 64811.549
Entity: It_2H_Sword_Flamberge
ChangedEntityAddress: E70E9C10
PlayerSlotMatch: RIGHT
PlayerAction: 1
PlayerAniPhase: 1
PlayerPrimaryPose: 1
PlayerStateTime: 0.322159
PlayerStatePosition: 0
PlayerCurrentMovementAni: Hero_Stand_None_2H_P0_Attack_Hit_N_Fwd_00_%_00_P1_90_R.xmot
PlayerLeftItem: <none>
PlayerLeftItemAddress: 00000000
PlayerLeftUseType: -1
PlayerLeftCollisionGroup: -1
PlayerRightItem: It_2H_Sword_Flamberge
PlayerRightItemAddress: E70E9C10
PlayerRightUseType: 3
PlayerRightCollisionGroup: 7
RequestedGroup: 7
BeforeGroup: 5
AfterGroup: 7
Item_EquippedValue: 5
Item_AttackValue: 7
====================================

MarkerAction: ACCEPTED
AuthoredMarkerFrame: 4
CollisionGroupBeforeMarker: 5
CollisionGroupAfterMarker: 7
ResolvedSourceUseTypeAtMarker: 3
SetCollisionGroupAction: REQUESTED_ITEM_ATTACK
TriggeredDamageList: CLEARED
Original StartEffect for marker: NOT CALLED
=================================

===== G3AB_COL_TEST RECEIVED =====
ElapsedMs: 65235.689
Actor: PC_Hero
Action: 1
AniPhase: 1
StateTime: 0.761730
StatePosition: 0
CurrentMovementAni: Hero_Stand_None_2H_P0_Attack_Hit_N_Fwd_00_%_00_P1_90_R.xmot
RightHandSourceResolved: 1
ResolvedSource: It_2H_Sword_Flamberge
ResolvedSourceUseType: 3
ResolvedSourceCollisionGroup: 7
===== ENGINE SetCollisionGroup =====
ElapsedMs: 65235.707
Entity: It_2H_Sword_Flamberge
ChangedEntityAddress: E70E9C10
PlayerSlotMatch: RIGHT
PlayerAction: 1
PlayerAniPhase: 1
PlayerPrimaryPose: 2
PlayerStateTime: 0.761730
PlayerStatePosition: 0
PlayerCurrentMovementAni: Hero_Stand_None_2H_P0_Attack_Hit_N_Fwd_00_%_00_P1_90_R.xmot
PlayerLeftItem: <none>
PlayerLeftItemAddress: 00000000
PlayerLeftUseType: -1
PlayerLeftCollisionGroup: -1
PlayerRightItem: It_2H_Sword_Flamberge
PlayerRightItemAddress: E70E9C10
PlayerRightUseType: 3
PlayerRightCollisionGroup: 7
RequestedGroup: 7
BeforeGroup: 7
AfterGroup: 7
Item_EquippedValue: 5
Item_AttackValue: 7
====================================

MarkerAction: ACCEPTED
AuthoredMarkerFrame: 4
CollisionGroupBeforeMarker: 7
CollisionGroupAfterMarker: 7
ResolvedSourceUseTypeAtMarker: 3
SetCollisionGroupAction: REQUESTED_ITEM_ATTACK
TriggeredDamageList: CLEARED
Original StartEffect for marker: NOT CALLED
=================================

===== G3AB_COL_TEST RECEIVED =====
ElapsedMs: 65235.789
Actor: PC_Hero
Action: 1
AniPhase: 1
StateTime: 0.761730
StatePosition: 0
CurrentMovementAni: Hero_Stand_None_2H_P0_Attack_Hit_N_Fwd_00_%_00_P1_90_R.xmot
RightHandSourceResolved: 1
ResolvedSource: It_2H_Sword_Flamberge
ResolvedSourceUseType: 3
ResolvedSourceCollisionGroup: 7
MarkerAction: DUPLICATE_SAME_UPDATE_IGNORED
AuthoredMarkerFrame: 4
DuplicateStateTimeDelta: 0.000000000
DuplicateElapsedMsDelta: 0.093500
SetCollisionGroupAction: NOT_REQUESTED_DUPLICATE
TriggeredDamageList: NOT_CLEARED_DUPLICATE
Original StartEffect for marker: NOT CALLED
=================================

===== ENGINE SetCollisionGroup =====
ElapsedMs: 65441.096
Entity: It_2H_Sword_Flamberge
ChangedEntityAddress: E70E9C10
PlayerSlotMatch: RIGHT
PlayerAction: 1
PlayerAniPhase: 3
PlayerPrimaryPose: 2
PlayerStateTime: 0.964887
PlayerStatePosition: 0
PlayerCurrentMovementAni: Hero_Stand_None_2H_P0_Attack_Hit_N_Fwd_00_%_00_P1_90_R.xmot
PlayerLeftItem: <none>
PlayerLeftItemAddress: 00000000
PlayerLeftUseType: -1
PlayerLeftCollisionGroup: -1
PlayerRightItem: It_2H_Sword_Flamberge
PlayerRightItemAddress: E70E9C10
PlayerRightUseType: 3
PlayerRightCollisionGroup: 5
RequestedGroup: 5
BeforeGroup: 7
AfterGroup: 5
Item_EquippedValue: 5
Item_AttackValue: 7
====================================

Script_FrameCollisionTest unloading.
