Script_SpeedCalibrationProbe loaded. Diagnostics only; returned speeds are unchanged.
Unique observations are deduplicated and capped at 2048. NEW rows are flushed immediately; ROW rows form the final summary.
IMPORTANT: Script_G3AnimationBehaviors.dll must be absent during calibration because it may hook the same caller sites.

Installed 18 proven Hit caller hooks (including 3 Finishing/Action15 sites) plus the proven Power Raise observation hook.

NEW|Family=Hero|LeftRaw=None(0)|LeftToken=none|RightRaw=2H(3)|RightToken=2h|PassedAction=QuickR(4)|CurrentBefore=QuickR(4)|CurrentAfter=QuickR(4)|Phase=Hit(1)|Speed=1.000000|NewBalance=false|G3AB=false|Count=1|Player=1|NPC=0|SampleEntity=PC_Hero|SampleAni=
NEW|Family=Hero|LeftRaw=None(0)|LeftToken=none|RightRaw=1H(2)|RightToken=1h|PassedAction=QuickR(4)|CurrentBefore=QuickR(4)|CurrentAfter=QuickR(4)|Phase=Hit(1)|Speed=1.000000|NewBalance=false|G3AB=false|Count=1|Player=0|NPC=1|SampleEntity=MoraSul_Bandit_03|SampleAni=Hero_Stand_None_1H_P0_HoldRight_End_N_Fwd_00_%_00_P0_0.xmot
NEW|Family=Hero|LeftRaw=None(0)|LeftToken=none|RightRaw=1H(2)|RightToken=1h|PassedAction=QuickL(5)|CurrentBefore=QuickL(5)|CurrentAfter=QuickL(5)|Phase=Hit(1)|Speed=1.000000|NewBalance=false|G3AB=false|Count=1|Player=0|NPC=1|SampleEntity=MoraSul_Bandit_03|SampleAni=Hero_Stand_None_1H_P0_Move_Stand_N_Fwd_00_%_00_P0_0.xmot
NEW|Family=Hero|LeftRaw=None(0)|LeftToken=none|RightRaw=1H(2)|RightToken=1h|PassedAction=Power(2)|CurrentBefore=Power(2)|CurrentAfter=Power(2)|Phase=Raise(0)|Speed=1.500000|NewBalance=false|G3AB=false|Count=1|Player=0|NPC=1|SampleEntity=MoraSul_Bandit_03|SampleAni=Hero_Stand_None_1H_P0_Move_Stand_N_Fwd_00_%_00_P0_0.xmot
NEW|Family=Hero|LeftRaw=None(0)|LeftToken=none|RightRaw=1H(2)|RightToken=1h|PassedAction=Power(2)|CurrentBefore=Power(2)|CurrentAfter=Power(2)|Phase=Hit(1)|Speed=1.000000|NewBalance=false|G3AB=false|Count=1|Player=0|NPC=1|SampleEntity=MoraSul_Bandit_03|SampleAni=Hero_Stand_None_1H_P0_PowerAttack_Raise_N_Fwd_00_%_00_P0_0_R.xmot
NEW|Family=Hero|LeftRaw=None(0)|LeftToken=none|RightRaw=1H(2)|RightToken=1h|PassedAction=Normal(1)|CurrentBefore=Normal(1)|CurrentAfter=Normal(1)|Phase=Hit(1)|Speed=0.600000|NewBalance=false|G3AB=false|Count=1|Player=0|NPC=1|SampleEntity=MoraSul_Bandit_03|SampleAni=Hero_Stand_None_1H_P0_Move_Stand_N_Fwd_00_%_00_P0_0.xmot
NEW|Family=Hero|LeftRaw=None(0)|LeftToken=none|RightRaw=1H(2)|RightToken=1h|PassedAction=Pierce(11)|CurrentBefore=Pierce(11)|CurrentAfter=Pierce(11)|Phase=Hit(1)|Speed=1.000000|NewBalance=false|G3AB=false|Count=1|Player=0|NPC=1|SampleEntity=MoraSul_Bandit_03|SampleAni=Hero_Stand_None_1H_P0_Move_Stand_N_Fwd_00_%_00_P0_0.xmot
NEW|Family=Hero|LeftRaw=None(0)|LeftToken=none|RightRaw=2H(3)|RightToken=2h|PassedAction=Normal(1)|CurrentBefore=Normal(1)|CurrentAfter=Normal(1)|Phase=Hit(1)|Speed=0.700000|NewBalance=false|G3AB=false|Count=1|Player=1|NPC=0|SampleEntity=PC_Hero|SampleAni=Hero_Stand_None_2H_P0_Move_Turn90_N_Left_00_%_00_P0_0.xmot
NEW|Family=Hero|LeftRaw=None(0)|LeftToken=none|RightRaw=2H(3)|RightToken=2h|PassedAction=Power(2)|CurrentBefore=Power(2)|CurrentAfter=Power(2)|Phase=Raise(0)|Speed=1.500000|NewBalance=false|G3AB=false|Count=1|Player=1|NPC=0|SampleEntity=PC_Hero|SampleAni=Hero_Stand_None_2H_P1_Attack_Recover_N_Fwd_00_%_00_P1_0_R.xmot
NEW|Family=Hero|LeftRaw=None(0)|LeftToken=none|RightRaw=2H(3)|RightToken=2h|PassedAction=Power(2)|CurrentBefore=Power(2)|CurrentAfter=Power(2)|Phase=Hit(1)|Speed=1.000000|NewBalance=false|G3AB=false|Count=1|Player=1|NPC=0|SampleEntity=PC_Hero|SampleAni=Hero_Stand_None_2H_P1_PowerAttack_Raise_N_Fwd_00_%_00_P1_0_R.xmot
NEW|Family=Hero|LeftRaw=None(0)|LeftToken=none|RightRaw=2H(3)|RightToken=2h|PassedAction=Hack(14)|CurrentBefore=Hack(14)|CurrentAfter=Hack(14)|Phase=Hit(1)|Speed=1.000000|NewBalance=false|G3AB=false|Count=1|Player=1|NPC=0|SampleEntity=PC_Hero|SampleAni=Hero_Stand_None_2H_P0_PowerAttack_Recover_N_Fwd_00_%_00_P0_0_R.xmot
NEW|Family=Hero|LeftRaw=None(0)|LeftToken=none|RightRaw=2H(3)|RightToken=2h|PassedAction=FinishingAttack(15)|CurrentBefore=FinishingAttack(15)|CurrentAfter=FinishingAttack(15)|Phase=Hit(1)|Speed=1.000000|NewBalance=false|G3AB=false|Count=1|Player=1|NPC=0|SampleEntity=PC_Hero|SampleAni=Hero_Parade_None_2H_P0_Move_Walk_N_Fwd_00_%_00_P0_350.xmot
NEW|Family=Hero|LeftRaw=None(0)|LeftToken=none|RightRaw=2H(3)|RightToken=2h|PassedAction=QuickL(5)|CurrentBefore=QuickL(5)|CurrentAfter=QuickL(5)|Phase=Hit(1)|Speed=1.000000|NewBalance=false|G3AB=false|Count=1|Player=1|NPC=0|SampleEntity=PC_Hero|SampleAni=Hero_Stand_None_2H_P0_Ambient_Loop_N_Fwd_00_%_00_P0_0.xmot
NEW|Family=Hero|LeftRaw=None(0)|LeftToken=none|RightRaw=Staff(12)|RightToken=staff|PassedAction=QuickL(5)|CurrentBefore=QuickL(5)|CurrentAfter=QuickL(5)|Phase=Hit(1)|Speed=1.000000|NewBalance=false|G3AB=false|Count=1|Player=0|NPC=1|SampleEntity=NomadElite_01|SampleAni=Hero_Stand_None_Staff_P1_StumbleL_Recover_N_Back_00_%_00_P1_0.xmot
NEW|Family=Hero|LeftRaw=None(0)|LeftToken=none|RightRaw=Staff(12)|RightToken=staff|PassedAction=QuickR(4)|CurrentBefore=QuickR(4)|CurrentAfter=QuickR(4)|Phase=Hit(1)|Speed=1.000000|NewBalance=false|G3AB=false|Count=1|Player=0|NPC=1|SampleEntity=NomadElite_01|SampleAni=Hero_Stand_None_Staff_P0_Move_Stand_N_Fwd_00_%_00_P0_0.xmot
NEW|Family=Hero|LeftRaw=None(0)|LeftToken=none|RightRaw=Staff(12)|RightToken=staff|PassedAction=Power(2)|CurrentBefore=Power(2)|CurrentAfter=Power(2)|Phase=Raise(0)|Speed=1.500000|NewBalance=false|G3AB=false|Count=1|Player=0|NPC=1|SampleEntity=NomadElite_01|SampleAni=Hero_Stand_None_Staff_P0_Move_Stand_N_Fwd_00_%_00_P0_0.xmot
NEW|Family=Hero|LeftRaw=None(0)|LeftToken=none|RightRaw=Staff(12)|RightToken=staff|PassedAction=Power(2)|CurrentBefore=Power(2)|CurrentAfter=Power(2)|Phase=Hit(1)|Speed=1.000000|NewBalance=false|G3AB=false|Count=1|Player=0|NPC=1|SampleEntity=NomadElite_01|SampleAni=Hero_Stand_None_Staff_P0_PowerAttack_Raise_N_Fwd_00_%_00_P0_0_R.xmot
NEW|Family=Hero|LeftRaw=None(0)|LeftToken=none|RightRaw=Staff(12)|RightToken=staff|PassedAction=Hack(14)|CurrentBefore=Hack(14)|CurrentAfter=Hack(14)|Phase=Hit(1)|Speed=1.000000|NewBalance=false|G3AB=false|Count=1|Player=0|NPC=1|SampleEntity=NomadElite_01|SampleAni=Hero_Stand_None_Staff_P0_Move_Stand_N_Fwd_00_%_00_P0_0.xmot
NEW|Family=Hero|LeftRaw=None(0)|LeftToken=none|RightRaw=Staff(12)|RightToken=staff|PassedAction=Normal(1)|CurrentBefore=Normal(1)|CurrentAfter=Normal(1)|Phase=Hit(1)|Speed=0.700000|NewBalance=false|G3AB=false|Count=1|Player=0|NPC=1|SampleEntity=NomadElite_01|SampleAni=Hero_Parade_None_Staff_P0_Move_Stand_N_Fwd_00_%_00_P0_0.xmot
NEW|Family=Hero|LeftRaw=None(0)|LeftToken=none|RightRaw=Staff(12)|RightToken=staff|PassedAction=Whirl(10)|CurrentBefore=Whirl(10)|CurrentAfter=Whirl(10)|Phase=Hit(1)|Speed=1.000000|NewBalance=false|G3AB=false|Count=1|Player=0|NPC=1|SampleEntity=NomadElite_01|SampleAni=Hero_Stand_None_Staff_P0_Move_Stand_N_Fwd_00_%_00_P0_0.xmot
NEW|Family=Orc|LeftRaw=None(0)|LeftToken=none|RightRaw=Halberd(51)|RightToken=staff|PassedAction=Whirl(10)|CurrentBefore=Whirl(10)|CurrentAfter=Whirl(10)|Phase=Hit(1)|Speed=1.000000|NewBalance=false|G3AB=false|Count=1|Player=0|NPC=1|SampleEntity=Montera_Orc_01|SampleAni=Orc_Stand_None_Staff_P0_Move_Walk_N_Back_00_%_00_P0_200.xmot
NEW|Family=Orc|LeftRaw=None(0)|LeftToken=none|RightRaw=Halberd(51)|RightToken=staff|PassedAction=Power(2)|CurrentBefore=Power(2)|CurrentAfter=Power(2)|Phase=Raise(0)|Speed=1.000000|NewBalance=false|G3AB=false|Count=1|Player=0|NPC=1|SampleEntity=Montera_Orc_01|SampleAni=Orc_Parade_None_Staff_P0_Move_Stand_N_Fwd_00_%_00_P0_0.xmot
NEW|Family=Orc|LeftRaw=None(0)|LeftToken=none|RightRaw=Halberd(51)|RightToken=staff|PassedAction=Power(2)|CurrentBefore=Power(2)|CurrentAfter=Power(2)|Phase=Hit(1)|Speed=0.700000|NewBalance=false|G3AB=false|Count=1|Player=0|NPC=1|SampleEntity=Montera_Orc_01|SampleAni=Orc_Stand_None_Staff_P0_PowerAttack_Raise_N_Fwd_00_%_00_P0_0_R.xmot
NEW|Family=Orc|LeftRaw=None(0)|LeftToken=none|RightRaw=Halberd(51)|RightToken=staff|PassedAction=QuickL(5)|CurrentBefore=QuickL(5)|CurrentAfter=QuickL(5)|Phase=Hit(1)|Speed=1.000000|NewBalance=false|G3AB=false|Count=1|Player=0|NPC=1|SampleEntity=Montera_Orc_01|SampleAni=Orc_Parade_None_Staff_P0_Move_Stand_N_Fwd_00_%_00_P0_0.xmot
NEW|Family=Orc|LeftRaw=None(0)|LeftToken=none|RightRaw=Halberd(51)|RightToken=staff|PassedAction=QuickR(4)|CurrentBefore=QuickR(4)|CurrentAfter=QuickR(4)|Phase=Hit(1)|Speed=1.000000|NewBalance=false|G3AB=false|Count=1|Player=0|NPC=1|SampleEntity=Montera_Orc_01|SampleAni=Orc_Stand_None_Staff_P0_Move_Stand_N_Fwd_00_%_00_P0_0.xmot
NEW|Family=Orc|LeftRaw=None(0)|LeftToken=none|RightRaw=Halberd(51)|RightToken=staff|PassedAction=Normal(1)|CurrentBefore=Normal(1)|CurrentAfter=Normal(1)|Phase=Hit(1)|Speed=0.700000|NewBalance=false|G3AB=false|Count=1|Player=0|NPC=1|SampleEntity=Montera_Orc_01|SampleAni=Orc_Stand_None_Staff_P0_Move_Stand_N_Fwd_00_%_00_P0_0.xmot
NEW|Family=Orc|LeftRaw=None(0)|LeftToken=none|RightRaw=Halberd(51)|RightToken=staff|PassedAction=Hack(14)|CurrentBefore=Hack(14)|CurrentAfter=Hack(14)|Phase=Hit(1)|Speed=1.000000|NewBalance=false|G3AB=false|Count=1|Player=0|NPC=1|SampleEntity=Montera_Orc_01|SampleAni=Orc_Stand_None_Staff_P1_Parade_Begin_N_Fwd_00_%_00_P0_0.xmot
NEW|Family=Hero|LeftRaw=None(0)|LeftToken=none|RightRaw=2H(3)|RightToken=2h|PassedAction=Whirl(10)|CurrentBefore=Whirl(10)|CurrentAfter=Whirl(10)|Phase=Hit(1)|Speed=1.000000|NewBalance=false|G3AB=false|Count=1|Player=1|NPC=0|SampleEntity=PC_Hero|SampleAni=Hero_Parade_None_2H_P0_FinishingAttack_Raise_N_Fwd_00_%_00_P0_0.xmot
NEW|Family=Goblin|LeftRaw=None(0)|LeftToken=none|RightRaw=1H(2)|RightToken=1h|PassedAction=Normal(1)|CurrentBefore=Normal(1)|CurrentAfter=Normal(1)|Phase=Hit(1)|Speed=0.600000|NewBalance=false|G3AB=false|Count=1|Player=0|NPC=1|SampleEntity=Goblin|SampleAni=Goblin_Stand_None_1H_P0_HoldRight_End_N_Fwd_00_%_00_P0_0.xmot
NEW|Family=Goblin|LeftRaw=None(0)|LeftToken=none|RightRaw=1H(2)|RightToken=1h|PassedAction=QuickR(4)|CurrentBefore=QuickR(4)|CurrentAfter=QuickR(4)|Phase=Hit(1)|Speed=1.000000|NewBalance=false|G3AB=false|Count=1|Player=0|NPC=1|SampleEntity=Goblin|SampleAni=Goblin_Stand_None_1H_P0_Ambient_Loop_N_Fwd_00_%_00_P0_0.xmot
NEW|Family=Goblin|LeftRaw=None(0)|LeftToken=none|RightRaw=1H(2)|RightToken=1h|PassedAction=Power(2)|CurrentBefore=Sprint(9)|CurrentAfter=Sprint(9)|Phase=Raise(0)|Speed=1.500000|NewBalance=false|G3AB=false|Count=1|Player=0|NPC=1|SampleEntity=Goblin|SampleAni=Goblin_Stand_None_1H_P0_StumbleR_Recover_N_Back_00_%_00_P0_0.xmot
NEW|Family=Goblin|LeftRaw=None(0)|LeftToken=none|RightRaw=1H(2)|RightToken=1h|PassedAction=QuickL(5)|CurrentBefore=QuickL(5)|CurrentAfter=QuickL(5)|Phase=Hit(1)|Speed=1.000000|NewBalance=false|G3AB=false|Count=1|Player=0|NPC=1|SampleEntity=BlackGoblin|SampleAni=Goblin_Stand_None_1H_P0_StumbleR_Recover_N_Back_00_%_00_P0_0.xmot
NEW|Family=Goblin|LeftRaw=None(0)|LeftToken=none|RightRaw=1H(2)|RightToken=1h|PassedAction=Power(2)|CurrentBefore=Sprint(9)|CurrentAfter=Sprint(9)|Phase=Hit(1)|Speed=1.500000|NewBalance=false|G3AB=false|Count=1|Player=0|NPC=1|SampleEntity=BlackGoblin|SampleAni=Goblin_Stand_None_1H_P0_PowerAttack_Raise_N_Fwd_00_%_00_P0_0_R.xmot

===== FINAL SUMMARY =====
InterceptedCalls=248
UniqueObservations=33
DroppedUniqueObservations=0
ROW|Family=Goblin|LeftRaw=None(0)|LeftToken=none|RightRaw=1H(2)|RightToken=1h|PassedAction=Normal(1)|CurrentBefore=Normal(1)|CurrentAfter=Normal(1)|Phase=Hit(1)|Speed=0.600000|NewBalance=false|G3AB=false|Count=22|Player=0|NPC=22|SampleEntity=Goblin|SampleAni=Goblin_Stand_None_1H_P0_HoldRight_End_N_Fwd_00_%_00_P0_0.xmot
ROW|Family=Goblin|LeftRaw=None(0)|LeftToken=none|RightRaw=1H(2)|RightToken=1h|PassedAction=Power(2)|CurrentBefore=Sprint(9)|CurrentAfter=Sprint(9)|Phase=Raise(0)|Speed=1.500000|NewBalance=false|G3AB=false|Count=4|Player=0|NPC=4|SampleEntity=Goblin|SampleAni=Goblin_Stand_None_1H_P0_StumbleR_Recover_N_Back_00_%_00_P0_0.xmot
ROW|Family=Goblin|LeftRaw=None(0)|LeftToken=none|RightRaw=1H(2)|RightToken=1h|PassedAction=Power(2)|CurrentBefore=Sprint(9)|CurrentAfter=Sprint(9)|Phase=Hit(1)|Speed=1.500000|NewBalance=false|G3AB=false|Count=2|Player=0|NPC=2|SampleEntity=BlackGoblin|SampleAni=Goblin_Stand_None_1H_P0_PowerAttack_Raise_N_Fwd_00_%_00_P0_0_R.xmot
ROW|Family=Goblin|LeftRaw=None(0)|LeftToken=none|RightRaw=1H(2)|RightToken=1h|PassedAction=QuickR(4)|CurrentBefore=QuickR(4)|CurrentAfter=QuickR(4)|Phase=Hit(1)|Speed=1.000000|NewBalance=false|G3AB=false|Count=5|Player=0|NPC=5|SampleEntity=Goblin|SampleAni=Goblin_Stand_None_1H_P0_Ambient_Loop_N_Fwd_00_%_00_P0_0.xmot
ROW|Family=Goblin|LeftRaw=None(0)|LeftToken=none|RightRaw=1H(2)|RightToken=1h|PassedAction=QuickL(5)|CurrentBefore=QuickL(5)|CurrentAfter=QuickL(5)|Phase=Hit(1)|Speed=1.000000|NewBalance=false|G3AB=false|Count=3|Player=0|NPC=3|SampleEntity=BlackGoblin|SampleAni=Goblin_Stand_None_1H_P0_StumbleR_Recover_N_Back_00_%_00_P0_0.xmot
ROW|Family=Hero|LeftRaw=None(0)|LeftToken=none|RightRaw=1H(2)|RightToken=1h|PassedAction=Normal(1)|CurrentBefore=Normal(1)|CurrentAfter=Normal(1)|Phase=Hit(1)|Speed=0.600000|NewBalance=false|G3AB=false|Count=10|Player=0|NPC=10|SampleEntity=MoraSul_Bandit_03|SampleAni=Hero_Stand_None_1H_P0_Move_Stand_N_Fwd_00_%_00_P0_0.xmot
ROW|Family=Hero|LeftRaw=None(0)|LeftToken=none|RightRaw=1H(2)|RightToken=1h|PassedAction=Power(2)|CurrentBefore=Power(2)|CurrentAfter=Power(2)|Phase=Raise(0)|Speed=1.500000|NewBalance=false|G3AB=false|Count=4|Player=0|NPC=4|SampleEntity=MoraSul_Bandit_03|SampleAni=Hero_Stand_None_1H_P0_Move_Stand_N_Fwd_00_%_00_P0_0.xmot
ROW|Family=Hero|LeftRaw=None(0)|LeftToken=none|RightRaw=1H(2)|RightToken=1h|PassedAction=Power(2)|CurrentBefore=Power(2)|CurrentAfter=Power(2)|Phase=Hit(1)|Speed=1.000000|NewBalance=false|G3AB=false|Count=4|Player=0|NPC=4|SampleEntity=MoraSul_Bandit_03|SampleAni=Hero_Stand_None_1H_P0_PowerAttack_Raise_N_Fwd_00_%_00_P0_0_R.xmot
ROW|Family=Hero|LeftRaw=None(0)|LeftToken=none|RightRaw=1H(2)|RightToken=1h|PassedAction=QuickR(4)|CurrentBefore=QuickR(4)|CurrentAfter=QuickR(4)|Phase=Hit(1)|Speed=1.000000|NewBalance=false|G3AB=false|Count=6|Player=0|NPC=6|SampleEntity=MoraSul_Bandit_03|SampleAni=Hero_Stand_None_1H_P0_HoldRight_End_N_Fwd_00_%_00_P0_0.xmot
ROW|Family=Hero|LeftRaw=None(0)|LeftToken=none|RightRaw=1H(2)|RightToken=1h|PassedAction=QuickL(5)|CurrentBefore=QuickL(5)|CurrentAfter=QuickL(5)|Phase=Hit(1)|Speed=1.000000|NewBalance=false|G3AB=false|Count=7|Player=0|NPC=7|SampleEntity=MoraSul_Bandit_03|SampleAni=Hero_Stand_None_1H_P0_Move_Stand_N_Fwd_00_%_00_P0_0.xmot
ROW|Family=Hero|LeftRaw=None(0)|LeftToken=none|RightRaw=1H(2)|RightToken=1h|PassedAction=Pierce(11)|CurrentBefore=Pierce(11)|CurrentAfter=Pierce(11)|Phase=Hit(1)|Speed=1.000000|NewBalance=false|G3AB=false|Count=13|Player=0|NPC=13|SampleEntity=MoraSul_Bandit_03|SampleAni=Hero_Stand_None_1H_P0_Move_Stand_N_Fwd_00_%_00_P0_0.xmot
ROW|Family=Hero|LeftRaw=None(0)|LeftToken=none|RightRaw=2H(3)|RightToken=2h|PassedAction=Normal(1)|CurrentBefore=Normal(1)|CurrentAfter=Normal(1)|Phase=Hit(1)|Speed=0.700000|NewBalance=false|G3AB=false|Count=19|Player=19|NPC=0|SampleEntity=PC_Hero|SampleAni=Hero_Stand_None_2H_P0_Move_Turn90_N_Left_00_%_00_P0_0.xmot
ROW|Family=Hero|LeftRaw=None(0)|LeftToken=none|RightRaw=2H(3)|RightToken=2h|PassedAction=Power(2)|CurrentBefore=Power(2)|CurrentAfter=Power(2)|Phase=Raise(0)|Speed=1.500000|NewBalance=false|G3AB=false|Count=8|Player=8|NPC=0|SampleEntity=PC_Hero|SampleAni=Hero_Stand_None_2H_P1_Attack_Recover_N_Fwd_00_%_00_P1_0_R.xmot
ROW|Family=Hero|LeftRaw=None(0)|LeftToken=none|RightRaw=2H(3)|RightToken=2h|PassedAction=Power(2)|CurrentBefore=Power(2)|CurrentAfter=Power(2)|Phase=Hit(1)|Speed=1.000000|NewBalance=false|G3AB=false|Count=8|Player=8|NPC=0|SampleEntity=PC_Hero|SampleAni=Hero_Stand_None_2H_P1_PowerAttack_Raise_N_Fwd_00_%_00_P1_0_R.xmot
ROW|Family=Hero|LeftRaw=None(0)|LeftToken=none|RightRaw=2H(3)|RightToken=2h|PassedAction=QuickR(4)|CurrentBefore=QuickR(4)|CurrentAfter=QuickR(4)|Phase=Hit(1)|Speed=1.000000|NewBalance=false|G3AB=false|Count=6|Player=6|NPC=0|SampleEntity=PC_Hero|SampleAni=
ROW|Family=Hero|LeftRaw=None(0)|LeftToken=none|RightRaw=2H(3)|RightToken=2h|PassedAction=QuickL(5)|CurrentBefore=QuickL(5)|CurrentAfter=QuickL(5)|Phase=Hit(1)|Speed=1.000000|NewBalance=false|G3AB=false|Count=10|Player=10|NPC=0|SampleEntity=PC_Hero|SampleAni=Hero_Stand_None_2H_P0_Ambient_Loop_N_Fwd_00_%_00_P0_0.xmot
ROW|Family=Hero|LeftRaw=None(0)|LeftToken=none|RightRaw=2H(3)|RightToken=2h|PassedAction=Whirl(10)|CurrentBefore=Whirl(10)|CurrentAfter=Whirl(10)|Phase=Hit(1)|Speed=1.000000|NewBalance=false|G3AB=false|Count=3|Player=3|NPC=0|SampleEntity=PC_Hero|SampleAni=Hero_Parade_None_2H_P0_FinishingAttack_Raise_N_Fwd_00_%_00_P0_0.xmot
ROW|Family=Hero|LeftRaw=None(0)|LeftToken=none|RightRaw=2H(3)|RightToken=2h|PassedAction=Hack(14)|CurrentBefore=Hack(14)|CurrentAfter=Hack(14)|Phase=Hit(1)|Speed=1.000000|NewBalance=false|G3AB=false|Count=5|Player=5|NPC=0|SampleEntity=PC_Hero|SampleAni=Hero_Stand_None_2H_P0_PowerAttack_Recover_N_Fwd_00_%_00_P0_0_R.xmot
ROW|Family=Hero|LeftRaw=None(0)|LeftToken=none|RightRaw=2H(3)|RightToken=2h|PassedAction=FinishingAttack(15)|CurrentBefore=FinishingAttack(15)|CurrentAfter=FinishingAttack(15)|Phase=Hit(1)|Speed=1.000000|NewBalance=false|G3AB=false|Count=12|Player=12|NPC=0|SampleEntity=PC_Hero|SampleAni=Hero_Parade_None_2H_P0_Move_Walk_N_Fwd_00_%_00_P0_350.xmot
ROW|Family=Hero|LeftRaw=None(0)|LeftToken=none|RightRaw=Staff(12)|RightToken=staff|PassedAction=Normal(1)|CurrentBefore=Normal(1)|CurrentAfter=Normal(1)|Phase=Hit(1)|Speed=0.700000|NewBalance=false|G3AB=false|Count=6|Player=0|NPC=6|SampleEntity=NomadElite_01|SampleAni=Hero_Parade_None_Staff_P0_Move_Stand_N_Fwd_00_%_00_P0_0.xmot
ROW|Family=Hero|LeftRaw=None(0)|LeftToken=none|RightRaw=Staff(12)|RightToken=staff|PassedAction=Power(2)|CurrentBefore=Power(2)|CurrentAfter=Power(2)|Phase=Raise(0)|Speed=1.500000|NewBalance=false|G3AB=false|Count=3|Player=0|NPC=3|SampleEntity=NomadElite_01|SampleAni=Hero_Stand_None_Staff_P0_Move_Stand_N_Fwd_00_%_00_P0_0.xmot
ROW|Family=Hero|LeftRaw=None(0)|LeftToken=none|RightRaw=Staff(12)|RightToken=staff|PassedAction=Power(2)|CurrentBefore=Power(2)|CurrentAfter=Power(2)|Phase=Hit(1)|Speed=1.000000|NewBalance=false|G3AB=false|Count=3|Player=0|NPC=3|SampleEntity=NomadElite_01|SampleAni=Hero_Stand_None_Staff_P0_PowerAttack_Raise_N_Fwd_00_%_00_P0_0_R.xmot
ROW|Family=Hero|LeftRaw=None(0)|LeftToken=none|RightRaw=Staff(12)|RightToken=staff|PassedAction=QuickR(4)|CurrentBefore=QuickR(4)|CurrentAfter=QuickR(4)|Phase=Hit(1)|Speed=1.000000|NewBalance=false|G3AB=false|Count=4|Player=0|NPC=4|SampleEntity=NomadElite_01|SampleAni=Hero_Stand_None_Staff_P0_Move_Stand_N_Fwd_00_%_00_P0_0.xmot
ROW|Family=Hero|LeftRaw=None(0)|LeftToken=none|RightRaw=Staff(12)|RightToken=staff|PassedAction=QuickL(5)|CurrentBefore=QuickL(5)|CurrentAfter=QuickL(5)|Phase=Hit(1)|Speed=1.000000|NewBalance=false|G3AB=false|Count=6|Player=0|NPC=6|SampleEntity=NomadElite_01|SampleAni=Hero_Stand_None_Staff_P1_StumbleL_Recover_N_Back_00_%_00_P1_0.xmot
ROW|Family=Hero|LeftRaw=None(0)|LeftToken=none|RightRaw=Staff(12)|RightToken=staff|PassedAction=Whirl(10)|CurrentBefore=Whirl(10)|CurrentAfter=Whirl(10)|Phase=Hit(1)|Speed=1.000000|NewBalance=false|G3AB=false|Count=2|Player=0|NPC=2|SampleEntity=NomadElite_01|SampleAni=Hero_Stand_None_Staff_P0_Move_Stand_N_Fwd_00_%_00_P0_0.xmot
ROW|Family=Hero|LeftRaw=None(0)|LeftToken=none|RightRaw=Staff(12)|RightToken=staff|PassedAction=Hack(14)|CurrentBefore=Hack(14)|CurrentAfter=Hack(14)|Phase=Hit(1)|Speed=1.000000|NewBalance=false|G3AB=false|Count=15|Player=0|NPC=15|SampleEntity=NomadElite_01|SampleAni=Hero_Stand_None_Staff_P0_Move_Stand_N_Fwd_00_%_00_P0_0.xmot
ROW|Family=Orc|LeftRaw=None(0)|LeftToken=none|RightRaw=Halberd(51)|RightToken=staff|PassedAction=Normal(1)|CurrentBefore=Normal(1)|CurrentAfter=Normal(1)|Phase=Hit(1)|Speed=0.700000|NewBalance=false|G3AB=false|Count=13|Player=0|NPC=13|SampleEntity=Montera_Orc_01|SampleAni=Orc_Stand_None_Staff_P0_Move_Stand_N_Fwd_00_%_00_P0_0.xmot
ROW|Family=Orc|LeftRaw=None(0)|LeftToken=none|RightRaw=Halberd(51)|RightToken=staff|PassedAction=Power(2)|CurrentBefore=Power(2)|CurrentAfter=Power(2)|Phase=Raise(0)|Speed=1.000000|NewBalance=false|G3AB=false|Count=4|Player=0|NPC=4|SampleEntity=Montera_Orc_01|SampleAni=Orc_Parade_None_Staff_P0_Move_Stand_N_Fwd_00_%_00_P0_0.xmot
ROW|Family=Orc|LeftRaw=None(0)|LeftToken=none|RightRaw=Halberd(51)|RightToken=staff|PassedAction=Power(2)|CurrentBefore=Power(2)|CurrentAfter=Power(2)|Phase=Hit(1)|Speed=0.700000|NewBalance=false|G3AB=false|Count=4|Player=0|NPC=4|SampleEntity=Montera_Orc_01|SampleAni=Orc_Stand_None_Staff_P0_PowerAttack_Raise_N_Fwd_00_%_00_P0_0_R.xmot
ROW|Family=Orc|LeftRaw=None(0)|LeftToken=none|RightRaw=Halberd(51)|RightToken=staff|PassedAction=QuickR(4)|CurrentBefore=QuickR(4)|CurrentAfter=QuickR(4)|Phase=Hit(1)|Speed=1.000000|NewBalance=false|G3AB=false|Count=5|Player=0|NPC=5|SampleEntity=Montera_Orc_01|SampleAni=Orc_Stand_None_Staff_P0_Move_Stand_N_Fwd_00_%_00_P0_0.xmot
ROW|Family=Orc|LeftRaw=None(0)|LeftToken=none|RightRaw=Halberd(51)|RightToken=staff|PassedAction=QuickL(5)|CurrentBefore=QuickL(5)|CurrentAfter=QuickL(5)|Phase=Hit(1)|Speed=1.000000|NewBalance=false|G3AB=false|Count=4|Player=0|NPC=4|SampleEntity=Montera_Orc_01|SampleAni=Orc_Parade_None_Staff_P0_Move_Stand_N_Fwd_00_%_00_P0_0.xmot
ROW|Family=Orc|LeftRaw=None(0)|LeftToken=none|RightRaw=Halberd(51)|RightToken=staff|PassedAction=Whirl(10)|CurrentBefore=Whirl(10)|CurrentAfter=Whirl(10)|Phase=Hit(1)|Speed=1.000000|NewBalance=false|G3AB=false|Count=10|Player=0|NPC=10|SampleEntity=Montera_Orc_01|SampleAni=Orc_Stand_None_Staff_P0_Move_Walk_N_Back_00_%_00_P0_200.xmot
ROW|Family=Orc|LeftRaw=None(0)|LeftToken=none|RightRaw=Halberd(51)|RightToken=staff|PassedAction=Hack(14)|CurrentBefore=Hack(14)|CurrentAfter=Hack(14)|Phase=Hit(1)|Speed=1.000000|NewBalance=false|G3AB=false|Count=18|Player=0|NPC=18|SampleEntity=Montera_Orc_01|SampleAni=Orc_Stand_None_Staff_P1_Parade_Begin_N_Fwd_00_%_00_P0_0.xmot
===== END SUMMARY =====
