Script_FrameCollisionTest diagnostic build loaded.
DiagnosticProfile: CORE
DeepDiagnostics: DISABLED
BehaviorCore: EngineBridge + FrameCollisionMarkers + CollisionSources + CollisionSourceOperations + CollisionLifecycleGuard + RuntimeClock
C1Repair: exact outstanding live equipped Item_Attack source -> Item_Equipped after native AISetState opportunity; no ClearTriggeredList.
MarkerFamilies: Normal Power Quick SimpleWhirl Whirl Pierce Hack
MarkerOpcodes: RIGHT LEFT BOTH OFF
HACK_CALLBACK_IDENTITY TargetRVA=0x433D0 ExactlyOne=1 MatchCount=1 Name=OnAI_HackAttack Source=.\Script\AI\AI_Commands\AI_HackAttack.cpp
Installing behavior hooks...
Hooks installed.

===== C1 LIFECYCLE START =====
ElapsedMs: 32718.196
Actor: PC_Hero
Generation: 1
Status: CANDIDATE
ReplacedGeneration: 0
ReplacedOutstanding: 0
TrackedSourceCount: 1
Source[0].Address: E70E8610
Source[0].Side: RIGHT
Source[0].ActualGroup: 5
==============================

===== C1 SCRIPT BINDING =====
ElapsedMs: 32718.222
Event: COMBAT_MOVE_CANDIDATE_BOUND
Actor: PC_Hero
Generation: 1
Status: CANDIDATE
Outstanding: 0
ScriptFunction: _AI_HackAttack
SourceAddress: 00000000
=============================

===== C1 LIFECYCLE STATUS =====
ElapsedMs: 32740.609
Event: PERSISTED
Actor: PC_Hero
Generation: 1
Status: PERSISTED
Outstanding: 0
===============================

===== C1 SCRIPT BINDING =====
ElapsedMs: 33524.232
Event: COMBAT_MOVE_REUSED
Actor: PC_Hero
Generation: 1
Status: PERSISTED
Outstanding: 0
ScriptFunction: _AI_HackAttack
SourceAddress: 00000000
=============================

===== MARKER OWNERSHIP DECISION =====
ElapsedMs: 33532.773
Actor: PC_Hero
Family: HACK
CurrentMovementAni: Hero_Parade_None_2H_P0_FinishingAttack_Hit_N_Fwd_00_%_00_P1_100.xmot
Action: 14
AniPhase: 1
MatchingMotionFound: 1
MarkerScanValid: 1
ContainsReservedSourceMarker: 0
RequiredSourceMask: 0
AuthoredRIGHTCount: 0
FirstRIGHTFrame: -1
AuthoredLEFTCount: 0
FirstLEFTFrame: -1
AuthoredBOTHCount: 0
FirstBOTHFrame: -1
AuthoredOFFCount: 0
FirstOFFFrame: -1
RightSourceResolved: 1
RightSourceName: It_2H_Sword_Flamberge
RightSourceAddress: E70E8610
RightSourceUseType: 3
RightSourceCollisionGroup: 5
LeftSourceResolved: 0
SuppressNativeCallback: 0
=====================================

===== ENGINE SetCollisionGroup =====
ElapsedMs: 33532.822
Source: It_2H_Sword_Flamberge
SourceAddress: E70E8610
SlotAssociation: RIGHT
PlayerAction: 14
PlayerAniPhase: 1
PlayerStateTime: 0.803069
PlayerCurrentMovementAni: Hero_Parade_None_2H_P0_FinishingAttack_Hit_N_Fwd_00_%_00_P1_100.xmot
RequestedGroup: 7
BeforeGroup: 5
AfterGroup: 7
RetiredMarkerSourceBitCount: 0
====================================

===== C1 OFFENSE REQUEST =====
ElapsedMs: 33532.838
Actor: PC_Hero
Generation: 1
Status: PERSISTED
Source: It_2H_Sword_Flamberge
SourceAddress: E70E8610
Side: RIGHT
OffensiveRequestCount: 1
Outstanding: 1
CleanupObserved: 0
ActualGroup: 7
==============================

===== ENGINE SetCollisionGroup =====
ElapsedMs: 34016.571
Source: It_2H_Sword_Flamberge
SourceAddress: E70E8610
SlotAssociation: RIGHT
PlayerAction: 14
PlayerAniPhase: 3
PlayerStateTime: 1.288998
PlayerCurrentMovementAni: Hero_Parade_None_2H_P0_FinishingAttack_Hit_N_Fwd_00_%_00_P1_100.xmot
RequestedGroup: 5
BeforeGroup: 7
AfterGroup: 5
RetiredMarkerSourceBitCount: 0
====================================

===== C1 CLEANUP FULFILLED =====
ElapsedMs: 34016.599
Actor: PC_Hero
Generation: 1
Status: PERSISTED
Source: It_2H_Sword_Flamberge
SourceAddress: E70E8610
Side: RIGHT
OffensiveRequestCount: 1
Outstanding: 0
CleanupObserved: 1
ActualGroup: 5
==============================

===== C1 SCRIPT BINDING =====
ElapsedMs: 34016.620
Event: COMBAT_MOVE_REUSED
Actor: PC_Hero
Generation: 1
Status: PERSISTED
Outstanding: 0
ScriptFunction: _AI_HackAttack
SourceAddress: 00000000
=============================

===== C1 FINALIZATION =====
ElapsedMs: 35054.634
Reason: AISETSTATE_AFTER_ORIGINAL
Actor: PC_Hero
Generation: 1
Status: PERSISTED
TrackedSourceCount: 1
Source[0].Outcome: NO_OP_NO_OUTSTANDING
Source[0].Address: E70E8610
Source[0].LivenessEstablished: 1
Source[0].Name: It_2H_Sword_Flamberge
Source[0].OriginalSide: RIGHT
Source[0].CurrentSideMask: 1
Source[0].OffensiveRequestCount: 1
Source[0].OutstandingBeforeFinalization: 0
Source[0].CleanupObservedBeforeFinalization: 1
Source[0].ActualGroupBeforeRepair: 5
Source[0].RepairAttempted: 0
Source[0].PhysicalCollisionChanged: 0
PhysicalCollisionChanged: 0
===========================

===== C1 LIFECYCLE START =====
ElapsedMs: 36480.952
Actor: PC_Hero
Generation: 2
Status: CANDIDATE
ReplacedGeneration: 0
ReplacedOutstanding: 0
TrackedSourceCount: 1
Source[0].Address: E70E8610
Source[0].Side: RIGHT
Source[0].ActualGroup: 5
==============================

===== C1 SCRIPT BINDING =====
ElapsedMs: 36480.992
Event: COMBAT_MOVE_CANDIDATE_BOUND
Actor: PC_Hero
Generation: 2
Status: CANDIDATE
Outstanding: 0
ScriptFunction: _AI_HackAttack
SourceAddress: 00000000
=============================

===== C1 LIFECYCLE STATUS =====
ElapsedMs: 36481.119
Event: PERSISTED
Actor: PC_Hero
Generation: 2
Status: PERSISTED
Outstanding: 0
===============================

===== C1 SCRIPT BINDING =====
ElapsedMs: 37283.338
Event: COMBAT_MOVE_REUSED
Actor: PC_Hero
Generation: 2
Status: PERSISTED
Outstanding: 0
ScriptFunction: _AI_HackAttack
SourceAddress: 00000000
=============================

===== ENGINE SetCollisionGroup =====
ElapsedMs: 37283.471
Source: It_2H_Sword_Flamberge
SourceAddress: E70E8610
SlotAssociation: RIGHT
PlayerAction: 14
PlayerAniPhase: 1
PlayerStateTime: 0.800942
PlayerCurrentMovementAni: Hero_Parade_None_2H_P0_FinishingAttack_Hit_N_Fwd_00_%_00_P1_100.xmot
RequestedGroup: 7
BeforeGroup: 5
AfterGroup: 7
RetiredMarkerSourceBitCount: 0
====================================

===== C1 OFFENSE REQUEST =====
ElapsedMs: 37283.490
Actor: PC_Hero
Generation: 2
Status: PERSISTED
Source: It_2H_Sword_Flamberge
SourceAddress: E70E8610
Side: RIGHT
OffensiveRequestCount: 1
Outstanding: 1
CleanupObserved: 0
ActualGroup: 7
==============================

===== ENGINE SetCollisionGroup =====
ElapsedMs: 37764.304
Source: It_2H_Sword_Flamberge
SourceAddress: E70E8610
SlotAssociation: RIGHT
PlayerAction: 14
PlayerAniPhase: 3
PlayerStateTime: 1.282910
PlayerCurrentMovementAni: Hero_Parade_None_2H_P0_FinishingAttack_Hit_N_Fwd_00_%_00_P1_100.xmot
RequestedGroup: 5
BeforeGroup: 7
AfterGroup: 5
RetiredMarkerSourceBitCount: 0
====================================

===== C1 CLEANUP FULFILLED =====
ElapsedMs: 37764.339
Actor: PC_Hero
Generation: 2
Status: PERSISTED
Source: It_2H_Sword_Flamberge
SourceAddress: E70E8610
Side: RIGHT
OffensiveRequestCount: 1
Outstanding: 0
CleanupObserved: 1
ActualGroup: 5
==============================

===== C1 SCRIPT BINDING =====
ElapsedMs: 37764.358
Event: COMBAT_MOVE_REUSED
Actor: PC_Hero
Generation: 2
Status: PERSISTED
Outstanding: 0
ScriptFunction: _AI_HackAttack
SourceAddress: 00000000
=============================

===== C1 FINALIZATION =====
ElapsedMs: 38812.075
Reason: AISETSTATE_AFTER_ORIGINAL
Actor: PC_Hero
Generation: 2
Status: PERSISTED
TrackedSourceCount: 1
Source[0].Outcome: NO_OP_NO_OUTSTANDING
Source[0].Address: E70E8610
Source[0].LivenessEstablished: 1
Source[0].Name: It_2H_Sword_Flamberge
Source[0].OriginalSide: RIGHT
Source[0].CurrentSideMask: 1
Source[0].OffensiveRequestCount: 1
Source[0].OutstandingBeforeFinalization: 0
Source[0].CleanupObservedBeforeFinalization: 1
Source[0].ActualGroupBeforeRepair: 5
Source[0].RepairAttempted: 0
Source[0].PhysicalCollisionChanged: 0
PhysicalCollisionChanged: 0
===========================

===== C1 LIFECYCLE START =====
ElapsedMs: 40733.511
Actor: PC_Hero
Generation: 3
Status: CANDIDATE
ReplacedGeneration: 0
ReplacedOutstanding: 0
TrackedSourceCount: 1
Source[0].Address: E70E8610
Source[0].Side: RIGHT
Source[0].ActualGroup: 5
==============================

===== C1 SCRIPT BINDING =====
ElapsedMs: 40733.522
Event: COMBAT_MOVE_CANDIDATE_BOUND
Actor: PC_Hero
Generation: 3
Status: CANDIDATE
Outstanding: 0
ScriptFunction: _AI_HackAttack
SourceAddress: 00000000
=============================

===== C1 LIFECYCLE STATUS =====
ElapsedMs: 40733.676
Event: PERSISTED
Actor: PC_Hero
Generation: 3
Status: PERSISTED
Outstanding: 0
===============================

===== C1 SCRIPT BINDING =====
ElapsedMs: 41539.510
Event: COMBAT_MOVE_REUSED
Actor: PC_Hero
Generation: 3
Status: PERSISTED
Outstanding: 0
ScriptFunction: _AI_HackAttack
SourceAddress: 00000000
=============================

===== ENGINE SetCollisionGroup =====
ElapsedMs: 41539.646
Source: It_2H_Sword_Flamberge
SourceAddress: E70E8610
SlotAssociation: RIGHT
PlayerAction: 14
PlayerAniPhase: 1
PlayerStateTime: 0.807834
PlayerCurrentMovementAni: Hero_Parade_None_2H_P0_FinishingAttack_Hit_N_Fwd_00_%_00_P1_100.xmot
RequestedGroup: 7
BeforeGroup: 5
AfterGroup: 7
RetiredMarkerSourceBitCount: 0
====================================

===== C1 OFFENSE REQUEST =====
ElapsedMs: 41539.665
Actor: PC_Hero
Generation: 3
Status: PERSISTED
Source: It_2H_Sword_Flamberge
SourceAddress: E70E8610
Side: RIGHT
OffensiveRequestCount: 1
Outstanding: 1
CleanupObserved: 0
ActualGroup: 7
==============================

===== ENGINE SetCollisionGroup =====
ElapsedMs: 42023.215
Source: It_2H_Sword_Flamberge
SourceAddress: E70E8610
SlotAssociation: RIGHT
PlayerAction: 14
PlayerAniPhase: 3
PlayerStateTime: 1.290778
PlayerCurrentMovementAni: Hero_Parade_None_2H_P0_FinishingAttack_Hit_N_Fwd_00_%_00_P1_100.xmot
RequestedGroup: 5
BeforeGroup: 7
AfterGroup: 5
RetiredMarkerSourceBitCount: 0
====================================

===== C1 CLEANUP FULFILLED =====
ElapsedMs: 42023.251
Actor: PC_Hero
Generation: 3
Status: PERSISTED
Source: It_2H_Sword_Flamberge
SourceAddress: E70E8610
Side: RIGHT
OffensiveRequestCount: 1
Outstanding: 0
CleanupObserved: 1
ActualGroup: 5
==============================

===== C1 SCRIPT BINDING =====
ElapsedMs: 42023.271
Event: COMBAT_MOVE_REUSED
Actor: PC_Hero
Generation: 3
Status: PERSISTED
Outstanding: 0
ScriptFunction: _AI_HackAttack
SourceAddress: 00000000
=============================

===== C1 FINALIZATION =====
ElapsedMs: 42965.906
Reason: AISETSTATE_AFTER_ORIGINAL
Actor: PC_Hero
Generation: 3
Status: PERSISTED
TrackedSourceCount: 1
Source[0].Outcome: NO_OP_NO_OUTSTANDING
Source[0].Address: E70E8610
Source[0].LivenessEstablished: 1
Source[0].Name: It_2H_Sword_Flamberge
Source[0].OriginalSide: RIGHT
Source[0].CurrentSideMask: 1
Source[0].OffensiveRequestCount: 1
Source[0].OutstandingBeforeFinalization: 0
Source[0].CleanupObservedBeforeFinalization: 1
Source[0].ActualGroupBeforeRepair: 5
Source[0].RepairAttempted: 0
Source[0].PhysicalCollisionChanged: 0
PhysicalCollisionChanged: 0
===========================

Script_FrameCollisionTest unloading cleanly.
