Script_SpeedSprintProbe loaded. Diagnostics only; no speed composition.
Logging every Script_Game+0x47F6C call, capped at 1024 events.

Hook installed at Script_Game+0x47F6C.

===== SprintSharedPowerHit =====
Ordinal=1
Entity=BlackTroll
IsPlayer=false
PassedAction=2
CurrentActionBefore=2
SprintBefore=false
RequestedPhase=Hit (1)
CompatibleSpeed=1.000000
CurrentActionAfter=2
SprintAfter=false
CurrentMovementAni=Troll_Stand_Fist_Fist_P0_PowerAttack_Raise_N_Fwd_00_%_00_P0_0.xmot
===============================

===== SprintSharedPowerHit =====
Ordinal=2
Entity=BlackTroll
IsPlayer=false
PassedAction=2
CurrentActionBefore=9
SprintBefore=true
RequestedPhase=Hit (1)
CompatibleSpeed=1.000000
CurrentActionAfter=9
SprintAfter=true
CurrentMovementAni=Troll_Stand_Fist_Fist_P0_PowerAttack_Raise_N_Fwd_00_%_00_P0_0.xmot
===============================

===== SprintSharedPowerHit =====
Ordinal=3
Entity=BlackTroll
IsPlayer=false
PassedAction=2
CurrentActionBefore=9
SprintBefore=true
RequestedPhase=Hit (1)
CompatibleSpeed=1.000000
CurrentActionAfter=9
SprintAfter=true
CurrentMovementAni=Troll_Stand_Fist_Fist_P0_PowerAttack_Raise_N_Fwd_00_%_00_P0_0.xmot
===============================

===== SprintSharedPowerHit =====
Ordinal=4
Entity=BlackTroll
IsPlayer=false
PassedAction=2
CurrentActionBefore=9
SprintBefore=true
RequestedPhase=Hit (1)
CompatibleSpeed=1.000000
CurrentActionAfter=9
SprintAfter=true
CurrentMovementAni=Troll_Stand_Fist_Fist_P0_PowerAttack_Raise_N_Fwd_00_%_00_P0_0.xmot
===============================

===== SprintSharedPowerHit =====
Ordinal=5
Entity=BlackTroll
IsPlayer=false
PassedAction=2
CurrentActionBefore=9
SprintBefore=true
RequestedPhase=Hit (1)
CompatibleSpeed=1.000000
CurrentActionAfter=9
SprintAfter=true
CurrentMovementAni=Troll_Stand_Fist_Fist_P0_PowerAttack_Raise_N_Fwd_00_%_00_P0_0.xmot
===============================

Script_SpeedSprintProbe unloading after 5 logged events.
