Script_FrameCollisionTest v0.12 loaded.
GENERALIZED ACTOR / WEAPON-SLOT PROTOTYPE.
NO IsPlayer restriction.
NO 2H / Staff / 1H use-type restriction.
NO P0/P1/P2 restriction.
Normal eligibility: current animation contains _Attack_Hit_ and G3AB_COL_TEST.
Quick eligibility: OnAI_QuickAttack + exact Quick/QuickR/QuickL action + Hit phase + G3AB_COL_TEST.
Accepted Quick marker completes one-shot callback bookkeeping: StatePosition -> 1.
FIST CAUSAL TEST: raw Fist/PhysicalFist skips SetCollisionGroup(Item_Attack).
FIST CAUSAL TEST: ClearTriggeredList remains active.
Prototype source resolver: current actor RIGHT-HAND equipped item.
If a marked animation has no right-hand item, its original attack callback is NOT suppressed.
This protects unarmed/monster attacks until body-source resolution is implemented.
Marker action: non-Fist -> Item_Attack + ClearTriggeredList; Fist -> ClearTriggeredList only.
G3AB_COL_OFF_TEST closes only a weapon window opened by this prototype.
OFF requests Item_Equipped and never clears the triggered list.
OFF before ON or after natural reset is consumed as a logged no-op.
Fist/body OFF remains unsupported; Gothic 3 still owns Hit->Recover reset.
Known collision groups: Item_Equipped=5, Item_Attack=7.
PASSIVE DUAL DISCOVERY: Item_Attack transitions are labelled by exact player LEFT/RIGHT slot entity identity.
A Dual both-weapon activation normally appears as separate LEFT and RIGHT transition records.
Marked Normal/Quick collision behavior remains the validated v0.9 behavior.

v0.12 preserves v0.11 same-update marker deduplication for ON and OFF.
Dedup key: actor + source + motion + marker + action + phase + state time; wall window <= 5 ms.

Installing hooks...
Hooks installed.

===== MARKER OWNERSHIP DECISION =====
ElapsedMs: 34683.431
Actor: Boar
CurrentMovementAni: Boar_Stand_None_Fist_P0_Attack_Hit_N_Fwd_00_%_00_P0_150.xmot
MatchingMotionFound: 1
FrameEffectCount: 3
Contains_G3AB_COL_TEST: 0
MarkerFrame: -1
RightHandSourceResolved: 1
ResolvedSource: Fist
ResolvedSourceUseType: 8
ResolvedSourceCollisionGroup: 0
Decision: LEGACY/NATIVE - call original timer callback
=====================================

===== ENGINE SetCollisionGroup =====
ElapsedMs: 34936.914
Entity: Fist
ChangedEntityAddress: E6E64810
PlayerSlotMatch: NONE
PlayerAction: 0
PlayerAniPhase: 8
PlayerPrimaryPose: 1
PlayerStateTime: 2.969513
PlayerStatePosition: 0
PlayerCurrentMovementAni: Hero_Stand_None_2H_P0_Move_Walk_N_Fwd_00_%_00_P0_160.xmot
PlayerLeftItem: <none>
PlayerLeftItemAddress: 00000000
PlayerLeftUseType: -1
PlayerLeftCollisionGroup: -1
PlayerRightItem: It_2H_Sword_Flamberge
PlayerRightItemAddress: E70E9C10
PlayerRightUseType: 3
PlayerRightCollisionGroup: 5
RequestedGroup: 7
BeforeGroup: 0
AfterGroup: 0
Item_EquippedValue: 5
Item_AttackValue: 7
====================================

===== MARKER OWNERSHIP DECISION =====
ElapsedMs: 35434.608
Actor: PC_Hero
CurrentMovementAni: Hero_Stand_None_2H_P0_Attack_Hit_N_Fwd_00_%_00_P1_90_R.xmot
MatchingMotionFound: 1
FrameEffectCount: 5
Contains_G3AB_COL_TEST: 1
MarkerFrame: 4
RightHandSourceResolved: 1
ResolvedSource: It_2H_Sword_Flamberge
ResolvedSourceUseType: 3
ResolvedSourceCollisionGroup: 5
Decision: FRAME-CONTROLLED - suppress original timer callback
=====================================

===== G3AB_COL_TEST RECEIVED =====
ElapsedMs: 35588.950
Actor: PC_Hero
Action: 1
AniPhase: 1
StateTime: 0.331445
StatePosition: 0
CurrentMovementAni: Hero_Stand_None_2H_P0_Attack_Hit_N_Fwd_00_%_00_P1_90_R.xmot
RightHandSourceResolved: 1
ResolvedSource: It_2H_Sword_Flamberge
ResolvedSourceUseType: 3
ResolvedSourceCollisionGroup: 5
===== ENGINE SetCollisionGroup =====
ElapsedMs: 35588.978
Entity: It_2H_Sword_Flamberge
ChangedEntityAddress: E70E9C10
PlayerSlotMatch: RIGHT
PlayerAction: 1
PlayerAniPhase: 1
PlayerPrimaryPose: 1
PlayerStateTime: 0.331445
PlayerStatePosition: 0
PlayerCurrentMovementAni: Hero_Stand_None_2H_P0_Attack_Hit_N_Fwd_00_%_00_P1_90_R.xmot
PlayerLeftItem: <none>
PlayerLeftItemAddress: 00000000
PlayerLeftUseType: -1
PlayerLeftCollisionGroup: -1
PlayerRightItem: It_2H_Sword_Flamberge
PlayerRightItemAddress: E70E9C10
PlayerRightUseType: 3
PlayerRightCollisionGroup: 7
RequestedGroup: 7
BeforeGroup: 5
AfterGroup: 7
Item_EquippedValue: 5
Item_AttackValue: 7
====================================

MarkerAction: ACCEPTED
MarkerName: G3AB_COL_TEST
AuthoredMarkerFrame: 4
CollisionGroupBeforeMarker: 5
CollisionGroupAfterMarker: 7
ResolvedSourceUseTypeAtMarker: 3
SetCollisionGroupAction: REQUESTED_ITEM_ATTACK
TriggeredDamageList: CLEARED
Original StartEffect for marker: NOT CALLED
=================================

===== G3AB_COL_OFF_TEST RECEIVED =====
ElapsedMs: 35832.228
Actor: PC_Hero
Action: 1
AniPhase: 1
StateTime: 0.576347
StatePosition: 0
CurrentMovementAni: Hero_Stand_None_2H_P0_Attack_Hit_N_Fwd_00_%_00_P1_90_R.xmot
RightHandSourceResolved: 1
ResolvedSource: It_2H_Sword_Flamberge
ResolvedSourceUseType: 3
ResolvedSourceCollisionGroup: 7
===== ENGINE SetCollisionGroup =====
ElapsedMs: 35832.257
Entity: It_2H_Sword_Flamberge
ChangedEntityAddress: E70E9C10
PlayerSlotMatch: RIGHT
PlayerAction: 1
PlayerAniPhase: 1
PlayerPrimaryPose: 1
PlayerStateTime: 0.576347
PlayerStatePosition: 0
PlayerCurrentMovementAni: Hero_Stand_None_2H_P0_Attack_Hit_N_Fwd_00_%_00_P1_90_R.xmot
PlayerLeftItem: <none>
PlayerLeftItemAddress: 00000000
PlayerLeftUseType: -1
PlayerLeftCollisionGroup: -1
PlayerRightItem: It_2H_Sword_Flamberge
PlayerRightItemAddress: E70E9C10
PlayerRightUseType: 3
PlayerRightCollisionGroup: 5
RequestedGroup: 5
BeforeGroup: 7
AfterGroup: 5
Item_EquippedValue: 5
Item_AttackValue: 7
====================================

MarkerAction: OFF_ACCEPTED
MarkerName: G3AB_COL_OFF_TEST
MotionFirstOnMarkerFrame: 4
CollisionGroupBeforeMarker: 7
CollisionGroupAfterMarker: 5
ResolvedSourceUseTypeAtMarker: 3
MarkerOwnedWindowMatched: 1
SetCollisionGroupAction: REQUESTED_ITEM_EQUIPPED
TriggeredDamageList: NOT_CLEARED_OFF
Original StartEffect for marker: NOT CALLED
=================================

===== G3AB_COL_TEST RECEIVED =====
ElapsedMs: 36024.297
Actor: PC_Hero
Action: 1
AniPhase: 1
StateTime: 0.769331
StatePosition: 0
CurrentMovementAni: Hero_Stand_None_2H_P0_Attack_Hit_N_Fwd_00_%_00_P1_90_R.xmot
RightHandSourceResolved: 1
ResolvedSource: It_2H_Sword_Flamberge
ResolvedSourceUseType: 3
ResolvedSourceCollisionGroup: 5
===== ENGINE SetCollisionGroup =====
ElapsedMs: 36024.338
Entity: It_2H_Sword_Flamberge
ChangedEntityAddress: E70E9C10
PlayerSlotMatch: RIGHT
PlayerAction: 1
PlayerAniPhase: 1
PlayerPrimaryPose: 2
PlayerStateTime: 0.769331
PlayerStatePosition: 0
PlayerCurrentMovementAni: Hero_Stand_None_2H_P0_Attack_Hit_N_Fwd_00_%_00_P1_90_R.xmot
PlayerLeftItem: <none>
PlayerLeftItemAddress: 00000000
PlayerLeftUseType: -1
PlayerLeftCollisionGroup: -1
PlayerRightItem: It_2H_Sword_Flamberge
PlayerRightItemAddress: E70E9C10
PlayerRightUseType: 3
PlayerRightCollisionGroup: 7
RequestedGroup: 7
BeforeGroup: 5
AfterGroup: 7
Item_EquippedValue: 5
Item_AttackValue: 7
====================================

MarkerAction: ACCEPTED
MarkerName: G3AB_COL_TEST
AuthoredMarkerFrame: 4
CollisionGroupBeforeMarker: 5
CollisionGroupAfterMarker: 7
ResolvedSourceUseTypeAtMarker: 3
SetCollisionGroupAction: REQUESTED_ITEM_ATTACK
TriggeredDamageList: CLEARED
Original StartEffect for marker: NOT CALLED
=================================

===== G3AB_COL_OFF_TEST RECEIVED =====
ElapsedMs: 36024.387
Actor: PC_Hero
Action: 1
AniPhase: 1
StateTime: 0.769331
StatePosition: 0
CurrentMovementAni: Hero_Stand_None_2H_P0_Attack_Hit_N_Fwd_00_%_00_P1_90_R.xmot
RightHandSourceResolved: 1
ResolvedSource: It_2H_Sword_Flamberge
ResolvedSourceUseType: 3
ResolvedSourceCollisionGroup: 7
===== ENGINE SetCollisionGroup =====
ElapsedMs: 36024.404
Entity: It_2H_Sword_Flamberge
ChangedEntityAddress: E70E9C10
PlayerSlotMatch: RIGHT
PlayerAction: 1
PlayerAniPhase: 1
PlayerPrimaryPose: 2
PlayerStateTime: 0.769331
PlayerStatePosition: 0
PlayerCurrentMovementAni: Hero_Stand_None_2H_P0_Attack_Hit_N_Fwd_00_%_00_P1_90_R.xmot
PlayerLeftItem: <none>
PlayerLeftItemAddress: 00000000
PlayerLeftUseType: -1
PlayerLeftCollisionGroup: -1
PlayerRightItem: It_2H_Sword_Flamberge
PlayerRightItemAddress: E70E9C10
PlayerRightUseType: 3
PlayerRightCollisionGroup: 5
RequestedGroup: 5
BeforeGroup: 7
AfterGroup: 5
Item_EquippedValue: 5
Item_AttackValue: 7
====================================

MarkerAction: OFF_ACCEPTED
MarkerName: G3AB_COL_OFF_TEST
MotionFirstOnMarkerFrame: 4
CollisionGroupBeforeMarker: 7
CollisionGroupAfterMarker: 5
ResolvedSourceUseTypeAtMarker: 3
MarkerOwnedWindowMatched: 1
SetCollisionGroupAction: REQUESTED_ITEM_EQUIPPED
TriggeredDamageList: NOT_CLEARED_OFF
Original StartEffect for marker: NOT CALLED
=================================

===== G3AB_COL_TEST RECEIVED =====
ElapsedMs: 36024.445
Actor: PC_Hero
Action: 1
AniPhase: 1
StateTime: 0.769331
StatePosition: 0
CurrentMovementAni: Hero_Stand_None_2H_P0_Attack_Hit_N_Fwd_00_%_00_P1_90_R.xmot
RightHandSourceResolved: 1
ResolvedSource: It_2H_Sword_Flamberge
ResolvedSourceUseType: 3
ResolvedSourceCollisionGroup: 5
===== ENGINE SetCollisionGroup =====
ElapsedMs: 36024.457
Entity: It_2H_Sword_Flamberge
ChangedEntityAddress: E70E9C10
PlayerSlotMatch: RIGHT
PlayerAction: 1
PlayerAniPhase: 1
PlayerPrimaryPose: 2
PlayerStateTime: 0.769331
PlayerStatePosition: 0
PlayerCurrentMovementAni: Hero_Stand_None_2H_P0_Attack_Hit_N_Fwd_00_%_00_P1_90_R.xmot
PlayerLeftItem: <none>
PlayerLeftItemAddress: 00000000
PlayerLeftUseType: -1
PlayerLeftCollisionGroup: -1
PlayerRightItem: It_2H_Sword_Flamberge
PlayerRightItemAddress: E70E9C10
PlayerRightUseType: 3
PlayerRightCollisionGroup: 7
RequestedGroup: 7
BeforeGroup: 5
AfterGroup: 7
Item_EquippedValue: 5
Item_AttackValue: 7
====================================

MarkerAction: ACCEPTED
MarkerName: G3AB_COL_TEST
AuthoredMarkerFrame: 4
CollisionGroupBeforeMarker: 5
CollisionGroupAfterMarker: 7
ResolvedSourceUseTypeAtMarker: 3
SetCollisionGroupAction: REQUESTED_ITEM_ATTACK
TriggeredDamageList: CLEARED
Original StartEffect for marker: NOT CALLED
=================================

===== ENGINE SetCollisionGroup =====
ElapsedMs: 36238.481
Entity: It_2H_Sword_Flamberge
ChangedEntityAddress: E70E9C10
PlayerSlotMatch: RIGHT
PlayerAction: 1
PlayerAniPhase: 3
PlayerPrimaryPose: 2
PlayerStateTime: 0.971295
PlayerStatePosition: 0
PlayerCurrentMovementAni: Hero_Stand_None_2H_P0_Attack_Hit_N_Fwd_00_%_00_P1_90_R.xmot
PlayerLeftItem: <none>
PlayerLeftItemAddress: 00000000
PlayerLeftUseType: -1
PlayerLeftCollisionGroup: -1
PlayerRightItem: It_2H_Sword_Flamberge
PlayerRightItemAddress: E70E9C10
PlayerRightUseType: 3
PlayerRightCollisionGroup: 5
RequestedGroup: 5
BeforeGroup: 7
AfterGroup: 5
Item_EquippedValue: 5
Item_AttackValue: 7
====================================

===== ENGINE SetCollisionGroup =====
ElapsedMs: 37225.949
Entity: Fist
ChangedEntityAddress: E6E64810
PlayerSlotMatch: NONE
PlayerAction: 0
PlayerAniPhase: 8
PlayerPrimaryPose: 1
PlayerStateTime: 0.986878
PlayerStatePosition: 0
PlayerCurrentMovementAni: Hero_Stand_None_2H_P0_Move_Walk_N_Fwd_00_%_00_P0_160.xmot
PlayerLeftItem: <none>
PlayerLeftItemAddress: 00000000
PlayerLeftUseType: -1
PlayerLeftCollisionGroup: -1
PlayerRightItem: It_2H_Sword_Flamberge
PlayerRightItemAddress: E70E9C10
PlayerRightUseType: 3
PlayerRightCollisionGroup: 5
RequestedGroup: 7
BeforeGroup: 0
AfterGroup: 0
Item_EquippedValue: 5
Item_AttackValue: 7
====================================

===== G3AB_COL_TEST RECEIVED =====
ElapsedMs: 37959.883
Actor: PC_Hero
Action: 1
AniPhase: 1
StateTime: 0.339279
StatePosition: 0
CurrentMovementAni: Hero_Stand_None_2H_P0_Attack_Hit_N_Fwd_00_%_00_P1_90_R.xmot
RightHandSourceResolved: 1
ResolvedSource: It_2H_Sword_Flamberge
ResolvedSourceUseType: 3
ResolvedSourceCollisionGroup: 5
===== ENGINE SetCollisionGroup =====
ElapsedMs: 37959.911
Entity: It_2H_Sword_Flamberge
ChangedEntityAddress: E70E9C10
PlayerSlotMatch: RIGHT
PlayerAction: 1
PlayerAniPhase: 1
PlayerPrimaryPose: 1
PlayerStateTime: 0.339279
PlayerStatePosition: 0
PlayerCurrentMovementAni: Hero_Stand_None_2H_P0_Attack_Hit_N_Fwd_00_%_00_P1_90_R.xmot
PlayerLeftItem: <none>
PlayerLeftItemAddress: 00000000
PlayerLeftUseType: -1
PlayerLeftCollisionGroup: -1
PlayerRightItem: It_2H_Sword_Flamberge
PlayerRightItemAddress: E70E9C10
PlayerRightUseType: 3
PlayerRightCollisionGroup: 7
RequestedGroup: 7
BeforeGroup: 5
AfterGroup: 7
Item_EquippedValue: 5
Item_AttackValue: 7
====================================

MarkerAction: ACCEPTED
MarkerName: G3AB_COL_TEST
AuthoredMarkerFrame: 4
CollisionGroupBeforeMarker: 5
CollisionGroupAfterMarker: 7
ResolvedSourceUseTypeAtMarker: 3
SetCollisionGroupAction: REQUESTED_ITEM_ATTACK
TriggeredDamageList: CLEARED
Original StartEffect for marker: NOT CALLED
=================================

===== G3AB_COL_OFF_TEST RECEIVED =====
ElapsedMs: 38198.772
Actor: PC_Hero
Action: 1
AniPhase: 1
StateTime: 0.578245
StatePosition: 0
CurrentMovementAni: Hero_Stand_None_2H_P0_Attack_Hit_N_Fwd_00_%_00_P1_90_R.xmot
RightHandSourceResolved: 1
ResolvedSource: It_2H_Sword_Flamberge
ResolvedSourceUseType: 3
ResolvedSourceCollisionGroup: 7
===== ENGINE SetCollisionGroup =====
ElapsedMs: 38198.799
Entity: It_2H_Sword_Flamberge
ChangedEntityAddress: E70E9C10
PlayerSlotMatch: RIGHT
PlayerAction: 1
PlayerAniPhase: 1
PlayerPrimaryPose: 1
PlayerStateTime: 0.578245
PlayerStatePosition: 0
PlayerCurrentMovementAni: Hero_Stand_None_2H_P0_Attack_Hit_N_Fwd_00_%_00_P1_90_R.xmot
PlayerLeftItem: <none>
PlayerLeftItemAddress: 00000000
PlayerLeftUseType: -1
PlayerLeftCollisionGroup: -1
PlayerRightItem: It_2H_Sword_Flamberge
PlayerRightItemAddress: E70E9C10
PlayerRightUseType: 3
PlayerRightCollisionGroup: 5
RequestedGroup: 5
BeforeGroup: 7
AfterGroup: 5
Item_EquippedValue: 5
Item_AttackValue: 7
====================================

MarkerAction: OFF_ACCEPTED
MarkerName: G3AB_COL_OFF_TEST
MotionFirstOnMarkerFrame: 4
CollisionGroupBeforeMarker: 7
CollisionGroupAfterMarker: 5
ResolvedSourceUseTypeAtMarker: 3
MarkerOwnedWindowMatched: 1
SetCollisionGroupAction: REQUESTED_ITEM_EQUIPPED
TriggeredDamageList: NOT_CLEARED_OFF
Original StartEffect for marker: NOT CALLED
=================================

===== G3AB_COL_TEST RECEIVED =====
ElapsedMs: 38397.690
Actor: PC_Hero
Action: 1
AniPhase: 1
StateTime: 0.776245
StatePosition: 0
CurrentMovementAni: Hero_Stand_None_2H_P0_Attack_Hit_N_Fwd_00_%_00_P1_90_R.xmot
RightHandSourceResolved: 1
ResolvedSource: It_2H_Sword_Flamberge
ResolvedSourceUseType: 3
ResolvedSourceCollisionGroup: 5
===== ENGINE SetCollisionGroup =====
ElapsedMs: 38397.717
Entity: It_2H_Sword_Flamberge
ChangedEntityAddress: E70E9C10
PlayerSlotMatch: RIGHT
PlayerAction: 1
PlayerAniPhase: 1
PlayerPrimaryPose: 2
PlayerStateTime: 0.776245
PlayerStatePosition: 0
PlayerCurrentMovementAni: Hero_Stand_None_2H_P0_Attack_Hit_N_Fwd_00_%_00_P1_90_R.xmot
PlayerLeftItem: <none>
PlayerLeftItemAddress: 00000000
PlayerLeftUseType: -1
PlayerLeftCollisionGroup: -1
PlayerRightItem: It_2H_Sword_Flamberge
PlayerRightItemAddress: E70E9C10
PlayerRightUseType: 3
PlayerRightCollisionGroup: 7
RequestedGroup: 7
BeforeGroup: 5
AfterGroup: 7
Item_EquippedValue: 5
Item_AttackValue: 7
====================================

MarkerAction: ACCEPTED
MarkerName: G3AB_COL_TEST
AuthoredMarkerFrame: 4
CollisionGroupBeforeMarker: 5
CollisionGroupAfterMarker: 7
ResolvedSourceUseTypeAtMarker: 3
SetCollisionGroupAction: REQUESTED_ITEM_ATTACK
TriggeredDamageList: CLEARED
Original StartEffect for marker: NOT CALLED
=================================

===== G3AB_COL_OFF_TEST RECEIVED =====
ElapsedMs: 38397.765
Actor: PC_Hero
Action: 1
AniPhase: 1
StateTime: 0.776245
StatePosition: 0
CurrentMovementAni: Hero_Stand_None_2H_P0_Attack_Hit_N_Fwd_00_%_00_P1_90_R.xmot
RightHandSourceResolved: 1
ResolvedSource: It_2H_Sword_Flamberge
ResolvedSourceUseType: 3
ResolvedSourceCollisionGroup: 7
===== ENGINE SetCollisionGroup =====
ElapsedMs: 38397.783
Entity: It_2H_Sword_Flamberge
ChangedEntityAddress: E70E9C10
PlayerSlotMatch: RIGHT
PlayerAction: 1
PlayerAniPhase: 1
PlayerPrimaryPose: 2
PlayerStateTime: 0.776245
PlayerStatePosition: 0
PlayerCurrentMovementAni: Hero_Stand_None_2H_P0_Attack_Hit_N_Fwd_00_%_00_P1_90_R.xmot
PlayerLeftItem: <none>
PlayerLeftItemAddress: 00000000
PlayerLeftUseType: -1
PlayerLeftCollisionGroup: -1
PlayerRightItem: It_2H_Sword_Flamberge
PlayerRightItemAddress: E70E9C10
PlayerRightUseType: 3
PlayerRightCollisionGroup: 5
RequestedGroup: 5
BeforeGroup: 7
AfterGroup: 5
Item_EquippedValue: 5
Item_AttackValue: 7
====================================

MarkerAction: OFF_ACCEPTED
MarkerName: G3AB_COL_OFF_TEST
MotionFirstOnMarkerFrame: 4
CollisionGroupBeforeMarker: 7
CollisionGroupAfterMarker: 5
ResolvedSourceUseTypeAtMarker: 3
MarkerOwnedWindowMatched: 1
SetCollisionGroupAction: REQUESTED_ITEM_EQUIPPED
TriggeredDamageList: NOT_CLEARED_OFF
Original StartEffect for marker: NOT CALLED
=================================

===== G3AB_COL_TEST RECEIVED =====
ElapsedMs: 38397.869
Actor: PC_Hero
Action: 1
AniPhase: 1
StateTime: 0.776245
StatePosition: 0
CurrentMovementAni: Hero_Stand_None_2H_P0_Attack_Hit_N_Fwd_00_%_00_P1_90_R.xmot
RightHandSourceResolved: 1
ResolvedSource: It_2H_Sword_Flamberge
ResolvedSourceUseType: 3
ResolvedSourceCollisionGroup: 5
===== ENGINE SetCollisionGroup =====
ElapsedMs: 38397.883
Entity: It_2H_Sword_Flamberge
ChangedEntityAddress: E70E9C10
PlayerSlotMatch: RIGHT
PlayerAction: 1
PlayerAniPhase: 1
PlayerPrimaryPose: 2
PlayerStateTime: 0.776245
PlayerStatePosition: 0
PlayerCurrentMovementAni: Hero_Stand_None_2H_P0_Attack_Hit_N_Fwd_00_%_00_P1_90_R.xmot
PlayerLeftItem: <none>
PlayerLeftItemAddress: 00000000
PlayerLeftUseType: -1
PlayerLeftCollisionGroup: -1
PlayerRightItem: It_2H_Sword_Flamberge
PlayerRightItemAddress: E70E9C10
PlayerRightUseType: 3
PlayerRightCollisionGroup: 7
RequestedGroup: 7
BeforeGroup: 5
AfterGroup: 7
Item_EquippedValue: 5
Item_AttackValue: 7
====================================

MarkerAction: ACCEPTED
MarkerName: G3AB_COL_TEST
AuthoredMarkerFrame: 4
CollisionGroupBeforeMarker: 5
CollisionGroupAfterMarker: 7
ResolvedSourceUseTypeAtMarker: 3
SetCollisionGroupAction: REQUESTED_ITEM_ATTACK
TriggeredDamageList: CLEARED
Original StartEffect for marker: NOT CALLED
=================================

===== ENGINE SetCollisionGroup =====
ElapsedMs: 38607.097
Entity: It_2H_Sword_Flamberge
ChangedEntityAddress: E70E9C10
PlayerSlotMatch: RIGHT
PlayerAction: 1
PlayerAniPhase: 3
PlayerPrimaryPose: 2
PlayerStateTime: 0.975227
PlayerStatePosition: 0
PlayerCurrentMovementAni: Hero_Stand_None_2H_P0_Attack_Hit_N_Fwd_00_%_00_P1_90_R.xmot
PlayerLeftItem: <none>
PlayerLeftItemAddress: 00000000
PlayerLeftUseType: -1
PlayerLeftCollisionGroup: -1
PlayerRightItem: It_2H_Sword_Flamberge
PlayerRightItemAddress: E70E9C10
PlayerRightUseType: 3
PlayerRightCollisionGroup: 5
RequestedGroup: 5
BeforeGroup: 7
AfterGroup: 5
Item_EquippedValue: 5
Item_AttackValue: 7
====================================

===== G3AB_COL_TEST RECEIVED =====
ElapsedMs: 47823.489
Actor: PC_Hero
Action: 1
AniPhase: 1
StateTime: 0.328448
StatePosition: 0
CurrentMovementAni: Hero_Stand_None_2H_P0_Attack_Hit_N_Fwd_00_%_00_P1_90_R.xmot
RightHandSourceResolved: 1
ResolvedSource: It_2H_Sword_Flamberge
ResolvedSourceUseType: 3
ResolvedSourceCollisionGroup: 5
===== ENGINE SetCollisionGroup =====
ElapsedMs: 47823.516
Entity: It_2H_Sword_Flamberge
ChangedEntityAddress: E70E9C10
PlayerSlotMatch: RIGHT
PlayerAction: 1
PlayerAniPhase: 1
PlayerPrimaryPose: 1
PlayerStateTime: 0.328448
PlayerStatePosition: 0
PlayerCurrentMovementAni: Hero_Stand_None_2H_P0_Attack_Hit_N_Fwd_00_%_00_P1_90_R.xmot
PlayerLeftItem: <none>
PlayerLeftItemAddress: 00000000
PlayerLeftUseType: -1
PlayerLeftCollisionGroup: -1
PlayerRightItem: It_2H_Sword_Flamberge
PlayerRightItemAddress: E70E9C10
PlayerRightUseType: 3
PlayerRightCollisionGroup: 7
RequestedGroup: 7
BeforeGroup: 5
AfterGroup: 7
Item_EquippedValue: 5
Item_AttackValue: 7
====================================

MarkerAction: ACCEPTED
MarkerName: G3AB_COL_TEST
AuthoredMarkerFrame: 4
CollisionGroupBeforeMarker: 5
CollisionGroupAfterMarker: 7
ResolvedSourceUseTypeAtMarker: 3
SetCollisionGroupAction: REQUESTED_ITEM_ATTACK
TriggeredDamageList: CLEARED
Original StartEffect for marker: NOT CALLED
=================================

===== G3AB_COL_OFF_TEST RECEIVED =====
ElapsedMs: 48059.393
Actor: PC_Hero
Action: 1
AniPhase: 1
StateTime: 0.569304
StatePosition: 0
CurrentMovementAni: Hero_Stand_None_2H_P0_Attack_Hit_N_Fwd_00_%_00_P1_90_R.xmot
RightHandSourceResolved: 1
ResolvedSource: It_2H_Sword_Flamberge
ResolvedSourceUseType: 3
ResolvedSourceCollisionGroup: 7
===== ENGINE SetCollisionGroup =====
ElapsedMs: 48059.435
Entity: It_2H_Sword_Flamberge
ChangedEntityAddress: E70E9C10
PlayerSlotMatch: RIGHT
PlayerAction: 1
PlayerAniPhase: 1
PlayerPrimaryPose: 1
PlayerStateTime: 0.569304
PlayerStatePosition: 0
PlayerCurrentMovementAni: Hero_Stand_None_2H_P0_Attack_Hit_N_Fwd_00_%_00_P1_90_R.xmot
PlayerLeftItem: <none>
PlayerLeftItemAddress: 00000000
PlayerLeftUseType: -1
PlayerLeftCollisionGroup: -1
PlayerRightItem: It_2H_Sword_Flamberge
PlayerRightItemAddress: E70E9C10
PlayerRightUseType: 3
PlayerRightCollisionGroup: 5
RequestedGroup: 5
BeforeGroup: 7
AfterGroup: 5
Item_EquippedValue: 5
Item_AttackValue: 7
====================================

MarkerAction: OFF_ACCEPTED
MarkerName: G3AB_COL_OFF_TEST
MotionFirstOnMarkerFrame: 4
CollisionGroupBeforeMarker: 7
CollisionGroupAfterMarker: 5
ResolvedSourceUseTypeAtMarker: 3
MarkerOwnedWindowMatched: 1
SetCollisionGroupAction: REQUESTED_ITEM_EQUIPPED
TriggeredDamageList: NOT_CLEARED_OFF
Original StartEffect for marker: NOT CALLED
=================================

===== G3AB_COL_TEST RECEIVED =====
ElapsedMs: 48256.679
Actor: PC_Hero
Action: 1
AniPhase: 1
StateTime: 0.769169
StatePosition: 0
CurrentMovementAni: Hero_Stand_None_2H_P0_Attack_Hit_N_Fwd_00_%_00_P1_90_R.xmot
RightHandSourceResolved: 1
ResolvedSource: It_2H_Sword_Flamberge
ResolvedSourceUseType: 3
ResolvedSourceCollisionGroup: 5
===== ENGINE SetCollisionGroup =====
ElapsedMs: 48256.706
Entity: It_2H_Sword_Flamberge
ChangedEntityAddress: E70E9C10
PlayerSlotMatch: RIGHT
PlayerAction: 1
PlayerAniPhase: 1
PlayerPrimaryPose: 2
PlayerStateTime: 0.769169
PlayerStatePosition: 0
PlayerCurrentMovementAni: Hero_Stand_None_2H_P0_Attack_Hit_N_Fwd_00_%_00_P1_90_R.xmot
PlayerLeftItem: <none>
PlayerLeftItemAddress: 00000000
PlayerLeftUseType: -1
PlayerLeftCollisionGroup: -1
PlayerRightItem: It_2H_Sword_Flamberge
PlayerRightItemAddress: E70E9C10
PlayerRightUseType: 3
PlayerRightCollisionGroup: 7
RequestedGroup: 7
BeforeGroup: 5
AfterGroup: 7
Item_EquippedValue: 5
Item_AttackValue: 7
====================================

MarkerAction: ACCEPTED
MarkerName: G3AB_COL_TEST
AuthoredMarkerFrame: 4
CollisionGroupBeforeMarker: 5
CollisionGroupAfterMarker: 7
ResolvedSourceUseTypeAtMarker: 3
SetCollisionGroupAction: REQUESTED_ITEM_ATTACK
TriggeredDamageList: CLEARED
Original StartEffect for marker: NOT CALLED
=================================

===== G3AB_COL_OFF_TEST RECEIVED =====
ElapsedMs: 48256.758
Actor: PC_Hero
Action: 1
AniPhase: 1
StateTime: 0.769169
StatePosition: 0
CurrentMovementAni: Hero_Stand_None_2H_P0_Attack_Hit_N_Fwd_00_%_00_P1_90_R.xmot
RightHandSourceResolved: 1
ResolvedSource: It_2H_Sword_Flamberge
ResolvedSourceUseType: 3
ResolvedSourceCollisionGroup: 7
===== ENGINE SetCollisionGroup =====
ElapsedMs: 48256.776
Entity: It_2H_Sword_Flamberge
ChangedEntityAddress: E70E9C10
PlayerSlotMatch: RIGHT
PlayerAction: 1
PlayerAniPhase: 1
PlayerPrimaryPose: 2
PlayerStateTime: 0.769169
PlayerStatePosition: 0
PlayerCurrentMovementAni: Hero_Stand_None_2H_P0_Attack_Hit_N_Fwd_00_%_00_P1_90_R.xmot
PlayerLeftItem: <none>
PlayerLeftItemAddress: 00000000
PlayerLeftUseType: -1
PlayerLeftCollisionGroup: -1
PlayerRightItem: It_2H_Sword_Flamberge
PlayerRightItemAddress: E70E9C10
PlayerRightUseType: 3
PlayerRightCollisionGroup: 5
RequestedGroup: 5
BeforeGroup: 7
AfterGroup: 5
Item_EquippedValue: 5
Item_AttackValue: 7
====================================

MarkerAction: OFF_ACCEPTED
MarkerName: G3AB_COL_OFF_TEST
MotionFirstOnMarkerFrame: 4
CollisionGroupBeforeMarker: 7
CollisionGroupAfterMarker: 5
ResolvedSourceUseTypeAtMarker: 3
MarkerOwnedWindowMatched: 1
SetCollisionGroupAction: REQUESTED_ITEM_EQUIPPED
TriggeredDamageList: NOT_CLEARED_OFF
Original StartEffect for marker: NOT CALLED
=================================

===== G3AB_COL_TEST RECEIVED =====
ElapsedMs: 48256.818
Actor: PC_Hero
Action: 1
AniPhase: 1
StateTime: 0.769169
StatePosition: 0
CurrentMovementAni: Hero_Stand_None_2H_P0_Attack_Hit_N_Fwd_00_%_00_P1_90_R.xmot
RightHandSourceResolved: 1
ResolvedSource: It_2H_Sword_Flamberge
ResolvedSourceUseType: 3
ResolvedSourceCollisionGroup: 5
===== ENGINE SetCollisionGroup =====
ElapsedMs: 48256.832
Entity: It_2H_Sword_Flamberge
ChangedEntityAddress: E70E9C10
PlayerSlotMatch: RIGHT
PlayerAction: 1
PlayerAniPhase: 1
PlayerPrimaryPose: 2
PlayerStateTime: 0.769169
PlayerStatePosition: 0
PlayerCurrentMovementAni: Hero_Stand_None_2H_P0_Attack_Hit_N_Fwd_00_%_00_P1_90_R.xmot
PlayerLeftItem: <none>
PlayerLeftItemAddress: 00000000
PlayerLeftUseType: -1
PlayerLeftCollisionGroup: -1
PlayerRightItem: It_2H_Sword_Flamberge
PlayerRightItemAddress: E70E9C10
PlayerRightUseType: 3
PlayerRightCollisionGroup: 7
RequestedGroup: 7
BeforeGroup: 5
AfterGroup: 7
Item_EquippedValue: 5
Item_AttackValue: 7
====================================

MarkerAction: ACCEPTED
MarkerName: G3AB_COL_TEST
AuthoredMarkerFrame: 4
CollisionGroupBeforeMarker: 5
CollisionGroupAfterMarker: 7
ResolvedSourceUseTypeAtMarker: 3
SetCollisionGroupAction: REQUESTED_ITEM_ATTACK
TriggeredDamageList: CLEARED
Original StartEffect for marker: NOT CALLED
=================================

===== ENGINE SetCollisionGroup =====
ElapsedMs: 48464.856
Entity: It_2H_Sword_Flamberge
ChangedEntityAddress: E70E9C10
PlayerSlotMatch: RIGHT
PlayerAction: 1
PlayerAniPhase: 3
PlayerPrimaryPose: 2
PlayerStateTime: 0.971715
PlayerStatePosition: 0
PlayerCurrentMovementAni: Hero_Stand_None_2H_P0_Attack_Hit_N_Fwd_00_%_00_P1_90_R.xmot
PlayerLeftItem: <none>
PlayerLeftItemAddress: 00000000
PlayerLeftUseType: -1
PlayerLeftCollisionGroup: -1
PlayerRightItem: It_2H_Sword_Flamberge
PlayerRightItemAddress: E70E9C10
PlayerRightUseType: 3
PlayerRightCollisionGroup: 5
RequestedGroup: 5
BeforeGroup: 7
AfterGroup: 5
Item_EquippedValue: 5
Item_AttackValue: 7
====================================

===== MARKER OWNERSHIP DECISION =====
ElapsedMs: 50122.036
Actor: Wolf
CurrentMovementAni: Wolf_Stand_None_Fist_P0_Attack_Hit_N_Fwd_00_%_00_P0_200_L.xmot
MatchingMotionFound: 1
FrameEffectCount: 2
Contains_G3AB_COL_TEST: 0
MarkerFrame: -1
RightHandSourceResolved: 1
ResolvedSource: Fist
ResolvedSourceUseType: 8
ResolvedSourceCollisionGroup: 0
Decision: LEGACY/NATIVE - call original timer callback
=====================================

===== G3AB_COL_TEST RECEIVED =====
ElapsedMs: 50134.417
Actor: PC_Hero
Action: 1
AniPhase: 1
StateTime: 0.330416
StatePosition: 0
CurrentMovementAni: Hero_Stand_None_2H_P0_Attack_Hit_N_Fwd_00_%_00_P1_90_R.xmot
RightHandSourceResolved: 1
ResolvedSource: It_2H_Sword_Flamberge
ResolvedSourceUseType: 3
ResolvedSourceCollisionGroup: 5
===== ENGINE SetCollisionGroup =====
ElapsedMs: 50134.443
Entity: It_2H_Sword_Flamberge
ChangedEntityAddress: E70E9C10
PlayerSlotMatch: RIGHT
PlayerAction: 1
PlayerAniPhase: 1
PlayerPrimaryPose: 1
PlayerStateTime: 0.330416
PlayerStatePosition: 0
PlayerCurrentMovementAni: Hero_Stand_None_2H_P0_Attack_Hit_N_Fwd_00_%_00_P1_90_R.xmot
PlayerLeftItem: <none>
PlayerLeftItemAddress: 00000000
PlayerLeftUseType: -1
PlayerLeftCollisionGroup: -1
PlayerRightItem: It_2H_Sword_Flamberge
PlayerRightItemAddress: E70E9C10
PlayerRightUseType: 3
PlayerRightCollisionGroup: 7
RequestedGroup: 7
BeforeGroup: 5
AfterGroup: 7
Item_EquippedValue: 5
Item_AttackValue: 7
====================================

MarkerAction: ACCEPTED
MarkerName: G3AB_COL_TEST
AuthoredMarkerFrame: 4
CollisionGroupBeforeMarker: 5
CollisionGroupAfterMarker: 7
ResolvedSourceUseTypeAtMarker: 3
SetCollisionGroupAction: REQUESTED_ITEM_ATTACK
TriggeredDamageList: CLEARED
Original StartEffect for marker: NOT CALLED
=================================

===== G3AB_COL_OFF_TEST RECEIVED =====
ElapsedMs: 50367.940
Actor: PC_Hero
Action: 1
AniPhase: 1
StateTime: 0.563042
StatePosition: 0
CurrentMovementAni: Hero_Stand_None_2H_P0_Attack_Hit_N_Fwd_00_%_00_P1_90_R.xmot
RightHandSourceResolved: 1
ResolvedSource: It_2H_Sword_Flamberge
ResolvedSourceUseType: 3
ResolvedSourceCollisionGroup: 7
===== ENGINE SetCollisionGroup =====
ElapsedMs: 50367.969
Entity: It_2H_Sword_Flamberge
ChangedEntityAddress: E70E9C10
PlayerSlotMatch: RIGHT
PlayerAction: 1
PlayerAniPhase: 1
PlayerPrimaryPose: 1
PlayerStateTime: 0.563042
PlayerStatePosition: 0
PlayerCurrentMovementAni: Hero_Stand_None_2H_P0_Attack_Hit_N_Fwd_00_%_00_P1_90_R.xmot
PlayerLeftItem: <none>
PlayerLeftItemAddress: 00000000
PlayerLeftUseType: -1
PlayerLeftCollisionGroup: -1
PlayerRightItem: It_2H_Sword_Flamberge
PlayerRightItemAddress: E70E9C10
PlayerRightUseType: 3
PlayerRightCollisionGroup: 5
RequestedGroup: 5
BeforeGroup: 7
AfterGroup: 5
Item_EquippedValue: 5
Item_AttackValue: 7
====================================

MarkerAction: OFF_ACCEPTED
MarkerName: G3AB_COL_OFF_TEST
MotionFirstOnMarkerFrame: 4
CollisionGroupBeforeMarker: 7
CollisionGroupAfterMarker: 5
ResolvedSourceUseTypeAtMarker: 3
MarkerOwnedWindowMatched: 1
SetCollisionGroupAction: REQUESTED_ITEM_EQUIPPED
TriggeredDamageList: NOT_CLEARED_OFF
Original StartEffect for marker: NOT CALLED
=================================

===== G3AB_COL_TEST RECEIVED =====
ElapsedMs: 50569.145
Actor: PC_Hero
Action: 1
AniPhase: 1
StateTime: 0.768890
StatePosition: 0
CurrentMovementAni: Hero_Stand_None_2H_P0_Attack_Hit_N_Fwd_00_%_00_P1_90_R.xmot
RightHandSourceResolved: 1
ResolvedSource: It_2H_Sword_Flamberge
ResolvedSourceUseType: 3
ResolvedSourceCollisionGroup: 5
===== ENGINE SetCollisionGroup =====
ElapsedMs: 50569.215
Entity: It_2H_Sword_Flamberge
ChangedEntityAddress: E70E9C10
PlayerSlotMatch: RIGHT
PlayerAction: 1
PlayerAniPhase: 1
PlayerPrimaryPose: 2
PlayerStateTime: 0.768890
PlayerStatePosition: 0
PlayerCurrentMovementAni: Hero_Stand_None_2H_P0_Attack_Hit_N_Fwd_00_%_00_P1_90_R.xmot
PlayerLeftItem: <none>
PlayerLeftItemAddress: 00000000
PlayerLeftUseType: -1
PlayerLeftCollisionGroup: -1
PlayerRightItem: It_2H_Sword_Flamberge
PlayerRightItemAddress: E70E9C10
PlayerRightUseType: 3
PlayerRightCollisionGroup: 7
RequestedGroup: 7
BeforeGroup: 5
AfterGroup: 7
Item_EquippedValue: 5
Item_AttackValue: 7
====================================

MarkerAction: ACCEPTED
MarkerName: G3AB_COL_TEST
AuthoredMarkerFrame: 4
CollisionGroupBeforeMarker: 5
CollisionGroupAfterMarker: 7
ResolvedSourceUseTypeAtMarker: 3
SetCollisionGroupAction: REQUESTED_ITEM_ATTACK
TriggeredDamageList: CLEARED
Original StartEffect for marker: NOT CALLED
=================================

===== G3AB_COL_OFF_TEST RECEIVED =====
ElapsedMs: 50569.292
Actor: PC_Hero
Action: 1
AniPhase: 1
StateTime: 0.768890
StatePosition: 0
CurrentMovementAni: Hero_Stand_None_2H_P0_Attack_Hit_N_Fwd_00_%_00_P1_90_R.xmot
RightHandSourceResolved: 1
ResolvedSource: It_2H_Sword_Flamberge
ResolvedSourceUseType: 3
ResolvedSourceCollisionGroup: 7
===== ENGINE SetCollisionGroup =====
ElapsedMs: 50569.323
Entity: It_2H_Sword_Flamberge
ChangedEntityAddress: E70E9C10
PlayerSlotMatch: RIGHT
PlayerAction: 1
PlayerAniPhase: 1
PlayerPrimaryPose: 2
PlayerStateTime: 0.768890
PlayerStatePosition: 0
PlayerCurrentMovementAni: Hero_Stand_None_2H_P0_Attack_Hit_N_Fwd_00_%_00_P1_90_R.xmot
PlayerLeftItem: <none>
PlayerLeftItemAddress: 00000000
PlayerLeftUseType: -1
PlayerLeftCollisionGroup: -1
PlayerRightItem: It_2H_Sword_Flamberge
PlayerRightItemAddress: E70E9C10
PlayerRightUseType: 3
PlayerRightCollisionGroup: 5
RequestedGroup: 5
BeforeGroup: 7
AfterGroup: 5
Item_EquippedValue: 5
Item_AttackValue: 7
====================================

MarkerAction: OFF_ACCEPTED
MarkerName: G3AB_COL_OFF_TEST
MotionFirstOnMarkerFrame: 4
CollisionGroupBeforeMarker: 7
CollisionGroupAfterMarker: 5
ResolvedSourceUseTypeAtMarker: 3
MarkerOwnedWindowMatched: 1
SetCollisionGroupAction: REQUESTED_ITEM_EQUIPPED
TriggeredDamageList: NOT_CLEARED_OFF
Original StartEffect for marker: NOT CALLED
=================================

===== G3AB_COL_TEST RECEIVED =====
ElapsedMs: 50569.440
Actor: PC_Hero
Action: 1
AniPhase: 1
StateTime: 0.768890
StatePosition: 0
CurrentMovementAni: Hero_Stand_None_2H_P0_Attack_Hit_N_Fwd_00_%_00_P1_90_R.xmot
RightHandSourceResolved: 1
ResolvedSource: It_2H_Sword_Flamberge
ResolvedSourceUseType: 3
ResolvedSourceCollisionGroup: 5
===== ENGINE SetCollisionGroup =====
ElapsedMs: 50569.456
Entity: It_2H_Sword_Flamberge
ChangedEntityAddress: E70E9C10
PlayerSlotMatch: RIGHT
PlayerAction: 1
PlayerAniPhase: 1
PlayerPrimaryPose: 2
PlayerStateTime: 0.768890
PlayerStatePosition: 0
PlayerCurrentMovementAni: Hero_Stand_None_2H_P0_Attack_Hit_N_Fwd_00_%_00_P1_90_R.xmot
PlayerLeftItem: <none>
PlayerLeftItemAddress: 00000000
PlayerLeftUseType: -1
PlayerLeftCollisionGroup: -1
PlayerRightItem: It_2H_Sword_Flamberge
PlayerRightItemAddress: E70E9C10
PlayerRightUseType: 3
PlayerRightCollisionGroup: 7
RequestedGroup: 7
BeforeGroup: 5
AfterGroup: 7
Item_EquippedValue: 5
Item_AttackValue: 7
====================================

MarkerAction: ACCEPTED
MarkerName: G3AB_COL_TEST
AuthoredMarkerFrame: 4
CollisionGroupBeforeMarker: 5
CollisionGroupAfterMarker: 7
ResolvedSourceUseTypeAtMarker: 3
SetCollisionGroupAction: REQUESTED_ITEM_ATTACK
TriggeredDamageList: CLEARED
Original StartEffect for marker: NOT CALLED
=================================

===== ENGINE SetCollisionGroup =====
ElapsedMs: 50771.283
Entity: It_2H_Sword_Flamberge
ChangedEntityAddress: E70E9C10
PlayerSlotMatch: RIGHT
PlayerAction: 1
PlayerAniPhase: 3
PlayerPrimaryPose: 2
PlayerStateTime: 0.966074
PlayerStatePosition: 0
PlayerCurrentMovementAni: Hero_Stand_None_2H_P0_Attack_Hit_N_Fwd_00_%_00_P1_90_R.xmot
PlayerLeftItem: <none>
PlayerLeftItemAddress: 00000000
PlayerLeftUseType: -1
PlayerLeftCollisionGroup: -1
PlayerRightItem: It_2H_Sword_Flamberge
PlayerRightItemAddress: E70E9C10
PlayerRightUseType: 3
PlayerRightCollisionGroup: 5
RequestedGroup: 5
BeforeGroup: 7
AfterGroup: 5
Item_EquippedValue: 5
Item_AttackValue: 7
====================================

Script_FrameCollisionTest unloading.
