Script_FrameCollisionTest diagnostic build loaded.
DiagnosticProfile: CORE
DeepDiagnostics: DISABLED
BehaviorCore: EngineBridge + FrameCollisionMarkers + CollisionSources + CollisionSourceOperations + CollisionLifecycleGuard + RuntimeClock
C1Repair: exact outstanding live equipped Item_Attack source -> Item_Equipped after native AISetState opportunity; no ClearTriggeredList.
MarkerFamilies: Normal Power Quick SimpleWhirl Whirl Pierce Hack
MarkerOpcodes: RIGHT LEFT BOTH OFF FIST
HACK_CALLBACK_IDENTITY TargetRVA=0x433D0 ExactlyOne=1 MatchCount=1 Name=OnAI_HackAttack Source=.\Script\AI\AI_Commands\AI_HackAttack.cpp
Installing behavior hooks...
Hooks installed.

===== C1 LIFECYCLE START =====
ElapsedMs: 45479.338
Actor: PC_Hero
Generation: 1
Status: CANDIDATE
ReplacedGeneration: 0
ReplacedOutstanding: 0
TrackedSourceCount: 1
Source[0].Address: E6AA4610
Source[0].Side: RIGHT
Source[0].ActualGroup: 0
==============================

===== C1 SCRIPT BINDING =====
ElapsedMs: 45479.382
Event: COMBAT_MOVE_CANDIDATE_BOUND
Actor: PC_Hero
Generation: 1
Status: CANDIDATE
Outstanding: 0
ScriptFunction: _AI_Attack
SourceAddress: 00000000
=============================

===== C1 LIFECYCLE STATUS =====
ElapsedMs: 45485.046
Event: PERSISTED
Actor: PC_Hero
Generation: 1
Status: PERSISTED
Outstanding: 0
===============================

===== MARKER OWNERSHIP DECISION =====
ElapsedMs: 45485.096
Actor: PC_Hero
Family: NORMAL
CurrentMovementAni: Hero_Stand_None_Fist_P0_Attack_Hit_N_Fwd_00_%_00_P1_100_R.xmot
Action: 1
AniPhase: 1
MatchingMotionFound: 1
MarkerScanValid: 1
ContainsReservedSourceMarker: 1
RequiredSourceMask: 0
RequiresFistSource: 1
AuthoredRIGHTCount: 0
FirstRIGHTFrame: -1
AuthoredLEFTCount: 0
FirstLEFTFrame: -1
AuthoredBOTHCount: 0
FirstBOTHFrame: -1
AuthoredOFFCount: 0
FirstOFFFrame: -1
AuthoredFISTCount: 1
FirstFISTFrame: 3
RightSourceResolved: 1
RightSourceName: Fist
RightSourceAddress: E6AA4610
RightSourceUseType: 8
RightSourceCollisionGroup: 0
LeftSourceResolved: 0
FistSourceResolved: 1
FistSourceName: Fist
FistSourceAddress: E6AA4610
FistSourceUseType: 8
FistSourceCollisionGroup: 0
SuppressNativeCallback: 1
=====================================

===== FIST RECEIVED =====
ElapsedMs: 45595.923
Actor: PC_Hero
Action: 1
AniPhase: 1
StateTime: 0.127998
StatePositionBeforeMarker: 0
CurrentMovementAni: Hero_Stand_None_Fist_P0_Attack_Hit_N_Fwd_00_%_00_P1_100_R.xmot
MarkerName: G3AB_COL_FIST
MarkerOpcode: FIST
StatePositionAfterMarker: 0
C1GenerationValid: 1
C1Generation: 1
MarkerAction: ACCEPTED
AuthoredMarkerOccurrences: 1
AcceptedMarkerOccurrencesBefore: 0
AcceptedMarkerOccurrencesAfter: 1
ExecutionBudgetReset: 1
PreviousSourceMask: 0
DesiredSourceMask: 0
RetiredSourceMask: 0
OwnedMaskAtOff: 0
MarkerOwnedWeaponMask: 0
ActivatedSourceCount: 0
RetiredSourceCount: 0
DeactivatedSourceCount: 0
TriggeredListClearCount: 1
FistSourceResolved: 1
FistSourceAddress: E6AA4610
FistUseType: 8
FistGroupBefore: 0
FistGroupAfter: 0
FistTriggeredListCleared: 1
===========================

===== C1 FINALIZATION =====
ElapsedMs: 45809.019
Reason: AISETSTATE_AFTER_ORIGINAL
Actor: PC_Hero
Generation: 1
Status: PERSISTED
TrackedSourceCount: 1
Source[0].Outcome: NO_OP_NO_OUTSTANDING
Source[0].Address: E6AA4610
Source[0].LivenessEstablished: 1
Source[0].Name: Fist
Source[0].OriginalSide: RIGHT
Source[0].CurrentSideMask: 1
Source[0].OffensiveRequestCount: 0
Source[0].OutstandingBeforeFinalization: 0
Source[0].CleanupObservedBeforeFinalization: 0
Source[0].ActualGroupBeforeRepair: 0
Source[0].RepairAttempted: 0
Source[0].PhysicalCollisionChanged: 0
PhysicalCollisionChanged: 0
===========================

===== MARKER OWNERSHIP DECISION =====
ElapsedMs: 47477.346
Actor: Golem
Family: NORMAL
CurrentMovementAni: Golem_Stand_None_Fist_P0_Attack_Hit_N_Fwd_00_%_00_P0_100_R.xmot
Action: 1
AniPhase: 1
MatchingMotionFound: 1
MarkerScanValid: 1
ContainsReservedSourceMarker: 0
RequiredSourceMask: 0
RequiresFistSource: 0
AuthoredRIGHTCount: 0
FirstRIGHTFrame: -1
AuthoredLEFTCount: 0
FirstLEFTFrame: -1
AuthoredBOTHCount: 0
FirstBOTHFrame: -1
AuthoredOFFCount: 0
FirstOFFFrame: -1
AuthoredFISTCount: 0
FirstFISTFrame: -1
RightSourceResolved: 1
RightSourceName: Fist
RightSourceAddress: E6AB1E10
RightSourceUseType: 8
RightSourceCollisionGroup: 0
LeftSourceResolved: 0
SuppressNativeCallback: 0
=====================================

Script_FrameCollisionTest unloading cleanly.
