Script_FrameCollisionTest v0.19 loaded.
GENERALIZED ACTOR / WEAPON-SLOT PROTOTYPE.
NO IsPlayer restriction.
NO 2H / Staff / 1H use-type restriction.
NO P0/P1/P2 restriction.
Normal eligibility: exact Attack action + Hit phase + current _Attack_Hit_ motion + RIGHT/LEFT/BOTH source marker.
Quick eligibility: OnAI_QuickAttack + exact Quick/QuickR/QuickL action + Hit phase + a RIGHT/LEFT/BOTH source marker.
Accepted Quick marker completes one-shot callback bookkeeping: StatePosition -> 1.
Full Whirl eligibility: OnAI_WhirlAttack + exact WhirlAttack action + Hit phase + a RIGHT/LEFT/BOTH source marker.
Accepted full-Whirl marker completes one-shot callback bookkeeping: StatePosition -> 1.
Full Whirl uses explicit marker windows; ResetOnUntouch is NOT enabled.
Dual SimpleWhirl remains on the original OnAI_SimpleWhirl callback in v0.19.
FIST CAUSAL TEST: raw Fist/PhysicalFist skips SetCollisionGroup(Item_Attack).
FIST CAUSAL TEST: ClearTriggeredList remains active.
G3AB_COL_RIGHT is the final RIGHT equipped-slot marker.
G3AB_COL_LEFT is the final LEFT equipped-slot marker.
G3AB_COL_BOTH is the final BOTH equipped-slot marker.
RIGHT, LEFT, and BOTH use exact-set semantics: the selected source set replaces the previous marker-owned set.
BOTH activates/rearms the right and left equipped slot entities independently at one authored marker.
If any source required by the exact motion is missing, its original attack callback is NOT suppressed.
This protects unarmed/monster attacks until body-source resolution is implemented.
Marker action: non-Fist -> Item_Attack + ClearTriggeredList; Fist -> ClearTriggeredList only.
G3AB_COL_OFF closes only a weapon window opened by this prototype.
OFF requests Item_Equipped and never clears the triggered list.
OFF before ON or after natural reset is consumed as a logged no-op.
Fist/body OFF remains unsupported; Gothic 3 still owns Hit->Recover reset.
Known collision groups: Item_Equipped=5, Item_Attack=7.
PASSIVE DUAL DISCOVERY: Item_Attack transitions are labelled by exact player LEFT/RIGHT slot entity identity.
A Dual both-weapon activation normally appears as separate LEFT and RIGHT transition records.
Preserved RIGHT and LEFT Normal paths passed v0.14 source validation.

v0.19 adds only the full 2H/Staff OnAI_WhirlAttack adapter.
v0.19 preserves the validated v0.18 Normal/Quick RIGHT/LEFT/BOTH/OFF core unchanged.
No Dual SimpleWhirl, Power, collision-source, timing, or cleanup behavior is added in v0.19.
Dedup key: actor + RIGHT/LEFT slot snapshot + motion + marker + action + phase + state time; wall window <= 5 ms.

Authored-occurrence budgets are cached separately for RIGHT, LEFT, BOTH, and OFF.
Budget key: actor + RIGHT/LEFT slot snapshot + motion + action + phase.
Marker-time or controlled-callback state-time rollback starts a new execution.
Natural collision reset outside the owning Hit execution retires the actor budget.
No per-frame actor scan; budget work occurs only when a reserved marker is received.

Installing hooks...
Hooks installed.

===== MARKER OWNERSHIP DECISION =====
ElapsedMs: 32808.730
Actor: PC_Hero
CurrentMovementAni: Hero_Stand_Shield_1H_P0_Attack_Hit_N_Fwd_00_%_00_P1_118_R.xmot
MatchingMotionFound: 1
FrameEffectCount: 1
ContainsReservedSourceMarker: 0
RequiredSourceMask: 0
AuthoredRIGHTMarkerCount: 0
FirstRIGHTMarkerFrame: -1
AuthoredLEFTMarkerCount: 0
FirstLEFTMarkerFrame: -1
AuthoredBOTHMarkerCount: 0
FirstBOTHMarkerFrame: -1
AuthoredOFFMarkerCount: 0
FirstOFFMarkerFrame: -1
RightHandSourceResolved: 1
RightHandSource: It_1H_Sword_Rust_01
RightHandSourceAddress: E2BFE610
RightHandSourceUseType: 2
RightHandSourceCollisionGroup: 5
LeftHandSourceResolved: 1
LeftHandSource: It_Shield_Paladin_Sanctified
LeftHandSourceAddress: E2BFE810
LeftHandSourceUseType: 9
LeftHandSourceCollisionGroup: 5
Decision: LEGACY/NATIVE - call original timer callback
=====================================

===== ENGINE SetCollisionGroup =====
ElapsedMs: 33065.338
Entity: It_1H_Sword_Rust_01
ChangedEntityAddress: E2BFE610
PlayerSlotMatch: RIGHT
PlayerAction: 1
PlayerAniPhase: 1
PlayerPrimaryPose: 1
PlayerStateTime: 0.255964
PlayerStatePosition: 0
PlayerCurrentMovementAni: Hero_Stand_Shield_1H_P0_Attack_Hit_N_Fwd_00_%_00_P1_118_R.xmot
PlayerLeftItem: It_Shield_Paladin_Sanctified
PlayerLeftItemAddress: E2BFE810
PlayerLeftUseType: 9
PlayerLeftCollisionGroup: 5
PlayerRightItem: It_1H_Sword_Rust_01
PlayerRightItemAddress: E2BFE610
PlayerRightUseType: 2
PlayerRightCollisionGroup: 7
RequestedGroup: 7
BeforeGroup: 5
AfterGroup: 7
Item_EquippedValue: 5
Item_AttackValue: 7
RetiredMarkerExecutionCount: 0
====================================

===== ENGINE SetCollisionGroup =====
ElapsedMs: 33352.715
Entity: It_1H_Sword_Rust_01
ChangedEntityAddress: E2BFE610
PlayerSlotMatch: RIGHT
PlayerAction: 1
PlayerAniPhase: 3
PlayerPrimaryPose: 2
PlayerStateTime: 0.540942
PlayerStatePosition: 1
PlayerCurrentMovementAni: Hero_Stand_Shield_1H_P0_Attack_Hit_N_Fwd_00_%_00_P1_118_R.xmot
PlayerLeftItem: It_Shield_Paladin_Sanctified
PlayerLeftItemAddress: E2BFE810
PlayerLeftUseType: 9
PlayerLeftCollisionGroup: 5
PlayerRightItem: It_1H_Sword_Rust_01
PlayerRightItemAddress: E2BFE610
PlayerRightUseType: 2
PlayerRightCollisionGroup: 5
RequestedGroup: 5
BeforeGroup: 7
AfterGroup: 5
Item_EquippedValue: 5
Item_AttackValue: 7
RetiredMarkerExecutionCount: 0
====================================

===== MARKER OWNERSHIP DECISION =====
ElapsedMs: 43808.964
Actor: PC_Hero
CurrentMovementAni: Hero_Stand_Shield_1H_P1_QuickAttackL_Hit_N_Fwd_00_%_00_P50_100_L.xmot
MatchingMotionFound: 1
FrameEffectCount: 1
ContainsReservedSourceMarker: 0
RequiredSourceMask: 0
AuthoredRIGHTMarkerCount: 0
FirstRIGHTMarkerFrame: -1
AuthoredLEFTMarkerCount: 0
FirstLEFTMarkerFrame: -1
AuthoredBOTHMarkerCount: 0
FirstBOTHMarkerFrame: -1
AuthoredOFFMarkerCount: 0
FirstOFFMarkerFrame: -1
RightHandSourceResolved: 1
RightHandSource: It_1H_Sword_Rust_01
RightHandSourceAddress: E2BFE610
RightHandSourceUseType: 2
RightHandSourceCollisionGroup: 5
LeftHandSourceResolved: 1
LeftHandSource: It_Shield_Paladin_Sanctified
LeftHandSourceAddress: E2BFE810
LeftHandSourceUseType: 9
LeftHandSourceCollisionGroup: 5
Decision: LEGACY/NATIVE - call original timer callback
=====================================

===== ENGINE SetCollisionGroup =====
ElapsedMs: 43911.830
Entity: It_1H_Sword_Rust_01
ChangedEntityAddress: E2BFE610
PlayerSlotMatch: RIGHT
PlayerAction: 5
PlayerAniPhase: 1
PlayerPrimaryPose: 2
PlayerStateTime: 0.103010
PlayerStatePosition: 0
PlayerCurrentMovementAni: Hero_Stand_Shield_1H_P1_QuickAttackL_Hit_N_Fwd_00_%_00_P50_100_L.xmot
PlayerLeftItem: It_Shield_Paladin_Sanctified
PlayerLeftItemAddress: E2BFE810
PlayerLeftUseType: 9
PlayerLeftCollisionGroup: 5
PlayerRightItem: It_1H_Sword_Rust_01
PlayerRightItemAddress: E2BFE610
PlayerRightUseType: 2
PlayerRightCollisionGroup: 7
RequestedGroup: 7
BeforeGroup: 5
AfterGroup: 7
Item_EquippedValue: 5
Item_AttackValue: 7
RetiredMarkerExecutionCount: 0
====================================

===== ENGINE SetCollisionGroup =====
ElapsedMs: 44213.925
Entity: It_1H_Sword_Rust_01
ChangedEntityAddress: E2BFE610
PlayerSlotMatch: RIGHT
PlayerAction: 5
PlayerAniPhase: 1
PlayerPrimaryPose: 22
PlayerStateTime: 0.404277
PlayerStatePosition: 1
PlayerCurrentMovementAni: Hero_Stand_Shield_1H_P1_QuickAttackL_Hit_N_Fwd_00_%_00_P50_100_L.xmot
PlayerLeftItem: It_Shield_Paladin_Sanctified
PlayerLeftItemAddress: E2BFE810
PlayerLeftUseType: 9
PlayerLeftCollisionGroup: 5
PlayerRightItem: It_1H_Sword_Rust_01
PlayerRightItemAddress: E2BFE610
PlayerRightUseType: 2
PlayerRightCollisionGroup: 5
RequestedGroup: 5
BeforeGroup: 7
AfterGroup: 5
Item_EquippedValue: 5
Item_AttackValue: 7
RetiredMarkerExecutionCount: 0
====================================

===== MARKER OWNERSHIP DECISION =====
ElapsedMs: 63839.890
Actor: PC_Hero
CurrentMovementAni: Hero_Stand_None_1H_P0_Attack_Hit_N_Fwd_00_%_00_P1_118_R.xmot
MatchingMotionFound: 1
FrameEffectCount: 1
ContainsReservedSourceMarker: 0
RequiredSourceMask: 0
AuthoredRIGHTMarkerCount: 0
FirstRIGHTMarkerFrame: -1
AuthoredLEFTMarkerCount: 0
FirstLEFTMarkerFrame: -1
AuthoredBOTHMarkerCount: 0
FirstBOTHMarkerFrame: -1
AuthoredOFFMarkerCount: 0
FirstOFFMarkerFrame: -1
RightHandSourceResolved: 1
RightHandSource: It_1H_Sword_Rust_01
RightHandSourceAddress: E70DCC10
RightHandSourceUseType: 2
RightHandSourceCollisionGroup: 5
LeftHandSourceResolved: 0
Decision: LEGACY/NATIVE - call original timer callback
=====================================

===== ENGINE SetCollisionGroup =====
ElapsedMs: 64100.130
Entity: It_1H_Sword_Rust_01
ChangedEntityAddress: E70DCC10
PlayerSlotMatch: RIGHT
PlayerAction: 1
PlayerAniPhase: 1
PlayerPrimaryPose: 1
PlayerStateTime: 0.261278
PlayerStatePosition: 0
PlayerCurrentMovementAni: Hero_Stand_None_1H_P0_Attack_Hit_N_Fwd_00_%_00_P1_118_R.xmot
PlayerLeftItem: <none>
PlayerLeftItemAddress: 00000000
PlayerLeftUseType: -1
PlayerLeftCollisionGroup: -1
PlayerRightItem: It_1H_Sword_Rust_01
PlayerRightItemAddress: E70DCC10
PlayerRightUseType: 2
PlayerRightCollisionGroup: 7
RequestedGroup: 7
BeforeGroup: 5
AfterGroup: 7
Item_EquippedValue: 5
Item_AttackValue: 7
RetiredMarkerExecutionCount: 0
====================================

===== ENGINE SetCollisionGroup =====
ElapsedMs: 64380.669
Entity: It_1H_Sword_Rust_01
ChangedEntityAddress: E70DCC10
PlayerSlotMatch: RIGHT
PlayerAction: 1
PlayerAniPhase: 3
PlayerPrimaryPose: 2
PlayerStateTime: 0.541298
PlayerStatePosition: 1
PlayerCurrentMovementAni: Hero_Stand_None_1H_P0_Attack_Hit_N_Fwd_00_%_00_P1_118_R.xmot
PlayerLeftItem: <none>
PlayerLeftItemAddress: 00000000
PlayerLeftUseType: -1
PlayerLeftCollisionGroup: -1
PlayerRightItem: It_1H_Sword_Rust_01
PlayerRightItemAddress: E70DCC10
PlayerRightUseType: 2
PlayerRightCollisionGroup: 5
RequestedGroup: 5
BeforeGroup: 7
AfterGroup: 5
Item_EquippedValue: 5
Item_AttackValue: 7
RetiredMarkerExecutionCount: 0
====================================

===== MARKER OWNERSHIP DECISION =====
ElapsedMs: 73935.869
Actor: PC_Hero
CurrentMovementAni: Hero_Stand_None_1H_P1_QuickAttackL_Hit_N_Fwd_00_%_00_P50_100_L.xmot
MatchingMotionFound: 1
FrameEffectCount: 1
ContainsReservedSourceMarker: 0
RequiredSourceMask: 0
AuthoredRIGHTMarkerCount: 0
FirstRIGHTMarkerFrame: -1
AuthoredLEFTMarkerCount: 0
FirstLEFTMarkerFrame: -1
AuthoredBOTHMarkerCount: 0
FirstBOTHMarkerFrame: -1
AuthoredOFFMarkerCount: 0
FirstOFFMarkerFrame: -1
RightHandSourceResolved: 1
RightHandSource: It_1H_Sword_Rust_01
RightHandSourceAddress: E70DCC10
RightHandSourceUseType: 2
RightHandSourceCollisionGroup: 5
LeftHandSourceResolved: 0
Decision: LEGACY/NATIVE - call original timer callback
=====================================

===== ENGINE SetCollisionGroup =====
ElapsedMs: 74048.574
Entity: It_1H_Sword_Rust_01
ChangedEntityAddress: E70DCC10
PlayerSlotMatch: RIGHT
PlayerAction: 5
PlayerAniPhase: 1
PlayerPrimaryPose: 2
PlayerStateTime: 0.109987
PlayerStatePosition: 0
PlayerCurrentMovementAni: Hero_Stand_None_1H_P1_QuickAttackL_Hit_N_Fwd_00_%_00_P50_100_L.xmot
PlayerLeftItem: <none>
PlayerLeftItemAddress: 00000000
PlayerLeftUseType: -1
PlayerLeftCollisionGroup: -1
PlayerRightItem: It_1H_Sword_Rust_01
PlayerRightItemAddress: E70DCC10
PlayerRightUseType: 2
PlayerRightCollisionGroup: 7
RequestedGroup: 7
BeforeGroup: 5
AfterGroup: 7
Item_EquippedValue: 5
Item_AttackValue: 7
RetiredMarkerExecutionCount: 0
====================================

===== ENGINE SetCollisionGroup =====
ElapsedMs: 74341.484
Entity: It_1H_Sword_Rust_01
ChangedEntityAddress: E70DCC10
PlayerSlotMatch: RIGHT
PlayerAction: 5
PlayerAniPhase: 1
PlayerPrimaryPose: 22
PlayerStateTime: 0.404961
PlayerStatePosition: 1
PlayerCurrentMovementAni: Hero_Stand_None_1H_P1_QuickAttackL_Hit_N_Fwd_00_%_00_P50_100_L.xmot
PlayerLeftItem: <none>
PlayerLeftItemAddress: 00000000
PlayerLeftUseType: -1
PlayerLeftCollisionGroup: -1
PlayerRightItem: It_1H_Sword_Rust_01
PlayerRightItemAddress: E70DCC10
PlayerRightUseType: 2
PlayerRightCollisionGroup: 5
RequestedGroup: 5
BeforeGroup: 7
AfterGroup: 5
Item_EquippedValue: 5
Item_AttackValue: 7
RetiredMarkerExecutionCount: 0
====================================

Script_FrameCollisionTest unloading.
