Script_FrameCollisionTest diagnostic build loaded.
DiagnosticProfile: CORE
DeepDiagnostics: DISABLED
BehaviorCore: EngineBridge + FrameCollisionMarkers + CollisionSources + CollisionSourceOperations + CollisionLifecycleGuard + Raw8FistCollision + AttackMotionRouting + RuntimeClock
C1Repair: exact outstanding live equipped Item_Attack source -> Item_Equipped after native AISetState opportunity; no ClearTriggeredList.
MarkerFamilies: Normal Power Quick SimpleWhirl Whirl Pierce Hack Sprint
MarkerOpcodes: RIGHT LEFT BOTH OFF FIST
HACK_CALLBACK_IDENTITY TargetRVA=0x433D0 ExactlyOne=1 MatchCount=1 Name=OnAI_HackAttack Source=.\Script\AI\AI_Commands\AI_HackAttack.cpp
Installing behavior hooks...
Hooks installed.

CORE C1_START ElapsedMs=31009.342 Actor=PC_Hero Generation=1 Status=CANDIDATE Outstanding=0 TrackedSources=1 ReplacedGeneration=0 ReplacedOutstanding=0 Source[0]=It_1H_Sword_Rust_01 Side=RIGHT Group=5
CORE C1_BIND ElapsedMs=31009.394 Event=COMBAT_MOVE_CANDIDATE_BOUND Actor=PC_Hero Generation=1 Status=CANDIDATE Outstanding=0 Source=<null> Script=_AI_Attack
CORE C1_STATUS ElapsedMs=31009.771 Event=PERSISTED Actor=PC_Hero Generation=1 Status=PERSISTED Outstanding=0
CORE ATTACK_OWNERSHIP ElapsedMs=31009.822 Actor=PC_Hero Family=NORMAL Action=1 Phase=1 Motion=Hero_Stand_None_1H_P0_Attack_Hit_N_Fwd_00_%_00_P1_118_R.xmot MarkerPresent=1 RequiredMask=1 FistMarkers=0 Raw8Fist=<none> Raw8UseType=-1 SuppressNative=1 Classification=ROUTINE
CORE COLLISION_GROUP ElapsedMs=31258.704 Source=It_1H_Sword_Rust_01 UseType=2 Owner=PC_Hero Slot=RIGHT Requested=7 Before=5 After=7 MarkerBitsRetired=0
CORE C1 OFFENSE REQUEST ElapsedMs=31258.732 Actor=PC_Hero Generation=1 Status=PERSISTED Source=It_1H_Sword_Rust_01 Side=RIGHT Requests=1 Outstanding=1 CleanupObserved=0 Group=7
CORE MARKER ElapsedMs=31258.744 Actor=PC_Hero Action=1 Family=NORMAL Phase=1 Motion=Hero_Stand_None_1H_P0_Attack_Hit_N_Fwd_00_%_00_P1_118_R.xmot Marker=RIGHT Result=ACCEPTED C1Valid=1 C1=1 StatePosition=0 PreviousMask=0 DesiredMask=1 RetiredMask=0 OwnedMask=0 MarkerOwnedMask=1 Activated=1 Deactivated=0 Retired=0 RearmRequests=1 Clears=1 RightUseType=2
CORE ONDAMAGE ElapsedMs=31260.535 Ordinal=1 Target=Montera_Orc_01 Arg1=Montera_Orc_01 Arg2=Montera_Orc_01 Caller=Game.dll+0x00069484 PlayerAction=1 PlayerPhase=1 PlayerMotion=Hero_Stand_None_1H_P0_Attack_Hit_N_Fwd_00_%_00_P1_118_R.xmot Raw8Fist=<none> Raw8UseType=-1 Raw8Group=-1
CORE C1_START ElapsedMs=31271.283 Actor=Montera_Orc_01 Generation=2 Status=CANDIDATE Outstanding=0 TrackedSources=0 ReplacedGeneration=0 ReplacedOutstanding=0
CORE C1_BIND ElapsedMs=31271.293 Event=COMBAT_MOVE_CANDIDATE_BOUND Actor=Montera_Orc_01 Generation=2 Status=CANDIDATE Outstanding=0 Source=<null> Script=_AI_Stumble
CORE C1_STATUS ElapsedMs=31271.595 Event=PERSISTED Actor=Montera_Orc_01 Generation=2 Status=PERSISTED Outstanding=0
CORE COLLISION_GROUP ElapsedMs=31506.397 Source=It_1H_Sword_Rust_01 UseType=2 Owner=PC_Hero Slot=RIGHT Requested=5 Before=7 After=5 MarkerBitsRetired=1
CORE C1 CLEANUP FULFILLED ElapsedMs=31506.418 Actor=PC_Hero Generation=1 Status=PERSISTED Source=It_1H_Sword_Rust_01 Side=RIGHT Requests=1 Outstanding=0 CleanupObserved=1 Group=5
CORE C1_FINAL ElapsedMs=31506.440 Actor=PC_Hero Generation=1 Status=PERSISTED SourceCount=1 PhysicalChanged=0 Source[0]=It_1H_Sword_Rust_01 Side=RIGHT Outstanding=0 Cleanup=1 Outcome=NO_OP_NO_OUTSTANDING
CORE C1_FINAL ElapsedMs=31554.589 Actor=Montera_Orc_01 Generation=2 Status=PERSISTED SourceCount=0 PhysicalChanged=0
CORE C1_START ElapsedMs=32255.601 Actor=Montera_Orc_01 Generation=3 Status=CANDIDATE Outstanding=0 TrackedSources=1 ReplacedGeneration=0 ReplacedOutstanding=0 Source[0]=It_Halberd_Orc_01 Side=RIGHT Group=5
CORE C1_BIND ElapsedMs=32255.617 Event=COMBAT_MOVE_CANDIDATE_BOUND Actor=Montera_Orc_01 Generation=3 Status=CANDIDATE Outstanding=0 Source=<null> Script=_AI_HackAttack
CORE C1_STATUS ElapsedMs=32261.319 Event=PERSISTED Actor=Montera_Orc_01 Generation=3 Status=PERSISTED Outstanding=0
CORE C1_BIND ElapsedMs=32767.569 Event=COMBAT_MOVE_REUSED Actor=Montera_Orc_01 Generation=3 Status=PERSISTED Outstanding=0 Source=<null> Script=_AI_HackAttack
CORE ATTACK_OWNERSHIP ElapsedMs=32774.472 Actor=Montera_Orc_01 Family=HACK Action=14 Phase=1 Motion=Orc_Parade_None_Staff_P0_HackAttack_Hit_N_Fwd_00_%_00_P0_50.xmot MarkerPresent=1 RequiredMask=1 FistMarkers=0 Raw8Fist=<none> Raw8UseType=-1 SuppressNative=1 Classification=ROUTINE
CORE COLLISION_GROUP ElapsedMs=33021.549 Source=It_Halberd_Orc_01 UseType=51 Owner=Montera_Orc_01 Slot=RIGHT Requested=7 Before=5 After=7 MarkerBitsRetired=0
CORE C1 OFFENSE REQUEST ElapsedMs=33021.578 Actor=Montera_Orc_01 Generation=3 Status=PERSISTED Source=It_Halberd_Orc_01 Side=RIGHT Requests=1 Outstanding=1 CleanupObserved=0 Group=7
CORE MARKER ElapsedMs=33021.590 Actor=Montera_Orc_01 Action=14 Family=HACK Phase=1 Motion=Orc_Parade_None_Staff_P0_HackAttack_Hit_N_Fwd_00_%_00_P0_50.xmot Marker=RIGHT Result=ACCEPTED C1Valid=1 C1=3 StatePosition=1 PreviousMask=0 DesiredMask=1 RetiredMask=0 OwnedMask=0 MarkerOwnedMask=1 Activated=1 Deactivated=0 Retired=0 RearmRequests=1 Clears=1 RightUseType=51
CORE ONDAMAGE ElapsedMs=33026.955 Ordinal=2 Target=PC_Hero Arg1=PC_Hero Arg2=PC_Hero Caller=Game.dll+0x00069484 PlayerAction=0 PlayerPhase=5 PlayerMotion=Hero_Stand_None_1H_P1_Ambient_Loop_N_Fwd_00_%_01_P1_0.xmot Raw8Fist=<none> Raw8UseType=-1 Raw8Group=-1
CORE C1_START ElapsedMs=33036.269 Actor=PC_Hero Generation=4 Status=CANDIDATE Outstanding=0 TrackedSources=1 ReplacedGeneration=0 ReplacedOutstanding=0 Source[0]=It_1H_Sword_Rust_01 Side=RIGHT Group=5
CORE C1_STATUS ElapsedMs=33036.716 Event=PERSISTED Actor=PC_Hero Generation=4 Status=PERSISTED Outstanding=0
CORE COLLISION_GROUP ElapsedMs=33320.843 Source=It_Halberd_Orc_01 UseType=51 Owner=Montera_Orc_01 Slot=RIGHT Requested=5 Before=7 After=5 MarkerBitsRetired=1
CORE C1 CLEANUP FULFILLED ElapsedMs=33320.866 Actor=Montera_Orc_01 Generation=3 Status=PERSISTED Source=It_Halberd_Orc_01 Side=RIGHT Requests=1 Outstanding=0 CleanupObserved=1 Group=5
CORE C1_BIND ElapsedMs=33320.880 Event=COMBAT_MOVE_REUSED Actor=Montera_Orc_01 Generation=3 Status=PERSISTED Outstanding=0 Source=<null> Script=_AI_HackAttack
CORE C1_FINAL ElapsedMs=33654.708 Actor=Montera_Orc_01 Generation=3 Status=PERSISTED SourceCount=1 PhysicalChanged=0 Source[0]=It_Halberd_Orc_01 Side=RIGHT Outstanding=0 Cleanup=1 Outcome=NO_OP_NO_OUTSTANDING
CORE C1_START ElapsedMs=33662.784 Actor=Montera_Orc_01 Generation=5 Status=CANDIDATE Outstanding=0 TrackedSources=1 ReplacedGeneration=0 ReplacedOutstanding=0 Source[0]=It_Halberd_Orc_01 Side=RIGHT Group=5
CORE C1_BIND ElapsedMs=33662.797 Event=COMBAT_MOVE_CANDIDATE_BOUND Actor=Montera_Orc_01 Generation=5 Status=CANDIDATE Outstanding=0 Source=<null> Script=_AI_Attack
CORE C1_STATUS ElapsedMs=33669.275 Event=PERSISTED Actor=Montera_Orc_01 Generation=5 Status=PERSISTED Outstanding=0
CORE ATTACK_OWNERSHIP ElapsedMs=33669.307 Actor=Montera_Orc_01 Family=NORMAL Action=1 Phase=1 Motion=Orc_Stand_None_Staff_P0_Attack_Hit_N_Fwd_00_%_00_P1_100_R.xmot MarkerPresent=1 RequiredMask=1 FistMarkers=0 Raw8Fist=<none> Raw8UseType=-1 SuppressNative=1 Classification=ROUTINE
CORE COLLISION_GROUP ElapsedMs=34026.836 Source=It_Halberd_Orc_01 UseType=51 Owner=Montera_Orc_01 Slot=RIGHT Requested=7 Before=5 After=7 MarkerBitsRetired=0
CORE C1 OFFENSE REQUEST ElapsedMs=34026.863 Actor=Montera_Orc_01 Generation=5 Status=PERSISTED Source=It_Halberd_Orc_01 Side=RIGHT Requests=1 Outstanding=1 CleanupObserved=0 Group=7
CORE MARKER ElapsedMs=34026.876 Actor=Montera_Orc_01 Action=1 Family=NORMAL Phase=1 Motion=Orc_Stand_None_Staff_P0_Attack_Hit_N_Fwd_00_%_00_P1_100_R.xmot Marker=RIGHT Result=ACCEPTED C1Valid=1 C1=5 StatePosition=0 PreviousMask=0 DesiredMask=1 RetiredMask=0 OwnedMask=0 MarkerOwnedMask=1 Activated=1 Deactivated=0 Retired=0 RearmRequests=1 Clears=1 RightUseType=51
CORE COLLISION_GROUP ElapsedMs=34350.926 Source=It_Halberd_Orc_01 UseType=51 Owner=Montera_Orc_01 Slot=RIGHT Requested=5 Before=7 After=5 MarkerBitsRetired=1
CORE C1 CLEANUP FULFILLED ElapsedMs=34350.946 Actor=Montera_Orc_01 Generation=5 Status=PERSISTED Source=It_Halberd_Orc_01 Side=RIGHT Requests=1 Outstanding=0 CleanupObserved=1 Group=5
CORE C1_FINAL ElapsedMs=34350.973 Actor=Montera_Orc_01 Generation=5 Status=PERSISTED SourceCount=1 PhysicalChanged=0 Source[0]=It_Halberd_Orc_01 Side=RIGHT Outstanding=0 Cleanup=1 Outcome=NO_OP_NO_OUTSTANDING
CORE C1_FINAL ElapsedMs=34870.401 Actor=PC_Hero Generation=4 Status=PERSISTED SourceCount=1 PhysicalChanged=0 Source[0]=It_1H_Sword_Rust_01 Side=RIGHT Outstanding=0 Cleanup=0 Outcome=NO_OP_NO_OUTSTANDING
CORE COLLISION_GROUP ElapsedMs=34877.073 Source=It_1H_Sword_Rust_01 UseType=2 Owner=PC_Hero Slot=RIGHT Requested=7 Before=5 After=7 MarkerBitsRetired=0
CORE C1_START ElapsedMs=34877.101 Actor=PC_Hero Generation=6 Status=OUTER_BOUND Outstanding=0 TrackedSources=1 ReplacedGeneration=0 ReplacedOutstanding=0 Source[0]=It_1H_Sword_Rust_01 Side=RIGHT Group=7
CORE C1_BIND ElapsedMs=34877.108 Event=PRECOMBAT_ACQUIRED Actor=PC_Hero Generation=6 Status=OUTER_BOUND Outstanding=0 Source=It_1H_Sword_Rust_01 Script=_AI_GetUpAttack
CORE C1 OFFENSE REQUEST ElapsedMs=34877.112 Actor=PC_Hero Generation=6 Status=OUTER_BOUND Source=It_1H_Sword_Rust_01 Side=RIGHT Requests=1 Outstanding=1 CleanupObserved=0 Group=7
CORE C1_BIND ElapsedMs=34877.129 Event=PRECOMBAT_BRIDGE_CONSUMED Actor=PC_Hero Generation=6 Status=PERSISTED Outstanding=1 Source=<null> Script=_AI_GetUpAttack
CORE COLLISION_GROUP ElapsedMs=34973.060 Source=It_1H_Sword_Rust_01 UseType=2 Owner=PC_Hero Slot=RIGHT Requested=7 Before=7 After=7 MarkerBitsRetired=0
CORE C1 OFFENSE REQUEST ElapsedMs=34973.088 Actor=PC_Hero Generation=6 Status=PERSISTED Source=It_1H_Sword_Rust_01 Side=RIGHT Requests=2 Outstanding=1 CleanupObserved=0 Group=7
CORE ONDAMAGE ElapsedMs=35121.350 Ordinal=3 Target=Montera_Orc_01 Arg1=Montera_Orc_01 Arg2=Montera_Orc_01 Caller=Game.dll+0x00069484 PlayerAction=30 PlayerPhase=1 PlayerMotion=Hero_SitKnockDown_None_1H_P0_GetUpAttack_Hit_N_Fwd_00_%_00_P1_100_R.xmot Raw8Fist=<none> Raw8UseType=-1 Raw8Group=-1
CORE C1_START ElapsedMs=35126.697 Actor=Montera_Orc_01 Generation=7 Status=CANDIDATE Outstanding=0 TrackedSources=1 ReplacedGeneration=0 ReplacedOutstanding=0 Source[0]=It_Halberd_Orc_01 Side=RIGHT Group=5
CORE C1_BIND ElapsedMs=35126.709 Event=COMBAT_MOVE_CANDIDATE_BOUND Actor=Montera_Orc_01 Generation=7 Status=CANDIDATE Outstanding=0 Source=<null> Script=_AI_Stumble
CORE C1_STATUS ElapsedMs=35127.065 Event=PERSISTED Actor=Montera_Orc_01 Generation=7 Status=PERSISTED Outstanding=0
CORE COLLISION_GROUP ElapsedMs=35244.192 Source=It_1H_Sword_Rust_01 UseType=2 Owner=PC_Hero Slot=RIGHT Requested=5 Before=7 After=5 MarkerBitsRetired=0
CORE C1 CLEANUP FULFILLED ElapsedMs=35244.213 Actor=PC_Hero Generation=6 Status=PERSISTED Source=It_1H_Sword_Rust_01 Side=RIGHT Requests=2 Outstanding=0 CleanupObserved=1 Group=5
CORE C1_FINAL ElapsedMs=35244.242 Actor=PC_Hero Generation=6 Status=PERSISTED SourceCount=1 PhysicalChanged=0 Source[0]=It_1H_Sword_Rust_01 Side=RIGHT Outstanding=0 Cleanup=1 Outcome=NO_OP_NO_OUTSTANDING
CORE C1_FINAL ElapsedMs=35407.111 Actor=Montera_Orc_01 Generation=7 Status=PERSISTED SourceCount=1 PhysicalChanged=0 Source[0]=It_Halberd_Orc_01 Side=RIGHT Outstanding=0 Cleanup=0 Outcome=NO_OP_NO_OUTSTANDING
CORE C1_START ElapsedMs=35441.825 Actor=PC_Hero Generation=8 Status=CANDIDATE Outstanding=0 TrackedSources=1 ReplacedGeneration=0 ReplacedOutstanding=0 Source[0]=It_1H_Sword_Rust_01 Side=RIGHT Group=5
CORE C1_BIND ElapsedMs=35441.837 Event=COMBAT_MOVE_CANDIDATE_BOUND Actor=PC_Hero Generation=8 Status=CANDIDATE Outstanding=0 Source=<null> Script=_AI_Parade
CORE C1_STATUS ElapsedMs=35442.165 Event=PERSISTED Actor=PC_Hero Generation=8 Status=PERSISTED Outstanding=0
CORE C1_FINAL ElapsedMs=35445.323 Actor=PC_Hero Generation=8 Status=PERSISTED SourceCount=1 PhysicalChanged=0 Source[0]=It_1H_Sword_Rust_01 Side=RIGHT Outstanding=0 Cleanup=0 Outcome=NO_OP_NO_OUTSTANDING
CORE C1_START ElapsedMs=35449.255 Actor=PC_Hero Generation=9 Status=CANDIDATE Outstanding=0 TrackedSources=1 ReplacedGeneration=0 ReplacedOutstanding=0 Source[0]=It_1H_Sword_Rust_01 Side=RIGHT Group=5
CORE C1_BIND ElapsedMs=35449.265 Event=COMBAT_MOVE_CANDIDATE_BOUND Actor=PC_Hero Generation=9 Status=CANDIDATE Outstanding=0 Source=<null> Script=_AI_QuickAttack
CORE C1_STATUS ElapsedMs=35449.611 Event=PERSISTED Actor=PC_Hero Generation=9 Status=PERSISTED Outstanding=0
CORE ATTACK_OWNERSHIP ElapsedMs=35449.634 Actor=PC_Hero Family=QUICK Action=5 Phase=1 Motion=Hero_Stand_None_1H_P1_QuickAttackL_Hit_N_Fwd_00_%_00_P50_100_L.xmot MarkerPresent=1 RequiredMask=1 FistMarkers=0 Raw8Fist=<none> Raw8UseType=-1 SuppressNative=1 Classification=ROUTINE
CORE C1_START ElapsedMs=35540.666 Actor=Montera_Orc_01 Generation=10 Status=CANDIDATE Outstanding=0 TrackedSources=1 ReplacedGeneration=0 ReplacedOutstanding=0 Source[0]=It_Halberd_Orc_01 Side=RIGHT Group=5
CORE C1_BIND ElapsedMs=35540.679 Event=COMBAT_MOVE_CANDIDATE_BOUND Actor=Montera_Orc_01 Generation=10 Status=CANDIDATE Outstanding=0 Source=<null> Script=_AI_HackAttack
CORE C1_STATUS ElapsedMs=35540.738 Event=PERSISTED Actor=Montera_Orc_01 Generation=10 Status=PERSISTED Outstanding=0
CORE COLLISION_GROUP ElapsedMs=35630.829 Source=It_1H_Sword_Rust_01 UseType=2 Owner=PC_Hero Slot=RIGHT Requested=7 Before=5 After=7 MarkerBitsRetired=0
CORE C1 OFFENSE REQUEST ElapsedMs=35630.852 Actor=PC_Hero Generation=9 Status=PERSISTED Source=It_1H_Sword_Rust_01 Side=RIGHT Requests=1 Outstanding=1 CleanupObserved=0 Group=7
CORE MARKER ElapsedMs=35630.864 Actor=PC_Hero Action=5 Family=QUICK Phase=1 Motion=Hero_Stand_None_1H_P1_QuickAttackL_Hit_N_Fwd_00_%_00_P50_100_L.xmot Marker=RIGHT Result=ACCEPTED C1Valid=1 C1=9 StatePosition=1 PreviousMask=0 DesiredMask=1 RetiredMask=0 OwnedMask=0 MarkerOwnedMask=1 Activated=1 Deactivated=0 Retired=0 RearmRequests=1 Clears=1 RightUseType=2
CORE COLLISION_GROUP ElapsedMs=35815.926 Source=It_1H_Sword_Rust_01 UseType=2 Owner=PC_Hero Slot=RIGHT Requested=5 Before=7 After=5 MarkerBitsRetired=1
CORE C1 CLEANUP FULFILLED ElapsedMs=35815.947 Actor=PC_Hero Generation=9 Status=PERSISTED Source=It_1H_Sword_Rust_01 Side=RIGHT Requests=1 Outstanding=0 CleanupObserved=1 Group=5
CORE C1_FINAL ElapsedMs=35908.153 Actor=PC_Hero Generation=9 Status=PERSISTED SourceCount=1 PhysicalChanged=0 Source[0]=It_1H_Sword_Rust_01 Side=RIGHT Outstanding=0 Cleanup=1 Outcome=NO_OP_NO_OUTSTANDING
CORE C1_BIND ElapsedMs=36047.570 Event=COMBAT_MOVE_REUSED Actor=Montera_Orc_01 Generation=10 Status=PERSISTED Outstanding=0 Source=<null> Script=_AI_HackAttack
CORE ATTACK_OWNERSHIP ElapsedMs=36047.653 Actor=Montera_Orc_01 Family=HACK Action=14 Phase=1 Motion=Orc_Parade_None_Staff_P0_HackAttack_Hit_N_Fwd_00_%_00_P0_50.xmot MarkerPresent=1 RequiredMask=1 FistMarkers=0 Raw8Fist=<none> Raw8UseType=-1 SuppressNative=1 Classification=ROUTINE
CORE COLLISION_GROUP ElapsedMs=36294.332 Source=It_Halberd_Orc_01 UseType=51 Owner=Montera_Orc_01 Slot=RIGHT Requested=7 Before=5 After=7 MarkerBitsRetired=0
CORE C1 OFFENSE REQUEST ElapsedMs=36294.361 Actor=Montera_Orc_01 Generation=10 Status=PERSISTED Source=It_Halberd_Orc_01 Side=RIGHT Requests=1 Outstanding=1 CleanupObserved=0 Group=7
CORE MARKER ElapsedMs=36294.373 Actor=Montera_Orc_01 Action=14 Family=HACK Phase=1 Motion=Orc_Parade_None_Staff_P0_HackAttack_Hit_N_Fwd_00_%_00_P0_50.xmot Marker=RIGHT Result=ACCEPTED C1Valid=1 C1=10 StatePosition=1 PreviousMask=0 DesiredMask=1 RetiredMask=0 OwnedMask=0 MarkerOwnedMask=1 Activated=1 Deactivated=0 Retired=0 RearmRequests=1 Clears=1 RightUseType=51
CORE ONDAMAGE ElapsedMs=36330.684 Ordinal=4 Target=PC_Hero Arg1=PC_Hero Arg2=PC_Hero Caller=Game.dll+0x00069484 PlayerAction=0 PlayerPhase=5 PlayerMotion=Hero_Stand_None_1H_P0_Ambient_Loop_N_Fwd_00_%_01_P0_0.xmot Raw8Fist=<none> Raw8UseType=-1 Raw8Group=-1
CORE C1_START ElapsedMs=36339.232 Actor=PC_Hero Generation=11 Status=CANDIDATE Outstanding=0 TrackedSources=1 ReplacedGeneration=0 ReplacedOutstanding=0 Source[0]=It_1H_Sword_Rust_01 Side=RIGHT Group=5
CORE C1_STATUS ElapsedMs=36339.552 Event=PERSISTED Actor=PC_Hero Generation=11 Status=PERSISTED Outstanding=0
CORE COLLISION_GROUP ElapsedMs=36599.264 Source=It_Halberd_Orc_01 UseType=51 Owner=Montera_Orc_01 Slot=RIGHT Requested=5 Before=7 After=5 MarkerBitsRetired=1
CORE C1 CLEANUP FULFILLED ElapsedMs=36599.345 Actor=Montera_Orc_01 Generation=10 Status=PERSISTED Source=It_Halberd_Orc_01 Side=RIGHT Requests=1 Outstanding=0 CleanupObserved=1 Group=5
CORE C1_BIND ElapsedMs=36599.362 Event=COMBAT_MOVE_REUSED Actor=Montera_Orc_01 Generation=10 Status=PERSISTED Outstanding=0 Source=<null> Script=_AI_HackAttack
CORE C1_FINAL ElapsedMs=36932.672 Actor=Montera_Orc_01 Generation=10 Status=PERSISTED SourceCount=1 PhysicalChanged=0 Source[0]=It_Halberd_Orc_01 Side=RIGHT Outstanding=0 Cleanup=1 Outcome=NO_OP_NO_OUTSTANDING
CORE C1_START ElapsedMs=36941.305 Actor=Montera_Orc_01 Generation=12 Status=CANDIDATE Outstanding=0 TrackedSources=1 ReplacedGeneration=0 ReplacedOutstanding=0 Source[0]=It_Halberd_Orc_01 Side=RIGHT Group=5
CORE C1_BIND ElapsedMs=36941.318 Event=COMBAT_MOVE_CANDIDATE_BOUND Actor=Montera_Orc_01 Generation=12 Status=CANDIDATE Outstanding=0 Source=<null> Script=_AI_WhirlAttack
CORE C1_STATUS ElapsedMs=36946.463 Event=PERSISTED Actor=Montera_Orc_01 Generation=12 Status=PERSISTED Outstanding=0
CORE ATTACK_OWNERSHIP ElapsedMs=36946.494 Actor=Montera_Orc_01 Family=WHIRL Action=10 Phase=1 Motion=Orc_Parade_None_Staff_P0_WhirlAttack_Hit_N_Fwd_00_%_00_P0_150_R.xmot MarkerPresent=1 RequiredMask=1 FistMarkers=0 Raw8Fist=<none> Raw8UseType=-1 SuppressNative=1 Classification=ROUTINE
CORE COLLISION_GROUP ElapsedMs=37046.467 Source=It_Halberd_Orc_01 UseType=51 Owner=Montera_Orc_01 Slot=RIGHT Requested=7 Before=5 After=7 MarkerBitsRetired=0
CORE C1 OFFENSE REQUEST ElapsedMs=37046.496 Actor=Montera_Orc_01 Generation=12 Status=PERSISTED Source=It_Halberd_Orc_01 Side=RIGHT Requests=1 Outstanding=1 CleanupObserved=0 Group=7
CORE MARKER ElapsedMs=37046.508 Actor=Montera_Orc_01 Action=10 Family=WHIRL Phase=1 Motion=Orc_Parade_None_Staff_P0_WhirlAttack_Hit_N_Fwd_00_%_00_P0_150_R.xmot Marker=RIGHT Result=ACCEPTED C1Valid=1 C1=12 StatePosition=1 PreviousMask=0 DesiredMask=1 RetiredMask=0 OwnedMask=0 MarkerOwnedMask=1 Activated=1 Deactivated=0 Retired=0 RearmRequests=1 Clears=1 RightUseType=51
CORE COLLISION_GROUP ElapsedMs=37228.377 Source=It_Halberd_Orc_01 UseType=51 Owner=Montera_Orc_01 Slot=RIGHT Requested=5 Before=7 After=5 MarkerBitsRetired=0
CORE C1 CLEANUP FULFILLED ElapsedMs=37228.407 Actor=Montera_Orc_01 Generation=12 Status=PERSISTED Source=It_Halberd_Orc_01 Side=RIGHT Requests=1 Outstanding=0 CleanupObserved=1 Group=5
CORE MARKER ElapsedMs=37228.418 Actor=Montera_Orc_01 Action=10 Family=WHIRL Phase=1 Motion=Orc_Parade_None_Staff_P0_WhirlAttack_Hit_N_Fwd_00_%_00_P0_150_R.xmot Marker=OFF Result=OFF_ACCEPTED C1Valid=1 C1=12 StatePosition=1 PreviousMask=0 DesiredMask=0 RetiredMask=0 OwnedMask=1 MarkerOwnedMask=0 Activated=0 Deactivated=1 Retired=0 RearmRequests=0 Clears=0 RightUseType=51
CORE COLLISION_GROUP ElapsedMs=37375.171 Source=It_Halberd_Orc_01 UseType=51 Owner=Montera_Orc_01 Slot=RIGHT Requested=7 Before=5 After=7 MarkerBitsRetired=0
CORE C1 OFFENSE REQUEST ElapsedMs=37375.199 Actor=Montera_Orc_01 Generation=12 Status=PERSISTED Source=It_Halberd_Orc_01 Side=RIGHT Requests=2 Outstanding=1 CleanupObserved=0 Group=7
CORE MARKER ElapsedMs=37375.212 Actor=Montera_Orc_01 Action=10 Family=WHIRL Phase=1 Motion=Orc_Parade_None_Staff_P0_WhirlAttack_Hit_N_Fwd_00_%_00_P0_150_R.xmot Marker=RIGHT Result=ACCEPTED C1Valid=1 C1=12 StatePosition=1 PreviousMask=0 DesiredMask=1 RetiredMask=0 OwnedMask=0 MarkerOwnedMask=1 Activated=1 Deactivated=0 Retired=0 RearmRequests=1 Clears=1 RightUseType=51
CORE COLLISION_GROUP ElapsedMs=37497.742 Source=It_Halberd_Orc_01 UseType=51 Owner=Montera_Orc_01 Slot=RIGHT Requested=5 Before=7 After=5 MarkerBitsRetired=1
CORE C1 CLEANUP FULFILLED ElapsedMs=37497.763 Actor=Montera_Orc_01 Generation=12 Status=PERSISTED Source=It_Halberd_Orc_01 Side=RIGHT Requests=2 Outstanding=0 CleanupObserved=1 Group=5
CORE C1_FINAL ElapsedMs=37497.787 Actor=Montera_Orc_01 Generation=12 Status=PERSISTED SourceCount=1 PhysicalChanged=0 Source[0]=It_Halberd_Orc_01 Side=RIGHT Outstanding=0 Cleanup=1 Outcome=NO_OP_NO_OUTSTANDING
CORE C1_FINAL ElapsedMs=38183.643 Actor=PC_Hero Generation=11 Status=PERSISTED SourceCount=1 PhysicalChanged=0 Source[0]=It_1H_Sword_Rust_01 Side=RIGHT Outstanding=0 Cleanup=0 Outcome=NO_OP_NO_OUTSTANDING
CORE COLLISION_GROUP ElapsedMs=38190.960 Source=It_1H_Sword_Rust_01 UseType=2 Owner=PC_Hero Slot=RIGHT Requested=7 Before=5 After=7 MarkerBitsRetired=0
CORE C1_START ElapsedMs=38190.987 Actor=PC_Hero Generation=13 Status=OUTER_BOUND Outstanding=0 TrackedSources=1 ReplacedGeneration=0 ReplacedOutstanding=0 Source[0]=It_1H_Sword_Rust_01 Side=RIGHT Group=7
CORE C1_BIND ElapsedMs=38190.993 Event=PRECOMBAT_ACQUIRED Actor=PC_Hero Generation=13 Status=OUTER_BOUND Outstanding=0 Source=It_1H_Sword_Rust_01 Script=_AI_GetUpAttack
CORE C1 OFFENSE REQUEST ElapsedMs=38190.996 Actor=PC_Hero Generation=13 Status=OUTER_BOUND Source=It_1H_Sword_Rust_01 Side=RIGHT Requests=1 Outstanding=1 CleanupObserved=0 Group=7
CORE C1_BIND ElapsedMs=38191.012 Event=PRECOMBAT_BRIDGE_CONSUMED Actor=PC_Hero Generation=13 Status=PERSISTED Outstanding=1 Source=<null> Script=_AI_GetUpAttack
CORE COLLISION_GROUP ElapsedMs=38284.907 Source=It_1H_Sword_Rust_01 UseType=2 Owner=PC_Hero Slot=RIGHT Requested=7 Before=7 After=7 MarkerBitsRetired=0
CORE C1 OFFENSE REQUEST ElapsedMs=38284.936 Actor=PC_Hero Generation=13 Status=PERSISTED Source=It_1H_Sword_Rust_01 Side=RIGHT Requests=2 Outstanding=1 CleanupObserved=0 Group=7
CORE C1_START ElapsedMs=38410.869 Actor=It_1H_Sword_Rust_01 Generation=14 Status=CANDIDATE Outstanding=0 TrackedSources=0 ReplacedGeneration=0 ReplacedOutstanding=0
CORE C1_STATUS ElapsedMs=38410.965 Event=CANCELLED_IMMEDIATE_RESULT Actor=It_1H_Sword_Rust_01 Generation=14 Status=CANDIDATE Outstanding=0
CORE C1_START ElapsedMs=38418.317 Actor=Montera_Orc_01 Generation=15 Status=CANDIDATE Outstanding=0 TrackedSources=1 ReplacedGeneration=0 ReplacedOutstanding=0 Source[0]=It_Halberd_Orc_01 Side=RIGHT Group=5
CORE C1_BIND ElapsedMs=38418.329 Event=COMBAT_MOVE_CANDIDATE_BOUND Actor=Montera_Orc_01 Generation=15 Status=CANDIDATE Outstanding=0 Source=<null> Script=_AI_ParadeStumble
CORE C1_STATUS ElapsedMs=38418.900 Event=PERSISTED Actor=Montera_Orc_01 Generation=15 Status=PERSISTED Outstanding=0
CORE COLLISION_GROUP ElapsedMs=38560.678 Source=It_1H_Sword_Rust_01 UseType=2 Owner=PC_Hero Slot=RIGHT Requested=5 Before=7 After=5 MarkerBitsRetired=0
CORE C1 CLEANUP FULFILLED ElapsedMs=38560.708 Actor=PC_Hero Generation=13 Status=PERSISTED Source=It_1H_Sword_Rust_01 Side=RIGHT Requests=2 Outstanding=0 CleanupObserved=1 Group=5
CORE C1_FINAL ElapsedMs=38560.736 Actor=PC_Hero Generation=13 Status=PERSISTED SourceCount=1 PhysicalChanged=0 Source[0]=It_1H_Sword_Rust_01 Side=RIGHT Outstanding=0 Cleanup=1 Outcome=NO_OP_NO_OUTSTANDING
CORE C1_FINAL ElapsedMs=38970.854 Actor=Montera_Orc_01 Generation=15 Status=PERSISTED SourceCount=1 PhysicalChanged=0 Source[0]=It_Halberd_Orc_01 Side=RIGHT Outstanding=0 Cleanup=0 Outcome=NO_OP_NO_OUTSTANDING
CORE C1_START ElapsedMs=39202.413 Actor=Montera_Orc_01 Generation=16 Status=CANDIDATE Outstanding=0 TrackedSources=1 ReplacedGeneration=0 ReplacedOutstanding=0 Source[0]=It_Halberd_Orc_01 Side=RIGHT Group=5
CORE C1_BIND ElapsedMs=39202.425 Event=COMBAT_MOVE_CANDIDATE_BOUND Actor=Montera_Orc_01 Generation=16 Status=CANDIDATE Outstanding=0 Source=<null> Script=_AI_HackAttack
CORE C1_STATUS ElapsedMs=39202.484 Event=PERSISTED Actor=Montera_Orc_01 Generation=16 Status=PERSISTED Outstanding=0
CORE C1_BIND ElapsedMs=39719.630 Event=COMBAT_MOVE_REUSED Actor=Montera_Orc_01 Generation=16 Status=PERSISTED Outstanding=0 Source=<null> Script=_AI_HackAttack
CORE ATTACK_OWNERSHIP ElapsedMs=39719.715 Actor=Montera_Orc_01 Family=HACK Action=14 Phase=1 Motion=Orc_Parade_None_Staff_P0_HackAttack_Hit_N_Fwd_00_%_00_P0_50.xmot MarkerPresent=1 RequiredMask=1 FistMarkers=0 Raw8Fist=<none> Raw8UseType=-1 SuppressNative=1 Classification=ROUTINE
CORE COLLISION_GROUP ElapsedMs=39967.816 Source=It_Halberd_Orc_01 UseType=51 Owner=Montera_Orc_01 Slot=RIGHT Requested=7 Before=5 After=7 MarkerBitsRetired=0
CORE C1 OFFENSE REQUEST ElapsedMs=39967.845 Actor=Montera_Orc_01 Generation=16 Status=PERSISTED Source=It_Halberd_Orc_01 Side=RIGHT Requests=1 Outstanding=1 CleanupObserved=0 Group=7
CORE MARKER ElapsedMs=39967.861 Actor=Montera_Orc_01 Action=14 Family=HACK Phase=1 Motion=Orc_Parade_None_Staff_P0_HackAttack_Hit_N_Fwd_00_%_00_P0_50.xmot Marker=RIGHT Result=ACCEPTED C1Valid=1 C1=16 StatePosition=1 PreviousMask=0 DesiredMask=1 RetiredMask=0 OwnedMask=0 MarkerOwnedMask=1 Activated=1 Deactivated=0 Retired=0 RearmRequests=1 Clears=1 RightUseType=51
CORE COLLISION_GROUP ElapsedMs=40272.667 Source=It_Halberd_Orc_01 UseType=51 Owner=Montera_Orc_01 Slot=RIGHT Requested=5 Before=7 After=5 MarkerBitsRetired=1
CORE C1 CLEANUP FULFILLED ElapsedMs=40272.695 Actor=Montera_Orc_01 Generation=16 Status=PERSISTED Source=It_Halberd_Orc_01 Side=RIGHT Requests=1 Outstanding=0 CleanupObserved=1 Group=5
CORE C1_BIND ElapsedMs=40272.708 Event=COMBAT_MOVE_REUSED Actor=Montera_Orc_01 Generation=16 Status=PERSISTED Outstanding=0 Source=<null> Script=_AI_HackAttack
CORE C1_FINAL ElapsedMs=40600.916 Actor=Montera_Orc_01 Generation=16 Status=PERSISTED SourceCount=1 PhysicalChanged=0 Source[0]=It_Halberd_Orc_01 Side=RIGHT Outstanding=0 Cleanup=1 Outcome=NO_OP_NO_OUTSTANDING
CORE C1_START ElapsedMs=40608.079 Actor=Montera_Orc_01 Generation=17 Status=CANDIDATE Outstanding=0 TrackedSources=1 ReplacedGeneration=0 ReplacedOutstanding=0 Source[0]=It_Halberd_Orc_01 Side=RIGHT Group=5
CORE C1_BIND ElapsedMs=40608.092 Event=COMBAT_MOVE_CANDIDATE_BOUND Actor=Montera_Orc_01 Generation=17 Status=CANDIDATE Outstanding=0 Source=<null> Script=_AI_QuickAttack
CORE C1_STATUS ElapsedMs=40608.162 Event=CANCELLED_IMMEDIATE_RESULT Actor=Montera_Orc_01 Generation=17 Status=CANDIDATE Outstanding=0
CORE C1_START ElapsedMs=42298.337 Actor=Montera_Orc_01 Generation=18 Status=CANDIDATE Outstanding=0 TrackedSources=1 ReplacedGeneration=0 ReplacedOutstanding=0 Source[0]=It_Halberd_Orc_01 Side=RIGHT Group=5
CORE C1_BIND ElapsedMs=42298.350 Event=COMBAT_MOVE_CANDIDATE_BOUND Actor=Montera_Orc_01 Generation=18 Status=CANDIDATE Outstanding=0 Source=<null> Script=_AI_PowerAttack
CORE C1_STATUS ElapsedMs=42304.742 Event=PERSISTED Actor=Montera_Orc_01 Generation=18 Status=PERSISTED Outstanding=0
CORE C1_BIND ElapsedMs=42938.794 Event=COMBAT_MOVE_REUSED Actor=Montera_Orc_01 Generation=18 Status=PERSISTED Outstanding=0 Source=<null> Script=_AI_PowerAttack
CORE ATTACK_OWNERSHIP ElapsedMs=42945.099 Actor=Montera_Orc_01 Family=POWER Action=2 Phase=1 Motion=Orc_Stand_None_Staff_P0_PowerAttack_Hit_N_Fwd_00_%_00_P1_100_R.xmot MarkerPresent=1 RequiredMask=1 FistMarkers=0 Raw8Fist=<none> Raw8UseType=-1 SuppressNative=1 Classification=ROUTINE
CORE COLLISION_GROUP ElapsedMs=43326.399 Source=It_Halberd_Orc_01 UseType=51 Owner=Montera_Orc_01 Slot=RIGHT Requested=7 Before=5 After=7 MarkerBitsRetired=0
CORE C1 OFFENSE REQUEST ElapsedMs=43326.428 Actor=Montera_Orc_01 Generation=18 Status=PERSISTED Source=It_Halberd_Orc_01 Side=RIGHT Requests=1 Outstanding=1 CleanupObserved=0 Group=7
CORE MARKER ElapsedMs=43326.440 Actor=Montera_Orc_01 Action=2 Family=POWER Phase=1 Motion=Orc_Stand_None_Staff_P0_PowerAttack_Hit_N_Fwd_00_%_00_P1_100_R.xmot Marker=RIGHT Result=ACCEPTED C1Valid=1 C1=18 StatePosition=1 PreviousMask=0 DesiredMask=1 RetiredMask=0 OwnedMask=0 MarkerOwnedMask=1 Activated=1 Deactivated=0 Retired=0 RearmRequests=1 Clears=1 RightUseType=51
CORE ONDAMAGE ElapsedMs=43344.973 Ordinal=5 Target=PC_Hero Arg1=PC_Hero Arg2=PC_Hero Caller=Game.dll+0x00069484 PlayerAction=0 PlayerPhase=5 PlayerMotion=Hero_Stand_None_1H_P0_Ambient_Loop_N_Fwd_00_%_01_P0_0.xmot Raw8Fist=<none> Raw8UseType=-1 Raw8Group=-1
CORE C1_START ElapsedMs=43351.171 Actor=PC_Hero Generation=19 Status=CANDIDATE Outstanding=0 TrackedSources=1 ReplacedGeneration=0 ReplacedOutstanding=0 Source[0]=It_1H_Sword_Rust_01 Side=RIGHT Group=5
CORE C1_STATUS ElapsedMs=43351.231 Event=PERSISTED Actor=PC_Hero Generation=19 Status=PERSISTED Outstanding=0
CORE COLLISION_GROUP ElapsedMs=43578.808 Source=It_Halberd_Orc_01 UseType=51 Owner=Montera_Orc_01 Slot=RIGHT Requested=5 Before=7 After=5 MarkerBitsRetired=1
CORE C1 CLEANUP FULFILLED ElapsedMs=43578.834 Actor=Montera_Orc_01 Generation=18 Status=PERSISTED Source=It_Halberd_Orc_01 Side=RIGHT Requests=1 Outstanding=0 CleanupObserved=1 Group=5
CORE C1_FINAL ElapsedMs=43578.861 Actor=Montera_Orc_01 Generation=18 Status=PERSISTED SourceCount=1 PhysicalChanged=0 Source[0]=It_Halberd_Orc_01 Side=RIGHT Outstanding=0 Cleanup=1 Outcome=NO_OP_NO_OUTSTANDING
CORE C1_FINAL ElapsedMs=45064.626 Actor=PC_Hero Generation=19 Status=PERSISTED SourceCount=1 PhysicalChanged=0 Source[0]=It_1H_Sword_Rust_01 Side=RIGHT Outstanding=0 Cleanup=0 Outcome=NO_OP_NO_OUTSTANDING
CORE COLLISION_GROUP ElapsedMs=45073.646 Source=It_1H_Sword_Rust_01 UseType=2 Owner=PC_Hero Slot=RIGHT Requested=7 Before=5 After=7 MarkerBitsRetired=0
CORE C1_START ElapsedMs=45073.674 Actor=PC_Hero Generation=20 Status=OUTER_BOUND Outstanding=0 TrackedSources=1 ReplacedGeneration=0 ReplacedOutstanding=0 Source[0]=It_1H_Sword_Rust_01 Side=RIGHT Group=7
CORE C1_BIND ElapsedMs=45073.681 Event=PRECOMBAT_ACQUIRED Actor=PC_Hero Generation=20 Status=OUTER_BOUND Outstanding=0 Source=It_1H_Sword_Rust_01 Script=_AI_GetUpAttack
CORE C1 OFFENSE REQUEST ElapsedMs=45073.685 Actor=PC_Hero Generation=20 Status=OUTER_BOUND Source=It_1H_Sword_Rust_01 Side=RIGHT Requests=1 Outstanding=1 CleanupObserved=0 Group=7
CORE C1_BIND ElapsedMs=45073.703 Event=PRECOMBAT_BRIDGE_CONSUMED Actor=PC_Hero Generation=20 Status=PERSISTED Outstanding=1 Source=<null> Script=_AI_GetUpAttack
CORE COLLISION_GROUP ElapsedMs=45158.866 Source=It_1H_Sword_Rust_01 UseType=2 Owner=PC_Hero Slot=RIGHT Requested=7 Before=7 After=7 MarkerBitsRetired=0
CORE C1 OFFENSE REQUEST ElapsedMs=45158.895 Actor=PC_Hero Generation=20 Status=PERSISTED Source=It_1H_Sword_Rust_01 Side=RIGHT Requests=2 Outstanding=1 CleanupObserved=0 Group=7
CORE C1_START ElapsedMs=45174.584 Actor=Montera_Orc_01 Generation=21 Status=CANDIDATE Outstanding=0 TrackedSources=1 ReplacedGeneration=0 ReplacedOutstanding=0 Source[0]=It_Halberd_Orc_01 Side=RIGHT Group=5
CORE C1_BIND ElapsedMs=45174.596 Event=COMBAT_MOVE_CANDIDATE_BOUND Actor=Montera_Orc_01 Generation=21 Status=CANDIDATE Outstanding=0 Source=<null> Script=_AI_Parade
CORE C1_STATUS ElapsedMs=45175.119 Event=PERSISTED Actor=Montera_Orc_01 Generation=21 Status=PERSISTED Outstanding=0
CORE ONDAMAGE ElapsedMs=45294.265 Ordinal=6 Target=Montera_Orc_01 Arg1=Montera_Orc_01 Arg2=Montera_Orc_01 Caller=Game.dll+0x00069484 PlayerAction=30 PlayerPhase=1 PlayerMotion=Hero_SitKnockDown_None_1H_P0_GetUpAttack_Hit_N_Fwd_00_%_00_P1_100_R.xmot Raw8Fist=<none> Raw8UseType=-1 Raw8Group=-1
CORE C1_START ElapsedMs=45303.590 Actor=Montera_Orc_01 Generation=22 Status=CANDIDATE Outstanding=0 TrackedSources=1 ReplacedGeneration=21 ReplacedOutstanding=0 Source[0]=It_Halberd_Orc_01 Side=RIGHT Group=5
CORE C1_BIND ElapsedMs=45303.601 Event=COMBAT_MOVE_CANDIDATE_BOUND Actor=Montera_Orc_01 Generation=22 Status=CANDIDATE Outstanding=0 Source=<null> Script=_AI_Stumble
CORE C1_STATUS ElapsedMs=45303.655 Event=PERSISTED Actor=Montera_Orc_01 Generation=22 Status=PERSISTED Outstanding=0
CORE COLLISION_GROUP ElapsedMs=45418.208 Source=It_1H_Sword_Rust_01 UseType=2 Owner=PC_Hero Slot=RIGHT Requested=5 Before=7 After=5 MarkerBitsRetired=0
CORE C1 CLEANUP FULFILLED ElapsedMs=45418.237 Actor=PC_Hero Generation=20 Status=PERSISTED Source=It_1H_Sword_Rust_01 Side=RIGHT Requests=2 Outstanding=0 CleanupObserved=1 Group=5
CORE C1_FINAL ElapsedMs=45418.268 Actor=PC_Hero Generation=20 Status=PERSISTED SourceCount=1 PhysicalChanged=0 Source[0]=It_1H_Sword_Rust_01 Side=RIGHT Outstanding=0 Cleanup=1 Outcome=NO_OP_NO_OUTSTANDING
CORE C1_FINAL ElapsedMs=45564.429 Actor=Montera_Orc_01 Generation=22 Status=PERSISTED SourceCount=1 PhysicalChanged=0 Source[0]=It_Halberd_Orc_01 Side=RIGHT Outstanding=0 Cleanup=0 Outcome=NO_OP_NO_OUTSTANDING
CORE C1_START ElapsedMs=45577.180 Actor=Montera_Orc_01 Generation=23 Status=CANDIDATE Outstanding=0 TrackedSources=1 ReplacedGeneration=0 ReplacedOutstanding=0 Source[0]=It_Halberd_Orc_01 Side=RIGHT Group=5
CORE C1_BIND ElapsedMs=45577.192 Event=COMBAT_MOVE_CANDIDATE_BOUND Actor=Montera_Orc_01 Generation=23 Status=CANDIDATE Outstanding=0 Source=<null> Script=_AI_WhirlAttack
CORE C1_STATUS ElapsedMs=45577.314 Event=PERSISTED Actor=Montera_Orc_01 Generation=23 Status=PERSISTED Outstanding=0
CORE ATTACK_OWNERSHIP ElapsedMs=45577.335 Actor=Montera_Orc_01 Family=WHIRL Action=10 Phase=1 Motion=Orc_Parade_None_Staff_P0_WhirlAttack_Hit_N_Fwd_00_%_00_P0_150_R.xmot MarkerPresent=1 RequiredMask=1 FistMarkers=0 Raw8Fist=<none> Raw8UseType=-1 SuppressNative=1 Classification=ROUTINE
CORE COLLISION_GROUP ElapsedMs=45680.793 Source=It_Halberd_Orc_01 UseType=51 Owner=Montera_Orc_01 Slot=RIGHT Requested=7 Before=5 After=7 MarkerBitsRetired=0
CORE C1 OFFENSE REQUEST ElapsedMs=45680.819 Actor=Montera_Orc_01 Generation=23 Status=PERSISTED Source=It_Halberd_Orc_01 Side=RIGHT Requests=1 Outstanding=1 CleanupObserved=0 Group=7
CORE MARKER ElapsedMs=45680.832 Actor=Montera_Orc_01 Action=10 Family=WHIRL Phase=1 Motion=Orc_Parade_None_Staff_P0_WhirlAttack_Hit_N_Fwd_00_%_00_P0_150_R.xmot Marker=RIGHT Result=ACCEPTED C1Valid=1 C1=23 StatePosition=1 PreviousMask=0 DesiredMask=1 RetiredMask=0 OwnedMask=0 MarkerOwnedMask=1 Activated=1 Deactivated=0 Retired=0 RearmRequests=1 Clears=1 RightUseType=51
CORE ONDAMAGE ElapsedMs=45708.550 Ordinal=7 Target=PC_Hero Arg1=PC_Hero Arg2=PC_Hero Caller=Game.dll+0x00069484 PlayerAction=0 PlayerPhase=5 PlayerMotion=Hero_Stand_None_1H_P1_Ambient_Loop_N_Fwd_01_%_01_P1_0.xmot Raw8Fist=<none> Raw8UseType=-1 Raw8Group=-1
CORE C1_START ElapsedMs=45713.064 Actor=PC_Hero Generation=24 Status=CANDIDATE Outstanding=0 TrackedSources=1 ReplacedGeneration=0 ReplacedOutstanding=0 Source[0]=It_1H_Sword_Rust_01 Side=RIGHT Group=5
CORE C1_BIND ElapsedMs=45713.077 Event=COMBAT_MOVE_CANDIDATE_BOUND Actor=PC_Hero Generation=24 Status=CANDIDATE Outstanding=0 Source=<null> Script=_AI_Stumble
CORE C1_STATUS ElapsedMs=45713.421 Event=PERSISTED Actor=PC_Hero Generation=24 Status=PERSISTED Outstanding=0
CORE COLLISION_GROUP ElapsedMs=45865.348 Source=It_Halberd_Orc_01 UseType=51 Owner=Montera_Orc_01 Slot=RIGHT Requested=5 Before=7 After=5 MarkerBitsRetired=0
CORE C1 CLEANUP FULFILLED ElapsedMs=45865.375 Actor=Montera_Orc_01 Generation=23 Status=PERSISTED Source=It_Halberd_Orc_01 Side=RIGHT Requests=1 Outstanding=0 CleanupObserved=1 Group=5
CORE MARKER ElapsedMs=45865.386 Actor=Montera_Orc_01 Action=10 Family=WHIRL Phase=1 Motion=Orc_Parade_None_Staff_P0_WhirlAttack_Hit_N_Fwd_00_%_00_P0_150_R.xmot Marker=OFF Result=OFF_ACCEPTED C1Valid=1 C1=23 StatePosition=1 PreviousMask=0 DesiredMask=0 RetiredMask=0 OwnedMask=1 MarkerOwnedMask=0 Activated=0 Deactivated=1 Retired=0 RearmRequests=0 Clears=0 RightUseType=51
CORE C1_FINAL ElapsedMs=45985.183 Actor=PC_Hero Generation=24 Status=PERSISTED SourceCount=1 PhysicalChanged=0 Source[0]=It_1H_Sword_Rust_01 Side=RIGHT Outstanding=0 Cleanup=0 Outcome=NO_OP_NO_OUTSTANDING
CORE COLLISION_GROUP ElapsedMs=45990.649 Source=It_Halberd_Orc_01 UseType=51 Owner=Montera_Orc_01 Slot=RIGHT Requested=7 Before=5 After=7 MarkerBitsRetired=0
CORE C1 OFFENSE REQUEST ElapsedMs=45990.675 Actor=Montera_Orc_01 Generation=23 Status=PERSISTED Source=It_Halberd_Orc_01 Side=RIGHT Requests=2 Outstanding=1 CleanupObserved=0 Group=7
CORE MARKER ElapsedMs=45990.687 Actor=Montera_Orc_01 Action=10 Family=WHIRL Phase=1 Motion=Orc_Parade_None_Staff_P0_WhirlAttack_Hit_N_Fwd_00_%_00_P0_150_R.xmot Marker=RIGHT Result=ACCEPTED C1Valid=1 C1=23 StatePosition=1 PreviousMask=0 DesiredMask=1 RetiredMask=0 OwnedMask=0 MarkerOwnedMask=1 Activated=1 Deactivated=0 Retired=0 RearmRequests=1 Clears=1 RightUseType=51
CORE COLLISION_GROUP ElapsedMs=46108.737 Source=It_Halberd_Orc_01 UseType=51 Owner=Montera_Orc_01 Slot=RIGHT Requested=5 Before=7 After=5 MarkerBitsRetired=1
CORE C1 CLEANUP FULFILLED ElapsedMs=46108.765 Actor=Montera_Orc_01 Generation=23 Status=PERSISTED Source=It_Halberd_Orc_01 Side=RIGHT Requests=2 Outstanding=0 CleanupObserved=1 Group=5
CORE C1_FINAL ElapsedMs=46108.785 Actor=Montera_Orc_01 Generation=23 Status=PERSISTED SourceCount=1 PhysicalChanged=0 Source[0]=It_Halberd_Orc_01 Side=RIGHT Outstanding=0 Cleanup=1 Outcome=NO_OP_NO_OUTSTANDING
CORE C1_START ElapsedMs=47712.569 Actor=Montera_Orc_01 Generation=25 Status=CANDIDATE Outstanding=0 TrackedSources=1 ReplacedGeneration=0 ReplacedOutstanding=0 Source[0]=It_Halberd_Orc_01 Side=RIGHT Group=5
CORE C1_BIND ElapsedMs=47712.583 Event=COMBAT_MOVE_CANDIDATE_BOUND Actor=Montera_Orc_01 Generation=25 Status=CANDIDATE Outstanding=0 Source=<null> Script=_AI_Attack
CORE C1_STATUS ElapsedMs=47712.651 Event=PERSISTED Actor=Montera_Orc_01 Generation=25 Status=PERSISTED Outstanding=0
CORE ATTACK_OWNERSHIP ElapsedMs=47712.667 Actor=Montera_Orc_01 Family=NORMAL Action=1 Phase=1 Motion=Orc_Stand_None_Staff_P0_Attack_Hit_N_Fwd_00_%_00_P1_100_R.xmot MarkerPresent=1 RequiredMask=1 FistMarkers=0 Raw8Fist=<none> Raw8UseType=-1 SuppressNative=1 Classification=ROUTINE
CORE COLLISION_GROUP ElapsedMs=48051.012 Source=It_Halberd_Orc_01 UseType=51 Owner=Montera_Orc_01 Slot=RIGHT Requested=7 Before=5 After=7 MarkerBitsRetired=0
CORE C1 OFFENSE REQUEST ElapsedMs=48051.039 Actor=Montera_Orc_01 Generation=25 Status=PERSISTED Source=It_Halberd_Orc_01 Side=RIGHT Requests=1 Outstanding=1 CleanupObserved=0 Group=7
CORE MARKER ElapsedMs=48051.050 Actor=Montera_Orc_01 Action=1 Family=NORMAL Phase=1 Motion=Orc_Stand_None_Staff_P0_Attack_Hit_N_Fwd_00_%_00_P1_100_R.xmot Marker=RIGHT Result=ACCEPTED C1Valid=1 C1=25 StatePosition=0 PreviousMask=0 DesiredMask=1 RetiredMask=0 OwnedMask=0 MarkerOwnedMask=1 Activated=1 Deactivated=0 Retired=0 RearmRequests=1 Clears=1 RightUseType=51
CORE ONDAMAGE ElapsedMs=48054.451 Ordinal=8 Target=PC_Hero Arg1=PC_Hero Arg2=PC_Hero Caller=Game.dll+0x00069484 PlayerAction=0 PlayerPhase=12 PlayerMotion=Hero_Stand_None_1H_P0_Move_Turn90_N_Right_00_%_00_P0_0.xmot Raw8Fist=<none> Raw8UseType=-1 Raw8Group=-1
CORE C1_START ElapsedMs=48058.713 Actor=PC_Hero Generation=26 Status=CANDIDATE Outstanding=0 TrackedSources=1 ReplacedGeneration=0 ReplacedOutstanding=0 Source[0]=It_1H_Sword_Rust_01 Side=RIGHT Group=5
CORE C1_BIND ElapsedMs=48058.725 Event=COMBAT_MOVE_CANDIDATE_BOUND Actor=PC_Hero Generation=26 Status=CANDIDATE Outstanding=0 Source=<null> Script=_AI_Stumble
CORE C1_STATUS ElapsedMs=48059.024 Event=PERSISTED Actor=PC_Hero Generation=26 Status=PERSISTED Outstanding=0
CORE C1_FINAL ElapsedMs=48327.216 Actor=PC_Hero Generation=26 Status=PERSISTED SourceCount=1 PhysicalChanged=0 Source[0]=It_1H_Sword_Rust_01 Side=RIGHT Outstanding=0 Cleanup=0 Outcome=NO_OP_NO_OUTSTANDING
CORE COLLISION_GROUP ElapsedMs=48347.138 Source=It_Halberd_Orc_01 UseType=51 Owner=Montera_Orc_01 Slot=RIGHT Requested=5 Before=7 After=5 MarkerBitsRetired=1
CORE C1 CLEANUP FULFILLED ElapsedMs=48347.166 Actor=Montera_Orc_01 Generation=25 Status=PERSISTED Source=It_Halberd_Orc_01 Side=RIGHT Requests=1 Outstanding=0 CleanupObserved=1 Group=5
CORE C1_FINAL ElapsedMs=48347.189 Actor=Montera_Orc_01 Generation=25 Status=PERSISTED SourceCount=1 PhysicalChanged=0 Source[0]=It_Halberd_Orc_01 Side=RIGHT Outstanding=0 Cleanup=1 Outcome=NO_OP_NO_OUTSTANDING
CORE C1_START ElapsedMs=49966.328 Actor=Montera_Orc_01 Generation=27 Status=CANDIDATE Outstanding=0 TrackedSources=1 ReplacedGeneration=0 ReplacedOutstanding=0 Source[0]=It_Halberd_Orc_01 Side=RIGHT Group=5
CORE C1_BIND ElapsedMs=49966.342 Event=COMBAT_MOVE_CANDIDATE_BOUND Actor=Montera_Orc_01 Generation=27 Status=CANDIDATE Outstanding=0 Source=<null> Script=_AI_PowerAttack
CORE C1_STATUS ElapsedMs=49973.129 Event=PERSISTED Actor=Montera_Orc_01 Generation=27 Status=PERSISTED Outstanding=0
CORE C1_BIND ElapsedMs=50789.082 Event=COMBAT_MOVE_REUSED Actor=Montera_Orc_01 Generation=27 Status=PERSISTED Outstanding=0 Source=<null> Script=_AI_PowerAttack
CORE ATTACK_OWNERSHIP ElapsedMs=50794.395 Actor=Montera_Orc_01 Family=POWER Action=2 Phase=1 Motion=Orc_Stand_None_Staff_P1_PowerAttack_Hit_N_Fwd_00_%_00_P0_100_L.xmot MarkerPresent=1 RequiredMask=1 FistMarkers=0 Raw8Fist=<none> Raw8UseType=-1 SuppressNative=1 Classification=ROUTINE
CORE COLLISION_GROUP ElapsedMs=50929.802 Source=It_Halberd_Orc_01 UseType=51 Owner=Montera_Orc_01 Slot=RIGHT Requested=7 Before=5 After=7 MarkerBitsRetired=0
CORE C1 OFFENSE REQUEST ElapsedMs=50929.836 Actor=Montera_Orc_01 Generation=27 Status=PERSISTED Source=It_Halberd_Orc_01 Side=RIGHT Requests=1 Outstanding=1 CleanupObserved=0 Group=7
CORE MARKER ElapsedMs=50929.852 Actor=Montera_Orc_01 Action=2 Family=POWER Phase=1 Motion=Orc_Stand_None_Staff_P1_PowerAttack_Hit_N_Fwd_00_%_00_P0_100_L.xmot Marker=RIGHT Result=ACCEPTED C1Valid=1 C1=27 StatePosition=1 PreviousMask=0 DesiredMask=1 RetiredMask=0 OwnedMask=0 MarkerOwnedMask=1 Activated=1 Deactivated=0 Retired=0 RearmRequests=1 Clears=1 RightUseType=51
CORE ONDAMAGE ElapsedMs=50944.187 Ordinal=9 Target=PC_Hero Arg1=PC_Hero Arg2=PC_Hero Caller=Game.dll+0x00069484 PlayerAction=0 PlayerPhase=5 PlayerMotion=Hero_Stand_None_1H_P0_Ambient_Loop_N_Fwd_01_%_01_P0_0.xmot Raw8Fist=<none> Raw8UseType=-1 Raw8Group=-1
CORE C1_START ElapsedMs=50952.138 Actor=PC_Hero Generation=28 Status=CANDIDATE Outstanding=0 TrackedSources=1 ReplacedGeneration=0 ReplacedOutstanding=0 Source[0]=It_1H_Sword_Rust_01 Side=RIGHT Group=5
CORE C1_STATUS ElapsedMs=50952.198 Event=PERSISTED Actor=PC_Hero Generation=28 Status=PERSISTED Outstanding=0
CORE COLLISION_GROUP ElapsedMs=51288.870 Source=It_Halberd_Orc_01 UseType=51 Owner=Montera_Orc_01 Slot=RIGHT Requested=5 Before=7 After=5 MarkerBitsRetired=1
CORE C1 CLEANUP FULFILLED ElapsedMs=51288.891 Actor=Montera_Orc_01 Generation=27 Status=PERSISTED Source=It_Halberd_Orc_01 Side=RIGHT Requests=1 Outstanding=0 CleanupObserved=1 Group=5
CORE C1_FINAL ElapsedMs=51288.916 Actor=Montera_Orc_01 Generation=27 Status=PERSISTED SourceCount=1 PhysicalChanged=0 Source[0]=It_Halberd_Orc_01 Side=RIGHT Outstanding=0 Cleanup=1 Outcome=NO_OP_NO_OUTSTANDING
CORE C1_FINAL ElapsedMs=52661.592 Actor=PC_Hero Generation=28 Status=PERSISTED SourceCount=1 PhysicalChanged=0 Source[0]=It_1H_Sword_Rust_01 Side=RIGHT Outstanding=0 Cleanup=0 Outcome=NO_OP_NO_OUTSTANDING
CORE COLLISION_GROUP ElapsedMs=52667.503 Source=It_1H_Sword_Rust_01 UseType=2 Owner=PC_Hero Slot=RIGHT Requested=7 Before=5 After=7 MarkerBitsRetired=0
CORE C1_START ElapsedMs=52667.530 Actor=PC_Hero Generation=29 Status=OUTER_BOUND Outstanding=0 TrackedSources=1 ReplacedGeneration=0 ReplacedOutstanding=0 Source[0]=It_1H_Sword_Rust_01 Side=RIGHT Group=7
CORE C1_BIND ElapsedMs=52667.536 Event=PRECOMBAT_ACQUIRED Actor=PC_Hero Generation=29 Status=OUTER_BOUND Outstanding=0 Source=It_1H_Sword_Rust_01 Script=_AI_GetUpAttack
CORE C1 OFFENSE REQUEST ElapsedMs=52667.539 Actor=PC_Hero Generation=29 Status=OUTER_BOUND Source=It_1H_Sword_Rust_01 Side=RIGHT Requests=1 Outstanding=1 CleanupObserved=0 Group=7
CORE C1_BIND ElapsedMs=52667.556 Event=PRECOMBAT_BRIDGE_CONSUMED Actor=PC_Hero Generation=29 Status=PERSISTED Outstanding=1 Source=<null> Script=_AI_GetUpAttack
CORE COLLISION_GROUP ElapsedMs=52752.221 Source=It_1H_Sword_Rust_01 UseType=2 Owner=PC_Hero Slot=RIGHT Requested=7 Before=7 After=7 MarkerBitsRetired=0
CORE C1 OFFENSE REQUEST ElapsedMs=52752.249 Actor=PC_Hero Generation=29 Status=PERSISTED Source=It_1H_Sword_Rust_01 Side=RIGHT Requests=2 Outstanding=1 CleanupObserved=0 Group=7
CORE COLLISION_GROUP ElapsedMs=53011.310 Source=It_1H_Sword_Rust_01 UseType=2 Owner=PC_Hero Slot=RIGHT Requested=5 Before=7 After=5 MarkerBitsRetired=0
CORE C1 CLEANUP FULFILLED ElapsedMs=53011.337 Actor=PC_Hero Generation=29 Status=PERSISTED Source=It_1H_Sword_Rust_01 Side=RIGHT Requests=2 Outstanding=0 CleanupObserved=1 Group=5
CORE C1_FINAL ElapsedMs=53011.365 Actor=PC_Hero Generation=29 Status=PERSISTED SourceCount=1 PhysicalChanged=0 Source[0]=It_1H_Sword_Rust_01 Side=RIGHT Outstanding=0 Cleanup=1 Outcome=NO_OP_NO_OUTSTANDING
CORE C1_START ElapsedMs=53420.826 Actor=Montera_Orc_01 Generation=30 Status=CANDIDATE Outstanding=0 TrackedSources=1 ReplacedGeneration=0 ReplacedOutstanding=0 Source[0]=It_Halberd_Orc_01 Side=RIGHT Group=5
CORE C1_BIND ElapsedMs=53420.838 Event=COMBAT_MOVE_CANDIDATE_BOUND Actor=Montera_Orc_01 Generation=30 Status=CANDIDATE Outstanding=0 Source=<null> Script=_AI_HackAttack
CORE C1_STATUS ElapsedMs=53420.901 Event=PERSISTED Actor=Montera_Orc_01 Generation=30 Status=PERSISTED Outstanding=0
CORE C1_BIND ElapsedMs=53900.919 Event=COMBAT_MOVE_REUSED Actor=Montera_Orc_01 Generation=30 Status=PERSISTED Outstanding=0 Source=<null> Script=_AI_HackAttack
CORE ATTACK_OWNERSHIP ElapsedMs=53901.005 Actor=Montera_Orc_01 Family=HACK Action=14 Phase=1 Motion=Orc_Parade_None_Staff_P0_HackAttack_Hit_N_Fwd_00_%_00_P0_50.xmot MarkerPresent=1 RequiredMask=1 FistMarkers=0 Raw8Fist=<none> Raw8UseType=-1 SuppressNative=1 Classification=ROUTINE
CORE COLLISION_GROUP ElapsedMs=54141.035 Source=It_Halberd_Orc_01 UseType=51 Owner=Montera_Orc_01 Slot=RIGHT Requested=7 Before=5 After=7 MarkerBitsRetired=0
CORE C1 OFFENSE REQUEST ElapsedMs=54141.062 Actor=Montera_Orc_01 Generation=30 Status=PERSISTED Source=It_Halberd_Orc_01 Side=RIGHT Requests=1 Outstanding=1 CleanupObserved=0 Group=7
CORE MARKER ElapsedMs=54141.075 Actor=Montera_Orc_01 Action=14 Family=HACK Phase=1 Motion=Orc_Parade_None_Staff_P0_HackAttack_Hit_N_Fwd_00_%_00_P0_50.xmot Marker=RIGHT Result=ACCEPTED C1Valid=1 C1=30 StatePosition=1 PreviousMask=0 DesiredMask=1 RetiredMask=0 OwnedMask=0 MarkerOwnedMask=1 Activated=1 Deactivated=0 Retired=0 RearmRequests=1 Clears=1 RightUseType=51
CORE COLLISION_GROUP ElapsedMs=54418.077 Source=It_Halberd_Orc_01 UseType=51 Owner=Montera_Orc_01 Slot=RIGHT Requested=5 Before=7 After=5 MarkerBitsRetired=1
CORE C1 CLEANUP FULFILLED ElapsedMs=54418.104 Actor=Montera_Orc_01 Generation=30 Status=PERSISTED Source=It_Halberd_Orc_01 Side=RIGHT Requests=1 Outstanding=0 CleanupObserved=1 Group=5
CORE C1_BIND ElapsedMs=54418.116 Event=COMBAT_MOVE_REUSED Actor=Montera_Orc_01 Generation=30 Status=PERSISTED Outstanding=0 Source=<null> Script=_AI_HackAttack
CORE C1_FINAL ElapsedMs=54726.222 Actor=Montera_Orc_01 Generation=30 Status=PERSISTED SourceCount=1 PhysicalChanged=0 Source[0]=It_Halberd_Orc_01 Side=RIGHT Outstanding=0 Cleanup=1 Outcome=NO_OP_NO_OUTSTANDING
CORE C1_START ElapsedMs=55062.469 Actor=Montera_Orc_01 Generation=31 Status=CANDIDATE Outstanding=0 TrackedSources=1 ReplacedGeneration=0 ReplacedOutstanding=0 Source[0]=It_Halberd_Orc_01 Side=RIGHT Group=5
CORE C1_BIND ElapsedMs=55062.482 Event=COMBAT_MOVE_CANDIDATE_BOUND Actor=Montera_Orc_01 Generation=31 Status=CANDIDATE Outstanding=0 Source=<null> Script=_AI_WhirlAttack
CORE C1_STATUS ElapsedMs=55062.585 Event=PERSISTED Actor=Montera_Orc_01 Generation=31 Status=PERSISTED Outstanding=0
CORE ATTACK_OWNERSHIP ElapsedMs=55062.637 Actor=Montera_Orc_01 Family=WHIRL Action=10 Phase=1 Motion=Orc_Parade_None_Staff_P0_WhirlAttack_Hit_N_Fwd_00_%_00_P0_150_R.xmot MarkerPresent=1 RequiredMask=1 FistMarkers=0 Raw8Fist=<none> Raw8UseType=-1 SuppressNative=1 Classification=ROUTINE
CORE COLLISION_GROUP ElapsedMs=55162.030 Source=It_Halberd_Orc_01 UseType=51 Owner=Montera_Orc_01 Slot=RIGHT Requested=7 Before=5 After=7 MarkerBitsRetired=0
CORE C1 OFFENSE REQUEST ElapsedMs=55162.057 Actor=Montera_Orc_01 Generation=31 Status=PERSISTED Source=It_Halberd_Orc_01 Side=RIGHT Requests=1 Outstanding=1 CleanupObserved=0 Group=7
CORE MARKER ElapsedMs=55162.069 Actor=Montera_Orc_01 Action=10 Family=WHIRL Phase=1 Motion=Orc_Parade_None_Staff_P0_WhirlAttack_Hit_N_Fwd_00_%_00_P0_150_R.xmot Marker=RIGHT Result=ACCEPTED C1Valid=1 C1=31 StatePosition=1 PreviousMask=0 DesiredMask=1 RetiredMask=0 OwnedMask=0 MarkerOwnedMask=1 Activated=1 Deactivated=0 Retired=0 RearmRequests=1 Clears=1 RightUseType=51
CORE ONDAMAGE ElapsedMs=55232.565 Ordinal=10 Target=PC_Hero Arg1=PC_Hero Arg2=PC_Hero Caller=Game.dll+0x00069484 PlayerAction=0 PlayerPhase=8 PlayerMotion=Hero_Stand_None_1H_P0_Move_Walk_N_Fwd_00_%_00_P0_160.xmot Raw8Fist=<none> Raw8UseType=-1 Raw8Group=-1
CORE C1_START ElapsedMs=55240.670 Actor=PC_Hero Generation=32 Status=CANDIDATE Outstanding=0 TrackedSources=1 ReplacedGeneration=0 ReplacedOutstanding=0 Source[0]=It_1H_Sword_Rust_01 Side=RIGHT Group=5
CORE C1_BIND ElapsedMs=55240.695 Event=COMBAT_MOVE_CANDIDATE_BOUND Actor=PC_Hero Generation=32 Status=CANDIDATE Outstanding=0 Source=<null> Script=_AI_Stumble
CORE C1_STATUS ElapsedMs=55240.752 Event=PERSISTED Actor=PC_Hero Generation=32 Status=PERSISTED Outstanding=0
CORE COLLISION_GROUP ElapsedMs=55326.664 Source=It_Halberd_Orc_01 UseType=51 Owner=Montera_Orc_01 Slot=RIGHT Requested=5 Before=7 After=5 MarkerBitsRetired=0
CORE C1 CLEANUP FULFILLED ElapsedMs=55326.691 Actor=Montera_Orc_01 Generation=31 Status=PERSISTED Source=It_Halberd_Orc_01 Side=RIGHT Requests=1 Outstanding=0 CleanupObserved=1 Group=5
CORE MARKER ElapsedMs=55326.702 Actor=Montera_Orc_01 Action=10 Family=WHIRL Phase=1 Motion=Orc_Parade_None_Staff_P0_WhirlAttack_Hit_N_Fwd_00_%_00_P0_150_R.xmot Marker=OFF Result=OFF_ACCEPTED C1Valid=1 C1=31 StatePosition=1 PreviousMask=0 DesiredMask=0 RetiredMask=0 OwnedMask=1 MarkerOwnedMask=0 Activated=0 Deactivated=1 Retired=0 RearmRequests=0 Clears=0 RightUseType=51
CORE COLLISION_GROUP ElapsedMs=55464.707 Source=It_Halberd_Orc_01 UseType=51 Owner=Montera_Orc_01 Slot=RIGHT Requested=7 Before=5 After=7 MarkerBitsRetired=0
CORE C1 OFFENSE REQUEST ElapsedMs=55464.736 Actor=Montera_Orc_01 Generation=31 Status=PERSISTED Source=It_Halberd_Orc_01 Side=RIGHT Requests=2 Outstanding=1 CleanupObserved=0 Group=7
CORE MARKER ElapsedMs=55464.748 Actor=Montera_Orc_01 Action=10 Family=WHIRL Phase=1 Motion=Orc_Parade_None_Staff_P0_WhirlAttack_Hit_N_Fwd_00_%_00_P0_150_R.xmot Marker=RIGHT Result=ACCEPTED C1Valid=1 C1=31 StatePosition=1 PreviousMask=0 DesiredMask=1 RetiredMask=0 OwnedMask=0 MarkerOwnedMask=1 Activated=1 Deactivated=0 Retired=0 RearmRequests=1 Clears=1 RightUseType=51
CORE C1_FINAL ElapsedMs=55503.842 Actor=PC_Hero Generation=32 Status=PERSISTED SourceCount=1 PhysicalChanged=0 Source[0]=It_1H_Sword_Rust_01 Side=RIGHT Outstanding=0 Cleanup=0 Outcome=NO_OP_NO_OUTSTANDING
CORE ONDAMAGE ElapsedMs=55539.960 Ordinal=11 Target=PC_Hero Arg1=PC_Hero Arg2=PC_Hero Caller=Game.dll+0x00069484 PlayerAction=0 PlayerPhase=12 PlayerMotion=Hero_Stand_None_1H_P0_Move_Stand_N_Fwd_00_%_00_P0_0.xmot Raw8Fist=<none> Raw8UseType=-1 Raw8Group=-1
CORE C1_START ElapsedMs=55555.090 Actor=PC_Hero Generation=33 Status=CANDIDATE Outstanding=0 TrackedSources=1 ReplacedGeneration=0 ReplacedOutstanding=0 Source[0]=It_1H_Sword_Rust_01 Side=RIGHT Group=5
CORE C1_BIND ElapsedMs=55555.101 Event=COMBAT_MOVE_CANDIDATE_BOUND Actor=PC_Hero Generation=33 Status=CANDIDATE Outstanding=0 Source=<null> Script=_AI_Stumble
CORE C1_STATUS ElapsedMs=55555.154 Event=PERSISTED Actor=PC_Hero Generation=33 Status=PERSISTED Outstanding=0
CORE COLLISION_GROUP ElapsedMs=55579.585 Source=It_Halberd_Orc_01 UseType=51 Owner=Montera_Orc_01 Slot=RIGHT Requested=5 Before=7 After=5 MarkerBitsRetired=1
CORE C1 CLEANUP FULFILLED ElapsedMs=55579.613 Actor=Montera_Orc_01 Generation=31 Status=PERSISTED Source=It_Halberd_Orc_01 Side=RIGHT Requests=2 Outstanding=0 CleanupObserved=1 Group=5
CORE C1_FINAL ElapsedMs=55579.634 Actor=Montera_Orc_01 Generation=31 Status=PERSISTED SourceCount=1 PhysicalChanged=0 Source[0]=It_Halberd_Orc_01 Side=RIGHT Outstanding=0 Cleanup=1 Outcome=NO_OP_NO_OUTSTANDING
CORE C1_FINAL ElapsedMs=55814.915 Actor=PC_Hero Generation=33 Status=PERSISTED SourceCount=1 PhysicalChanged=0 Source[0]=It_1H_Sword_Rust_01 Side=RIGHT Outstanding=0 Cleanup=0 Outcome=NO_OP_NO_OUTSTANDING
CORE C1_START ElapsedMs=56938.048 Actor=Montera_Orc_01 Generation=34 Status=CANDIDATE Outstanding=0 TrackedSources=1 ReplacedGeneration=0 ReplacedOutstanding=0 Source[0]=It_Halberd_Orc_01 Side=RIGHT Group=5
CORE C1_BIND ElapsedMs=56938.077 Event=COMBAT_MOVE_CANDIDATE_BOUND Actor=Montera_Orc_01 Generation=34 Status=CANDIDATE Outstanding=0 Source=<null> Script=_AI_PowerAttack
CORE C1_STATUS ElapsedMs=56938.143 Event=PERSISTED Actor=Montera_Orc_01 Generation=34 Status=PERSISTED Outstanding=0
CORE C1_BIND ElapsedMs=57588.879 Event=COMBAT_MOVE_REUSED Actor=Montera_Orc_01 Generation=34 Status=PERSISTED Outstanding=0 Source=<null> Script=_AI_PowerAttack
CORE ATTACK_OWNERSHIP ElapsedMs=57588.958 Actor=Montera_Orc_01 Family=POWER Action=2 Phase=1 Motion=Orc_Stand_None_Staff_P0_PowerAttack_Hit_N_Fwd_00_%_00_P1_100_R.xmot MarkerPresent=1 RequiredMask=1 FistMarkers=0 Raw8Fist=<none> Raw8UseType=-1 SuppressNative=1 Classification=ROUTINE
CORE COLLISION_GROUP ElapsedMs=57973.691 Source=It_Halberd_Orc_01 UseType=51 Owner=Montera_Orc_01 Slot=RIGHT Requested=7 Before=5 After=7 MarkerBitsRetired=0
CORE C1 OFFENSE REQUEST ElapsedMs=57973.724 Actor=Montera_Orc_01 Generation=34 Status=PERSISTED Source=It_Halberd_Orc_01 Side=RIGHT Requests=1 Outstanding=1 CleanupObserved=0 Group=7
CORE MARKER ElapsedMs=57973.737 Actor=Montera_Orc_01 Action=2 Family=POWER Phase=1 Motion=Orc_Stand_None_Staff_P0_PowerAttack_Hit_N_Fwd_00_%_00_P1_100_R.xmot Marker=RIGHT Result=ACCEPTED C1Valid=1 C1=34 StatePosition=1 PreviousMask=0 DesiredMask=1 RetiredMask=0 OwnedMask=0 MarkerOwnedMask=1 Activated=1 Deactivated=0 Retired=0 RearmRequests=1 Clears=1 RightUseType=51
CORE ONDAMAGE ElapsedMs=57998.929 Ordinal=12 Target=PC_Hero Arg1=PC_Hero Arg2=PC_Hero Caller=Game.dll+0x00069484 PlayerAction=0 PlayerPhase=12 PlayerMotion=Hero_Stand_None_1H_P0_Move_Turn90_N_Right_00_%_00_P0_0.xmot Raw8Fist=<none> Raw8UseType=-1 Raw8Group=-1
CORE C1_START ElapsedMs=58003.678 Actor=PC_Hero Generation=35 Status=CANDIDATE Outstanding=0 TrackedSources=1 ReplacedGeneration=0 ReplacedOutstanding=0 Source[0]=It_1H_Sword_Rust_01 Side=RIGHT Group=5
CORE C1_STATUS ElapsedMs=58003.736 Event=PERSISTED Actor=PC_Hero Generation=35 Status=PERSISTED Outstanding=0
CORE COLLISION_GROUP ElapsedMs=58220.535 Source=It_Halberd_Orc_01 UseType=51 Owner=Montera_Orc_01 Slot=RIGHT Requested=5 Before=7 After=5 MarkerBitsRetired=1
CORE C1 CLEANUP FULFILLED ElapsedMs=58220.564 Actor=Montera_Orc_01 Generation=34 Status=PERSISTED Source=It_Halberd_Orc_01 Side=RIGHT Requests=1 Outstanding=0 CleanupObserved=1 Group=5
CORE C1_FINAL ElapsedMs=58220.585 Actor=Montera_Orc_01 Generation=34 Status=PERSISTED SourceCount=1 PhysicalChanged=0 Source[0]=It_Halberd_Orc_01 Side=RIGHT Outstanding=0 Cleanup=1 Outcome=NO_OP_NO_OUTSTANDING
CORE C1_FINAL ElapsedMs=59712.434 Actor=PC_Hero Generation=35 Status=PERSISTED SourceCount=1 PhysicalChanged=0 Source[0]=It_1H_Sword_Rust_01 Side=RIGHT Outstanding=0 Cleanup=0 Outcome=NO_OP_NO_OUTSTANDING
CORE COLLISION_GROUP ElapsedMs=59720.645 Source=It_1H_Sword_Rust_01 UseType=2 Owner=PC_Hero Slot=RIGHT Requested=7 Before=5 After=7 MarkerBitsRetired=0
CORE C1_START ElapsedMs=59720.672 Actor=PC_Hero Generation=36 Status=OUTER_BOUND Outstanding=0 TrackedSources=1 ReplacedGeneration=0 ReplacedOutstanding=0 Source[0]=It_1H_Sword_Rust_01 Side=RIGHT Group=7
CORE C1_BIND ElapsedMs=59720.678 Event=PRECOMBAT_ACQUIRED Actor=PC_Hero Generation=36 Status=OUTER_BOUND Outstanding=0 Source=It_1H_Sword_Rust_01 Script=_AI_GetUpAttack
CORE C1 OFFENSE REQUEST ElapsedMs=59720.681 Actor=PC_Hero Generation=36 Status=OUTER_BOUND Source=It_1H_Sword_Rust_01 Side=RIGHT Requests=1 Outstanding=1 CleanupObserved=0 Group=7
CORE C1_BIND ElapsedMs=59720.698 Event=PRECOMBAT_BRIDGE_CONSUMED Actor=PC_Hero Generation=36 Status=PERSISTED Outstanding=1 Source=<null> Script=_AI_GetUpAttack
CORE COLLISION_GROUP ElapsedMs=59803.377 Source=It_1H_Sword_Rust_01 UseType=2 Owner=PC_Hero Slot=RIGHT Requested=7 Before=7 After=7 MarkerBitsRetired=0
CORE C1 OFFENSE REQUEST ElapsedMs=59803.405 Actor=PC_Hero Generation=36 Status=PERSISTED Source=It_1H_Sword_Rust_01 Side=RIGHT Requests=2 Outstanding=1 CleanupObserved=0 Group=7
CORE C1_START ElapsedMs=59819.040 Actor=Montera_Orc_01 Generation=37 Status=CANDIDATE Outstanding=0 TrackedSources=1 ReplacedGeneration=0 ReplacedOutstanding=0 Source[0]=It_Halberd_Orc_01 Side=RIGHT Group=5
CORE C1_BIND ElapsedMs=59819.052 Event=COMBAT_MOVE_CANDIDATE_BOUND Actor=Montera_Orc_01 Generation=37 Status=CANDIDATE Outstanding=0 Source=<null> Script=_AI_Attack
CORE C1_STATUS ElapsedMs=59825.905 Event=PERSISTED Actor=Montera_Orc_01 Generation=37 Status=PERSISTED Outstanding=0
CORE ATTACK_OWNERSHIP ElapsedMs=59825.938 Actor=Montera_Orc_01 Family=NORMAL Action=1 Phase=1 Motion=Orc_Stand_None_Staff_P1_Attack_Hit_N_Fwd_00_%_00_P0_100_L.xmot MarkerPresent=1 RequiredMask=1 FistMarkers=0 Raw8Fist=<none> Raw8UseType=-1 SuppressNative=1 Classification=ROUTINE
CORE ONDAMAGE ElapsedMs=59901.554 Ordinal=13 Target=Montera_Orc_01 Arg1=Montera_Orc_01 Arg2=Montera_Orc_01 Caller=Game.dll+0x00069484 PlayerAction=30 PlayerPhase=1 PlayerMotion=Hero_SitKnockDown_None_1H_P0_GetUpAttack_Hit_N_Fwd_00_%_00_P1_100_R.xmot Raw8Fist=<none> Raw8UseType=-1 Raw8Group=-1
CORE C1_START ElapsedMs=59911.042 Actor=Montera_Orc_01 Generation=38 Status=CANDIDATE Outstanding=0 TrackedSources=1 ReplacedGeneration=37 ReplacedOutstanding=0 Source[0]=It_Halberd_Orc_01 Side=RIGHT Group=5
CORE C1_BIND ElapsedMs=59911.054 Event=COMBAT_MOVE_CANDIDATE_BOUND Actor=Montera_Orc_01 Generation=38 Status=CANDIDATE Outstanding=0 Source=<null> Script=_AI_Stumble
CORE C1_STATUS ElapsedMs=59911.110 Event=PERSISTED Actor=Montera_Orc_01 Generation=38 Status=PERSISTED Outstanding=0
CORE COLLISION_GROUP ElapsedMs=60063.592 Source=It_1H_Sword_Rust_01 UseType=2 Owner=PC_Hero Slot=RIGHT Requested=5 Before=7 After=5 MarkerBitsRetired=0
CORE C1 CLEANUP FULFILLED ElapsedMs=60063.620 Actor=PC_Hero Generation=36 Status=PERSISTED Source=It_1H_Sword_Rust_01 Side=RIGHT Requests=2 Outstanding=0 CleanupObserved=1 Group=5
CORE C1_FINAL ElapsedMs=60063.651 Actor=PC_Hero Generation=36 Status=PERSISTED SourceCount=1 PhysicalChanged=0 Source[0]=It_1H_Sword_Rust_01 Side=RIGHT Outstanding=0 Cleanup=1 Outcome=NO_OP_NO_OUTSTANDING
CORE C1_FINAL ElapsedMs=60175.740 Actor=Montera_Orc_01 Generation=38 Status=PERSISTED SourceCount=1 PhysicalChanged=0 Source[0]=It_Halberd_Orc_01 Side=RIGHT Outstanding=0 Cleanup=0 Outcome=NO_OP_NO_OUTSTANDING
CORE C1_START ElapsedMs=60189.798 Actor=Montera_Orc_01 Generation=39 Status=CANDIDATE Outstanding=0 TrackedSources=1 ReplacedGeneration=0 ReplacedOutstanding=0 Source[0]=It_Halberd_Orc_01 Side=RIGHT Group=5
CORE C1_BIND ElapsedMs=60189.810 Event=COMBAT_MOVE_CANDIDATE_BOUND Actor=Montera_Orc_01 Generation=39 Status=CANDIDATE Outstanding=0 Source=<null> Script=_AI_HackAttack
CORE C1_STATUS ElapsedMs=60189.873 Event=PERSISTED Actor=Montera_Orc_01 Generation=39 Status=PERSISTED Outstanding=0
CORE C1_BIND ElapsedMs=60667.969 Event=COMBAT_MOVE_REUSED Actor=Montera_Orc_01 Generation=39 Status=PERSISTED Outstanding=0 Source=<null> Script=_AI_HackAttack
CORE ATTACK_OWNERSHIP ElapsedMs=60668.093 Actor=Montera_Orc_01 Family=HACK Action=14 Phase=1 Motion=Orc_Parade_None_Staff_P0_HackAttack_Hit_N_Fwd_00_%_00_P0_50.xmot MarkerPresent=1 RequiredMask=1 FistMarkers=0 Raw8Fist=<none> Raw8UseType=-1 SuppressNative=1 Classification=ROUTINE
CORE COLLISION_GROUP ElapsedMs=60903.028 Source=It_Halberd_Orc_01 UseType=51 Owner=Montera_Orc_01 Slot=RIGHT Requested=7 Before=5 After=7 MarkerBitsRetired=0
CORE C1 OFFENSE REQUEST ElapsedMs=60903.067 Actor=Montera_Orc_01 Generation=39 Status=PERSISTED Source=It_Halberd_Orc_01 Side=RIGHT Requests=1 Outstanding=1 CleanupObserved=0 Group=7
CORE MARKER ElapsedMs=60903.080 Actor=Montera_Orc_01 Action=14 Family=HACK Phase=1 Motion=Orc_Parade_None_Staff_P0_HackAttack_Hit_N_Fwd_00_%_00_P0_50.xmot Marker=RIGHT Result=ACCEPTED C1Valid=1 C1=39 StatePosition=1 PreviousMask=0 DesiredMask=1 RetiredMask=0 OwnedMask=0 MarkerOwnedMask=1 Activated=1 Deactivated=0 Retired=0 RearmRequests=1 Clears=1 RightUseType=51
CORE ONDAMAGE ElapsedMs=61033.890 Ordinal=14 Target=PC_Hero Arg1=PC_Hero Arg2=PC_Hero Caller=Game.dll+0x00069484 PlayerAction=0 PlayerPhase=8 PlayerMotion=Hero_Stand_None_1H_P1_Move_Walk_N_Right_00_%_00_P0_160.xmot Raw8Fist=<none> Raw8UseType=-1 Raw8Group=-1
CORE C1_START ElapsedMs=61038.355 Actor=PC_Hero Generation=40 Status=CANDIDATE Outstanding=0 TrackedSources=1 ReplacedGeneration=0 ReplacedOutstanding=0 Source[0]=It_1H_Sword_Rust_01 Side=RIGHT Group=5
CORE C1_STATUS ElapsedMs=61038.416 Event=PERSISTED Actor=PC_Hero Generation=40 Status=PERSISTED Outstanding=0
CORE COLLISION_GROUP ElapsedMs=61184.652 Source=It_Halberd_Orc_01 UseType=51 Owner=Montera_Orc_01 Slot=RIGHT Requested=5 Before=7 After=5 MarkerBitsRetired=1
CORE C1 CLEANUP FULFILLED ElapsedMs=61184.679 Actor=Montera_Orc_01 Generation=39 Status=PERSISTED Source=It_Halberd_Orc_01 Side=RIGHT Requests=1 Outstanding=0 CleanupObserved=1 Group=5
CORE C1_BIND ElapsedMs=61184.695 Event=COMBAT_MOVE_REUSED Actor=Montera_Orc_01 Generation=39 Status=PERSISTED Outstanding=0 Source=<null> Script=_AI_HackAttack
CORE C1_FINAL ElapsedMs=61500.540 Actor=Montera_Orc_01 Generation=39 Status=PERSISTED SourceCount=1 PhysicalChanged=0 Source[0]=It_Halberd_Orc_01 Side=RIGHT Outstanding=0 Cleanup=1 Outcome=NO_OP_NO_OUTSTANDING
CORE C1_START ElapsedMs=61508.867 Actor=Montera_Orc_01 Generation=41 Status=CANDIDATE Outstanding=0 TrackedSources=1 ReplacedGeneration=0 ReplacedOutstanding=0 Source[0]=It_Halberd_Orc_01 Side=RIGHT Group=5
CORE C1_BIND ElapsedMs=61508.881 Event=COMBAT_MOVE_CANDIDATE_BOUND Actor=Montera_Orc_01 Generation=41 Status=CANDIDATE Outstanding=0 Source=<null> Script=_AI_PowerAttack
CORE C1_STATUS ElapsedMs=61508.931 Event=PERSISTED Actor=Montera_Orc_01 Generation=41 Status=PERSISTED Outstanding=0
CORE C1_BIND ElapsedMs=62172.912 Event=COMBAT_MOVE_REUSED Actor=Montera_Orc_01 Generation=41 Status=PERSISTED Outstanding=0 Source=<null> Script=_AI_PowerAttack
CORE ATTACK_OWNERSHIP ElapsedMs=62172.998 Actor=Montera_Orc_01 Family=POWER Action=2 Phase=1 Motion=Orc_Stand_None_Staff_P0_PowerAttack_Hit_N_Fwd_00_%_00_P1_100_R.xmot MarkerPresent=1 RequiredMask=1 FistMarkers=0 Raw8Fist=<none> Raw8UseType=-1 SuppressNative=1 Classification=ROUTINE
CORE COLLISION_GROUP ElapsedMs=62566.294 Source=It_Halberd_Orc_01 UseType=51 Owner=Montera_Orc_01 Slot=RIGHT Requested=7 Before=5 After=7 MarkerBitsRetired=0
CORE C1 OFFENSE REQUEST ElapsedMs=62566.324 Actor=Montera_Orc_01 Generation=41 Status=PERSISTED Source=It_Halberd_Orc_01 Side=RIGHT Requests=1 Outstanding=1 CleanupObserved=0 Group=7
CORE MARKER ElapsedMs=62566.337 Actor=Montera_Orc_01 Action=2 Family=POWER Phase=1 Motion=Orc_Stand_None_Staff_P0_PowerAttack_Hit_N_Fwd_00_%_00_P1_100_R.xmot Marker=RIGHT Result=ACCEPTED C1Valid=1 C1=41 StatePosition=1 PreviousMask=0 DesiredMask=1 RetiredMask=0 OwnedMask=0 MarkerOwnedMask=1 Activated=1 Deactivated=0 Retired=0 RearmRequests=1 Clears=1 RightUseType=51
CORE C1_FINAL ElapsedMs=62779.489 Actor=PC_Hero Generation=40 Status=PERSISTED SourceCount=1 PhysicalChanged=0 Source[0]=It_1H_Sword_Rust_01 Side=RIGHT Outstanding=0 Cleanup=0 Outcome=NO_OP_NO_OUTSTANDING
CORE COLLISION_GROUP ElapsedMs=62786.075 Source=It_1H_Sword_Rust_01 UseType=2 Owner=PC_Hero Slot=RIGHT Requested=7 Before=5 After=7 MarkerBitsRetired=0
CORE C1_START ElapsedMs=62786.101 Actor=PC_Hero Generation=42 Status=OUTER_BOUND Outstanding=0 TrackedSources=1 ReplacedGeneration=0 ReplacedOutstanding=0 Source[0]=It_1H_Sword_Rust_01 Side=RIGHT Group=7
CORE C1_BIND ElapsedMs=62786.107 Event=PRECOMBAT_ACQUIRED Actor=PC_Hero Generation=42 Status=OUTER_BOUND Outstanding=0 Source=It_1H_Sword_Rust_01 Script=_AI_GetUpAttack
CORE C1 OFFENSE REQUEST ElapsedMs=62786.110 Actor=PC_Hero Generation=42 Status=OUTER_BOUND Source=It_1H_Sword_Rust_01 Side=RIGHT Requests=1 Outstanding=1 CleanupObserved=0 Group=7
CORE C1_BIND ElapsedMs=62786.126 Event=PRECOMBAT_BRIDGE_CONSUMED Actor=PC_Hero Generation=42 Status=PERSISTED Outstanding=1 Source=<null> Script=_AI_GetUpAttack
CORE COLLISION_GROUP ElapsedMs=62815.995 Source=It_Halberd_Orc_01 UseType=51 Owner=Montera_Orc_01 Slot=RIGHT Requested=5 Before=7 After=5 MarkerBitsRetired=1
CORE C1 CLEANUP FULFILLED ElapsedMs=62816.022 Actor=Montera_Orc_01 Generation=41 Status=PERSISTED Source=It_Halberd_Orc_01 Side=RIGHT Requests=1 Outstanding=0 CleanupObserved=1 Group=5
CORE C1_FINAL ElapsedMs=62816.042 Actor=Montera_Orc_01 Generation=41 Status=PERSISTED SourceCount=1 PhysicalChanged=0 Source[0]=It_Halberd_Orc_01 Side=RIGHT Outstanding=0 Cleanup=1 Outcome=NO_OP_NO_OUTSTANDING
CORE COLLISION_GROUP ElapsedMs=62874.319 Source=It_1H_Sword_Rust_01 UseType=2 Owner=PC_Hero Slot=RIGHT Requested=7 Before=7 After=7 MarkerBitsRetired=0
CORE C1 OFFENSE REQUEST ElapsedMs=62874.347 Actor=PC_Hero Generation=42 Status=PERSISTED Source=It_1H_Sword_Rust_01 Side=RIGHT Requests=2 Outstanding=1 CleanupObserved=0 Group=7
CORE ONDAMAGE ElapsedMs=63000.448 Ordinal=15 Target=Montera_Orc_01 Arg1=Montera_Orc_01 Arg2=Montera_Orc_01 Caller=Game.dll+0x00069484 PlayerAction=30 PlayerPhase=1 PlayerMotion=Hero_SitKnockDown_None_1H_P0_GetUpAttack_Hit_N_Fwd_00_%_00_P1_100_R.xmot Raw8Fist=<none> Raw8UseType=-1 Raw8Group=-1
CORE C1_START ElapsedMs=63007.081 Actor=Montera_Orc_01 Generation=43 Status=CANDIDATE Outstanding=0 TrackedSources=1 ReplacedGeneration=0 ReplacedOutstanding=0 Source[0]=It_Halberd_Orc_01 Side=RIGHT Group=5
CORE C1_BIND ElapsedMs=63007.092 Event=COMBAT_MOVE_CANDIDATE_BOUND Actor=Montera_Orc_01 Generation=43 Status=CANDIDATE Outstanding=0 Source=<null> Script=_AI_Stumble
CORE C1_STATUS ElapsedMs=63007.147 Event=PERSISTED Actor=Montera_Orc_01 Generation=43 Status=PERSISTED Outstanding=0
CORE COLLISION_GROUP ElapsedMs=63142.217 Source=It_1H_Sword_Rust_01 UseType=2 Owner=PC_Hero Slot=RIGHT Requested=5 Before=7 After=5 MarkerBitsRetired=0
CORE C1 CLEANUP FULFILLED ElapsedMs=63142.249 Actor=PC_Hero Generation=42 Status=PERSISTED Source=It_1H_Sword_Rust_01 Side=RIGHT Requests=2 Outstanding=0 CleanupObserved=1 Group=5
CORE C1_FINAL ElapsedMs=63142.281 Actor=PC_Hero Generation=42 Status=PERSISTED SourceCount=1 PhysicalChanged=0 Source[0]=It_1H_Sword_Rust_01 Side=RIGHT Outstanding=0 Cleanup=1 Outcome=NO_OP_NO_OUTSTANDING
CORE C1_FINAL ElapsedMs=63277.249 Actor=Montera_Orc_01 Generation=43 Status=PERSISTED SourceCount=1 PhysicalChanged=0 Source[0]=It_Halberd_Orc_01 Side=RIGHT Outstanding=0 Cleanup=0 Outcome=NO_OP_NO_OUTSTANDING
CORE C1_START ElapsedMs=64665.226 Actor=Montera_Orc_01 Generation=44 Status=CANDIDATE Outstanding=0 TrackedSources=1 ReplacedGeneration=0 ReplacedOutstanding=0 Source[0]=It_Halberd_Orc_01 Side=RIGHT Group=5
CORE C1_BIND ElapsedMs=64665.239 Event=COMBAT_MOVE_CANDIDATE_BOUND Actor=Montera_Orc_01 Generation=44 Status=CANDIDATE Outstanding=0 Source=<null> Script=_AI_HackAttack
CORE C1_STATUS ElapsedMs=64665.306 Event=PERSISTED Actor=Montera_Orc_01 Generation=44 Status=PERSISTED Outstanding=0
CORE C1_BIND ElapsedMs=65145.766 Event=COMBAT_MOVE_REUSED Actor=Montera_Orc_01 Generation=44 Status=PERSISTED Outstanding=0 Source=<null> Script=_AI_HackAttack
CORE ATTACK_OWNERSHIP ElapsedMs=65145.847 Actor=Montera_Orc_01 Family=HACK Action=14 Phase=1 Motion=Orc_Parade_None_Staff_P0_HackAttack_Hit_N_Fwd_00_%_00_P0_50.xmot MarkerPresent=1 RequiredMask=1 FistMarkers=0 Raw8Fist=<none> Raw8UseType=-1 SuppressNative=1 Classification=ROUTINE
CORE COLLISION_GROUP ElapsedMs=65386.621 Source=It_Halberd_Orc_01 UseType=51 Owner=Montera_Orc_01 Slot=RIGHT Requested=7 Before=5 After=7 MarkerBitsRetired=0
CORE C1 OFFENSE REQUEST ElapsedMs=65386.649 Actor=Montera_Orc_01 Generation=44 Status=PERSISTED Source=It_Halberd_Orc_01 Side=RIGHT Requests=1 Outstanding=1 CleanupObserved=0 Group=7
CORE MARKER ElapsedMs=65386.660 Actor=Montera_Orc_01 Action=14 Family=HACK Phase=1 Motion=Orc_Parade_None_Staff_P0_HackAttack_Hit_N_Fwd_00_%_00_P0_50.xmot Marker=RIGHT Result=ACCEPTED C1Valid=1 C1=44 StatePosition=1 PreviousMask=0 DesiredMask=1 RetiredMask=0 OwnedMask=0 MarkerOwnedMask=1 Activated=1 Deactivated=0 Retired=0 RearmRequests=1 Clears=1 RightUseType=51
CORE ONDAMAGE ElapsedMs=65523.514 Ordinal=16 Target=PC_Hero Arg1=PC_Hero Arg2=PC_Hero Caller=Game.dll+0x00069484 PlayerAction=0 PlayerPhase=10 PlayerMotion=Hero_Stand_None_1H_P0_Move_Sprint_N_Left_00_%_00_P0_400.xmot Raw8Fist=<none> Raw8UseType=-1 Raw8Group=-1
CORE C1_START ElapsedMs=65528.021 Actor=PC_Hero Generation=45 Status=CANDIDATE Outstanding=0 TrackedSources=1 ReplacedGeneration=0 ReplacedOutstanding=0 Source[0]=It_1H_Sword_Rust_01 Side=RIGHT Group=5
CORE C1_STATUS ElapsedMs=65528.095 Event=PERSISTED Actor=PC_Hero Generation=45 Status=PERSISTED Outstanding=0
CORE COLLISION_GROUP ElapsedMs=65677.552 Source=It_Halberd_Orc_01 UseType=51 Owner=Montera_Orc_01 Slot=RIGHT Requested=5 Before=7 After=5 MarkerBitsRetired=1
CORE C1 CLEANUP FULFILLED ElapsedMs=65677.582 Actor=Montera_Orc_01 Generation=44 Status=PERSISTED Source=It_Halberd_Orc_01 Side=RIGHT Requests=1 Outstanding=0 CleanupObserved=1 Group=5
CORE C1_BIND ElapsedMs=65677.649 Event=COMBAT_MOVE_REUSED Actor=Montera_Orc_01 Generation=44 Status=PERSISTED Outstanding=0 Source=<null> Script=_AI_HackAttack
CORE C1_FINAL ElapsedMs=65993.473 Actor=Montera_Orc_01 Generation=44 Status=PERSISTED SourceCount=1 PhysicalChanged=0 Source[0]=It_Halberd_Orc_01 Side=RIGHT Outstanding=0 Cleanup=1 Outcome=NO_OP_NO_OUTSTANDING
CORE C1_START ElapsedMs=66462.541 Actor=Montera_Orc_01 Generation=46 Status=CANDIDATE Outstanding=0 TrackedSources=1 ReplacedGeneration=0 ReplacedOutstanding=0 Source[0]=It_Halberd_Orc_01 Side=RIGHT Group=5
CORE C1_BIND ElapsedMs=66462.553 Event=COMBAT_MOVE_CANDIDATE_BOUND Actor=Montera_Orc_01 Generation=46 Status=CANDIDATE Outstanding=0 Source=<null> Script=_AI_Attack
CORE C1_STATUS ElapsedMs=66462.612 Event=PERSISTED Actor=Montera_Orc_01 Generation=46 Status=PERSISTED Outstanding=0
CORE ATTACK_OWNERSHIP ElapsedMs=66462.628 Actor=Montera_Orc_01 Family=NORMAL Action=1 Phase=1 Motion=Orc_Stand_None_Staff_P0_Attack_Hit_N_Fwd_00_%_00_P1_100_R.xmot MarkerPresent=1 RequiredMask=1 FistMarkers=0 Raw8Fist=<none> Raw8UseType=-1 SuppressNative=1 Classification=ROUTINE
CORE COLLISION_GROUP ElapsedMs=66800.827 Source=It_Halberd_Orc_01 UseType=51 Owner=Montera_Orc_01 Slot=RIGHT Requested=7 Before=5 After=7 MarkerBitsRetired=0
CORE C1 OFFENSE REQUEST ElapsedMs=66800.868 Actor=Montera_Orc_01 Generation=46 Status=PERSISTED Source=It_Halberd_Orc_01 Side=RIGHT Requests=1 Outstanding=1 CleanupObserved=0 Group=7
CORE MARKER ElapsedMs=66800.881 Actor=Montera_Orc_01 Action=1 Family=NORMAL Phase=1 Motion=Orc_Stand_None_Staff_P0_Attack_Hit_N_Fwd_00_%_00_P1_100_R.xmot Marker=RIGHT Result=ACCEPTED C1Valid=1 C1=46 StatePosition=0 PreviousMask=0 DesiredMask=1 RetiredMask=0 OwnedMask=0 MarkerOwnedMask=1 Activated=1 Deactivated=0 Retired=0 RearmRequests=1 Clears=1 RightUseType=51
CORE COLLISION_GROUP ElapsedMs=67094.523 Source=It_Halberd_Orc_01 UseType=51 Owner=Montera_Orc_01 Slot=RIGHT Requested=5 Before=7 After=5 MarkerBitsRetired=1
CORE C1 CLEANUP FULFILLED ElapsedMs=67094.553 Actor=Montera_Orc_01 Generation=46 Status=PERSISTED Source=It_Halberd_Orc_01 Side=RIGHT Requests=1 Outstanding=0 CleanupObserved=1 Group=5
CORE C1_FINAL ElapsedMs=67094.591 Actor=Montera_Orc_01 Generation=46 Status=PERSISTED SourceCount=1 PhysicalChanged=0 Source[0]=It_Halberd_Orc_01 Side=RIGHT Outstanding=0 Cleanup=1 Outcome=NO_OP_NO_OUTSTANDING
CORE C1_FINAL ElapsedMs=67253.607 Actor=PC_Hero Generation=45 Status=PERSISTED SourceCount=1 PhysicalChanged=0 Source[0]=It_1H_Sword_Rust_01 Side=RIGHT Outstanding=0 Cleanup=0 Outcome=NO_OP_NO_OUTSTANDING
CORE COLLISION_GROUP ElapsedMs=67260.059 Source=It_1H_Sword_Rust_01 UseType=2 Owner=PC_Hero Slot=RIGHT Requested=7 Before=5 After=7 MarkerBitsRetired=0
CORE C1_START ElapsedMs=67260.086 Actor=PC_Hero Generation=47 Status=OUTER_BOUND Outstanding=0 TrackedSources=1 ReplacedGeneration=0 ReplacedOutstanding=0 Source[0]=It_1H_Sword_Rust_01 Side=RIGHT Group=7
CORE C1_BIND ElapsedMs=67260.092 Event=PRECOMBAT_ACQUIRED Actor=PC_Hero Generation=47 Status=OUTER_BOUND Outstanding=0 Source=It_1H_Sword_Rust_01 Script=_AI_GetUpAttack
CORE C1 OFFENSE REQUEST ElapsedMs=67260.095 Actor=PC_Hero Generation=47 Status=OUTER_BOUND Source=It_1H_Sword_Rust_01 Side=RIGHT Requests=1 Outstanding=1 CleanupObserved=0 Group=7
CORE C1_BIND ElapsedMs=67260.111 Event=PRECOMBAT_BRIDGE_CONSUMED Actor=PC_Hero Generation=47 Status=PERSISTED Outstanding=1 Source=<null> Script=_AI_GetUpAttack
CORE COLLISION_GROUP ElapsedMs=67345.450 Source=It_1H_Sword_Rust_01 UseType=2 Owner=PC_Hero Slot=RIGHT Requested=7 Before=7 After=7 MarkerBitsRetired=0
CORE C1 OFFENSE REQUEST ElapsedMs=67345.476 Actor=PC_Hero Generation=47 Status=PERSISTED Source=It_1H_Sword_Rust_01 Side=RIGHT Requests=2 Outstanding=1 CleanupObserved=0 Group=7
CORE ONDAMAGE ElapsedMs=67468.142 Ordinal=17 Target=Montera_Orc_01 Arg1=Montera_Orc_01 Arg2=Montera_Orc_01 Caller=Game.dll+0x00069484 PlayerAction=30 PlayerPhase=1 PlayerMotion=Hero_SitKnockDown_None_1H_P0_GetUpAttack_Hit_N_Fwd_00_%_00_P1_100_R.xmot Raw8Fist=<none> Raw8UseType=-1 Raw8Group=-1
CORE C1_START ElapsedMs=67477.050 Actor=Montera_Orc_01 Generation=48 Status=CANDIDATE Outstanding=0 TrackedSources=1 ReplacedGeneration=0 ReplacedOutstanding=0 Source[0]=It_Halberd_Orc_01 Side=RIGHT Group=5
CORE C1_BIND ElapsedMs=67477.064 Event=COMBAT_MOVE_CANDIDATE_BOUND Actor=Montera_Orc_01 Generation=48 Status=CANDIDATE Outstanding=0 Source=<null> Script=_AI_Stumble
CORE C1_STATUS ElapsedMs=67477.120 Event=PERSISTED Actor=Montera_Orc_01 Generation=48 Status=PERSISTED Outstanding=0
CORE COLLISION_GROUP ElapsedMs=67604.090 Source=It_1H_Sword_Rust_01 UseType=2 Owner=PC_Hero Slot=RIGHT Requested=5 Before=7 After=5 MarkerBitsRetired=0
CORE C1 CLEANUP FULFILLED ElapsedMs=67604.117 Actor=PC_Hero Generation=47 Status=PERSISTED Source=It_1H_Sword_Rust_01 Side=RIGHT Requests=2 Outstanding=0 CleanupObserved=1 Group=5
CORE C1_FINAL ElapsedMs=67604.147 Actor=PC_Hero Generation=47 Status=PERSISTED SourceCount=1 PhysicalChanged=0 Source[0]=It_1H_Sword_Rust_01 Side=RIGHT Outstanding=0 Cleanup=1 Outcome=NO_OP_NO_OUTSTANDING
CORE C1_FINAL ElapsedMs=67743.169 Actor=Montera_Orc_01 Generation=48 Status=PERSISTED SourceCount=1 PhysicalChanged=0 Source[0]=It_Halberd_Orc_01 Side=RIGHT Outstanding=0 Cleanup=0 Outcome=NO_OP_NO_OUTSTANDING
CORE C1_START ElapsedMs=68817.049 Actor=Montera_Orc_01 Generation=49 Status=CANDIDATE Outstanding=0 TrackedSources=1 ReplacedGeneration=0 ReplacedOutstanding=0 Source[0]=It_Halberd_Orc_01 Side=RIGHT Group=5
CORE C1_BIND ElapsedMs=68817.062 Event=COMBAT_MOVE_CANDIDATE_BOUND Actor=Montera_Orc_01 Generation=49 Status=CANDIDATE Outstanding=0 Source=<null> Script=_AI_PowerAttack
CORE C1_STATUS ElapsedMs=68817.120 Event=PERSISTED Actor=Montera_Orc_01 Generation=49 Status=PERSISTED Outstanding=0
CORE C1_BIND ElapsedMs=69457.178 Event=COMBAT_MOVE_REUSED Actor=Montera_Orc_01 Generation=49 Status=PERSISTED Outstanding=0 Source=<null> Script=_AI_PowerAttack
CORE ATTACK_OWNERSHIP ElapsedMs=69457.258 Actor=Montera_Orc_01 Family=POWER Action=2 Phase=1 Motion=Orc_Stand_None_Staff_P0_PowerAttack_Hit_N_Fwd_00_%_00_P1_100_R.xmot MarkerPresent=1 RequiredMask=1 FistMarkers=0 Raw8Fist=<none> Raw8UseType=-1 SuppressNative=1 Classification=ROUTINE
CORE COLLISION_GROUP ElapsedMs=69836.671 Source=It_Halberd_Orc_01 UseType=51 Owner=Montera_Orc_01 Slot=RIGHT Requested=7 Before=5 After=7 MarkerBitsRetired=0
CORE C1 OFFENSE REQUEST ElapsedMs=69836.698 Actor=Montera_Orc_01 Generation=49 Status=PERSISTED Source=It_Halberd_Orc_01 Side=RIGHT Requests=1 Outstanding=1 CleanupObserved=0 Group=7
CORE MARKER ElapsedMs=69836.712 Actor=Montera_Orc_01 Action=2 Family=POWER Phase=1 Motion=Orc_Stand_None_Staff_P0_PowerAttack_Hit_N_Fwd_00_%_00_P1_100_R.xmot Marker=RIGHT Result=ACCEPTED C1Valid=1 C1=49 StatePosition=1 PreviousMask=0 DesiredMask=1 RetiredMask=0 OwnedMask=0 MarkerOwnedMask=1 Activated=1 Deactivated=0 Retired=0 RearmRequests=1 Clears=1 RightUseType=51
CORE ONDAMAGE ElapsedMs=69840.117 Ordinal=18 Target=PC_Hero Arg1=PC_Hero Arg2=PC_Hero Caller=Game.dll+0x00069484 PlayerAction=0 PlayerPhase=5 PlayerMotion=Hero_Stand_None_1H_P1_Ambient_Loop_N_Fwd_00_%_01_P1_0.xmot Raw8Fist=<none> Raw8UseType=-1 Raw8Group=-1
CORE C1_START ElapsedMs=69846.321 Actor=PC_Hero Generation=50 Status=CANDIDATE Outstanding=0 TrackedSources=1 ReplacedGeneration=0 ReplacedOutstanding=0 Source[0]=It_1H_Sword_Rust_01 Side=RIGHT Group=5
CORE C1_STATUS ElapsedMs=69846.381 Event=PERSISTED Actor=PC_Hero Generation=50 Status=PERSISTED Outstanding=0
CORE COLLISION_GROUP ElapsedMs=70088.781 Source=It_Halberd_Orc_01 UseType=51 Owner=Montera_Orc_01 Slot=RIGHT Requested=5 Before=7 After=5 MarkerBitsRetired=1
CORE C1 CLEANUP FULFILLED ElapsedMs=70088.810 Actor=Montera_Orc_01 Generation=49 Status=PERSISTED Source=It_Halberd_Orc_01 Side=RIGHT Requests=1 Outstanding=0 CleanupObserved=1 Group=5
CORE C1_FINAL ElapsedMs=70088.833 Actor=Montera_Orc_01 Generation=49 Status=PERSISTED SourceCount=1 PhysicalChanged=0 Source[0]=It_Halberd_Orc_01 Side=RIGHT Outstanding=0 Cleanup=1 Outcome=NO_OP_NO_OUTSTANDING
CORE C1_FINAL ElapsedMs=71550.051 Actor=PC_Hero Generation=50 Status=PERSISTED SourceCount=1 PhysicalChanged=0 Source[0]=It_1H_Sword_Rust_01 Side=RIGHT Outstanding=0 Cleanup=0 Outcome=NO_OP_NO_OUTSTANDING
CORE COLLISION_GROUP ElapsedMs=71557.750 Source=It_1H_Sword_Rust_01 UseType=2 Owner=PC_Hero Slot=RIGHT Requested=7 Before=5 After=7 MarkerBitsRetired=0
CORE C1_START ElapsedMs=71557.781 Actor=PC_Hero Generation=51 Status=OUTER_BOUND Outstanding=0 TrackedSources=1 ReplacedGeneration=0 ReplacedOutstanding=0 Source[0]=It_1H_Sword_Rust_01 Side=RIGHT Group=7
CORE C1_BIND ElapsedMs=71557.787 Event=PRECOMBAT_ACQUIRED Actor=PC_Hero Generation=51 Status=OUTER_BOUND Outstanding=0 Source=It_1H_Sword_Rust_01 Script=_AI_GetUpAttack
CORE C1 OFFENSE REQUEST ElapsedMs=71557.791 Actor=PC_Hero Generation=51 Status=OUTER_BOUND Source=It_1H_Sword_Rust_01 Side=RIGHT Requests=1 Outstanding=1 CleanupObserved=0 Group=7
CORE C1_BIND ElapsedMs=71557.807 Event=PRECOMBAT_BRIDGE_CONSUMED Actor=PC_Hero Generation=51 Status=PERSISTED Outstanding=1 Source=<null> Script=_AI_GetUpAttack
CORE COLLISION_GROUP ElapsedMs=71643.506 Source=It_1H_Sword_Rust_01 UseType=2 Owner=PC_Hero Slot=RIGHT Requested=7 Before=7 After=7 MarkerBitsRetired=0
CORE C1 OFFENSE REQUEST ElapsedMs=71643.535 Actor=PC_Hero Generation=51 Status=PERSISTED Source=It_1H_Sword_Rust_01 Side=RIGHT Requests=2 Outstanding=1 CleanupObserved=0 Group=7
CORE C1_START ElapsedMs=71657.406 Actor=Montera_Orc_01 Generation=52 Status=CANDIDATE Outstanding=0 TrackedSources=1 ReplacedGeneration=0 ReplacedOutstanding=0 Source[0]=It_Halberd_Orc_01 Side=RIGHT Group=5
CORE C1_BIND ElapsedMs=71657.418 Event=COMBAT_MOVE_CANDIDATE_BOUND Actor=Montera_Orc_01 Generation=52 Status=CANDIDATE Outstanding=0 Source=<null> Script=_AI_Attack
CORE C1_STATUS ElapsedMs=71657.474 Event=PERSISTED Actor=Montera_Orc_01 Generation=52 Status=PERSISTED Outstanding=0
CORE ATTACK_OWNERSHIP ElapsedMs=71657.489 Actor=Montera_Orc_01 Family=NORMAL Action=1 Phase=1 Motion=Orc_Stand_None_Staff_P1_Attack_Hit_N_Fwd_00_%_00_P0_100_L.xmot MarkerPresent=1 RequiredMask=1 FistMarkers=0 Raw8Fist=<none> Raw8UseType=-1 SuppressNative=1 Classification=ROUTINE
CORE ONDAMAGE ElapsedMs=71705.109 Ordinal=19 Target=Montera_Orc_01 Arg1=Montera_Orc_01 Arg2=Montera_Orc_01 Caller=Game.dll+0x00069484 PlayerAction=30 PlayerPhase=1 PlayerMotion=Hero_SitKnockDown_None_1H_P0_GetUpAttack_Hit_N_Fwd_00_%_00_P1_100_R.xmot Raw8Fist=<none> Raw8UseType=-1 Raw8Group=-1
CORE C1_START ElapsedMs=71711.006 Actor=Montera_Orc_01 Generation=53 Status=CANDIDATE Outstanding=0 TrackedSources=1 ReplacedGeneration=52 ReplacedOutstanding=0 Source[0]=It_Halberd_Orc_01 Side=RIGHT Group=5
CORE C1_BIND ElapsedMs=71711.017 Event=COMBAT_MOVE_CANDIDATE_BOUND Actor=Montera_Orc_01 Generation=53 Status=CANDIDATE Outstanding=0 Source=<null> Script=_AI_Stumble
CORE C1_STATUS ElapsedMs=71711.073 Event=PERSISTED Actor=Montera_Orc_01 Generation=53 Status=PERSISTED Outstanding=0
CORE COLLISION_GROUP ElapsedMs=71899.622 Source=It_1H_Sword_Rust_01 UseType=2 Owner=PC_Hero Slot=RIGHT Requested=5 Before=7 After=5 MarkerBitsRetired=0
CORE C1 CLEANUP FULFILLED ElapsedMs=71899.651 Actor=PC_Hero Generation=51 Status=PERSISTED Source=It_1H_Sword_Rust_01 Side=RIGHT Requests=2 Outstanding=0 CleanupObserved=1 Group=5
CORE C1_FINAL ElapsedMs=71899.679 Actor=PC_Hero Generation=51 Status=PERSISTED SourceCount=1 PhysicalChanged=0 Source[0]=It_1H_Sword_Rust_01 Side=RIGHT Outstanding=0 Cleanup=1 Outcome=NO_OP_NO_OUTSTANDING
CORE C1_FINAL ElapsedMs=71974.175 Actor=Montera_Orc_01 Generation=53 Status=PERSISTED SourceCount=1 PhysicalChanged=0 Source[0]=It_Halberd_Orc_01 Side=RIGHT Outstanding=0 Cleanup=0 Outcome=NO_OP_NO_OUTSTANDING
CORE C1_START ElapsedMs=71990.967 Actor=Montera_Orc_01 Generation=54 Status=CANDIDATE Outstanding=0 TrackedSources=1 ReplacedGeneration=0 ReplacedOutstanding=0 Source[0]=It_Halberd_Orc_01 Side=RIGHT Group=5
CORE C1_BIND ElapsedMs=71990.980 Event=COMBAT_MOVE_CANDIDATE_BOUND Actor=Montera_Orc_01 Generation=54 Status=CANDIDATE Outstanding=0 Source=<null> Script=_AI_PowerAttack
CORE C1_STATUS ElapsedMs=71991.043 Event=PERSISTED Actor=Montera_Orc_01 Generation=54 Status=PERSISTED Outstanding=0
CORE C1_BIND ElapsedMs=72637.595 Event=COMBAT_MOVE_REUSED Actor=Montera_Orc_01 Generation=54 Status=PERSISTED Outstanding=0 Source=<null> Script=_AI_PowerAttack
CORE ATTACK_OWNERSHIP ElapsedMs=72637.721 Actor=Montera_Orc_01 Family=POWER Action=2 Phase=1 Motion=Orc_Stand_None_Staff_P0_PowerAttack_Hit_N_Fwd_00_%_00_P1_100_R.xmot MarkerPresent=1 RequiredMask=1 FistMarkers=0 Raw8Fist=<none> Raw8UseType=-1 SuppressNative=1 Classification=ROUTINE
CORE COLLISION_GROUP ElapsedMs=73020.792 Source=It_Halberd_Orc_01 UseType=51 Owner=Montera_Orc_01 Slot=RIGHT Requested=7 Before=5 After=7 MarkerBitsRetired=0
CORE C1 OFFENSE REQUEST ElapsedMs=73020.825 Actor=Montera_Orc_01 Generation=54 Status=PERSISTED Source=It_Halberd_Orc_01 Side=RIGHT Requests=1 Outstanding=1 CleanupObserved=0 Group=7
CORE MARKER ElapsedMs=73020.852 Actor=Montera_Orc_01 Action=2 Family=POWER Phase=1 Motion=Orc_Stand_None_Staff_P0_PowerAttack_Hit_N_Fwd_00_%_00_P1_100_R.xmot Marker=RIGHT Result=ACCEPTED C1Valid=1 C1=54 StatePosition=1 PreviousMask=0 DesiredMask=1 RetiredMask=0 OwnedMask=0 MarkerOwnedMask=1 Activated=1 Deactivated=0 Retired=0 RearmRequests=1 Clears=1 RightUseType=51
CORE ONDAMAGE ElapsedMs=73039.310 Ordinal=20 Target=PC_Hero Arg1=PC_Hero Arg2=PC_Hero Caller=Game.dll+0x00069484 PlayerAction=0 PlayerPhase=8 PlayerMotion=Hero_Stand_None_1H_P1_Move_Walk_N_Right_00_%_00_P0_160.xmot Raw8Fist=<none> Raw8UseType=-1 Raw8Group=-1
CORE C1_START ElapsedMs=73046.399 Actor=PC_Hero Generation=55 Status=CANDIDATE Outstanding=0 TrackedSources=1 ReplacedGeneration=0 ReplacedOutstanding=0 Source[0]=It_1H_Sword_Rust_01 Side=RIGHT Group=5
CORE C1_STATUS ElapsedMs=73046.456 Event=PERSISTED Actor=PC_Hero Generation=55 Status=PERSISTED Outstanding=0
CORE COLLISION_GROUP ElapsedMs=73277.290 Source=It_Halberd_Orc_01 UseType=51 Owner=Montera_Orc_01 Slot=RIGHT Requested=5 Before=7 After=5 MarkerBitsRetired=1
CORE C1 CLEANUP FULFILLED ElapsedMs=73277.318 Actor=Montera_Orc_01 Generation=54 Status=PERSISTED Source=It_Halberd_Orc_01 Side=RIGHT Requests=1 Outstanding=0 CleanupObserved=1 Group=5
CORE C1_FINAL ElapsedMs=73277.338 Actor=Montera_Orc_01 Generation=54 Status=PERSISTED SourceCount=1 PhysicalChanged=0 Source[0]=It_Halberd_Orc_01 Side=RIGHT Outstanding=0 Cleanup=1 Outcome=NO_OP_NO_OUTSTANDING
CORE C1_FINAL ElapsedMs=74769.818 Actor=PC_Hero Generation=55 Status=PERSISTED SourceCount=1 PhysicalChanged=0 Source[0]=It_1H_Sword_Rust_01 Side=RIGHT Outstanding=0 Cleanup=0 Outcome=NO_OP_NO_OUTSTANDING
CORE COLLISION_GROUP ElapsedMs=75951.547 Source=It_1H_Sword_Rust_01 UseType=2 Owner=PC_Hero Slot=RIGHT Requested=7 Before=5 After=7 MarkerBitsRetired=0
CORE C1_START ElapsedMs=75951.578 Actor=PC_Hero Generation=56 Status=OUTER_BOUND Outstanding=0 TrackedSources=1 ReplacedGeneration=0 ReplacedOutstanding=0 Source[0]=It_1H_Sword_Rust_01 Side=RIGHT Group=7
CORE C1_BIND ElapsedMs=75951.584 Event=PRECOMBAT_ACQUIRED Actor=PC_Hero Generation=56 Status=OUTER_BOUND Outstanding=0 Source=It_1H_Sword_Rust_01 Script=_AI_GetUpAttack
CORE C1 OFFENSE REQUEST ElapsedMs=75951.588 Actor=PC_Hero Generation=56 Status=OUTER_BOUND Source=It_1H_Sword_Rust_01 Side=RIGHT Requests=1 Outstanding=1 CleanupObserved=0 Group=7
CORE C1_BIND ElapsedMs=75951.635 Event=PRECOMBAT_BRIDGE_CONSUMED Actor=PC_Hero Generation=56 Status=PERSISTED Outstanding=1 Source=<null> Script=_AI_GetUpAttack
CORE COLLISION_GROUP ElapsedMs=76039.163 Source=It_1H_Sword_Rust_01 UseType=2 Owner=PC_Hero Slot=RIGHT Requested=7 Before=7 After=7 MarkerBitsRetired=0
CORE C1 OFFENSE REQUEST ElapsedMs=76039.193 Actor=PC_Hero Generation=56 Status=PERSISTED Source=It_1H_Sword_Rust_01 Side=RIGHT Requests=2 Outstanding=1 CleanupObserved=0 Group=7
CORE ONDAMAGE ElapsedMs=76183.391 Ordinal=21 Target=Montera_Orc_01 Arg1=Montera_Orc_01 Arg2=Montera_Orc_01 Caller=Game.dll+0x00069484 PlayerAction=30 PlayerPhase=1 PlayerMotion=Hero_SitKnockDown_None_1H_P0_GetUpAttack_Hit_N_Fwd_00_%_00_P1_100_R.xmot Raw8Fist=<none> Raw8UseType=-1 Raw8Group=-1
CORE C1_START ElapsedMs=76187.658 Actor=Montera_Orc_01 Generation=57 Status=CANDIDATE Outstanding=0 TrackedSources=0 ReplacedGeneration=0 ReplacedOutstanding=0
CORE C1_STATUS ElapsedMs=76188.315 Event=PERSISTED Actor=Montera_Orc_01 Generation=57 Status=PERSISTED Outstanding=0
CORE COLLISION_GROUP ElapsedMs=76290.601 Source=It_1H_Sword_Rust_01 UseType=2 Owner=PC_Hero Slot=RIGHT Requested=5 Before=7 After=5 MarkerBitsRetired=0
CORE C1 CLEANUP FULFILLED ElapsedMs=76290.629 Actor=PC_Hero Generation=56 Status=PERSISTED Source=It_1H_Sword_Rust_01 Side=RIGHT Requests=2 Outstanding=0 CleanupObserved=1 Group=5
CORE C1_FINAL ElapsedMs=76290.660 Actor=PC_Hero Generation=56 Status=PERSISTED SourceCount=1 PhysicalChanged=0 Source[0]=It_1H_Sword_Rust_01 Side=RIGHT Outstanding=0 Cleanup=1 Outcome=NO_OP_NO_OUTSTANDING
CORE C1_FINAL ElapsedMs=77205.233 Actor=Montera_Orc_01 Generation=57 Status=PERSISTED SourceCount=0 PhysicalChanged=0
Script_FrameCollisionTest unloading cleanly.
