Script_SpeedCalibrationProbe loaded. Diagnostics only; returned speeds are unchanged.
Unique observations are deduplicated and capped at 2048. NEW rows are flushed immediately; ROW rows form the final summary.
IMPORTANT: Script_G3AnimationBehaviors.dll must be absent during calibration because it may hook the same caller sites.

Installed 18 proven Hit caller hooks (including 3 Finishing/Action15 sites) plus the proven Power Raise observation hook.

NEW|Family=Sabertooth|LeftRaw=None(0)|LeftToken=none|RightRaw=Fist(8)|RightToken=fist|PassedAction=QuickR(4)|CurrentBefore=QuickR(4)|CurrentAfter=QuickR(4)|Phase=Hit(1)|Speed=1.000000|NewBalance=false|G3AB=false|Count=1|Player=0|NPC=1|SampleEntity=Sabertooth|SampleAni=Sabertooth_Stand_None_Fist_P0_HoldRight_End_N_Fwd_00_%_00_P0_0.xmot
NEW|Family=Sabertooth|LeftRaw=None(0)|LeftToken=none|RightRaw=Fist(8)|RightToken=fist|PassedAction=QuickL(5)|CurrentBefore=QuickL(5)|CurrentAfter=QuickL(5)|Phase=Hit(1)|Speed=1.000000|NewBalance=false|G3AB=false|Count=1|Player=0|NPC=1|SampleEntity=Sabertooth|SampleAni=Sabertooth_Stand_None_Fist_P0_Ambient_Loop_N_Fwd_00_%_00_P0_0.xmot
NEW|Family=Sabertooth|LeftRaw=None(0)|LeftToken=none|RightRaw=Fist(8)|RightToken=fist|PassedAction=Power(2)|CurrentBefore=Power(2)|CurrentAfter=Power(2)|Phase=Raise(0)|Speed=1.500000|NewBalance=false|G3AB=false|Count=1|Player=0|NPC=1|SampleEntity=Sabertooth|SampleAni=Sabertooth_Stand_None_Fist_P0_Ambient_Loop_N_Fwd_00_%_00_P0_0.xmot
NEW|Family=Sabertooth|LeftRaw=None(0)|LeftToken=none|RightRaw=Fist(8)|RightToken=fist|PassedAction=Power(2)|CurrentBefore=Power(2)|CurrentAfter=Power(2)|Phase=Hit(1)|Speed=1.000000|NewBalance=false|G3AB=false|Count=1|Player=0|NPC=1|SampleEntity=Sabertooth|SampleAni=Sabertooth_Stand_None_Fist_P0_PowerAttack_Raise_N_Fwd_00_%_00_P0_0.xmot
NEW|Family=Sabertooth|LeftRaw=None(0)|LeftToken=none|RightRaw=Fist(8)|RightToken=fist|PassedAction=Normal(1)|CurrentBefore=Normal(1)|CurrentAfter=Normal(1)|Phase=Hit(1)|Speed=1.000000|NewBalance=false|G3AB=false|Count=1|Player=0|NPC=1|SampleEntity=Sabertooth|SampleAni=Sabertooth_Stand_None_Fist_P0_Ambient_Loop_N_Fwd_00_%_00_P0_0.xmot
NEW|Family=Hero|LeftRaw=None(0)|LeftToken=none|RightRaw=1H(2)|RightToken=1h|PassedAction=QuickR(4)|CurrentBefore=QuickR(4)|CurrentAfter=QuickR(4)|Phase=Hit(1)|Speed=1.000000|NewBalance=false|G3AB=false|Count=1|Player=1|NPC=0|SampleEntity=PC_Hero|SampleAni=Hero_Stand_None_1H_P0_Ambient_Loop_N_Fwd_00_%_01_P0_0.xmot
NEW|Family=Hero|LeftRaw=None(0)|LeftToken=none|RightRaw=1H(2)|RightToken=1h|PassedAction=QuickL(5)|CurrentBefore=QuickL(5)|CurrentAfter=QuickL(5)|Phase=Hit(1)|Speed=1.000000|NewBalance=false|G3AB=false|Count=1|Player=1|NPC=0|SampleEntity=PC_Hero|SampleAni=Hero_Stand_None_1H_P0_QuickAttackR_Recover_N_Fwd_00_%_00_P0_0_R.xmot
NEW|Family=Sabertooth|LeftRaw=None(0)|LeftToken=none|RightRaw=Fist(8)|RightToken=fist|PassedAction=Power(2)|CurrentBefore=Sprint(9)|CurrentAfter=Sprint(9)|Phase=Raise(0)|Speed=1.500000|NewBalance=false|G3AB=false|Count=1|Player=0|NPC=1|SampleEntity=Sabertooth|SampleAni=Sabertooth_Stand_None_Fist_P0_Move_Walk_N_Back_00_%_00_P0_150.xmot
NEW|Family=Sabertooth|LeftRaw=None(0)|LeftToken=none|RightRaw=Fist(8)|RightToken=fist|PassedAction=Power(2)|CurrentBefore=Sprint(9)|CurrentAfter=Sprint(9)|Phase=Hit(1)|Speed=1.500000|NewBalance=false|G3AB=false|Count=1|Player=0|NPC=1|SampleEntity=Sabertooth|SampleAni=Sabertooth_Stand_None_Fist_P0_PowerAttack_Raise_N_Fwd_00_%_00_P0_0.xmot
NEW|Family=Hero|LeftRaw=None(0)|LeftToken=none|RightRaw=1H(2)|RightToken=1h|PassedAction=Normal(1)|CurrentBefore=Normal(1)|CurrentAfter=Normal(1)|Phase=Hit(1)|Speed=0.600000|NewBalance=false|G3AB=false|Count=1|Player=1|NPC=0|SampleEntity=PC_Hero|SampleAni=Hero_Stand_None_1H_P0_Move_Walk_N_Back_00_%_00_P0_160.xmot
NEW|Family=Wolf|LeftRaw=None(0)|LeftToken=none|RightRaw=Fist(8)|RightToken=fist|PassedAction=Normal(1)|CurrentBefore=Normal(1)|CurrentAfter=Normal(1)|Phase=Hit(1)|Speed=1.000000|NewBalance=false|G3AB=false|Count=1|Player=0|NPC=1|SampleEntity=Wolf|SampleAni=Wolf_Stand_None_Fist_P0_HoldRight_End_N_Fwd_00_%_00_P0_0.xmot
NEW|Family=Wolf|LeftRaw=None(0)|LeftToken=none|RightRaw=Fist(8)|RightToken=fist|PassedAction=Power(2)|CurrentBefore=Power(2)|CurrentAfter=Power(2)|Phase=Raise(0)|Speed=1.500000|NewBalance=false|G3AB=false|Count=1|Player=0|NPC=1|SampleEntity=Wolf|SampleAni=Wolf_Stand_None_Fist_P0_Ambient_Loop_N_Fwd_00_%_00_P0_0.xmot
NEW|Family=Wolf|LeftRaw=None(0)|LeftToken=none|RightRaw=Fist(8)|RightToken=fist|PassedAction=Power(2)|CurrentBefore=Power(2)|CurrentAfter=Power(2)|Phase=Hit(1)|Speed=1.000000|NewBalance=false|G3AB=false|Count=1|Player=0|NPC=1|SampleEntity=Wolf|SampleAni=Wolf_Stand_None_Fist_P0_PowerAttack_Raise_N_Fwd_00_%_00_P0_0_L.xmot
NEW|Family=Hero|LeftRaw=None(0)|LeftToken=none|RightRaw=Staff(12)|RightToken=staff|PassedAction=Normal(1)|CurrentBefore=Normal(1)|CurrentAfter=Normal(1)|Phase=Hit(1)|Speed=0.700000|NewBalance=false|G3AB=false|Count=1|Player=1|NPC=0|SampleEntity=PC_Hero|SampleAni=Hero_Stand_None_Staff_P1_Transfer_End_N_Fwd_00_%_00_P1_0.xmot
NEW|Family=Hero|LeftRaw=None(0)|LeftToken=none|RightRaw=Staff(12)|RightToken=staff|PassedAction=QuickR(4)|CurrentBefore=QuickR(4)|CurrentAfter=QuickR(4)|Phase=Hit(1)|Speed=1.000000|NewBalance=false|G3AB=false|Count=1|Player=1|NPC=0|SampleEntity=PC_Hero|SampleAni=Hero_Stand_None_Staff_P0_Attack_Recover_N_Fwd_00_%_00_P0_0_L.xmot
NEW|Family=Wolf|LeftRaw=None(0)|LeftToken=none|RightRaw=Fist(8)|RightToken=fist|PassedAction=Power(2)|CurrentBefore=Sprint(9)|CurrentAfter=Sprint(9)|Phase=Raise(0)|Speed=1.500000|NewBalance=false|G3AB=false|Count=1|Player=0|NPC=1|SampleEntity=Wolf|SampleAni=Wolf_Stand_None_Fist_P0_Move_Stand_N_Fwd_00_%_00_P0_0.xmot
NEW|Family=Hero|LeftRaw=None(0)|LeftToken=none|RightRaw=Staff(12)|RightToken=staff|PassedAction=QuickL(5)|CurrentBefore=QuickL(5)|CurrentAfter=QuickL(5)|Phase=Hit(1)|Speed=1.000000|NewBalance=false|G3AB=false|Count=1|Player=1|NPC=0|SampleEntity=PC_Hero|SampleAni=Hero_Stand_None_Staff_P1_Parade_Begin_N_Fwd_00_%_00_P0_0.xmot
NEW|Family=Wolf|LeftRaw=None(0)|LeftToken=none|RightRaw=Fist(8)|RightToken=fist|PassedAction=Power(2)|CurrentBefore=Sprint(9)|CurrentAfter=Sprint(9)|Phase=Hit(1)|Speed=1.500000|NewBalance=false|G3AB=false|Count=1|Player=0|NPC=1|SampleEntity=Wolf|SampleAni=Wolf_Stand_None_Fist_P0_PowerAttack_Raise_N_Fwd_00_%_00_P0_0_L.xmot
NEW|Family=Hero|LeftRaw=None(0)|LeftToken=none|RightRaw=2H(3)|RightToken=2h|PassedAction=QuickR(4)|CurrentBefore=QuickR(4)|CurrentAfter=QuickR(4)|Phase=Hit(1)|Speed=1.000000|NewBalance=false|G3AB=false|Count=1|Player=1|NPC=0|SampleEntity=PC_Hero|SampleAni=Hero_Stand_None_2H_P0_Move_Walk_N_Right_00_%_00_P0_160.xmot
NEW|Family=Hero|LeftRaw=None(0)|LeftToken=none|RightRaw=2H(3)|RightToken=2h|PassedAction=QuickL(5)|CurrentBefore=QuickL(5)|CurrentAfter=QuickL(5)|Phase=Hit(1)|Speed=1.000000|NewBalance=false|G3AB=false|Count=1|Player=1|NPC=0|SampleEntity=PC_Hero|SampleAni=Hero_Stand_None_2H_P1_Ambient_Loop_N_Fwd_00_%_00_P1_0.xmot
NEW|Family=Boar|LeftRaw=None(0)|LeftToken=none|RightRaw=Fist(8)|RightToken=fist|PassedAction=Normal(1)|CurrentBefore=Normal(1)|CurrentAfter=Normal(1)|Phase=Hit(1)|Speed=1.000000|NewBalance=false|G3AB=false|Count=1|Player=0|NPC=1|SampleEntity=Boar|SampleAni=Boar_Stand_None_Fist_P0_HoldRight_End_N_Fwd_00_%_00_P0_0.xmot
NEW|Family=Boar|LeftRaw=None(0)|LeftToken=none|RightRaw=Fist(8)|RightToken=fist|PassedAction=Power(2)|CurrentBefore=Sprint(9)|CurrentAfter=Sprint(9)|Phase=Raise(0)|Speed=1.500000|NewBalance=false|G3AB=false|Count=1|Player=0|NPC=1|SampleEntity=Boar|SampleAni=Boar_Stand_None_Fist_P0_Move_Stand_N_Fwd_00_%_00_P0_0.xmot
NEW|Family=Boar|LeftRaw=None(0)|LeftToken=none|RightRaw=Fist(8)|RightToken=fist|PassedAction=Power(2)|CurrentBefore=Sprint(9)|CurrentAfter=Sprint(9)|Phase=Hit(1)|Speed=1.500000|NewBalance=false|G3AB=false|Count=1|Player=0|NPC=1|SampleEntity=Boar|SampleAni=Boar_Stand_None_Fist_P0_PowerAttack_Raise_N_Fwd_00_%_00_P0_0.xmot
NEW|Family=Hero|LeftRaw=None(0)|LeftToken=none|RightRaw=2H(3)|RightToken=2h|PassedAction=Normal(1)|CurrentBefore=Normal(1)|CurrentAfter=Normal(1)|Phase=Hit(1)|Speed=0.700000|NewBalance=false|G3AB=false|Count=1|Player=1|NPC=0|SampleEntity=PC_Hero|SampleAni=Hero_Stand_None_2H_P0_Ambient_Loop_N_Fwd_00_%_00_P0_0.xmot
NEW|Family=Troll|LeftRaw=PhysicalFist(55)|LeftToken=fist|RightRaw=PhysicalFist(55)|RightToken=fist|PassedAction=Normal(1)|CurrentBefore=Normal(1)|CurrentAfter=Normal(1)|Phase=Hit(1)|Speed=1.000000|NewBalance=false|G3AB=false|Count=1|Player=0|NPC=1|SampleEntity=Troll|SampleAni=Troll_Stand_Fist_Fist_P0_Move_Walk_N_Left_00_%_00_P0_150.xmot
NEW|Family=Troll|LeftRaw=PhysicalFist(55)|LeftToken=fist|RightRaw=PhysicalFist(55)|RightToken=fist|PassedAction=QuickL(5)|CurrentBefore=QuickL(5)|CurrentAfter=QuickL(5)|Phase=Hit(1)|Speed=1.000000|NewBalance=false|G3AB=false|Count=1|Player=0|NPC=1|SampleEntity=Troll|SampleAni=Troll_Stand_Fist_Fist_P0_Ambient_Loop_N_Fwd_00_%_00_P0_0.xmot
NEW|Family=Troll|LeftRaw=PhysicalFist(55)|LeftToken=fist|RightRaw=PhysicalFist(55)|RightToken=fist|PassedAction=QuickR(4)|CurrentBefore=QuickR(4)|CurrentAfter=QuickR(4)|Phase=Hit(1)|Speed=1.000000|NewBalance=false|G3AB=false|Count=1|Player=0|NPC=1|SampleEntity=Troll|SampleAni=Troll_Stand_Fist_Fist_P0_Ambient_Loop_N_Fwd_00_%_00_P0_0.xmot
NEW|Family=Troll|LeftRaw=PhysicalFist(55)|LeftToken=fist|RightRaw=PhysicalFist(55)|RightToken=fist|PassedAction=Power(2)|CurrentBefore=Power(2)|CurrentAfter=Power(2)|Phase=Raise(0)|Speed=1.000000|NewBalance=false|G3AB=false|Count=1|Player=0|NPC=1|SampleEntity=Troll|SampleAni=Troll_Stand_Fist_Fist_P0_Move_Stand_N_Fwd_00_%_00_P0_0.xmot
NEW|Family=Troll|LeftRaw=PhysicalFist(55)|LeftToken=fist|RightRaw=PhysicalFist(55)|RightToken=fist|PassedAction=Power(2)|CurrentBefore=Power(2)|CurrentAfter=Power(2)|Phase=Hit(1)|Speed=1.000000|NewBalance=false|G3AB=false|Count=1|Player=0|NPC=1|SampleEntity=Troll|SampleAni=Troll_Stand_Fist_Fist_P0_PowerAttack_Raise_N_Fwd_00_%_00_P0_0.xmot
NEW|Family=Troll|LeftRaw=PhysicalFist(55)|LeftToken=fist|RightRaw=PhysicalFist(55)|RightToken=fist|PassedAction=Power(2)|CurrentBefore=Sprint(9)|CurrentAfter=Sprint(9)|Phase=Raise(0)|Speed=1.000000|NewBalance=false|G3AB=false|Count=1|Player=0|NPC=1|SampleEntity=Troll|SampleAni=Troll_Stand_Fist_Fist_P0_StumbleL_Recover_N_Back_00_%_00_P0_0.xmot
NEW|Family=Troll|LeftRaw=PhysicalFist(55)|LeftToken=fist|RightRaw=PhysicalFist(55)|RightToken=fist|PassedAction=Power(2)|CurrentBefore=Sprint(9)|CurrentAfter=Sprint(9)|Phase=Hit(1)|Speed=1.000000|NewBalance=false|G3AB=false|Count=1|Player=0|NPC=1|SampleEntity=Troll|SampleAni=Troll_Stand_Fist_Fist_P0_PowerAttack_Raise_N_Fwd_00_%_00_P0_0.xmot

===== FINAL SUMMARY =====
InterceptedCalls=365
UniqueObservations=31
DroppedUniqueObservations=0
ROW|Family=Boar|LeftRaw=None(0)|LeftToken=none|RightRaw=Fist(8)|RightToken=fist|PassedAction=Normal(1)|CurrentBefore=Normal(1)|CurrentAfter=Normal(1)|Phase=Hit(1)|Speed=1.000000|NewBalance=false|G3AB=false|Count=39|Player=0|NPC=39|SampleEntity=Boar|SampleAni=Boar_Stand_None_Fist_P0_HoldRight_End_N_Fwd_00_%_00_P0_0.xmot
ROW|Family=Boar|LeftRaw=None(0)|LeftToken=none|RightRaw=Fist(8)|RightToken=fist|PassedAction=Power(2)|CurrentBefore=Sprint(9)|CurrentAfter=Sprint(9)|Phase=Raise(0)|Speed=1.500000|NewBalance=false|G3AB=false|Count=7|Player=0|NPC=7|SampleEntity=Boar|SampleAni=Boar_Stand_None_Fist_P0_Move_Stand_N_Fwd_00_%_00_P0_0.xmot
ROW|Family=Boar|LeftRaw=None(0)|LeftToken=none|RightRaw=Fist(8)|RightToken=fist|PassedAction=Power(2)|CurrentBefore=Sprint(9)|CurrentAfter=Sprint(9)|Phase=Hit(1)|Speed=1.500000|NewBalance=false|G3AB=false|Count=7|Player=0|NPC=7|SampleEntity=Boar|SampleAni=Boar_Stand_None_Fist_P0_PowerAttack_Raise_N_Fwd_00_%_00_P0_0.xmot
ROW|Family=Hero|LeftRaw=None(0)|LeftToken=none|RightRaw=1H(2)|RightToken=1h|PassedAction=Normal(1)|CurrentBefore=Normal(1)|CurrentAfter=Normal(1)|Phase=Hit(1)|Speed=0.600000|NewBalance=false|G3AB=false|Count=19|Player=19|NPC=0|SampleEntity=PC_Hero|SampleAni=Hero_Stand_None_1H_P0_Move_Walk_N_Back_00_%_00_P0_160.xmot
ROW|Family=Hero|LeftRaw=None(0)|LeftToken=none|RightRaw=1H(2)|RightToken=1h|PassedAction=QuickR(4)|CurrentBefore=QuickR(4)|CurrentAfter=QuickR(4)|Phase=Hit(1)|Speed=1.000000|NewBalance=false|G3AB=false|Count=13|Player=13|NPC=0|SampleEntity=PC_Hero|SampleAni=Hero_Stand_None_1H_P0_Ambient_Loop_N_Fwd_00_%_01_P0_0.xmot
ROW|Family=Hero|LeftRaw=None(0)|LeftToken=none|RightRaw=1H(2)|RightToken=1h|PassedAction=QuickL(5)|CurrentBefore=QuickL(5)|CurrentAfter=QuickL(5)|Phase=Hit(1)|Speed=1.000000|NewBalance=false|G3AB=false|Count=12|Player=12|NPC=0|SampleEntity=PC_Hero|SampleAni=Hero_Stand_None_1H_P0_QuickAttackR_Recover_N_Fwd_00_%_00_P0_0_R.xmot
ROW|Family=Hero|LeftRaw=None(0)|LeftToken=none|RightRaw=2H(3)|RightToken=2h|PassedAction=Normal(1)|CurrentBefore=Normal(1)|CurrentAfter=Normal(1)|Phase=Hit(1)|Speed=0.700000|NewBalance=false|G3AB=false|Count=6|Player=6|NPC=0|SampleEntity=PC_Hero|SampleAni=Hero_Stand_None_2H_P0_Ambient_Loop_N_Fwd_00_%_00_P0_0.xmot
ROW|Family=Hero|LeftRaw=None(0)|LeftToken=none|RightRaw=2H(3)|RightToken=2h|PassedAction=QuickR(4)|CurrentBefore=QuickR(4)|CurrentAfter=QuickR(4)|Phase=Hit(1)|Speed=1.000000|NewBalance=false|G3AB=false|Count=17|Player=17|NPC=0|SampleEntity=PC_Hero|SampleAni=Hero_Stand_None_2H_P0_Move_Walk_N_Right_00_%_00_P0_160.xmot
ROW|Family=Hero|LeftRaw=None(0)|LeftToken=none|RightRaw=2H(3)|RightToken=2h|PassedAction=QuickL(5)|CurrentBefore=QuickL(5)|CurrentAfter=QuickL(5)|Phase=Hit(1)|Speed=1.000000|NewBalance=false|G3AB=false|Count=29|Player=29|NPC=0|SampleEntity=PC_Hero|SampleAni=Hero_Stand_None_2H_P1_Ambient_Loop_N_Fwd_00_%_00_P1_0.xmot
ROW|Family=Hero|LeftRaw=None(0)|LeftToken=none|RightRaw=Staff(12)|RightToken=staff|PassedAction=Normal(1)|CurrentBefore=Normal(1)|CurrentAfter=Normal(1)|Phase=Hit(1)|Speed=0.700000|NewBalance=false|G3AB=false|Count=3|Player=3|NPC=0|SampleEntity=PC_Hero|SampleAni=Hero_Stand_None_Staff_P1_Transfer_End_N_Fwd_00_%_00_P1_0.xmot
ROW|Family=Hero|LeftRaw=None(0)|LeftToken=none|RightRaw=Staff(12)|RightToken=staff|PassedAction=QuickR(4)|CurrentBefore=QuickR(4)|CurrentAfter=QuickR(4)|Phase=Hit(1)|Speed=1.000000|NewBalance=false|G3AB=false|Count=1|Player=1|NPC=0|SampleEntity=PC_Hero|SampleAni=Hero_Stand_None_Staff_P0_Attack_Recover_N_Fwd_00_%_00_P0_0_L.xmot
ROW|Family=Hero|LeftRaw=None(0)|LeftToken=none|RightRaw=Staff(12)|RightToken=staff|PassedAction=QuickL(5)|CurrentBefore=QuickL(5)|CurrentAfter=QuickL(5)|Phase=Hit(1)|Speed=1.000000|NewBalance=false|G3AB=false|Count=2|Player=2|NPC=0|SampleEntity=PC_Hero|SampleAni=Hero_Stand_None_Staff_P1_Parade_Begin_N_Fwd_00_%_00_P0_0.xmot
ROW|Family=Sabertooth|LeftRaw=None(0)|LeftToken=none|RightRaw=Fist(8)|RightToken=fist|PassedAction=Normal(1)|CurrentBefore=Normal(1)|CurrentAfter=Normal(1)|Phase=Hit(1)|Speed=1.000000|NewBalance=false|G3AB=false|Count=16|Player=0|NPC=16|SampleEntity=Sabertooth|SampleAni=Sabertooth_Stand_None_Fist_P0_Ambient_Loop_N_Fwd_00_%_00_P0_0.xmot
ROW|Family=Sabertooth|LeftRaw=None(0)|LeftToken=none|RightRaw=Fist(8)|RightToken=fist|PassedAction=Power(2)|CurrentBefore=Power(2)|CurrentAfter=Power(2)|Phase=Raise(0)|Speed=1.500000|NewBalance=false|G3AB=false|Count=8|Player=0|NPC=8|SampleEntity=Sabertooth|SampleAni=Sabertooth_Stand_None_Fist_P0_Ambient_Loop_N_Fwd_00_%_00_P0_0.xmot
ROW|Family=Sabertooth|LeftRaw=None(0)|LeftToken=none|RightRaw=Fist(8)|RightToken=fist|PassedAction=Power(2)|CurrentBefore=Power(2)|CurrentAfter=Power(2)|Phase=Hit(1)|Speed=1.000000|NewBalance=false|G3AB=false|Count=8|Player=0|NPC=8|SampleEntity=Sabertooth|SampleAni=Sabertooth_Stand_None_Fist_P0_PowerAttack_Raise_N_Fwd_00_%_00_P0_0.xmot
ROW|Family=Sabertooth|LeftRaw=None(0)|LeftToken=none|RightRaw=Fist(8)|RightToken=fist|PassedAction=Power(2)|CurrentBefore=Sprint(9)|CurrentAfter=Sprint(9)|Phase=Raise(0)|Speed=1.500000|NewBalance=false|G3AB=false|Count=14|Player=0|NPC=14|SampleEntity=Sabertooth|SampleAni=Sabertooth_Stand_None_Fist_P0_Move_Walk_N_Back_00_%_00_P0_150.xmot
ROW|Family=Sabertooth|LeftRaw=None(0)|LeftToken=none|RightRaw=Fist(8)|RightToken=fist|PassedAction=Power(2)|CurrentBefore=Sprint(9)|CurrentAfter=Sprint(9)|Phase=Hit(1)|Speed=1.500000|NewBalance=false|G3AB=false|Count=14|Player=0|NPC=14|SampleEntity=Sabertooth|SampleAni=Sabertooth_Stand_None_Fist_P0_PowerAttack_Raise_N_Fwd_00_%_00_P0_0.xmot
ROW|Family=Sabertooth|LeftRaw=None(0)|LeftToken=none|RightRaw=Fist(8)|RightToken=fist|PassedAction=QuickR(4)|CurrentBefore=QuickR(4)|CurrentAfter=QuickR(4)|Phase=Hit(1)|Speed=1.000000|NewBalance=false|G3AB=false|Count=5|Player=0|NPC=5|SampleEntity=Sabertooth|SampleAni=Sabertooth_Stand_None_Fist_P0_HoldRight_End_N_Fwd_00_%_00_P0_0.xmot
ROW|Family=Sabertooth|LeftRaw=None(0)|LeftToken=none|RightRaw=Fist(8)|RightToken=fist|PassedAction=QuickL(5)|CurrentBefore=QuickL(5)|CurrentAfter=QuickL(5)|Phase=Hit(1)|Speed=1.000000|NewBalance=false|G3AB=false|Count=18|Player=0|NPC=18|SampleEntity=Sabertooth|SampleAni=Sabertooth_Stand_None_Fist_P0_Ambient_Loop_N_Fwd_00_%_00_P0_0.xmot
ROW|Family=Troll|LeftRaw=PhysicalFist(55)|LeftToken=fist|RightRaw=PhysicalFist(55)|RightToken=fist|PassedAction=Normal(1)|CurrentBefore=Normal(1)|CurrentAfter=Normal(1)|Phase=Hit(1)|Speed=1.000000|NewBalance=false|G3AB=false|Count=20|Player=0|NPC=20|SampleEntity=Troll|SampleAni=Troll_Stand_Fist_Fist_P0_Move_Walk_N_Left_00_%_00_P0_150.xmot
ROW|Family=Troll|LeftRaw=PhysicalFist(55)|LeftToken=fist|RightRaw=PhysicalFist(55)|RightToken=fist|PassedAction=Power(2)|CurrentBefore=Power(2)|CurrentAfter=Power(2)|Phase=Raise(0)|Speed=1.000000|NewBalance=false|G3AB=false|Count=3|Player=0|NPC=3|SampleEntity=Troll|SampleAni=Troll_Stand_Fist_Fist_P0_Move_Stand_N_Fwd_00_%_00_P0_0.xmot
ROW|Family=Troll|LeftRaw=PhysicalFist(55)|LeftToken=fist|RightRaw=PhysicalFist(55)|RightToken=fist|PassedAction=Power(2)|CurrentBefore=Power(2)|CurrentAfter=Power(2)|Phase=Hit(1)|Speed=1.000000|NewBalance=false|G3AB=false|Count=3|Player=0|NPC=3|SampleEntity=Troll|SampleAni=Troll_Stand_Fist_Fist_P0_PowerAttack_Raise_N_Fwd_00_%_00_P0_0.xmot
ROW|Family=Troll|LeftRaw=PhysicalFist(55)|LeftToken=fist|RightRaw=PhysicalFist(55)|RightToken=fist|PassedAction=Power(2)|CurrentBefore=Sprint(9)|CurrentAfter=Sprint(9)|Phase=Raise(0)|Speed=1.000000|NewBalance=false|G3AB=false|Count=6|Player=0|NPC=6|SampleEntity=Troll|SampleAni=Troll_Stand_Fist_Fist_P0_StumbleL_Recover_N_Back_00_%_00_P0_0.xmot
ROW|Family=Troll|LeftRaw=PhysicalFist(55)|LeftToken=fist|RightRaw=PhysicalFist(55)|RightToken=fist|PassedAction=Power(2)|CurrentBefore=Sprint(9)|CurrentAfter=Sprint(9)|Phase=Hit(1)|Speed=1.000000|NewBalance=false|G3AB=false|Count=6|Player=0|NPC=6|SampleEntity=Troll|SampleAni=Troll_Stand_Fist_Fist_P0_PowerAttack_Raise_N_Fwd_00_%_00_P0_0.xmot
ROW|Family=Troll|LeftRaw=PhysicalFist(55)|LeftToken=fist|RightRaw=PhysicalFist(55)|RightToken=fist|PassedAction=QuickR(4)|CurrentBefore=QuickR(4)|CurrentAfter=QuickR(4)|Phase=Hit(1)|Speed=1.000000|NewBalance=false|G3AB=false|Count=12|Player=0|NPC=12|SampleEntity=Troll|SampleAni=Troll_Stand_Fist_Fist_P0_Ambient_Loop_N_Fwd_00_%_00_P0_0.xmot
ROW|Family=Troll|LeftRaw=PhysicalFist(55)|LeftToken=fist|RightRaw=PhysicalFist(55)|RightToken=fist|PassedAction=QuickL(5)|CurrentBefore=QuickL(5)|CurrentAfter=QuickL(5)|Phase=Hit(1)|Speed=1.000000|NewBalance=false|G3AB=false|Count=20|Player=0|NPC=20|SampleEntity=Troll|SampleAni=Troll_Stand_Fist_Fist_P0_Ambient_Loop_N_Fwd_00_%_00_P0_0.xmot
ROW|Family=Wolf|LeftRaw=None(0)|LeftToken=none|RightRaw=Fist(8)|RightToken=fist|PassedAction=Normal(1)|CurrentBefore=Normal(1)|CurrentAfter=Normal(1)|Phase=Hit(1)|Speed=1.000000|NewBalance=false|G3AB=false|Count=21|Player=0|NPC=21|SampleEntity=Wolf|SampleAni=Wolf_Stand_None_Fist_P0_HoldRight_End_N_Fwd_00_%_00_P0_0.xmot
ROW|Family=Wolf|LeftRaw=None(0)|LeftToken=none|RightRaw=Fist(8)|RightToken=fist|PassedAction=Power(2)|CurrentBefore=Power(2)|CurrentAfter=Power(2)|Phase=Raise(0)|Speed=1.500000|NewBalance=false|G3AB=false|Count=14|Player=0|NPC=14|SampleEntity=Wolf|SampleAni=Wolf_Stand_None_Fist_P0_Ambient_Loop_N_Fwd_00_%_00_P0_0.xmot
ROW|Family=Wolf|LeftRaw=None(0)|LeftToken=none|RightRaw=Fist(8)|RightToken=fist|PassedAction=Power(2)|CurrentBefore=Power(2)|CurrentAfter=Power(2)|Phase=Hit(1)|Speed=1.000000|NewBalance=false|G3AB=false|Count=13|Player=0|NPC=13|SampleEntity=Wolf|SampleAni=Wolf_Stand_None_Fist_P0_PowerAttack_Raise_N_Fwd_00_%_00_P0_0_L.xmot
ROW|Family=Wolf|LeftRaw=None(0)|LeftToken=none|RightRaw=Fist(8)|RightToken=fist|PassedAction=Power(2)|CurrentBefore=Sprint(9)|CurrentAfter=Sprint(9)|Phase=Raise(0)|Speed=1.500000|NewBalance=false|G3AB=false|Count=5|Player=0|NPC=5|SampleEntity=Wolf|SampleAni=Wolf_Stand_None_Fist_P0_Move_Stand_N_Fwd_00_%_00_P0_0.xmot
ROW|Family=Wolf|LeftRaw=None(0)|LeftToken=none|RightRaw=Fist(8)|RightToken=fist|PassedAction=Power(2)|CurrentBefore=Sprint(9)|CurrentAfter=Sprint(9)|Phase=Hit(1)|Speed=1.500000|NewBalance=false|G3AB=false|Count=4|Player=0|NPC=4|SampleEntity=Wolf|SampleAni=Wolf_Stand_None_Fist_P0_PowerAttack_Raise_N_Fwd_00_%_00_P0_0_L.xmot
===== END SUMMARY =====
