Script_FrameCollisionTest diagnostic build loaded.
DiagnosticProfile: CORE
DeepDiagnostics: DISABLED
BehaviorCore: EngineBridge + FrameCollisionMarkers + CollisionSources + CollisionSourceOperations + CollisionLifecycleGuard + RuntimeClock
C1Repair: exact outstanding live equipped Item_Attack source -> Item_Equipped after native AISetState opportunity; no ClearTriggeredList.
MarkerFamilies: Normal Power Quick SimpleWhirl Whirl Pierce Hack
MarkerOpcodes: RIGHT LEFT BOTH OFF FIST
HACK_CALLBACK_IDENTITY TargetRVA=0x433D0 ExactlyOne=1 MatchCount=1 Name=OnAI_HackAttack Source=.\Script\AI\AI_Commands\AI_HackAttack.cpp
Installing behavior hooks...
Hooks installed.

===== C1 LIFECYCLE START =====
ElapsedMs: 34977.978
Actor: PC_Hero
Generation: 1
Status: CANDIDATE
ReplacedGeneration: 0
ReplacedOutstanding: 0
TrackedSourceCount: 1
Source[0].Address: E6AAC210
Source[0].Side: RIGHT
Source[0].ActualGroup: 0
==============================

===== C1 SCRIPT BINDING =====
ElapsedMs: 34978.022
Event: COMBAT_MOVE_CANDIDATE_BOUND
Actor: PC_Hero
Generation: 1
Status: CANDIDATE
Outstanding: 0
ScriptFunction: _AI_Attack
SourceAddress: 00000000
=============================

===== C1 LIFECYCLE STATUS =====
ElapsedMs: 34983.297
Event: PERSISTED
Actor: PC_Hero
Generation: 1
Status: PERSISTED
Outstanding: 0
===============================

===== MARKER OWNERSHIP DECISION =====
ElapsedMs: 34983.345
Actor: PC_Hero
Family: NORMAL
CurrentMovementAni: Hero_Stand_None_Fist_P0_Attack_Hit_N_Fwd_00_%_00_P1_100_R.xmot
Action: 1
AniPhase: 1
MatchingMotionFound: 1
MarkerScanValid: 1
ContainsReservedSourceMarker: 1
RequiredSourceMask: 0
RequiresFistSource: 1
AuthoredRIGHTCount: 0
FirstRIGHTFrame: -1
AuthoredLEFTCount: 0
FirstLEFTFrame: -1
AuthoredBOTHCount: 0
FirstBOTHFrame: -1
AuthoredOFFCount: 0
FirstOFFFrame: -1
AuthoredFISTCount: 1
FirstFISTFrame: 3
RightSourceResolved: 1
RightSourceName: Fist
RightSourceAddress: E6AAC210
RightSourceUseType: 8
RightSourceCollisionGroup: 0
LeftSourceResolved: 0
FistSourceResolved: 1
FistSourceName: Fist
FistSourceAddress: E6AAC210
FistSourceUseType: 8
FistSourceCollisionGroup: 0
SuppressNativeCallback: 1
=====================================

===== FIST RECEIVED =====
ElapsedMs: 35088.632
Actor: PC_Hero
Action: 1
AniPhase: 1
StateTime: 0.123972
StatePositionBeforeMarker: 0
CurrentMovementAni: Hero_Stand_None_Fist_P0_Attack_Hit_N_Fwd_00_%_00_P1_100_R.xmot
MarkerName: G3AB_COL_FIST
MarkerOpcode: FIST
StatePositionAfterMarker: 0
C1GenerationValid: 1
C1Generation: 1
MarkerAction: ACCEPTED
AuthoredMarkerOccurrences: 1
AcceptedMarkerOccurrencesBefore: 0
AcceptedMarkerOccurrencesAfter: 1
ExecutionBudgetReset: 1
PreviousSourceMask: 0
DesiredSourceMask: 0
RetiredSourceMask: 0
OwnedMaskAtOff: 0
MarkerOwnedWeaponMask: 0
ActivatedSourceCount: 0
RetiredSourceCount: 0
DeactivatedSourceCount: 0
TriggeredListClearCount: 1
FistSourceResolved: 1
FistSourceAddress: E6AAC210
FistUseType: 8
FistGroupBefore: 0
FistGroupAfter: 0
FistTriggeredListCleared: 1
DamageDisabledBefore: 0
DamageDisabledAfter: 1
===========================

===== C1 FINALIZATION =====
ElapsedMs: 35300.363
Reason: AISETSTATE_AFTER_ORIGINAL
Actor: PC_Hero
Generation: 1
Status: PERSISTED
TrackedSourceCount: 1
Source[0].Outcome: NO_OP_NO_OUTSTANDING
Source[0].Address: E6AAC210
Source[0].LivenessEstablished: 1
Source[0].Name: Fist
Source[0].OriginalSide: RIGHT
Source[0].CurrentSideMask: 1
Source[0].OffensiveRequestCount: 0
Source[0].OutstandingBeforeFinalization: 0
Source[0].CleanupObservedBeforeFinalization: 0
Source[0].ActualGroupBeforeRepair: 0
Source[0].RepairAttempted: 0
Source[0].PhysicalCollisionChanged: 0
PhysicalCollisionChanged: 0
===========================

===== MARKER OWNERSHIP DECISION =====
ElapsedMs: 36747.487
Actor: Golem
Family: NORMAL
CurrentMovementAni: Golem_Stand_None_Fist_P0_Attack_Hit_N_Fwd_00_%_00_P0_100_R.xmot
Action: 1
AniPhase: 1
MatchingMotionFound: 1
MarkerScanValid: 1
ContainsReservedSourceMarker: 0
RequiredSourceMask: 0
RequiresFistSource: 0
AuthoredRIGHTCount: 0
FirstRIGHTFrame: -1
AuthoredLEFTCount: 0
FirstLEFTFrame: -1
AuthoredBOTHCount: 0
FirstBOTHFrame: -1
AuthoredOFFCount: 0
FirstOFFFrame: -1
AuthoredFISTCount: 0
FirstFISTFrame: -1
RightSourceResolved: 1
RightSourceName: Fist
RightSourceAddress: E6AAA210
RightSourceUseType: 8
RightSourceCollisionGroup: 0
LeftSourceResolved: 0
SuppressNativeCallback: 0
=====================================

===== C1 LIFECYCLE START =====
ElapsedMs: 36836.892
Actor: PC_Hero
Generation: 4
Status: CANDIDATE
ReplacedGeneration: 0
ReplacedOutstanding: 0
TrackedSourceCount: 1
Source[0].Address: E6AAC210
Source[0].Side: RIGHT
Source[0].ActualGroup: 0
==============================

===== C1 SCRIPT BINDING =====
ElapsedMs: 36836.904
Event: COMBAT_MOVE_CANDIDATE_BOUND
Actor: PC_Hero
Generation: 4
Status: CANDIDATE
Outstanding: 0
ScriptFunction: _AI_Attack
SourceAddress: 00000000
=============================

===== C1 LIFECYCLE STATUS =====
ElapsedMs: 36837.019
Event: PERSISTED
Actor: PC_Hero
Generation: 4
Status: PERSISTED
Outstanding: 0
===============================

===== FIST RECEIVED =====
ElapsedMs: 36957.706
Actor: PC_Hero
Action: 1
AniPhase: 1
StateTime: 0.131983
StatePositionBeforeMarker: 0
CurrentMovementAni: Hero_Stand_None_Fist_P0_Attack_Hit_N_Fwd_00_%_00_P1_100_R.xmot
MarkerName: G3AB_COL_FIST
MarkerOpcode: FIST
StatePositionAfterMarker: 0
C1GenerationValid: 1
C1Generation: 4
MarkerAction: ACCEPTED
AuthoredMarkerOccurrences: 1
AcceptedMarkerOccurrencesBefore: 0
AcceptedMarkerOccurrencesAfter: 1
ExecutionBudgetReset: 1
PreviousSourceMask: 0
DesiredSourceMask: 0
RetiredSourceMask: 0
OwnedMaskAtOff: 0
MarkerOwnedWeaponMask: 0
ActivatedSourceCount: 0
RetiredSourceCount: 0
DeactivatedSourceCount: 0
TriggeredListClearCount: 1
FistSourceResolved: 1
FistSourceAddress: E6AAC210
FistUseType: 8
FistGroupBefore: 0
FistGroupAfter: 0
FistTriggeredListCleared: 1
DamageDisabledBefore: 1
DamageDisabledAfter: 1
===========================

===== ENGINE SetCollisionGroup =====
ElapsedMs: 37019.173
Source: Fist
SourceAddress: E6AAA210
SlotAssociation: NONE
PlayerAction: 1
PlayerAniPhase: 1
PlayerStateTime: 0.194001
PlayerCurrentMovementAni: Hero_Stand_None_Fist_P0_Attack_Hit_N_Fwd_00_%_00_P1_100_R.xmot
RequestedGroup: 7
BeforeGroup: 0
AfterGroup: 0
RetiredMarkerSourceBitCount: 0
====================================

===== C1 FINALIZATION =====
ElapsedMs: 37161.182
Reason: AISETSTATE_AFTER_ORIGINAL
Actor: PC_Hero
Generation: 4
Status: PERSISTED
TrackedSourceCount: 1
Source[0].Outcome: NO_OP_NO_OUTSTANDING
Source[0].Address: E6AAC210
Source[0].LivenessEstablished: 1
Source[0].Name: Fist
Source[0].OriginalSide: RIGHT
Source[0].CurrentSideMask: 1
Source[0].OffensiveRequestCount: 0
Source[0].OutstandingBeforeFinalization: 0
Source[0].CleanupObservedBeforeFinalization: 0
Source[0].ActualGroupBeforeRepair: 0
Source[0].RepairAttempted: 0
Source[0].PhysicalCollisionChanged: 0
PhysicalCollisionChanged: 0
===========================

===== ENGINE SetCollisionGroup =====
ElapsedMs: 37990.387
Source: Fist
SourceAddress: E6AAA210
SlotAssociation: NONE
PlayerAction: 0
PlayerAniPhase: 5
PlayerStateTime: 0.828961
PlayerCurrentMovementAni: Hero_Stand_None_Fist_P1_Ambient_Loop_N_Fwd_00_%_00_P1_0.xmot
RequestedGroup: 7
BeforeGroup: 0
AfterGroup: 0
RetiredMarkerSourceBitCount: 0
====================================

===== C1 LIFECYCLE START =====
ElapsedMs: 38132.498
Actor: PC_Hero
Generation: 7
Status: CANDIDATE
ReplacedGeneration: 0
ReplacedOutstanding: 0
TrackedSourceCount: 1
Source[0].Address: E6AAC210
Source[0].Side: RIGHT
Source[0].ActualGroup: 0
==============================

===== C1 SCRIPT BINDING =====
ElapsedMs: 38132.510
Event: COMBAT_MOVE_CANDIDATE_BOUND
Actor: PC_Hero
Generation: 7
Status: CANDIDATE
Outstanding: 0
ScriptFunction: _AI_Attack
SourceAddress: 00000000
=============================

===== C1 LIFECYCLE STATUS =====
ElapsedMs: 38132.989
Event: PERSISTED
Actor: PC_Hero
Generation: 7
Status: PERSISTED
Outstanding: 0
===============================

===== MARKER OWNERSHIP DECISION =====
ElapsedMs: 38133.014
Actor: PC_Hero
Family: NORMAL
CurrentMovementAni: Hero_Stand_None_Fist_P1_Attack_Hit_N_Fwd_00_%_00_P0_100_L.xmot
Action: 1
AniPhase: 1
MatchingMotionFound: 1
MarkerScanValid: 1
ContainsReservedSourceMarker: 0
RequiredSourceMask: 0
RequiresFistSource: 0
AuthoredRIGHTCount: 0
FirstRIGHTFrame: -1
AuthoredLEFTCount: 0
FirstLEFTFrame: -1
AuthoredBOTHCount: 0
FirstBOTHFrame: -1
AuthoredOFFCount: 0
FirstOFFFrame: -1
AuthoredFISTCount: 0
FirstFISTFrame: -1
RightSourceResolved: 1
RightSourceName: Fist
RightSourceAddress: E6AAC210
RightSourceUseType: 8
RightSourceCollisionGroup: 0
LeftSourceResolved: 0
SuppressNativeCallback: 0
=====================================

===== ENGINE SetCollisionGroup =====
ElapsedMs: 38384.809
Source: Fist
SourceAddress: E6AAC210
SlotAssociation: RIGHT
PlayerAction: 1
PlayerAniPhase: 1
PlayerStateTime: 0.252995
PlayerCurrentMovementAni: Hero_Stand_None_Fist_P1_Attack_Hit_N_Fwd_00_%_00_P0_100_L.xmot
RequestedGroup: 7
BeforeGroup: 0
AfterGroup: 0
RetiredMarkerSourceBitCount: 0
====================================

===== C1 FINALIZATION =====
ElapsedMs: 38457.952
Reason: AISETSTATE_AFTER_ORIGINAL
Actor: PC_Hero
Generation: 7
Status: PERSISTED
TrackedSourceCount: 1
Source[0].Outcome: NO_OP_NO_OUTSTANDING
Source[0].Address: E6AAC210
Source[0].LivenessEstablished: 1
Source[0].Name: Fist
Source[0].OriginalSide: RIGHT
Source[0].CurrentSideMask: 1
Source[0].OffensiveRequestCount: 0
Source[0].OutstandingBeforeFinalization: 0
Source[0].CleanupObservedBeforeFinalization: 0
Source[0].ActualGroupBeforeRepair: 0
Source[0].RepairAttempted: 0
Source[0].PhysicalCollisionChanged: 0
PhysicalCollisionChanged: 0
===========================

===== ENGINE SetCollisionGroup =====
ElapsedMs: 38508.207
Source: Fist
SourceAddress: E6AAA210
SlotAssociation: NONE
PlayerAction: 0
PlayerAniPhase: 3
PlayerStateTime: 0.049999
PlayerCurrentMovementAni: Hero_Stand_None_Fist_P0_Attack_Recover_N_Fwd_00_%_00_P0_0_L.xmot
RequestedGroup: 7
BeforeGroup: 0
AfterGroup: 0
RetiredMarkerSourceBitCount: 0
====================================

===== C1 LIFECYCLE START =====
ElapsedMs: 38947.689
Actor: PC_Hero
Generation: 10
Status: CANDIDATE
ReplacedGeneration: 0
ReplacedOutstanding: 0
TrackedSourceCount: 1
Source[0].Address: E6AAC210
Source[0].Side: RIGHT
Source[0].ActualGroup: 0
==============================

===== C1 SCRIPT BINDING =====
ElapsedMs: 38947.702
Event: COMBAT_MOVE_CANDIDATE_BOUND
Actor: PC_Hero
Generation: 10
Status: CANDIDATE
Outstanding: 0
ScriptFunction: _AI_Attack
SourceAddress: 00000000
=============================

===== C1 LIFECYCLE STATUS =====
ElapsedMs: 38947.772
Event: PERSISTED
Actor: PC_Hero
Generation: 10
Status: PERSISTED
Outstanding: 0
===============================

===== MARKER OWNERSHIP DECISION =====
ElapsedMs: 38947.791
Actor: PC_Hero
Family: NORMAL
CurrentMovementAni: Hero_Stand_None_Fist_P0_Attack_Hit_N_Fwd_00_%_00_P1_100_R.xmot
Action: 1
AniPhase: 1
MatchingMotionFound: 1
MarkerScanValid: 1
ContainsReservedSourceMarker: 1
RequiredSourceMask: 0
RequiresFistSource: 1
AuthoredRIGHTCount: 0
FirstRIGHTFrame: -1
AuthoredLEFTCount: 0
FirstLEFTFrame: -1
AuthoredBOTHCount: 0
FirstBOTHFrame: -1
AuthoredOFFCount: 0
FirstOFFFrame: -1
AuthoredFISTCount: 1
FirstFISTFrame: 3
RightSourceResolved: 1
RightSourceName: Fist
RightSourceAddress: E6AAC210
RightSourceUseType: 8
RightSourceCollisionGroup: 0
LeftSourceResolved: 0
FistSourceResolved: 1
FistSourceName: Fist
FistSourceAddress: E6AAC210
FistSourceUseType: 8
FistSourceCollisionGroup: 0
SuppressNativeCallback: 1
=====================================

===== FIST RECEIVED =====
ElapsedMs: 39062.542
Actor: PC_Hero
Action: 1
AniPhase: 1
StateTime: 0.127006
StatePositionBeforeMarker: 0
CurrentMovementAni: Hero_Stand_None_Fist_P0_Attack_Hit_N_Fwd_00_%_00_P1_100_R.xmot
MarkerName: G3AB_COL_FIST
MarkerOpcode: FIST
StatePositionAfterMarker: 0
C1GenerationValid: 1
C1Generation: 10
MarkerAction: ACCEPTED
AuthoredMarkerOccurrences: 1
AcceptedMarkerOccurrencesBefore: 0
AcceptedMarkerOccurrencesAfter: 1
ExecutionBudgetReset: 1
PreviousSourceMask: 0
DesiredSourceMask: 0
RetiredSourceMask: 0
OwnedMaskAtOff: 0
MarkerOwnedWeaponMask: 0
ActivatedSourceCount: 0
RetiredSourceCount: 0
DeactivatedSourceCount: 0
TriggeredListClearCount: 1
FistSourceResolved: 1
FistSourceAddress: E6AAC210
FistUseType: 8
FistGroupBefore: 0
FistGroupAfter: 0
FistTriggeredListCleared: 1
DamageDisabledBefore: 1
DamageDisabledAfter: 1
===========================

===== ENGINE SetCollisionGroup =====
ElapsedMs: 39151.475
Source: Fist
SourceAddress: E6AAA210
SlotAssociation: NONE
PlayerAction: 1
PlayerAniPhase: 1
PlayerStateTime: 0.215974
PlayerCurrentMovementAni: Hero_Stand_None_Fist_P0_Attack_Hit_N_Fwd_00_%_00_P1_100_R.xmot
RequestedGroup: 7
BeforeGroup: 0
AfterGroup: 0
RetiredMarkerSourceBitCount: 0
====================================

===== C1 FINALIZATION =====
ElapsedMs: 39279.788
Reason: AISETSTATE_AFTER_ORIGINAL
Actor: PC_Hero
Generation: 10
Status: PERSISTED
TrackedSourceCount: 1
Source[0].Outcome: NO_OP_NO_OUTSTANDING
Source[0].Address: E6AAC210
Source[0].LivenessEstablished: 1
Source[0].Name: Fist
Source[0].OriginalSide: RIGHT
Source[0].CurrentSideMask: 1
Source[0].OffensiveRequestCount: 0
Source[0].OutstandingBeforeFinalization: 0
Source[0].CleanupObservedBeforeFinalization: 0
Source[0].ActualGroupBeforeRepair: 0
Source[0].RepairAttempted: 0
Source[0].PhysicalCollisionChanged: 0
PhysicalCollisionChanged: 0
===========================

===== ENGINE SetCollisionGroup =====
ElapsedMs: 39790.882
Source: Fist
SourceAddress: E6AAA210
SlotAssociation: NONE
PlayerAction: 0
PlayerAniPhase: 8
PlayerStateTime: 0.509986
PlayerCurrentMovementAni: Hero_Stand_None_Fist_P1_Move_Walk_N_Fwd_00_%_00_P0_160.xmot
RequestedGroup: 7
BeforeGroup: 0
AfterGroup: 0
RetiredMarkerSourceBitCount: 0
====================================

===== C1 LIFECYCLE START =====
ElapsedMs: 40079.238
Actor: PC_Hero
Generation: 12
Status: CANDIDATE
ReplacedGeneration: 0
ReplacedOutstanding: 0
TrackedSourceCount: 1
Source[0].Address: E6AAC210
Source[0].Side: RIGHT
Source[0].ActualGroup: 0
==============================

===== C1 SCRIPT BINDING =====
ElapsedMs: 40079.249
Event: COMBAT_MOVE_CANDIDATE_BOUND
Actor: PC_Hero
Generation: 12
Status: CANDIDATE
Outstanding: 0
ScriptFunction: _AI_Attack
SourceAddress: 00000000
=============================

===== C1 LIFECYCLE STATUS =====
ElapsedMs: 40079.317
Event: PERSISTED
Actor: PC_Hero
Generation: 12
Status: PERSISTED
Outstanding: 0
===============================

===== MARKER OWNERSHIP DECISION =====
ElapsedMs: 40079.334
Actor: PC_Hero
Family: NORMAL
CurrentMovementAni: Hero_Stand_None_Fist_P1_Attack_Hit_N_Fwd_00_%_00_P0_100_L.xmot
Action: 1
AniPhase: 1
MatchingMotionFound: 1
MarkerScanValid: 1
ContainsReservedSourceMarker: 0
RequiredSourceMask: 0
RequiresFistSource: 0
AuthoredRIGHTCount: 0
FirstRIGHTFrame: -1
AuthoredLEFTCount: 0
FirstLEFTFrame: -1
AuthoredBOTHCount: 0
FirstBOTHFrame: -1
AuthoredOFFCount: 0
FirstOFFFrame: -1
AuthoredFISTCount: 0
FirstFISTFrame: -1
RightSourceResolved: 1
RightSourceName: Fist
RightSourceAddress: E6AAC210
RightSourceUseType: 8
RightSourceCollisionGroup: 0
LeftSourceResolved: 0
SuppressNativeCallback: 0
=====================================

===== ENGINE SetCollisionGroup =====
ElapsedMs: 40325.823
Source: Fist
SourceAddress: E6AAC210
SlotAssociation: RIGHT
PlayerAction: 1
PlayerAniPhase: 1
PlayerStateTime: 0.250975
PlayerCurrentMovementAni: Hero_Stand_None_Fist_P1_Attack_Hit_N_Fwd_00_%_00_P0_100_L.xmot
RequestedGroup: 7
BeforeGroup: 0
AfterGroup: 0
RetiredMarkerSourceBitCount: 0
====================================

===== C1 FINALIZATION =====
ElapsedMs: 40404.745
Reason: AISETSTATE_AFTER_ORIGINAL
Actor: PC_Hero
Generation: 12
Status: PERSISTED
TrackedSourceCount: 1
Source[0].Outcome: NO_OP_NO_OUTSTANDING
Source[0].Address: E6AAC210
Source[0].LivenessEstablished: 1
Source[0].Name: Fist
Source[0].OriginalSide: RIGHT
Source[0].CurrentSideMask: 1
Source[0].OffensiveRequestCount: 0
Source[0].OutstandingBeforeFinalization: 0
Source[0].CleanupObservedBeforeFinalization: 0
Source[0].ActualGroupBeforeRepair: 0
Source[0].RepairAttempted: 0
Source[0].PhysicalCollisionChanged: 0
PhysicalCollisionChanged: 0
===========================

===== ENGINE SetCollisionGroup =====
ElapsedMs: 40429.212
Source: Fist
SourceAddress: E6AAA210
SlotAssociation: NONE
PlayerAction: 0
PlayerAniPhase: 3
PlayerStateTime: 0.025018
PlayerCurrentMovementAni: Hero_Stand_None_Fist_P0_Attack_Recover_N_Fwd_00_%_00_P0_0_L.xmot
RequestedGroup: 7
BeforeGroup: 0
AfterGroup: 0
RetiredMarkerSourceBitCount: 0
====================================

===== C1 LIFECYCLE START =====
ElapsedMs: 40902.106
Actor: PC_Hero
Generation: 15
Status: CANDIDATE
ReplacedGeneration: 0
ReplacedOutstanding: 0
TrackedSourceCount: 1
Source[0].Address: E6AAC210
Source[0].Side: RIGHT
Source[0].ActualGroup: 0
==============================

===== C1 SCRIPT BINDING =====
ElapsedMs: 40902.119
Event: COMBAT_MOVE_CANDIDATE_BOUND
Actor: PC_Hero
Generation: 15
Status: CANDIDATE
Outstanding: 0
ScriptFunction: _AI_Attack
SourceAddress: 00000000
=============================

===== C1 LIFECYCLE STATUS =====
ElapsedMs: 40902.191
Event: PERSISTED
Actor: PC_Hero
Generation: 15
Status: PERSISTED
Outstanding: 0
===============================

===== MARKER OWNERSHIP DECISION =====
ElapsedMs: 40902.210
Actor: PC_Hero
Family: NORMAL
CurrentMovementAni: Hero_Stand_None_Fist_P0_Attack_Hit_N_Fwd_00_%_00_P1_100_R.xmot
Action: 1
AniPhase: 1
MatchingMotionFound: 1
MarkerScanValid: 1
ContainsReservedSourceMarker: 1
RequiredSourceMask: 0
RequiresFistSource: 1
AuthoredRIGHTCount: 0
FirstRIGHTFrame: -1
AuthoredLEFTCount: 0
FirstLEFTFrame: -1
AuthoredBOTHCount: 0
FirstBOTHFrame: -1
AuthoredOFFCount: 0
FirstOFFFrame: -1
AuthoredFISTCount: 1
FirstFISTFrame: 3
RightSourceResolved: 1
RightSourceName: Fist
RightSourceAddress: E6AAC210
RightSourceUseType: 8
RightSourceCollisionGroup: 0
LeftSourceResolved: 0
FistSourceResolved: 1
FistSourceName: Fist
FistSourceAddress: E6AAC210
FistSourceUseType: 8
FistSourceCollisionGroup: 0
SuppressNativeCallback: 1
=====================================

===== FIST RECEIVED =====
ElapsedMs: 41016.052
Actor: PC_Hero
Action: 1
AniPhase: 1
StateTime: 0.126988
StatePositionBeforeMarker: 0
CurrentMovementAni: Hero_Stand_None_Fist_P0_Attack_Hit_N_Fwd_00_%_00_P1_100_R.xmot
MarkerName: G3AB_COL_FIST
MarkerOpcode: FIST
StatePositionAfterMarker: 0
C1GenerationValid: 1
C1Generation: 15
MarkerAction: ACCEPTED
AuthoredMarkerOccurrences: 1
AcceptedMarkerOccurrencesBefore: 0
AcceptedMarkerOccurrencesAfter: 1
ExecutionBudgetReset: 1
PreviousSourceMask: 0
DesiredSourceMask: 0
RetiredSourceMask: 0
OwnedMaskAtOff: 0
MarkerOwnedWeaponMask: 0
ActivatedSourceCount: 0
RetiredSourceCount: 0
DeactivatedSourceCount: 0
TriggeredListClearCount: 1
FistSourceResolved: 1
FistSourceAddress: E6AAC210
FistUseType: 8
FistGroupBefore: 0
FistGroupAfter: 0
FistTriggeredListCleared: 1
DamageDisabledBefore: 1
DamageDisabledAfter: 1
===========================

===== ENGINE SetCollisionGroup =====
ElapsedMs: 41067.367
Source: Fist
SourceAddress: E6AAA210
SlotAssociation: NONE
PlayerAction: 1
PlayerAniPhase: 1
PlayerStateTime: 0.177996
PlayerCurrentMovementAni: Hero_Stand_None_Fist_P0_Attack_Hit_N_Fwd_00_%_00_P1_100_R.xmot
RequestedGroup: 7
BeforeGroup: 0
AfterGroup: 0
RetiredMarkerSourceBitCount: 0
====================================

===== C1 FINALIZATION =====
ElapsedMs: 41221.950
Reason: AISETSTATE_AFTER_ORIGINAL
Actor: PC_Hero
Generation: 15
Status: PERSISTED
TrackedSourceCount: 1
Source[0].Outcome: NO_OP_NO_OUTSTANDING
Source[0].Address: E6AAC210
Source[0].LivenessEstablished: 1
Source[0].Name: Fist
Source[0].OriginalSide: RIGHT
Source[0].CurrentSideMask: 1
Source[0].OffensiveRequestCount: 0
Source[0].OutstandingBeforeFinalization: 0
Source[0].CleanupObservedBeforeFinalization: 0
Source[0].ActualGroupBeforeRepair: 0
Source[0].RepairAttempted: 0
Source[0].PhysicalCollisionChanged: 0
PhysicalCollisionChanged: 0
===========================

===== C1 LIFECYCLE START =====
ElapsedMs: 41630.887
Actor: PC_Hero
Generation: 17
Status: CANDIDATE
ReplacedGeneration: 0
ReplacedOutstanding: 0
TrackedSourceCount: 1
Source[0].Address: E6AAC210
Source[0].Side: RIGHT
Source[0].ActualGroup: 0
==============================

===== C1 SCRIPT BINDING =====
ElapsedMs: 41630.899
Event: COMBAT_MOVE_CANDIDATE_BOUND
Actor: PC_Hero
Generation: 17
Status: CANDIDATE
Outstanding: 0
ScriptFunction: _AI_Attack
SourceAddress: 00000000
=============================

===== C1 LIFECYCLE STATUS =====
ElapsedMs: 41630.973
Event: PERSISTED
Actor: PC_Hero
Generation: 17
Status: PERSISTED
Outstanding: 0
===============================

===== MARKER OWNERSHIP DECISION =====
ElapsedMs: 41630.990
Actor: PC_Hero
Family: NORMAL
CurrentMovementAni: Hero_Stand_None_Fist_P1_Attack_Hit_N_Fwd_00_%_00_P0_100_L.xmot
Action: 1
AniPhase: 1
MatchingMotionFound: 1
MarkerScanValid: 1
ContainsReservedSourceMarker: 0
RequiredSourceMask: 0
RequiresFistSource: 0
AuthoredRIGHTCount: 0
FirstRIGHTFrame: -1
AuthoredLEFTCount: 0
FirstLEFTFrame: -1
AuthoredBOTHCount: 0
FirstBOTHFrame: -1
AuthoredOFFCount: 0
FirstOFFFrame: -1
AuthoredFISTCount: 0
FirstFISTFrame: -1
RightSourceResolved: 1
RightSourceName: Fist
RightSourceAddress: E6AAC210
RightSourceUseType: 8
RightSourceCollisionGroup: 0
LeftSourceResolved: 0
SuppressNativeCallback: 0
=====================================

===== ENGINE SetCollisionGroup =====
ElapsedMs: 41705.003
Source: Fist
SourceAddress: E6AAA210
SlotAssociation: NONE
PlayerAction: 1
PlayerAniPhase: 1
PlayerStateTime: 0.085998
PlayerCurrentMovementAni: Hero_Stand_None_Fist_P1_Attack_Hit_N_Fwd_00_%_00_P0_100_L.xmot
RequestedGroup: 7
BeforeGroup: 0
AfterGroup: 0
RetiredMarkerSourceBitCount: 0
====================================

===== ENGINE SetCollisionGroup =====
ElapsedMs: 41893.208
Source: Fist
SourceAddress: E6AAC210
SlotAssociation: RIGHT
PlayerAction: 1
PlayerAniPhase: 1
PlayerStateTime: 0.261994
PlayerCurrentMovementAni: Hero_Stand_None_Fist_P1_Attack_Hit_N_Fwd_00_%_00_P0_100_L.xmot
RequestedGroup: 7
BeforeGroup: 0
AfterGroup: 0
RetiredMarkerSourceBitCount: 0
====================================

===== C1 FINALIZATION =====
ElapsedMs: 41955.080
Reason: AISETSTATE_AFTER_ORIGINAL
Actor: PC_Hero
Generation: 17
Status: PERSISTED
TrackedSourceCount: 1
Source[0].Outcome: NO_OP_NO_OUTSTANDING
Source[0].Address: E6AAC210
Source[0].LivenessEstablished: 1
Source[0].Name: Fist
Source[0].OriginalSide: RIGHT
Source[0].CurrentSideMask: 1
Source[0].OffensiveRequestCount: 0
Source[0].OutstandingBeforeFinalization: 0
Source[0].CleanupObservedBeforeFinalization: 0
Source[0].ActualGroupBeforeRepair: 0
Source[0].RepairAttempted: 0
Source[0].PhysicalCollisionChanged: 0
PhysicalCollisionChanged: 0
===========================

===== ENGINE SetCollisionGroup =====
ElapsedMs: 42344.411
Source: Fist
SourceAddress: E6AAA210
SlotAssociation: NONE
PlayerAction: 0
PlayerAniPhase: 5
PlayerStateTime: 0.388985
PlayerCurrentMovementAni: Hero_Stand_None_Fist_P0_Ambient_Loop_N_Fwd_00_%_00_P0_0.xmot
RequestedGroup: 7
BeforeGroup: 0
AfterGroup: 0
RetiredMarkerSourceBitCount: 0
====================================

Script_FrameCollisionTest unloading cleanly.
