Script_SpeedSprintProbe loaded. Diagnostics only; no speed composition.
Logging every Script_Game+0x47F6C call, capped at 1024 events.

Hook installed at Script_Game+0x47F6C.

===== SprintSharedPowerHit =====
Ordinal=1
Entity=BlackTroll
IsPlayer=false
PassedAction=2
CurrentActionBefore=9
SprintBefore=true
RequestedPhase=Hit (1)
CompatibleSpeed=1.500000
CurrentActionAfter=9
SprintAfter=true
CurrentMovementAni=Troll_Stand_Fist_Fist_P0_PowerAttack_Raise_N_Fwd_00_%_00_P0_0.xmot
===============================

===== SprintSharedPowerHit =====
Ordinal=2
Entity=BlackTroll
IsPlayer=false
PassedAction=2
CurrentActionBefore=9
SprintBefore=true
RequestedPhase=Hit (1)
CompatibleSpeed=1.500000
CurrentActionAfter=9
SprintAfter=true
CurrentMovementAni=Troll_Stand_Fist_Fist_P0_PowerAttack_Raise_N_Fwd_00_%_00_P0_0.xmot
===============================

===== SprintSharedPowerHit =====
Ordinal=3
Entity=BlackTroll
IsPlayer=false
PassedAction=2
CurrentActionBefore=2
SprintBefore=false
RequestedPhase=Hit (1)
CompatibleSpeed=1.500000
CurrentActionAfter=2
SprintAfter=false
CurrentMovementAni=Troll_Stand_Fist_Fist_P0_PowerAttack_Raise_N_Fwd_00_%_00_P0_0.xmot
===============================

===== SprintSharedPowerHit =====
Ordinal=4
Entity=BlackTroll
IsPlayer=false
PassedAction=2
CurrentActionBefore=9
SprintBefore=true
RequestedPhase=Hit (1)
CompatibleSpeed=1.500000
CurrentActionAfter=9
SprintAfter=true
CurrentMovementAni=Troll_Stand_Fist_Fist_P0_PowerAttack_Raise_N_Fwd_00_%_00_P0_0.xmot
===============================

===== SprintSharedPowerHit =====
Ordinal=5
Entity=BlackTroll
IsPlayer=false
PassedAction=2
CurrentActionBefore=2
SprintBefore=false
RequestedPhase=Hit (1)
CompatibleSpeed=1.500000
CurrentActionAfter=2
SprintAfter=false
CurrentMovementAni=Troll_Stand_Fist_Fist_P0_PowerAttack_Raise_N_Fwd_00_%_00_P0_0.xmot
===============================

===== SprintSharedPowerHit =====
Ordinal=6
Entity=BlackTroll
IsPlayer=false
PassedAction=2
CurrentActionBefore=9
SprintBefore=true
RequestedPhase=Hit (1)
CompatibleSpeed=1.500000
CurrentActionAfter=9
SprintAfter=true
CurrentMovementAni=Troll_Stand_Fist_Fist_P0_PowerAttack_Raise_N_Fwd_00_%_00_P0_0.xmot
===============================

===== SprintSharedPowerHit =====
Ordinal=7
Entity=BlackTroll
IsPlayer=false
PassedAction=2
CurrentActionBefore=2
SprintBefore=false
RequestedPhase=Hit (1)
CompatibleSpeed=1.500000
CurrentActionAfter=2
SprintAfter=false
CurrentMovementAni=Troll_Stand_Fist_Fist_P0_PowerAttack_Raise_N_Fwd_00_%_00_P0_0.xmot
===============================

===== SprintSharedPowerHit =====
Ordinal=8
Entity=BlackTroll
IsPlayer=false
PassedAction=2
CurrentActionBefore=9
SprintBefore=true
RequestedPhase=Hit (1)
CompatibleSpeed=1.500000
CurrentActionAfter=9
SprintAfter=true
CurrentMovementAni=Troll_Stand_Fist_Fist_P0_PowerAttack_Raise_N_Fwd_00_%_00_P0_0.xmot
===============================

===== SprintSharedPowerHit =====
Ordinal=9
Entity=BlackTroll
IsPlayer=false
PassedAction=2
CurrentActionBefore=9
SprintBefore=true
RequestedPhase=Hit (1)
CompatibleSpeed=1.500000
CurrentActionAfter=9
SprintAfter=true
CurrentMovementAni=Troll_Stand_Fist_Fist_P0_PowerAttack_Raise_N_Fwd_00_%_00_P0_0.xmot
===============================

===== SprintSharedPowerHit =====
Ordinal=10
Entity=BlackTroll
IsPlayer=false
PassedAction=2
CurrentActionBefore=9
SprintBefore=true
RequestedPhase=Hit (1)
CompatibleSpeed=1.500000
CurrentActionAfter=9
SprintAfter=true
CurrentMovementAni=Troll_Stand_Fist_Fist_P0_PowerAttack_Raise_N_Fwd_00_%_00_P0_0.xmot
===============================

===== SprintSharedPowerHit =====
Ordinal=11
Entity=Sabertooth
IsPlayer=false
PassedAction=2
CurrentActionBefore=9
SprintBefore=true
RequestedPhase=Hit (1)
CompatibleSpeed=1.000000
CurrentActionAfter=9
SprintAfter=true
CurrentMovementAni=Sabertooth_Stand_None_Fist_P0_PowerAttack_Raise_N_Fwd_00_%_00_P0_0.xmot
===============================

===== SprintSharedPowerHit =====
Ordinal=12
Entity=Sabertooth
IsPlayer=false
PassedAction=2
CurrentActionBefore=9
SprintBefore=true
RequestedPhase=Hit (1)
CompatibleSpeed=1.000000
CurrentActionAfter=9
SprintAfter=true
CurrentMovementAni=Sabertooth_Stand_None_Fist_P0_PowerAttack_Raise_N_Fwd_00_%_00_P0_0.xmot
===============================

===== SprintSharedPowerHit =====
Ordinal=13
Entity=Sabertooth
IsPlayer=false
PassedAction=2
CurrentActionBefore=9
SprintBefore=true
RequestedPhase=Hit (1)
CompatibleSpeed=1.000000
CurrentActionAfter=9
SprintAfter=true
CurrentMovementAni=Sabertooth_Stand_None_Fist_P0_PowerAttack_Raise_N_Fwd_00_%_00_P0_0.xmot
===============================

===== SprintSharedPowerHit =====
Ordinal=14
Entity=Sabertooth
IsPlayer=false
PassedAction=2
CurrentActionBefore=9
SprintBefore=true
RequestedPhase=Hit (1)
CompatibleSpeed=1.000000
CurrentActionAfter=9
SprintAfter=true
CurrentMovementAni=Sabertooth_Stand_None_Fist_P0_PowerAttack_Raise_N_Fwd_00_%_00_P0_0.xmot
===============================

===== SprintSharedPowerHit =====
Ordinal=15
Entity=Sabertooth
IsPlayer=false
PassedAction=2
CurrentActionBefore=9
SprintBefore=true
RequestedPhase=Hit (1)
CompatibleSpeed=1.000000
CurrentActionAfter=9
SprintAfter=true
CurrentMovementAni=Sabertooth_Stand_None_Fist_P0_PowerAttack_Raise_N_Fwd_00_%_00_P0_0.xmot
===============================

===== SprintSharedPowerHit =====
Ordinal=16
Entity=Sabertooth
IsPlayer=false
PassedAction=2
CurrentActionBefore=9
SprintBefore=true
RequestedPhase=Hit (1)
CompatibleSpeed=1.000000
CurrentActionAfter=9
SprintAfter=true
CurrentMovementAni=Sabertooth_Stand_None_Fist_P0_PowerAttack_Raise_N_Fwd_00_%_00_P0_0.xmot
===============================

===== SprintSharedPowerHit =====
Ordinal=17
Entity=Sabertooth
IsPlayer=false
PassedAction=2
CurrentActionBefore=9
SprintBefore=true
RequestedPhase=Hit (1)
CompatibleSpeed=1.000000
CurrentActionAfter=9
SprintAfter=true
CurrentMovementAni=Sabertooth_Stand_None_Fist_P0_PowerAttack_Raise_N_Fwd_00_%_00_P0_0.xmot
===============================

===== SprintSharedPowerHit =====
Ordinal=18
Entity=Sabertooth
IsPlayer=false
PassedAction=2
CurrentActionBefore=9
SprintBefore=true
RequestedPhase=Hit (1)
CompatibleSpeed=1.000000
CurrentActionAfter=9
SprintAfter=true
CurrentMovementAni=Sabertooth_Stand_None_Fist_P0_PowerAttack_Raise_N_Fwd_00_%_00_P0_0.xmot
===============================

===== SprintSharedPowerHit =====
Ordinal=19
Entity=Sabertooth
IsPlayer=false
PassedAction=2
CurrentActionBefore=9
SprintBefore=true
RequestedPhase=Hit (1)
CompatibleSpeed=1.000000
CurrentActionAfter=9
SprintAfter=true
CurrentMovementAni=Sabertooth_Stand_None_Fist_P0_PowerAttack_Raise_N_Fwd_00_%_00_P0_0.xmot
===============================

===== SprintSharedPowerHit =====
Ordinal=20
Entity=Sabertooth
IsPlayer=false
PassedAction=2
CurrentActionBefore=9
SprintBefore=true
RequestedPhase=Hit (1)
CompatibleSpeed=1.000000
CurrentActionAfter=9
SprintAfter=true
CurrentMovementAni=Sabertooth_Stand_None_Fist_P0_PowerAttack_Raise_N_Fwd_00_%_00_P0_0.xmot
===============================

===== SprintSharedPowerHit =====
Ordinal=21
Entity=Sabertooth
IsPlayer=false
PassedAction=2
CurrentActionBefore=9
SprintBefore=true
RequestedPhase=Hit (1)
CompatibleSpeed=1.000000
CurrentActionAfter=9
SprintAfter=true
CurrentMovementAni=Sabertooth_Stand_None_Fist_P0_PowerAttack_Raise_N_Fwd_00_%_00_P0_0.xmot
===============================

===== SprintSharedPowerHit =====
Ordinal=22
Entity=Sabertooth
IsPlayer=false
PassedAction=2
CurrentActionBefore=9
SprintBefore=true
RequestedPhase=Hit (1)
CompatibleSpeed=1.000000
CurrentActionAfter=9
SprintAfter=true
CurrentMovementAni=Sabertooth_Stand_None_Fist_P0_PowerAttack_Raise_N_Fwd_00_%_00_P0_0.xmot
===============================

===== SprintSharedPowerHit =====
Ordinal=23
Entity=Sabertooth
IsPlayer=false
PassedAction=2
CurrentActionBefore=9
SprintBefore=true
RequestedPhase=Hit (1)
CompatibleSpeed=1.000000
CurrentActionAfter=9
SprintAfter=true
CurrentMovementAni=Sabertooth_Stand_None_Fist_P0_PowerAttack_Raise_N_Fwd_00_%_00_P0_0.xmot
===============================

===== SprintSharedPowerHit =====
Ordinal=24
Entity=Sabertooth
IsPlayer=false
PassedAction=2
CurrentActionBefore=9
SprintBefore=true
RequestedPhase=Hit (1)
CompatibleSpeed=1.000000
CurrentActionAfter=9
SprintAfter=true
CurrentMovementAni=Sabertooth_Stand_None_Fist_P0_PowerAttack_Raise_N_Fwd_00_%_00_P0_0.xmot
===============================

===== SprintSharedPowerHit =====
Ordinal=25
Entity=Sabertooth
IsPlayer=false
PassedAction=2
CurrentActionBefore=9
SprintBefore=true
RequestedPhase=Hit (1)
CompatibleSpeed=1.000000
CurrentActionAfter=9
SprintAfter=true
CurrentMovementAni=Sabertooth_Stand_None_Fist_P0_PowerAttack_Raise_N_Fwd_00_%_00_P0_0.xmot
===============================

===== SprintSharedPowerHit =====
Ordinal=26
Entity=Sabertooth
IsPlayer=false
PassedAction=2
CurrentActionBefore=9
SprintBefore=true
RequestedPhase=Hit (1)
CompatibleSpeed=1.000000
CurrentActionAfter=9
SprintAfter=true
CurrentMovementAni=Sabertooth_Stand_None_Fist_P0_PowerAttack_Raise_N_Fwd_00_%_00_P0_0.xmot
===============================

===== SprintSharedPowerHit =====
Ordinal=27
Entity=Sabertooth
IsPlayer=false
PassedAction=2
CurrentActionBefore=9
SprintBefore=true
RequestedPhase=Hit (1)
CompatibleSpeed=1.000000
CurrentActionAfter=9
SprintAfter=true
CurrentMovementAni=Sabertooth_Stand_None_Fist_P0_PowerAttack_Raise_N_Fwd_00_%_00_P0_0.xmot
===============================

===== SprintSharedPowerHit =====
Ordinal=28
Entity=Sabertooth
IsPlayer=false
PassedAction=2
CurrentActionBefore=9
SprintBefore=true
RequestedPhase=Hit (1)
CompatibleSpeed=1.000000
CurrentActionAfter=9
SprintAfter=true
CurrentMovementAni=Sabertooth_Stand_None_Fist_P0_PowerAttack_Raise_N_Fwd_00_%_00_P0_0.xmot
===============================

===== SprintSharedPowerHit =====
Ordinal=29
Entity=Sabertooth
IsPlayer=false
PassedAction=2
CurrentActionBefore=9
SprintBefore=true
RequestedPhase=Hit (1)
CompatibleSpeed=1.000000
CurrentActionAfter=9
SprintAfter=true
CurrentMovementAni=Sabertooth_Stand_None_Fist_P0_PowerAttack_Raise_N_Fwd_00_%_00_P0_0.xmot
===============================

===== SprintSharedPowerHit =====
Ordinal=30
Entity=Sabertooth
IsPlayer=false
PassedAction=2
CurrentActionBefore=9
SprintBefore=true
RequestedPhase=Hit (1)
CompatibleSpeed=1.000000
CurrentActionAfter=9
SprintAfter=true
CurrentMovementAni=Sabertooth_Stand_None_Fist_P0_PowerAttack_Raise_N_Fwd_00_%_00_P0_0.xmot
===============================

===== SprintSharedPowerHit =====
Ordinal=31
Entity=Sabertooth
IsPlayer=false
PassedAction=2
CurrentActionBefore=9
SprintBefore=true
RequestedPhase=Hit (1)
CompatibleSpeed=1.000000
CurrentActionAfter=9
SprintAfter=true
CurrentMovementAni=Sabertooth_Stand_None_Fist_P0_PowerAttack_Raise_N_Fwd_00_%_00_P0_0.xmot
===============================

===== SprintSharedPowerHit =====
Ordinal=32
Entity=Sabertooth
IsPlayer=false
PassedAction=2
CurrentActionBefore=9
SprintBefore=true
RequestedPhase=Hit (1)
CompatibleSpeed=1.000000
CurrentActionAfter=9
SprintAfter=true
CurrentMovementAni=Sabertooth_Stand_None_Fist_P0_PowerAttack_Raise_N_Fwd_00_%_00_P0_0.xmot
===============================

===== SprintSharedPowerHit =====
Ordinal=33
Entity=Sabertooth
IsPlayer=false
PassedAction=2
CurrentActionBefore=9
SprintBefore=true
RequestedPhase=Hit (1)
CompatibleSpeed=1.000000
CurrentActionAfter=9
SprintAfter=true
CurrentMovementAni=Sabertooth_Stand_None_Fist_P0_PowerAttack_Raise_N_Fwd_00_%_00_P0_0.xmot
===============================

===== SprintSharedPowerHit =====
Ordinal=34
Entity=Sabertooth
IsPlayer=false
PassedAction=2
CurrentActionBefore=9
SprintBefore=true
RequestedPhase=Hit (1)
CompatibleSpeed=1.000000
CurrentActionAfter=9
SprintAfter=true
CurrentMovementAni=Sabertooth_Stand_None_Fist_P0_PowerAttack_Raise_N_Fwd_00_%_00_P0_0.xmot
===============================

===== SprintSharedPowerHit =====
Ordinal=35
Entity=Sabertooth
IsPlayer=false
PassedAction=2
CurrentActionBefore=9
SprintBefore=true
RequestedPhase=Hit (1)
CompatibleSpeed=1.000000
CurrentActionAfter=9
SprintAfter=true
CurrentMovementAni=Sabertooth_Stand_None_Fist_P0_PowerAttack_Raise_N_Fwd_00_%_00_P0_0.xmot
===============================

===== SprintSharedPowerHit =====
Ordinal=36
Entity=Sabertooth
IsPlayer=false
PassedAction=2
CurrentActionBefore=9
SprintBefore=true
RequestedPhase=Hit (1)
CompatibleSpeed=1.000000
CurrentActionAfter=9
SprintAfter=true
CurrentMovementAni=Sabertooth_Stand_None_Fist_P0_PowerAttack_Raise_N_Fwd_00_%_00_P0_0.xmot
===============================

===== SprintSharedPowerHit =====
Ordinal=37
Entity=Transform_Sabertooth_Potion
IsPlayer=true
PassedAction=2
CurrentActionBefore=2
SprintBefore=false
RequestedPhase=Hit (1)
CompatibleSpeed=1.000000
CurrentActionAfter=2
SprintAfter=false
CurrentMovementAni=Sabertooth_Stand_None_Fist_P0_PowerAttack_Raise_N_Fwd_00_%_00_P0_0.xmot
===============================

===== SprintSharedPowerHit =====
Ordinal=38
Entity=Sabertooth
IsPlayer=false
PassedAction=2
CurrentActionBefore=9
SprintBefore=true
RequestedPhase=Hit (1)
CompatibleSpeed=1.000000
CurrentActionAfter=9
SprintAfter=true
CurrentMovementAni=Sabertooth_Stand_None_Fist_P0_PowerAttack_Raise_N_Fwd_00_%_00_P0_0.xmot
===============================

===== SprintSharedPowerHit =====
Ordinal=39
Entity=Transform_Sabertooth_Potion
IsPlayer=true
PassedAction=2
CurrentActionBefore=2
SprintBefore=false
RequestedPhase=Hit (1)
CompatibleSpeed=1.000000
CurrentActionAfter=2
SprintAfter=false
CurrentMovementAni=Sabertooth_Stand_None_Fist_P0_PowerAttack_Raise_N_Fwd_00_%_00_P0_0.xmot
===============================

===== SprintSharedPowerHit =====
Ordinal=40
Entity=Sabertooth
IsPlayer=false
PassedAction=2
CurrentActionBefore=9
SprintBefore=true
RequestedPhase=Hit (1)
CompatibleSpeed=1.000000
CurrentActionAfter=9
SprintAfter=true
CurrentMovementAni=Sabertooth_Stand_None_Fist_P0_PowerAttack_Raise_N_Fwd_00_%_00_P0_0.xmot
===============================

===== SprintSharedPowerHit =====
Ordinal=41
Entity=Transform_Sabertooth_Potion
IsPlayer=true
PassedAction=2
CurrentActionBefore=2
SprintBefore=false
RequestedPhase=Hit (1)
CompatibleSpeed=1.000000
CurrentActionAfter=2
SprintAfter=false
CurrentMovementAni=Sabertooth_Stand_None_Fist_P0_PowerAttack_Raise_N_Fwd_00_%_00_P0_0.xmot
===============================

===== SprintSharedPowerHit =====
Ordinal=42
Entity=Sabertooth
IsPlayer=false
PassedAction=2
CurrentActionBefore=9
SprintBefore=true
RequestedPhase=Hit (1)
CompatibleSpeed=1.000000
CurrentActionAfter=9
SprintAfter=true
CurrentMovementAni=Sabertooth_Stand_None_Fist_P0_PowerAttack_Raise_N_Fwd_00_%_00_P0_0.xmot
===============================

===== SprintSharedPowerHit =====
Ordinal=43
Entity=Transform_Sabertooth_Potion
IsPlayer=true
PassedAction=2
CurrentActionBefore=2
SprintBefore=false
RequestedPhase=Hit (1)
CompatibleSpeed=1.000000
CurrentActionAfter=2
SprintAfter=false
CurrentMovementAni=Sabertooth_Stand_None_Fist_P0_PowerAttack_Raise_N_Fwd_00_%_00_P0_0.xmot
===============================

===== SprintSharedPowerHit =====
Ordinal=44
Entity=Sabertooth
IsPlayer=false
PassedAction=2
CurrentActionBefore=9
SprintBefore=true
RequestedPhase=Hit (1)
CompatibleSpeed=1.000000
CurrentActionAfter=9
SprintAfter=true
CurrentMovementAni=Sabertooth_Stand_None_Fist_P0_PowerAttack_Raise_N_Fwd_00_%_00_P0_0.xmot
===============================

===== SprintSharedPowerHit =====
Ordinal=45
Entity=Mummy
IsPlayer=false
PassedAction=2
CurrentActionBefore=2
SprintBefore=false
RequestedPhase=Hit (1)
CompatibleSpeed=1.000000
CurrentActionAfter=2
SprintAfter=false
CurrentMovementAni=Zombie_Stand_None_Fist_P0_PowerAttack_Raise_N_Fwd_00_%_00_P0_0_R.xmot
===============================

===== SprintSharedPowerHit =====
Ordinal=46
Entity=Mummy
IsPlayer=false
PassedAction=2
CurrentActionBefore=2
SprintBefore=false
RequestedPhase=Hit (1)
CompatibleSpeed=1.000000
CurrentActionAfter=2
SprintAfter=false
CurrentMovementAni=Zombie_Stand_None_Fist_P0_PowerAttack_Raise_N_Fwd_00_%_00_P0_0_R.xmot
===============================

===== SprintSharedPowerHit =====
Ordinal=47
Entity=Mummy
IsPlayer=false
PassedAction=2
CurrentActionBefore=2
SprintBefore=false
RequestedPhase=Hit (1)
CompatibleSpeed=1.000000
CurrentActionAfter=2
SprintAfter=false
CurrentMovementAni=Zombie_Stand_None_Fist_P0_PowerAttack_Raise_N_Fwd_00_%_00_P0_0_R.xmot
===============================

===== SprintSharedPowerHit =====
Ordinal=48
Entity=Mummy
IsPlayer=false
PassedAction=2
CurrentActionBefore=2
SprintBefore=false
RequestedPhase=Hit (1)
CompatibleSpeed=1.000000
CurrentActionAfter=2
SprintAfter=false
CurrentMovementAni=Zombie_Stand_None_Fist_P0_PowerAttack_Raise_N_Fwd_00_%_00_P0_0_R.xmot
===============================

===== SprintSharedPowerHit =====
Ordinal=49
Entity=Mummy
IsPlayer=false
PassedAction=2
CurrentActionBefore=2
SprintBefore=false
RequestedPhase=Hit (1)
CompatibleSpeed=1.000000
CurrentActionAfter=2
SprintAfter=false
CurrentMovementAni=Zombie_Stand_None_Fist_P0_PowerAttack_Raise_N_Fwd_00_%_00_P0_0_R.xmot
===============================

===== SprintSharedPowerHit =====
Ordinal=50
Entity=Mummy
IsPlayer=false
PassedAction=2
CurrentActionBefore=2
SprintBefore=false
RequestedPhase=Hit (1)
CompatibleSpeed=1.000000
CurrentActionAfter=2
SprintAfter=false
CurrentMovementAni=Zombie_Stand_None_Fist_P0_PowerAttack_Raise_N_Fwd_00_%_00_P0_0_R.xmot
===============================

===== SprintSharedPowerHit =====
Ordinal=51
Entity=Mummy
IsPlayer=false
PassedAction=2
CurrentActionBefore=2
SprintBefore=false
RequestedPhase=Hit (1)
CompatibleSpeed=1.000000
CurrentActionAfter=2
SprintAfter=false
CurrentMovementAni=Zombie_Stand_None_Fist_P1_PowerAttack_Raise_N_Fwd_00_%_00_P1_0_L.xmot
===============================

===== SprintSharedPowerHit =====
Ordinal=52
Entity=Mummy
IsPlayer=false
PassedAction=2
CurrentActionBefore=2
SprintBefore=false
RequestedPhase=Hit (1)
CompatibleSpeed=1.000000
CurrentActionAfter=2
SprintAfter=false
CurrentMovementAni=Zombie_Stand_None_Fist_P0_PowerAttack_Raise_N_Fwd_00_%_00_P0_0_R.xmot
===============================

===== SprintSharedPowerHit =====
Ordinal=53
Entity=Mummy
IsPlayer=false
PassedAction=2
CurrentActionBefore=2
SprintBefore=false
RequestedPhase=Hit (1)
CompatibleSpeed=1.000000
CurrentActionAfter=2
SprintAfter=false
CurrentMovementAni=Zombie_Stand_None_Fist_P0_PowerAttack_Raise_N_Fwd_00_%_00_P0_0_R.xmot
===============================

===== SprintSharedPowerHit =====
Ordinal=54
Entity=Mummy
IsPlayer=false
PassedAction=2
CurrentActionBefore=2
SprintBefore=false
RequestedPhase=Hit (1)
CompatibleSpeed=1.000000
CurrentActionAfter=2
SprintAfter=false
CurrentMovementAni=Zombie_Stand_None_Fist_P1_PowerAttack_Raise_N_Fwd_00_%_00_P1_0_L.xmot
===============================

===== SprintSharedPowerHit =====
Ordinal=55
Entity=Mummy
IsPlayer=false
PassedAction=2
CurrentActionBefore=2
SprintBefore=false
RequestedPhase=Hit (1)
CompatibleSpeed=1.000000
CurrentActionAfter=2
SprintAfter=false
CurrentMovementAni=Zombie_Stand_None_Fist_P0_PowerAttack_Raise_N_Fwd_00_%_00_P0_0_R.xmot
===============================

===== SprintSharedPowerHit =====
Ordinal=56
Entity=Mummy
IsPlayer=false
PassedAction=2
CurrentActionBefore=2
SprintBefore=false
RequestedPhase=Hit (1)
CompatibleSpeed=1.000000
CurrentActionAfter=2
SprintAfter=false
CurrentMovementAni=Zombie_Stand_None_Fist_P1_PowerAttack_Raise_N_Fwd_00_%_00_P1_0_L.xmot
===============================

===== SprintSharedPowerHit =====
Ordinal=57
Entity=Mummy
IsPlayer=false
PassedAction=2
CurrentActionBefore=2
SprintBefore=false
RequestedPhase=Hit (1)
CompatibleSpeed=1.000000
CurrentActionAfter=2
SprintAfter=false
CurrentMovementAni=Zombie_Stand_None_Fist_P1_PowerAttack_Raise_N_Fwd_00_%_00_P1_0_L.xmot
===============================

===== SprintSharedPowerHit =====
Ordinal=58
Entity=Mummy
IsPlayer=false
PassedAction=2
CurrentActionBefore=2
SprintBefore=false
RequestedPhase=Hit (1)
CompatibleSpeed=1.000000
CurrentActionAfter=2
SprintAfter=false
CurrentMovementAni=Zombie_Stand_None_Fist_P0_PowerAttack_Raise_N_Fwd_00_%_00_P0_0_R.xmot
===============================

===== SprintSharedPowerHit =====
Ordinal=59
Entity=Mummy
IsPlayer=false
PassedAction=2
CurrentActionBefore=2
SprintBefore=false
RequestedPhase=Hit (1)
CompatibleSpeed=1.000000
CurrentActionAfter=2
SprintAfter=false
CurrentMovementAni=Zombie_Stand_None_Fist_P1_PowerAttack_Raise_N_Fwd_00_%_00_P1_0_L.xmot
===============================

===== SprintSharedPowerHit =====
Ordinal=60
Entity=Mummy
IsPlayer=false
PassedAction=2
CurrentActionBefore=2
SprintBefore=false
RequestedPhase=Hit (1)
CompatibleSpeed=1.000000
CurrentActionAfter=2
SprintAfter=false
CurrentMovementAni=Zombie_Stand_None_Fist_P0_PowerAttack_Raise_N_Fwd_00_%_00_P0_0_R.xmot
===============================

===== SprintSharedPowerHit =====
Ordinal=61
Entity=Mummy
IsPlayer=false
PassedAction=2
CurrentActionBefore=2
SprintBefore=false
RequestedPhase=Hit (1)
CompatibleSpeed=1.000000
CurrentActionAfter=2
SprintAfter=false
CurrentMovementAni=Zombie_Stand_None_Fist_P0_PowerAttack_Raise_N_Fwd_00_%_00_P0_0_R.xmot
===============================

===== SprintSharedPowerHit =====
Ordinal=62
Entity=Mummy
IsPlayer=false
PassedAction=2
CurrentActionBefore=2
SprintBefore=false
RequestedPhase=Hit (1)
CompatibleSpeed=1.000000
CurrentActionAfter=2
SprintAfter=false
CurrentMovementAni=Zombie_Stand_None_Fist_P0_PowerAttack_Raise_N_Fwd_00_%_00_P0_0_R.xmot
===============================

===== SprintSharedPowerHit =====
Ordinal=63
Entity=Mummy
IsPlayer=false
PassedAction=2
CurrentActionBefore=2
SprintBefore=false
RequestedPhase=Hit (1)
CompatibleSpeed=1.000000
CurrentActionAfter=2
SprintAfter=false
CurrentMovementAni=Zombie_Stand_None_Fist_P1_PowerAttack_Raise_N_Fwd_00_%_00_P1_0_L.xmot
===============================

===== SprintSharedPowerHit =====
Ordinal=64
Entity=Mummy
IsPlayer=false
PassedAction=2
CurrentActionBefore=2
SprintBefore=false
RequestedPhase=Hit (1)
CompatibleSpeed=1.000000
CurrentActionAfter=2
SprintAfter=false
CurrentMovementAni=Zombie_Stand_None_Fist_P0_PowerAttack_Raise_N_Fwd_00_%_00_P0_0_R.xmot
===============================

===== SprintSharedPowerHit =====
Ordinal=65
Entity=Mummy
IsPlayer=false
PassedAction=2
CurrentActionBefore=2
SprintBefore=false
RequestedPhase=Hit (1)
CompatibleSpeed=1.000000
CurrentActionAfter=2
SprintAfter=false
CurrentMovementAni=Zombie_Stand_None_Fist_P1_PowerAttack_Raise_N_Fwd_00_%_00_P1_0_L.xmot
===============================

===== SprintSharedPowerHit =====
Ordinal=66
Entity=Mummy
IsPlayer=false
PassedAction=2
CurrentActionBefore=2
SprintBefore=false
RequestedPhase=Hit (1)
CompatibleSpeed=1.000000
CurrentActionAfter=2
SprintAfter=false
CurrentMovementAni=Zombie_Stand_None_Fist_P0_PowerAttack_Raise_N_Fwd_00_%_00_P0_0_R.xmot
===============================

===== SprintSharedPowerHit =====
Ordinal=67
Entity=Mummy
IsPlayer=false
PassedAction=2
CurrentActionBefore=2
SprintBefore=false
RequestedPhase=Hit (1)
CompatibleSpeed=1.000000
CurrentActionAfter=2
SprintAfter=false
CurrentMovementAni=Zombie_Stand_None_Fist_P0_PowerAttack_Raise_N_Fwd_00_%_00_P0_0_R.xmot
===============================

===== SprintSharedPowerHit =====
Ordinal=68
Entity=PC_Hero
IsPlayer=true
PassedAction=2
CurrentActionBefore=2
SprintBefore=false
RequestedPhase=Hit (1)
CompatibleSpeed=0.800000
CurrentActionAfter=2
SprintAfter=false
CurrentMovementAni=Hero_Stand_None_Fist_P1_PowerAttack_Raise_N_Fwd_00_%_00_P1_0_L.xmot
===============================

===== SprintSharedPowerHit =====
Ordinal=69
Entity=PC_Hero
IsPlayer=true
PassedAction=2
CurrentActionBefore=2
SprintBefore=false
RequestedPhase=Hit (1)
CompatibleSpeed=0.800000
CurrentActionAfter=2
SprintAfter=false
CurrentMovementAni=Hero_Stand_None_Fist_P0_PowerAttack_Raise_N_Fwd_00_%_00_P0_0_R.xmot
===============================

===== SprintSharedPowerHit =====
Ordinal=70
Entity=PC_Hero
IsPlayer=true
PassedAction=2
CurrentActionBefore=2
SprintBefore=false
RequestedPhase=Hit (1)
CompatibleSpeed=0.800000
CurrentActionAfter=2
SprintAfter=false
CurrentMovementAni=Hero_Stand_None_Fist_P1_PowerAttack_Raise_N_Fwd_00_%_00_P1_0_L.xmot
===============================

===== SprintSharedPowerHit =====
Ordinal=71
Entity=Mummy
IsPlayer=false
PassedAction=2
CurrentActionBefore=2
SprintBefore=false
RequestedPhase=Hit (1)
CompatibleSpeed=1.000000
CurrentActionAfter=2
SprintAfter=false
CurrentMovementAni=Zombie_Stand_None_Fist_P0_PowerAttack_Raise_N_Fwd_00_%_00_P0_0_R.xmot
===============================

===== SprintSharedPowerHit =====
Ordinal=72
Entity=Mummy
IsPlayer=false
PassedAction=2
CurrentActionBefore=2
SprintBefore=false
RequestedPhase=Hit (1)
CompatibleSpeed=1.000000
CurrentActionAfter=2
SprintAfter=false
CurrentMovementAni=Zombie_Stand_None_Fist_P1_PowerAttack_Raise_N_Fwd_00_%_00_P1_0_L.xmot
===============================

===== SprintSharedPowerHit =====
Ordinal=73
Entity=PC_Hero
IsPlayer=true
PassedAction=2
CurrentActionBefore=2
SprintBefore=false
RequestedPhase=Hit (1)
CompatibleSpeed=0.800000
CurrentActionAfter=2
SprintAfter=false
CurrentMovementAni=Hero_Stand_None_Fist_P0_PowerAttack_Raise_N_Fwd_00_%_00_P0_0_R.xmot
===============================

===== SprintSharedPowerHit =====
Ordinal=74
Entity=Mummy
IsPlayer=false
PassedAction=2
CurrentActionBefore=2
SprintBefore=false
RequestedPhase=Hit (1)
CompatibleSpeed=1.000000
CurrentActionAfter=2
SprintAfter=false
CurrentMovementAni=Zombie_Stand_None_Fist_P0_PowerAttack_Raise_N_Fwd_00_%_00_P0_0_R.xmot
===============================

===== SprintSharedPowerHit =====
Ordinal=75
Entity=PC_Hero
IsPlayer=true
PassedAction=2
CurrentActionBefore=2
SprintBefore=false
RequestedPhase=Hit (1)
CompatibleSpeed=0.800000
CurrentActionAfter=2
SprintAfter=false
CurrentMovementAni=Hero_Stand_None_Fist_P1_PowerAttack_Raise_N_Fwd_00_%_00_P1_0_L.xmot
===============================

===== SprintSharedPowerHit =====
Ordinal=76
Entity=PC_Hero
IsPlayer=true
PassedAction=2
CurrentActionBefore=2
SprintBefore=false
RequestedPhase=Hit (1)
CompatibleSpeed=0.800000
CurrentActionAfter=2
SprintAfter=false
CurrentMovementAni=Hero_Stand_None_Fist_P0_PowerAttack_Raise_N_Fwd_00_%_00_P0_0_R.xmot
===============================

===== SprintSharedPowerHit =====
Ordinal=77
Entity=PC_Hero
IsPlayer=true
PassedAction=2
CurrentActionBefore=2
SprintBefore=false
RequestedPhase=Hit (1)
CompatibleSpeed=0.800000
CurrentActionAfter=2
SprintAfter=false
CurrentMovementAni=Hero_Stand_None_Fist_P1_PowerAttack_Raise_N_Fwd_00_%_00_P1_0_L.xmot
===============================

===== SprintSharedPowerHit =====
Ordinal=78
Entity=PC_Hero
IsPlayer=true
PassedAction=2
CurrentActionBefore=2
SprintBefore=false
RequestedPhase=Hit (1)
CompatibleSpeed=0.800000
CurrentActionAfter=2
SprintAfter=false
CurrentMovementAni=Hero_Stand_None_Fist_P0_PowerAttack_Raise_N_Fwd_00_%_00_P0_0_R.xmot
===============================

===== SprintSharedPowerHit =====
Ordinal=79
Entity=PC_Hero
IsPlayer=true
PassedAction=2
CurrentActionBefore=2
SprintBefore=false
RequestedPhase=Hit (1)
CompatibleSpeed=0.800000
CurrentActionAfter=2
SprintAfter=false
CurrentMovementAni=Hero_Stand_None_Fist_P1_PowerAttack_Raise_N_Fwd_00_%_00_P1_0_L.xmot
===============================

===== SprintSharedPowerHit =====
Ordinal=80
Entity=PC_Hero
IsPlayer=true
PassedAction=2
CurrentActionBefore=2
SprintBefore=false
RequestedPhase=Hit (1)
CompatibleSpeed=0.800000
CurrentActionAfter=2
SprintAfter=false
CurrentMovementAni=Hero_Stand_None_Fist_P0_PowerAttack_Raise_N_Fwd_00_%_00_P0_0_R.xmot
===============================

===== SprintSharedPowerHit =====
Ordinal=81
Entity=PC_Hero
IsPlayer=true
PassedAction=2
CurrentActionBefore=2
SprintBefore=false
RequestedPhase=Hit (1)
CompatibleSpeed=0.800000
CurrentActionAfter=2
SprintAfter=false
CurrentMovementAni=Hero_Stand_None_Fist_P0_PowerAttack_Raise_N_Fwd_00_%_00_P0_0_R.xmot
===============================

===== SprintSharedPowerHit =====
Ordinal=82
Entity=PC_Hero
IsPlayer=true
PassedAction=2
CurrentActionBefore=2
SprintBefore=false
RequestedPhase=Hit (1)
CompatibleSpeed=0.800000
CurrentActionAfter=2
SprintAfter=false
CurrentMovementAni=Hero_Stand_None_Fist_P0_PowerAttack_Raise_N_Fwd_00_%_00_P0_0_R.xmot
===============================

===== SprintSharedPowerHit =====
Ordinal=83
Entity=PC_Hero
IsPlayer=true
PassedAction=2
CurrentActionBefore=2
SprintBefore=false
RequestedPhase=Hit (1)
CompatibleSpeed=0.800000
CurrentActionAfter=2
SprintAfter=false
CurrentMovementAni=Hero_Stand_None_Fist_P0_PowerAttack_Raise_N_Fwd_00_%_00_P0_0_R.xmot
===============================

===== SprintSharedPowerHit =====
Ordinal=84
Entity=Mummy
IsPlayer=false
PassedAction=2
CurrentActionBefore=2
SprintBefore=false
RequestedPhase=Hit (1)
CompatibleSpeed=1.000000
CurrentActionAfter=2
SprintAfter=false
CurrentMovementAni=Zombie_Stand_None_Fist_P0_PowerAttack_Raise_N_Fwd_00_%_00_P0_0_R.xmot
===============================

===== SprintSharedPowerHit =====
Ordinal=85
Entity=Mummy
IsPlayer=false
PassedAction=2
CurrentActionBefore=2
SprintBefore=false
RequestedPhase=Hit (1)
CompatibleSpeed=0.900000
CurrentActionAfter=2
SprintAfter=false
CurrentMovementAni=Zombie_Stand_None_Fist_P1_PowerAttack_Raise_N_Fwd_00_%_00_P1_0_L.xmot
===============================

Script_SpeedSprintProbe unloading after 85 logged events.
